180.76.6.43 - - [13/Mar/2015:20:24:52 +0000] "GET /?attachment_id=133 HTTP/1.1" 200 4412 "-" "Mozilla/5.0 (compatible; Baiduspider/2.0; +http://www.baidu.com/search/spider.html)"
180.76.6.130 - - [13/Mar/2015:20:24:57 +0000] "GET /robots.txt HTTP/1.1" 404 1806 "-" "Mozilla/5.0 (Windows NT 5.1; rv:6.0.2) Gecko/20100101 Firefox/6.0.2"
128.199.122.79 - - [13/Mar/2015:20:31:51 +0000] "POST /wp-cron.php?doing_wp_cron=1426278711.0740649700164794921875 HTTP/1.0" 200 20 "-" "WordPress/4.1.1; http://gerhatas.com"
66.249.71.76 - - [13/Mar/2015:20:31:51 +0000] "GET /sitemap-pt-page-2014-07.xml HTTP/1.1" 200 495 "-" "Mozilla/5.0 (compatible; Googlebot/2.1; +http://www.google.com/bot.html)"
128.199.122.79 - - [13/Mar/2015:20:44:32 +0000] "GET /wp-content/themes/blogolife/style.css HTTP/1.1" 304 0 "http://gerhatas.com/tag/konveksi-tas-pancing-tangerang" "Serf/1.1.0 mod_pagespeed/1.9.32.3-4448"
128.199.122.79 - - [13/Mar/2015:20:44:32 +0000] "GET /wp-content/plugins/contact-form-7/includes/css/styles.css?ver=4.0.3 HTTP/1.1" 304 0 "http://gerhatas.com/tag/konveksi-tas-pancing-tangerang" "Serf/1.1.0 mod_pagespeed/1.9.32.3-4448"
128.199.122.79 - - [13/Mar/2015:20:44:32 +0000] "GET /wp-content/plugins/sitemap/css/page-list.css?ver=4.3 HTTP/1.1" 304 0 "http://gerhatas.com/tag/konveksi-tas-pancing-tangerang" "Serf/1.1.0 mod_pagespeed/1.9.32.3-4448"
128.199.122.79 - - [13/Mar/2015:20:44:32 +0000] "GET /wp-content/plugins/twitter-plugin/css/style.css?ver=4.1.1 HTTP/1.1" 304 0 "http://gerhatas.com/tag/konveksi-tas-pancing-tangerang" "Serf/1.1.0 mod_pagespeed/1.9.32.3-4448"
128.199.122.79 - - [13/Mar/2015:20:44:32 +0000] "GET /wp-content/themes/blogolife/images/green/style.css?ver=4.1.1 HTTP/1.1" 304 0 "http://gerhatas.com/tag/konveksi-tas-pancing-tangerang" "Serf/1.1.0 mod_pagespeed/1.9.32.3-4448"
128.199.122.79 - - [13/Mar/2015:20:44:32 +0000] "GET /wp-includes/js/jquery/jquery.js?ver=1.11.1 HTTP/1.1" 304 0 "http://gerhatas.com/tag/konveksi-tas-pancing-tangerang" "Serf/1.1.0 mod_pagespeed/1.9.32.3-4448"
5.255.253.92 - - [13/Mar/2015:20:44:32 +0000] "GET /tag/konveksi-tas-pancing-tangerang HTTP/1.1" 200 5255 "-" "Mozilla/5.0 (compatible; YandexBot/3.0; +http://yandex.com/bots)"
128.199.122.79 - - [13/Mar/2015:20:44:32 +0000] "GET /wp-includes/js/jquery/jquery-migrate.min.js?ver=1.2.1 HTTP/1.1" 304 0 "http://gerhatas.com/tag/konveksi-tas-pancing-tangerang" "Serf/1.1.0 mod_pagespeed/1.9.32.3-4448"
128.199.122.79 - - [13/Mar/2015:20:44:32 +0000] "GET /wp-content/plugins/contact-form-7/includes/js/jquery.form.min.js?ver=3.51.0-2014.06.20 HTTP/1.1" 304 0 "http://gerhatas.com/tag/konveksi-tas-pancing-tangerang" "Serf/1.1.0 mod_pagespeed/1.9.32.3-4448"
128.199.122.79 - - [13/Mar/2015:20:44:32 +0000] "GET /wp-content/plugins/contact-form-7/includes/js/scripts.js?ver=4.0.3 HTTP/1.1" 304 0 "http://gerhatas.com/tag/konveksi-tas-pancing-tangerang" "Serf/1.1.0 mod_pagespeed/1.9.32.3-4448"
128.199.122.79 - - [13/Mar/2015:20:56:11 +0000] "GET /wp-content/themes/blogolife/style.css HTTP/1.1" 304 0 "http://gerhatas.com/konveksi-tas/konveksi-tas-sekolah" "Serf/1.1.0 mod_pagespeed/1.9.32.3-4448"
128.199.122.79 - - [13/Mar/2015:20:56:11 +0000] "GET /wp-content/plugins/contact-form-7/includes/css/styles.css?ver=4.0.3 HTTP/1.1" 304 0 "http://gerhatas.com/konveksi-tas/konveksi-tas-sekolah" "Serf/1.1.0 mod_pagespeed/1.9.32.3-4448"
128.199.122.79 - - [13/Mar/2015:20:56:11 +0000] "GET /wp-content/plugins/sitemap/css/page-list.css?ver=4.3 HTTP/1.1" 304 0 "http://gerhatas.com/konveksi-tas/konveksi-tas-sekolah" "Serf/1.1.0 mod_pagespeed/1.9.32.3-4448"
128.199.122.79 - - [13/Mar/2015:20:56:11 +0000] "GET /wp-content/plugins/twitter-plugin/css/style.css?ver=4.1.1 HTTP/1.1" 304 0 "http://gerhatas.com/konveksi-tas/konveksi-tas-sekolah" "Serf/1.1.0 mod_pagespeed/1.9.32.3-4448"
128.199.122.79 - - [13/Mar/2015:20:56:11 +0000] "GET /wp-content/themes/blogolife/images/green/style.css?ver=4.1.1 HTTP/1.1" 304 0 "http://gerhatas.com/konveksi-tas/konveksi-tas-sekolah" "Serf/1.1.0 mod_pagespeed/1.9.32.3-4448"
128.199.122.79 - - [13/Mar/2015:20:56:11 +0000] "GET /wp-includes/js/jquery/jquery.js?ver=1.11.1 HTTP/1.1" 304 0 "http://gerhatas.com/konveksi-tas/konveksi-tas-sekolah" "Serf/1.1.0 mod_pagespeed/1.9.32.3-4448"
128.199.122.79 - - [13/Mar/2015:20:56:11 +0000] "GET /wp-includes/js/jquery/jquery-migrate.min.js?ver=1.2.1 HTTP/1.1" 304 0 "http://gerhatas.com/konveksi-tas/konveksi-tas-sekolah" "Serf/1.1.0 mod_pagespeed/1.9.32.3-4448"
128.199.122.79 - - [13/Mar/2015:20:56:11 +0000] "GET /wp-includes/js/comment-reply.min.js?ver=4.1.1 HTTP/1.1" 304 0 "http://gerhatas.com/konveksi-tas/konveksi-tas-sekolah" "Serf/1.1.0 mod_pagespeed/1.9.32.3-4448"
128.199.122.79 - - [13/Mar/2015:20:56:11 +0000] "GET /wp-content/plugins/contact-form-7/includes/js/jquery.form.min.js?ver=3.51.0-2014.06.20 HTTP/1.1" 304 0 "http://gerhatas.com/konveksi-tas/konveksi-tas-sekolah" "Serf/1.1.0 mod_pagespeed/1.9.32.3-4448"
128.199.122.79 - - [13/Mar/2015:20:56:11 +0000] "GET /wp-content/plugins/contact-form-7/includes/js/scripts.js?ver=4.0.3 HTTP/1.1" 304 0 "http://gerhatas.com/konveksi-tas/konveksi-tas-sekolah" "Serf/1.1.0 mod_pagespeed/1.9.32.3-4448"
66.249.67.137 - - [13/Mar/2015:20:56:11 +0000] "GET /konveksi-tas/konveksi-tas-sekolah HTTP/1.1" 200 7168 "-" "Mozilla/5.0 (compatible; Googlebot/2.1; +http://www.google.com/bot.html)"
128.199.122.79 - - [13/Mar/2015:20:56:11 +0000] "GET /wp-content/plugins/peters-custom-anti-spam-image/custom_anti_spam.php?antiselect=297 HTTP/1.1" 200 1965 "http://gerhatas.com/konveksi-tas/konveksi-tas-sekolah" "Serf/1.1.0 mod_pagespeed/1.9.32.3-4448"
128.199.122.79 - - [13/Mar/2015:21:04:41 +0000] "GET /wp-content/themes/blogolife/style.css HTTP/1.1" 304 0 "http://gerhatas.com/tas-travel" "Serf/1.1.0 mod_pagespeed/1.9.32.3-4448"
128.199.122.79 - - [13/Mar/2015:21:04:41 +0000] "GET /wp-content/plugins/contact-form-7/includes/css/styles.css?ver=4.0.3 HTTP/1.1" 304 0 "http://gerhatas.com/tas-travel" "Serf/1.1.0 mod_pagespeed/1.9.32.3-4448"
128.199.122.79 - - [13/Mar/2015:21:04:41 +0000] "GET /wp-content/plugins/sitemap/css/page-list.css?ver=4.3 HTTP/1.1" 304 0 "http://gerhatas.com/tas-travel" "Serf/1.1.0 mod_pagespeed/1.9.32.3-4448"
128.199.122.79 - - [13/Mar/2015:21:04:41 +0000] "GET /wp-content/plugins/twitter-plugin/css/style.css?ver=4.1.1 HTTP/1.1" 304 0 "http://gerhatas.com/tas-travel" "Serf/1.1.0 mod_pagespeed/1.9.32.3-4448"
66.249.71.76 - - [13/Mar/2015:21:04:41 +0000] "GET /tas-travel HTTP/1.1" 200 4567 "-" "Mozilla/5.0 (compatible; Googlebot/2.1; +http://www.google.com/bot.html)"
128.199.122.79 - - [13/Mar/2015:21:04:41 +0000] "GET /wp-content/themes/blogolife/images/green/style.css?ver=4.1.1 HTTP/1.1" 304 0 "http://gerhatas.com/tas-travel" "Serf/1.1.0 mod_pagespeed/1.9.32.3-4448"
128.199.122.79 - - [13/Mar/2015:21:04:41 +0000] "GET /wp-includes/js/jquery/jquery.js?ver=1.11.1 HTTP/1.1" 304 0 "http://gerhatas.com/tas-travel" "Serf/1.1.0 mod_pagespeed/1.9.32.3-4448"
128.199.122.79 - - [13/Mar/2015:21:04:41 +0000] "GET /wp-includes/js/jquery/jquery-migrate.min.js?ver=1.2.1 HTTP/1.1" 304 0 "http://gerhatas.com/tas-travel" "Serf/1.1.0 mod_pagespeed/1.9.32.3-4448"
128.199.122.79 - - [13/Mar/2015:21:04:41 +0000] "GET /wp-includes/js/comment-reply.min.js?ver=4.1.1 HTTP/1.1" 304 0 "http://gerhatas.com/tas-travel" "Serf/1.1.0 mod_pagespeed/1.9.32.3-4448"
128.199.122.79 - - [13/Mar/2015:21:04:41 +0000] "GET /wp-content/plugins/contact-form-7/includes/js/jquery.form.min.js?ver=3.51.0-2014.06.20 HTTP/1.1" 304 0 "http://gerhatas.com/tas-travel" "Serf/1.1.0 mod_pagespeed/1.9.32.3-4448"
128.199.122.79 - - [13/Mar/2015:21:04:41 +0000] "GET /wp-content/plugins/contact-form-7/includes/js/scripts.js?ver=4.0.3 HTTP/1.1" 304 0 "http://gerhatas.com/tas-travel" "Serf/1.1.0 mod_pagespeed/1.9.32.3-4448"
157.55.39.122 - - [13/Mar/2015:21:12:45 +0000] "GET / HTTP/1.1" 301 5 "-" "Mozilla/5.0 (compatible; bingbot/2.0; +http://www.bing.com/bingbot.htm)"
128.199.122.79 - - [13/Mar/2015:21:16:42 +0000] "POST /wp-cron.php?doing_wp_cron=1426281401.8780839443206787109375 HTTP/1.0" 200 20 "-" "WordPress/4.1.1; http://gerhatas.com"
128.199.122.79 - - [13/Mar/2015:21:16:42 +0000] "GET /wp-content/themes/blogolife/style.css HTTP/1.1" 304 0 "http://gerhatas.com/tag/konveksi-tas-pancing-komunitas" "Serf/1.1.0 mod_pagespeed/1.9.32.3-4448"
128.199.122.79 - - [13/Mar/2015:21:16:42 +0000] "GET /wp-content/plugins/contact-form-7/includes/css/styles.css?ver=4.0.3 HTTP/1.1" 304 0 "http://gerhatas.com/tag/konveksi-tas-pancing-komunitas" "Serf/1.1.0 mod_pagespeed/1.9.32.3-4448"
128.199.122.79 - - [13/Mar/2015:21:16:42 +0000] "GET /wp-content/plugins/sitemap/css/page-list.css?ver=4.3 HTTP/1.1" 304 0 "http://gerhatas.com/tag/konveksi-tas-pancing-komunitas" "Serf/1.1.0 mod_pagespeed/1.9.32.3-4448"
128.199.122.79 - - [13/Mar/2015:21:16:42 +0000] "GET /wp-content/plugins/twitter-plugin/css/style.css?ver=4.1.1 HTTP/1.1" 304 0 "http://gerhatas.com/tag/konveksi-tas-pancing-komunitas" "Serf/1.1.0 mod_pagespeed/1.9.32.3-4448"
5.255.253.92 - - [13/Mar/2015:21:16:42 +0000] "GET /tag/konveksi-tas-pancing-komunitas HTTP/1.1" 200 5576 "-" "Mozilla/5.0 (compatible; YandexBot/3.0; +http://yandex.com/bots)"
128.199.122.79 - - [13/Mar/2015:21:16:42 +0000] "GET /wp-content/themes/blogolife/images/green/style.css?ver=4.1.1 HTTP/1.1" 304 0 "http://gerhatas.com/tag/konveksi-tas-pancing-komunitas" "Serf/1.1.0 mod_pagespeed/1.9.32.3-4448"
128.199.122.79 - - [13/Mar/2015:21:16:42 +0000] "GET /wp-includes/js/jquery/jquery.js?ver=1.11.1 HTTP/1.1" 304 0 "http://gerhatas.com/tag/konveksi-tas-pancing-komunitas" "Serf/1.1.0 mod_pagespeed/1.9.32.3-4448"
128.199.122.79 - - [13/Mar/2015:21:16:42 +0000] "GET /wp-includes/js/jquery/jquery-migrate.min.js?ver=1.2.1 HTTP/1.1" 304 0 "http://gerhatas.com/tag/konveksi-tas-pancing-komunitas" "Serf/1.1.0 mod_pagespeed/1.9.32.3-4448"
128.199.122.79 - - [13/Mar/2015:21:16:42 +0000] "GET /wp-content/plugins/contact-form-7/includes/js/jquery.form.min.js?ver=3.51.0-2014.06.20 HTTP/1.1" 304 0 "http://gerhatas.com/tag/konveksi-tas-pancing-komunitas" "Serf/1.1.0 mod_pagespeed/1.9.32.3-4448"
128.199.122.79 - - [13/Mar/2015:21:16:42 +0000] "GET /wp-content/plugins/contact-form-7/includes/js/scripts.js?ver=4.0.3 HTTP/1.1" 304 0 "http://gerhatas.com/tag/konveksi-tas-pancing-komunitas" "Serf/1.1.0 mod_pagespeed/1.9.32.3-4448"
128.199.122.79 - - [13/Mar/2015:22:07:51 +0000] "POST /wp-cron.php?doing_wp_cron=1426284471.4345209598541259765625 HTTP/1.0" 200 20 "-" "WordPress/4.1.1; http://gerhatas.com"
5.255.253.92 - - [13/Mar/2015:22:07:51 +0000] "GET /?feed=comments-rss2 HTTP/1.1" 301 5 "-" "Mozilla/5.0 (compatible; YandexBot/3.0; +http://yandex.com/bots)"
5.255.253.92 - - [13/Mar/2015:22:07:54 +0000] "GET /comments/feed HTTP/1.1" 200 376 "-" "Mozilla/5.0 (compatible; YandexBot/3.0; +http://yandex.com/bots)"
66.249.71.252 - - [13/Mar/2015:22:08:27 +0000] "GET /robots.txt HTTP/1.1" 404 1806 "-" "Mozilla/5.0 (compatible; Googlebot/2.1; +http://www.google.com/bot.html)"
128.199.122.79 - - [13/Mar/2015:22:12:50 +0000] "GET /wp-content/themes/blogolife/style.css HTTP/1.1" 304 0 "http://gerhatas.com/tag/konveksi-tas-laptop-bekasi" "Serf/1.1.0 mod_pagespeed/1.9.32.3-4448"
66.249.71.76 - - [13/Mar/2015:22:12:51 +0000] "GET /tag/konveksi-tas-laptop-bekasi HTTP/1.1" 200 5522 "-" "Mozilla/5.0 (compatible; Googlebot/2.1; +http://www.google.com/bot.html)"
128.199.122.79 - - [13/Mar/2015:22:12:51 +0000] "GET /wp-content/plugins/contact-form-7/includes/css/styles.css?ver=4.0.3 HTTP/1.1" 304 0 "http://gerhatas.com/tag/konveksi-tas-laptop-bekasi" "Serf/1.1.0 mod_pagespeed/1.9.32.3-4448"
128.199.122.79 - - [13/Mar/2015:22:12:51 +0000] "GET /wp-content/plugins/sitemap/css/page-list.css?ver=4.3 HTTP/1.1" 304 0 "http://gerhatas.com/tag/konveksi-tas-laptop-bekasi" "Serf/1.1.0 mod_pagespeed/1.9.32.3-4448"
128.199.122.79 - - [13/Mar/2015:22:12:51 +0000] "GET /wp-content/plugins/twitter-plugin/css/style.css?ver=4.1.1 HTTP/1.1" 304 0 "http://gerhatas.com/tag/konveksi-tas-laptop-bekasi" "Serf/1.1.0 mod_pagespeed/1.9.32.3-4448"
128.199.122.79 - - [13/Mar/2015:22:12:51 +0000] "GET /wp-content/themes/blogolife/images/green/style.css?ver=4.1.1 HTTP/1.1" 304 0 "http://gerhatas.com/tag/konveksi-tas-laptop-bekasi" "Serf/1.1.0 mod_pagespeed/1.9.32.3-4448"
128.199.122.79 - - [13/Mar/2015:22:12:51 +0000] "GET /wp-includes/js/jquery/jquery.js?ver=1.11.1 HTTP/1.1" 304 0 "http://gerhatas.com/tag/konveksi-tas-laptop-bekasi" "Serf/1.1.0 mod_pagespeed/1.9.32.3-4448"
128.199.122.79 - - [13/Mar/2015:22:12:51 +0000] "GET /wp-includes/js/jquery/jquery-migrate.min.js?ver=1.2.1 HTTP/1.1" 304 0 "http://gerhatas.com/tag/konveksi-tas-laptop-bekasi" "Serf/1.1.0 mod_pagespeed/1.9.32.3-4448"
128.199.122.79 - - [13/Mar/2015:22:12:51 +0000] "GET /wp-content/plugins/contact-form-7/includes/js/jquery.form.min.js?ver=3.51.0-2014.06.20 HTTP/1.1" 304 0 "http://gerhatas.com/tag/konveksi-tas-laptop-bekasi" "Serf/1.1.0 mod_pagespeed/1.9.32.3-4448"
128.199.122.79 - - [13/Mar/2015:22:12:51 +0000] "GET /wp-content/plugins/contact-form-7/includes/js/scripts.js?ver=4.0.3 HTTP/1.1" 304 0 "http://gerhatas.com/tag/konveksi-tas-laptop-bekasi" "Serf/1.1.0 mod_pagespeed/1.9.32.3-4448"
66.249.67.145 - - [13/Mar/2015:22:18:19 +0000] "GET /wp-content/plugins/contact-form-7/includes/js/jquery.form.min.js,qver=3.51.0-2014.06.20.pagespeed.jm.RVBOol6lkO.js HTTP/1.1" 200 5670 "-" "Mozilla/5.0 (compatible; Googlebot/2.1; +http://www.google.com/bot.html)"
128.199.122.79 - - [13/Mar/2015:22:32:02 +0000] "POST /wp-cron.php?doing_wp_cron=1426285922.1269240379333496093750 HTTP/1.0" 200 20 "-" "WordPress/4.1.1; http://gerhatas.com"
157.55.39.122 - - [13/Mar/2015:22:32:02 +0000] "GET /tas-pancing/attachment/model-tas-pancing HTTP/1.1" 301 5 "-" "Mozilla/5.0 (compatible; bingbot/2.0; +http://www.bing.com/bingbot.htm)"
128.199.122.79 - - [13/Mar/2015:22:32:09 +0000] "GET /wp-content/themes/blogolife/style.css HTTP/1.1" 304 0 "http://gerhatas.com/tas-pancing" "Serf/1.1.0 mod_pagespeed/1.9.32.3-4448"
128.199.122.79 - - [13/Mar/2015:22:32:09 +0000] "GET /wp-content/plugins/contact-form-7/includes/css/styles.css?ver=4.0.3 HTTP/1.1" 304 0 "http://gerhatas.com/tas-pancing" "Serf/1.1.0 mod_pagespeed/1.9.32.3-4448"
128.199.122.79 - - [13/Mar/2015:22:32:09 +0000] "GET /wp-content/plugins/sitemap/css/page-list.css?ver=4.3 HTTP/1.1" 304 0 "http://gerhatas.com/tas-pancing" "Serf/1.1.0 mod_pagespeed/1.9.32.3-4448"
128.199.122.79 - - [13/Mar/2015:22:32:09 +0000] "GET /wp-content/plugins/twitter-plugin/css/style.css?ver=4.1.1 HTTP/1.1" 304 0 "http://gerhatas.com/tas-pancing" "Serf/1.1.0 mod_pagespeed/1.9.32.3-4448"
128.199.122.79 - - [13/Mar/2015:22:32:09 +0000] "GET /wp-content/themes/blogolife/images/green/style.css?ver=4.1.1 HTTP/1.1" 304 0 "http://gerhatas.com/tas-pancing" "Serf/1.1.0 mod_pagespeed/1.9.32.3-4448"
66.249.71.42 - - [13/Mar/2015:22:32:09 +0000] "GET /tas-pancing HTTP/1.1" 200 5172 "-" "Mozilla/5.0 (compatible; Googlebot/2.1; +http://www.google.com/bot.html)"
128.199.122.79 - - [13/Mar/2015:22:32:09 +0000] "GET /wp-includes/js/jquery/jquery.js?ver=1.11.1 HTTP/1.1" 304 0 "http://gerhatas.com/tas-pancing" "Serf/1.1.0 mod_pagespeed/1.9.32.3-4448"
128.199.122.79 - - [13/Mar/2015:22:32:09 +0000] "GET /wp-includes/js/jquery/jquery-migrate.min.js?ver=1.2.1 HTTP/1.1" 304 0 "http://gerhatas.com/tas-pancing" "Serf/1.1.0 mod_pagespeed/1.9.32.3-4448"
128.199.122.79 - - [13/Mar/2015:22:32:09 +0000] "GET /wp-includes/js/comment-reply.min.js?ver=4.1.1 HTTP/1.1" 304 0 "http://gerhatas.com/tas-pancing" "Serf/1.1.0 mod_pagespeed/1.9.32.3-4448"
128.199.122.79 - - [13/Mar/2015:22:32:09 +0000] "GET /wp-content/plugins/contact-form-7/includes/js/jquery.form.min.js?ver=3.51.0-2014.06.20 HTTP/1.1" 304 0 "http://gerhatas.com/tas-pancing" "Serf/1.1.0 mod_pagespeed/1.9.32.3-4448"
128.199.122.79 - - [13/Mar/2015:22:32:09 +0000] "GET /wp-content/plugins/contact-form-7/includes/js/scripts.js?ver=4.0.3 HTTP/1.1" 304 0 "http://gerhatas.com/tas-pancing" "Serf/1.1.0 mod_pagespeed/1.9.32.3-4448"
5.255.253.92 - - [13/Mar/2015:22:36:14 +0000] "GET /tag/konveksi-tas-jakarta HTTP/1.1" 200 6807 "-" "Mozilla/5.0 (compatible; YandexBot/3.0; +http://yandex.com/bots)"
128.199.122.79 - - [13/Mar/2015:22:36:14 +0000] "GET /wp-content/plugins/contact-form-7/includes/css/styles.css?ver=4.0.3 HTTP/1.1" 304 0 "http://gerhatas.com/tag/konveksi-tas-jakarta" "Serf/1.1.0 mod_pagespeed/1.9.32.3-4448"
128.199.122.79 - - [13/Mar/2015:22:36:14 +0000] "GET /wp-content/plugins/sitemap/css/page-list.css?ver=4.3 HTTP/1.1" 304 0 "http://gerhatas.com/tag/konveksi-tas-jakarta" "Serf/1.1.0 mod_pagespeed/1.9.32.3-4448"
128.199.122.79 - - [13/Mar/2015:22:36:14 +0000] "GET /wp-content/plugins/twitter-plugin/css/style.css?ver=4.1.1 HTTP/1.1" 304 0 "http://gerhatas.com/tag/konveksi-tas-jakarta" "Serf/1.1.0 mod_pagespeed/1.9.32.3-4448"
128.199.122.79 - - [13/Mar/2015:22:36:14 +0000] "GET /wp-content/themes/blogolife/images/green/style.css?ver=4.1.1 HTTP/1.1" 304 0 "http://gerhatas.com/tag/konveksi-tas-jakarta" "Serf/1.1.0 mod_pagespeed/1.9.32.3-4448"
128.199.122.79 - - [13/Mar/2015:22:36:14 +0000] "GET /wp-content/themes/blogolife/style.css HTTP/1.1" 304 0 "http://gerhatas.com/tag/konveksi-tas-jakarta" "Serf/1.1.0 mod_pagespeed/1.9.32.3-4448"
128.199.122.79 - - [13/Mar/2015:22:36:14 +0000] "GET /wp-includes/js/jquery/jquery.js?ver=1.11.1 HTTP/1.1" 304 0 "http://gerhatas.com/tag/konveksi-tas-jakarta" "Serf/1.1.0 mod_pagespeed/1.9.32.3-4448"
128.199.122.79 - - [13/Mar/2015:22:36:14 +0000] "GET /wp-includes/js/jquery/jquery-migrate.min.js?ver=1.2.1 HTTP/1.1" 304 0 "http://gerhatas.com/tag/konveksi-tas-jakarta" "Serf/1.1.0 mod_pagespeed/1.9.32.3-4448"
128.199.122.79 - - [13/Mar/2015:22:36:14 +0000] "GET /wp-content/plugins/contact-form-7/includes/js/scripts.js?ver=4.0.3 HTTP/1.1" 304 0 "http://gerhatas.com/tag/konveksi-tas-jakarta" "Serf/1.1.0 mod_pagespeed/1.9.32.3-4448"
128.199.122.79 - - [13/Mar/2015:22:36:14 +0000] "GET /wp-content/plugins/contact-form-7/includes/js/jquery.form.min.js?ver=3.51.0-2014.06.20 HTTP/1.1" 304 0 "http://gerhatas.com/tag/konveksi-tas-jakarta" "Serf/1.1.0 mod_pagespeed/1.9.32.3-4448"
128.199.122.79 - - [13/Mar/2015:22:53:07 +0000] "GET /wp-content/themes/blogolife/style.css HTTP/1.1" 304 0 "http://gerhatas.com/konveksi-tas/konveksi-tas-pancing" "Serf/1.1.0 mod_pagespeed/1.9.32.3-4448"
66.249.67.153 - - [13/Mar/2015:22:53:07 +0000] "GET /konveksi-tas/konveksi-tas-pancing HTTP/1.1" 200 6966 "-" "Mozilla/5.0 (compatible; Googlebot/2.1; +http://www.google.com/bot.html)"
128.199.122.79 - - [13/Mar/2015:22:53:07 +0000] "GET /wp-content/plugins/contact-form-7/includes/css/styles.css?ver=4.0.3 HTTP/1.1" 304 0 "http://gerhatas.com/konveksi-tas/konveksi-tas-pancing" "Serf/1.1.0 mod_pagespeed/1.9.32.3-4448"
128.199.122.79 - - [13/Mar/2015:22:53:07 +0000] "GET /wp-content/plugins/sitemap/css/page-list.css?ver=4.3 HTTP/1.1" 304 0 "http://gerhatas.com/konveksi-tas/konveksi-tas-pancing" "Serf/1.1.0 mod_pagespeed/1.9.32.3-4448"
128.199.122.79 - - [13/Mar/2015:22:53:07 +0000] "GET /wp-content/plugins/twitter-plugin/css/style.css?ver=4.1.1 HTTP/1.1" 304 0 "http://gerhatas.com/konveksi-tas/konveksi-tas-pancing" "Serf/1.1.0 mod_pagespeed/1.9.32.3-4448"
128.199.122.79 - - [13/Mar/2015:22:53:07 +0000] "GET /wp-content/themes/blogolife/images/green/style.css?ver=4.1.1 HTTP/1.1" 304 0 "http://gerhatas.com/konveksi-tas/konveksi-tas-pancing" "Serf/1.1.0 mod_pagespeed/1.9.32.3-4448"
128.199.122.79 - - [13/Mar/2015:22:53:07 +0000] "GET /wp-includes/js/jquery/jquery.js?ver=1.11.1 HTTP/1.1" 304 0 "http://gerhatas.com/konveksi-tas/konveksi-tas-pancing" "Serf/1.1.0 mod_pagespeed/1.9.32.3-4448"
128.199.122.79 - - [13/Mar/2015:22:53:07 +0000] "GET /wp-includes/js/jquery/jquery-migrate.min.js?ver=1.2.1 HTTP/1.1" 304 0 "http://gerhatas.com/konveksi-tas/konveksi-tas-pancing" "Serf/1.1.0 mod_pagespeed/1.9.32.3-4448"
128.199.122.79 - - [13/Mar/2015:22:53:07 +0000] "GET /wp-includes/js/comment-reply.min.js?ver=4.1.1 HTTP/1.1" 304 0 "http://gerhatas.com/konveksi-tas/konveksi-tas-pancing" "Serf/1.1.0 mod_pagespeed/1.9.32.3-4448"
128.199.122.79 - - [13/Mar/2015:22:53:07 +0000] "GET /wp-content/plugins/contact-form-7/includes/js/jquery.form.min.js?ver=3.51.0-2014.06.20 HTTP/1.1" 304 0 "http://gerhatas.com/konveksi-tas/konveksi-tas-pancing" "Serf/1.1.0 mod_pagespeed/1.9.32.3-4448"
128.199.122.79 - - [13/Mar/2015:22:53:07 +0000] "GET /wp-content/plugins/contact-form-7/includes/js/scripts.js?ver=4.0.3 HTTP/1.1" 304 0 "http://gerhatas.com/konveksi-tas/konveksi-tas-pancing" "Serf/1.1.0 mod_pagespeed/1.9.32.3-4448"
128.199.122.79 - - [13/Mar/2015:22:53:07 +0000] "GET /wp-content/plugins/peters-custom-anti-spam-image/custom_anti_spam.php?antiselect=298 HTTP/1.1" 200 2144 "http://gerhatas.com/konveksi-tas/konveksi-tas-pancing" "Serf/1.1.0 mod_pagespeed/1.9.32.3-4448"
180.76.5.67 - - [13/Mar/2015:22:58:48 +0000] "GET / HTTP/1.1" 301 5 "-" "Mozilla/5.0 (compatible; Baiduspider/2.0; +http://www.baidu.com/search/spider.html)"
128.199.122.79 - - [13/Mar/2015:22:58:48 +0000] "GET /wp-content/themes/blogolife/style.css HTTP/1.1" 304 0 "http://gerhatas.com/" "Serf/1.1.0 mod_pagespeed/1.9.32.3-4448"
128.199.122.79 - - [13/Mar/2015:22:58:48 +0000] "GET /wp-content/plugins/contact-form-7/includes/css/styles.css?ver=4.0.3 HTTP/1.1" 304 0 "http://gerhatas.com/" "Serf/1.1.0 mod_pagespeed/1.9.32.3-4448"
128.199.122.79 - - [13/Mar/2015:22:58:48 +0000] "GET /wp-content/plugins/sitemap/css/page-list.css?ver=4.3 HTTP/1.1" 304 0 "http://gerhatas.com/" "Serf/1.1.0 mod_pagespeed/1.9.32.3-4448"
128.199.122.79 - - [13/Mar/2015:22:58:48 +0000] "GET /wp-content/plugins/twitter-plugin/css/style.css?ver=4.1.1 HTTP/1.1" 304 0 "http://gerhatas.com/" "Serf/1.1.0 mod_pagespeed/1.9.32.3-4448"
128.199.122.79 - - [13/Mar/2015:22:58:48 +0000] "GET /wp-content/themes/blogolife/images/green/style.css?ver=4.1.1 HTTP/1.1" 304 0 "http://gerhatas.com/" "Serf/1.1.0 mod_pagespeed/1.9.32.3-4448"
128.199.122.79 - - [13/Mar/2015:22:58:48 +0000] "GET /wp-includes/js/jquery/jquery.js?ver=1.11.1 HTTP/1.1" 304 0 "http://gerhatas.com/" "Serf/1.1.0 mod_pagespeed/1.9.32.3-4448"
128.199.122.79 - - [13/Mar/2015:22:58:48 +0000] "GET /wp-includes/js/jquery/jquery-migrate.min.js?ver=1.2.1 HTTP/1.1" 304 0 "http://gerhatas.com/" "Serf/1.1.0 mod_pagespeed/1.9.32.3-4448"
128.199.122.79 - - [13/Mar/2015:22:58:48 +0000] "GET /wp-content/plugins/contact-form-7/includes/js/jquery.form.min.js?ver=3.51.0-2014.06.20 HTTP/1.1" 304 0 "http://gerhatas.com/" "Serf/1.1.0 mod_pagespeed/1.9.32.3-4448"
128.199.122.79 - - [13/Mar/2015:22:58:48 +0000] "GET /wp-content/plugins/contact-form-7/includes/js/scripts.js?ver=4.0.3 HTTP/1.1" 304 0 "http://gerhatas.com/" "Serf/1.1.0 mod_pagespeed/1.9.32.3-4448"
180.76.5.145 - - [13/Mar/2015:22:58:48 +0000] "GET / HTTP/1.1" 200 10241 "-" "Mozilla/5.0 (compatible; Baiduspider/2.0; +http://www.baidu.com/search/spider.html)"
128.199.122.79 - - [13/Mar/2015:23:04:34 +0000] "GET /wp-content/themes/blogolife/style.css HTTP/1.1" 304 0 "http://gerhatas.com/tag/konveksi-tas-tangerang" "Serf/1.1.0 mod_pagespeed/1.9.32.3-4448"
128.199.122.79 - - [13/Mar/2015:23:04:34 +0000] "GET /wp-content/plugins/contact-form-7/includes/css/styles.css?ver=4.0.3 HTTP/1.1" 304 0 "http://gerhatas.com/tag/konveksi-tas-tangerang" "Serf/1.1.0 mod_pagespeed/1.9.32.3-4448"
128.199.122.79 - - [13/Mar/2015:23:04:34 +0000] "GET /wp-content/plugins/sitemap/css/page-list.css?ver=4.3 HTTP/1.1" 304 0 "http://gerhatas.com/tag/konveksi-tas-tangerang" "Serf/1.1.0 mod_pagespeed/1.9.32.3-4448"
128.199.122.79 - - [13/Mar/2015:23:04:34 +0000] "GET /wp-content/plugins/twitter-plugin/css/style.css?ver=4.1.1 HTTP/1.1" 304 0 "http://gerhatas.com/tag/konveksi-tas-tangerang" "Serf/1.1.0 mod_pagespeed/1.9.32.3-4448"
128.199.122.79 - - [13/Mar/2015:23:04:34 +0000] "GET /wp-content/themes/blogolife/images/green/style.css?ver=4.1.1 HTTP/1.1" 304 0 "http://gerhatas.com/tag/konveksi-tas-tangerang" "Serf/1.1.0 mod_pagespeed/1.9.32.3-4448"
128.199.122.79 - - [13/Mar/2015:23:04:34 +0000] "GET /wp-includes/js/jquery/jquery.js?ver=1.11.1 HTTP/1.1" 304 0 "http://gerhatas.com/tag/konveksi-tas-tangerang" "Serf/1.1.0 mod_pagespeed/1.9.32.3-4448"
128.199.122.79 - - [13/Mar/2015:23:04:34 +0000] "GET /wp-includes/js/jquery/jquery-migrate.min.js?ver=1.2.1 HTTP/1.1" 304 0 "http://gerhatas.com/tag/konveksi-tas-tangerang" "Serf/1.1.0 mod_pagespeed/1.9.32.3-4448"
128.199.122.79 - - [13/Mar/2015:23:04:34 +0000] "GET /wp-content/plugins/contact-form-7/includes/js/jquery.form.min.js?ver=3.51.0-2014.06.20 HTTP/1.1" 304 0 "http://gerhatas.com/tag/konveksi-tas-tangerang" "Serf/1.1.0 mod_pagespeed/1.9.32.3-4448"
128.199.122.79 - - [13/Mar/2015:23:04:34 +0000] "GET /wp-content/plugins/contact-form-7/includes/js/scripts.js?ver=4.0.3 HTTP/1.1" 304 0 "http://gerhatas.com/tag/konveksi-tas-tangerang" "Serf/1.1.0 mod_pagespeed/1.9.32.3-4448"
5.255.253.92 - - [13/Mar/2015:23:04:34 +0000] "GET /tag/konveksi-tas-tangerang HTTP/1.1" 200 6004 "-" "Mozilla/5.0 (compatible; YandexBot/3.0; +http://yandex.com/bots)"
128.199.122.79 - - [13/Mar/2015:23:32:53 +0000] "POST /wp-cron.php?doing_wp_cron=1426289573.8837931156158447265625 HTTP/1.0" 200 20 "-" "WordPress/4.1.1; http://gerhatas.com"
128.199.122.79 - - [13/Mar/2015:23:32:54 +0000] "GET /wp-content/themes/blogolife/style.css HTTP/1.1" 304 0 "http://gerhatas.com/tag/konveksi-tas-laptop-tangerang" "Serf/1.1.0 mod_pagespeed/1.9.32.3-4448"
128.199.122.79 - - [13/Mar/2015:23:32:54 +0000] "GET /wp-content/plugins/contact-form-7/includes/css/styles.css?ver=4.0.3 HTTP/1.1" 304 0 "http://gerhatas.com/tag/konveksi-tas-laptop-tangerang" "Serf/1.1.0 mod_pagespeed/1.9.32.3-4448"
128.199.122.79 - - [13/Mar/2015:23:32:54 +0000] "GET /wp-content/plugins/sitemap/css/page-list.css?ver=4.3 HTTP/1.1" 304 0 "http://gerhatas.com/tag/konveksi-tas-laptop-tangerang" "Serf/1.1.0 mod_pagespeed/1.9.32.3-4448"
128.199.122.79 - - [13/Mar/2015:23:32:54 +0000] "GET /wp-content/plugins/twitter-plugin/css/style.css?ver=4.1.1 HTTP/1.1" 304 0 "http://gerhatas.com/tag/konveksi-tas-laptop-tangerang" "Serf/1.1.0 mod_pagespeed/1.9.32.3-4448"
128.199.122.79 - - [13/Mar/2015:23:32:54 +0000] "GET /wp-content/themes/blogolife/images/green/style.css?ver=4.1.1 HTTP/1.1" 304 0 "http://gerhatas.com/tag/konveksi-tas-laptop-tangerang" "Serf/1.1.0 mod_pagespeed/1.9.32.3-4448"
128.199.122.79 - - [13/Mar/2015:23:32:54 +0000] "GET /wp-includes/js/jquery/jquery.js?ver=1.11.1 HTTP/1.1" 304 0 "http://gerhatas.com/tag/konveksi-tas-laptop-tangerang" "Serf/1.1.0 mod_pagespeed/1.9.32.3-4448"
128.199.122.79 - - [13/Mar/2015:23:32:54 +0000] "GET /wp-includes/js/jquery/jquery-migrate.min.js?ver=1.2.1 HTTP/1.1" 304 0 "http://gerhatas.com/tag/konveksi-tas-laptop-tangerang" "Serf/1.1.0 mod_pagespeed/1.9.32.3-4448"
128.199.122.79 - - [13/Mar/2015:23:32:54 +0000] "GET /wp-content/plugins/contact-form-7/includes/js/jquery.form.min.js?ver=3.51.0-2014.06.20 HTTP/1.1" 304 0 "http://gerhatas.com/tag/konveksi-tas-laptop-tangerang" "Serf/1.1.0 mod_pagespeed/1.9.32.3-4448"
128.199.122.79 - - [13/Mar/2015:23:32:54 +0000] "GET /wp-content/plugins/contact-form-7/includes/js/scripts.js?ver=4.0.3 HTTP/1.1" 304 0 "http://gerhatas.com/tag/konveksi-tas-laptop-tangerang" "Serf/1.1.0 mod_pagespeed/1.9.32.3-4448"
5.255.253.92 - - [13/Mar/2015:23:32:54 +0000] "GET /tag/konveksi-tas-laptop-tangerang HTTP/1.1" 200 5580 "-" "Mozilla/5.0 (compatible; YandexBot/3.0; +http://yandex.com/bots)"
128.199.122.79 - - [13/Mar/2015:23:46:57 +0000] "GET /wp-content/themes/blogolife/style.css HTTP/1.1" 304 0 "http://gerhatas.com/tag/desain-tas-tangerang" "Serf/1.1.0 mod_pagespeed/1.9.32.3-4448"
5.255.253.92 - - [13/Mar/2015:23:46:57 +0000] "GET /tag/desain-tas-tangerang HTTP/1.1" 200 5873 "-" "Mozilla/5.0 (compatible; YandexBot/3.0; +http://yandex.com/bots)"
128.199.122.79 - - [13/Mar/2015:23:46:57 +0000] "GET /wp-content/plugins/contact-form-7/includes/css/styles.css?ver=4.0.3 HTTP/1.1" 304 0 "http://gerhatas.com/tag/desain-tas-tangerang" "Serf/1.1.0 mod_pagespeed/1.9.32.3-4448"
128.199.122.79 - - [13/Mar/2015:23:46:57 +0000] "GET /wp-content/plugins/sitemap/css/page-list.css?ver=4.3 HTTP/1.1" 304 0 "http://gerhatas.com/tag/desain-tas-tangerang" "Serf/1.1.0 mod_pagespeed/1.9.32.3-4448"
128.199.122.79 - - [13/Mar/2015:23:46:57 +0000] "GET /wp-content/plugins/twitter-plugin/css/style.css?ver=4.1.1 HTTP/1.1" 304 0 "http://gerhatas.com/tag/desain-tas-tangerang" "Serf/1.1.0 mod_pagespeed/1.9.32.3-4448"
128.199.122.79 - - [13/Mar/2015:23:46:57 +0000] "GET /wp-content/themes/blogolife/images/green/style.css?ver=4.1.1 HTTP/1.1" 304 0 "http://gerhatas.com/tag/desain-tas-tangerang" "Serf/1.1.0 mod_pagespeed/1.9.32.3-4448"
128.199.122.79 - - [13/Mar/2015:23:46:57 +0000] "GET /wp-includes/js/jquery/jquery.js?ver=1.11.1 HTTP/1.1" 304 0 "http://gerhatas.com/tag/desain-tas-tangerang" "Serf/1.1.0 mod_pagespeed/1.9.32.3-4448"
128.199.122.79 - - [13/Mar/2015:23:46:57 +0000] "GET /wp-includes/js/jquery/jquery-migrate.min.js?ver=1.2.1 HTTP/1.1" 304 0 "http://gerhatas.com/tag/desain-tas-tangerang" "Serf/1.1.0 mod_pagespeed/1.9.32.3-4448"
128.199.122.79 - - [13/Mar/2015:23:46:57 +0000] "GET /wp-content/plugins/contact-form-7/includes/js/jquery.form.min.js?ver=3.51.0-2014.06.20 HTTP/1.1" 304 0 "http://gerhatas.com/tag/desain-tas-tangerang" "Serf/1.1.0 mod_pagespeed/1.9.32.3-4448"
128.199.122.79 - - [13/Mar/2015:23:46:57 +0000] "GET /wp-content/plugins/contact-form-7/includes/js/scripts.js?ver=4.0.3 HTTP/1.1" 304 0 "http://gerhatas.com/tag/desain-tas-tangerang" "Serf/1.1.0 mod_pagespeed/1.9.32.3-4448"
128.199.122.79 - - [13/Mar/2015:23:55:46 +0000] "GET /wp-content/themes/blogolife/style.css HTTP/1.1" 304 0 "http://gerhatas.com/tas-pancing/attachment/model-tas-pancing" "Serf/1.1.0 mod_pagespeed/1.9.32.3-4448"
128.199.122.79 - - [13/Mar/2015:23:55:46 +0000] "GET /wp-content/plugins/contact-form-7/includes/css/styles.css?ver=4.0.3 HTTP/1.1" 304 0 "http://gerhatas.com/tas-pancing/attachment/model-tas-pancing" "Serf/1.1.0 mod_pagespeed/1.9.32.3-4448"
128.199.122.79 - - [13/Mar/2015:23:55:46 +0000] "GET /wp-content/plugins/sitemap/css/page-list.css?ver=4.3 HTTP/1.1" 304 0 "http://gerhatas.com/tas-pancing/attachment/model-tas-pancing" "Serf/1.1.0 mod_pagespeed/1.9.32.3-4448"
128.199.122.79 - - [13/Mar/2015:23:55:46 +0000] "GET /wp-content/plugins/twitter-plugin/css/style.css?ver=4.1.1 HTTP/1.1" 304 0 "http://gerhatas.com/tas-pancing/attachment/model-tas-pancing" "Serf/1.1.0 mod_pagespeed/1.9.32.3-4448"
128.199.122.79 - - [13/Mar/2015:23:55:46 +0000] "GET /wp-content/themes/blogolife/images/green/style.css?ver=4.1.1 HTTP/1.1" 304 0 "http://gerhatas.com/tas-pancing/attachment/model-tas-pancing" "Serf/1.1.0 mod_pagespeed/1.9.32.3-4448"
66.249.71.59 - - [13/Mar/2015:23:55:46 +0000] "GET /tas-pancing/attachment/model-tas-pancing HTTP/1.1" 200 5329 "-" "Mozilla/5.0 (compatible; Googlebot/2.1; +http://www.google.com/bot.html)"
128.199.122.79 - - [13/Mar/2015:23:55:46 +0000] "GET /wp-includes/js/jquery/jquery.js?ver=1.11.1 HTTP/1.1" 304 0 "http://gerhatas.com/tas-pancing/attachment/model-tas-pancing" "Serf/1.1.0 mod_pagespeed/1.9.32.3-4448"
128.199.122.79 - - [13/Mar/2015:23:55:46 +0000] "GET /wp-includes/js/jquery/jquery-migrate.min.js?ver=1.2.1 HTTP/1.1" 304 0 "http://gerhatas.com/tas-pancing/attachment/model-tas-pancing" "Serf/1.1.0 mod_pagespeed/1.9.32.3-4448"
128.199.122.79 - - [13/Mar/2015:23:55:46 +0000] "GET /wp-includes/js/comment-reply.min.js?ver=4.1.1 HTTP/1.1" 304 0 "http://gerhatas.com/tas-pancing/attachment/model-tas-pancing" "Serf/1.1.0 mod_pagespeed/1.9.32.3-4448"
128.199.122.79 - - [13/Mar/2015:23:55:46 +0000] "GET /wp-content/plugins/contact-form-7/includes/js/jquery.form.min.js?ver=3.51.0-2014.06.20 HTTP/1.1" 304 0 "http://gerhatas.com/tas-pancing/attachment/model-tas-pancing" "Serf/1.1.0 mod_pagespeed/1.9.32.3-4448"
128.199.122.79 - - [13/Mar/2015:23:55:46 +0000] "GET /wp-content/plugins/contact-form-7/includes/js/scripts.js?ver=4.0.3 HTTP/1.1" 304 0 "http://gerhatas.com/tas-pancing/attachment/model-tas-pancing" "Serf/1.1.0 mod_pagespeed/1.9.32.3-4448"
128.199.122.79 - - [13/Mar/2015:23:55:47 +0000] "GET /wp-content/plugins/peters-custom-anti-spam-image/custom_anti_spam.php?antiselect=299 HTTP/1.1" 200 1688 "http://gerhatas.com/tas-pancing/attachment/model-tas-pancing" "Serf/1.1.0 mod_pagespeed/1.9.32.3-4448"
66.249.71.42 - - [13/Mar/2015:23:55:57 +0000] "GET /wp-content/themes/blogolife/A.style.css.pagespeed.cf.rHIZYwXEDE.css HTTP/1.1" 200 4455 "-" "Mozilla/5.0 (compatible; Googlebot/2.1; +http://www.google.com/bot.html)"
180.76.5.151 - - [13/Mar/2015:23:56:51 +0000] "GET /sample-page/attachment/tas-bayi-produksi-gerha-tas/feed HTTP/1.1" 200 414 "-" "Mozilla/5.0 (compatible; Baiduspider/2.0; +http://www.baidu.com/search/spider.html)"
