128.199.122.79 - - [13/Mar/2015:16:29:17 +0000] "GET /wp-content/plugins/contact-form-7/includes/css/styles.css?ver=4.0.3 HTTP/1.1" 304 0 "http://gerhatas.com/" "Serf/1.1.0 mod_pagespeed/1.9.32.3-4448"
128.199.122.79 - - [13/Mar/2015:16:29:17 +0000] "GET /wp-content/plugins/sitemap/css/page-list.css?ver=4.3 HTTP/1.1" 304 0 "http://gerhatas.com/" "Serf/1.1.0 mod_pagespeed/1.9.32.3-4448"
128.199.122.79 - - [13/Mar/2015:16:29:17 +0000] "GET /wp-content/plugins/twitter-plugin/css/style.css?ver=4.1.1 HTTP/1.1" 304 0 "http://gerhatas.com/" "Serf/1.1.0 mod_pagespeed/1.9.32.3-4448"
128.199.122.79 - - [13/Mar/2015:16:29:17 +0000] "GET /wp-content/themes/blogolife/images/green/style.css?ver=4.1.1 HTTP/1.1" 304 0 "http://gerhatas.com/" "Serf/1.1.0 mod_pagespeed/1.9.32.3-4448"
128.199.122.79 - - [13/Mar/2015:16:29:17 +0000] "GET /wp-includes/js/jquery/jquery.js?ver=1.11.1 HTTP/1.1" 304 0 "http://gerhatas.com/" "Serf/1.1.0 mod_pagespeed/1.9.32.3-4448"
128.199.122.79 - - [13/Mar/2015:16:29:17 +0000] "GET /wp-includes/js/jquery/jquery-migrate.min.js?ver=1.2.1 HTTP/1.1" 304 0 "http://gerhatas.com/" "Serf/1.1.0 mod_pagespeed/1.9.32.3-4448"
66.249.71.42 - - [13/Mar/2015:16:29:17 +0000] "GET / HTTP/1.1" 200 10298 "-" "Mozilla/5.0 (compatible; Googlebot/2.1; +http://www.google.com/bot.html)"
128.199.122.79 - - [13/Mar/2015:16:29:17 +0000] "GET /wp-content/plugins/contact-form-7/includes/js/jquery.form.min.js?ver=3.51.0-2014.06.20 HTTP/1.1" 304 0 "http://gerhatas.com/" "Serf/1.1.0 mod_pagespeed/1.9.32.3-4448"
128.199.122.79 - - [13/Mar/2015:16:29:17 +0000] "GET /wp-content/plugins/contact-form-7/includes/js/scripts.js?ver=4.0.3 HTTP/1.1" 304 0 "http://gerhatas.com/" "Serf/1.1.0 mod_pagespeed/1.9.32.3-4448"
5.255.253.92 - - [13/Mar/2015:16:31:46 +0000] "GET /category/tas-ransel-laptop HTTP/1.1" 200 6377 "-" "Mozilla/5.0 (compatible; YandexBot/3.0; +http://yandex.com/bots)"
128.199.122.79 - - [13/Mar/2015:16:46:45 +0000] "GET /wp-content/themes/blogolife/style.css HTTP/1.1" 304 0 "http://gerhatas.com/" "Serf/1.1.0 mod_pagespeed/1.9.32.3-4448"
128.199.122.79 - - [13/Mar/2015:16:46:45 +0000] "GET /wp-content/plugins/contact-form-7/includes/css/styles.css?ver=4.0.3 HTTP/1.1" 304 0 "http://gerhatas.com/" "Serf/1.1.0 mod_pagespeed/1.9.32.3-4448"
128.199.122.79 - - [13/Mar/2015:16:46:45 +0000] "GET /wp-content/plugins/sitemap/css/page-list.css?ver=4.3 HTTP/1.1" 304 0 "http://gerhatas.com/" "Serf/1.1.0 mod_pagespeed/1.9.32.3-4448"
128.199.122.79 - - [13/Mar/2015:16:46:45 +0000] "GET /wp-content/plugins/twitter-plugin/css/style.css?ver=4.1.1 HTTP/1.1" 304 0 "http://gerhatas.com/" "Serf/1.1.0 mod_pagespeed/1.9.32.3-4448"
128.199.122.79 - - [13/Mar/2015:16:46:45 +0000] "GET /wp-content/themes/blogolife/images/green/style.css?ver=4.1.1 HTTP/1.1" 304 0 "http://gerhatas.com/" "Serf/1.1.0 mod_pagespeed/1.9.32.3-4448"
128.199.122.79 - - [13/Mar/2015:16:46:45 +0000] "GET /wp-includes/js/jquery/jquery.js?ver=1.11.1 HTTP/1.1" 304 0 "http://gerhatas.com/" "Serf/1.1.0 mod_pagespeed/1.9.32.3-4448"
128.199.122.79 - - [13/Mar/2015:16:46:45 +0000] "GET /wp-includes/js/jquery/jquery-migrate.min.js?ver=1.2.1 HTTP/1.1" 304 0 "http://gerhatas.com/" "Serf/1.1.0 mod_pagespeed/1.9.32.3-4448"
128.199.122.79 - - [13/Mar/2015:16:46:45 +0000] "GET /wp-content/plugins/contact-form-7/includes/js/jquery.form.min.js?ver=3.51.0-2014.06.20 HTTP/1.1" 304 0 "http://gerhatas.com/" "Serf/1.1.0 mod_pagespeed/1.9.32.3-4448"
128.199.122.79 - - [13/Mar/2015:16:46:45 +0000] "GET /wp-content/plugins/contact-form-7/includes/js/scripts.js?ver=4.0.3 HTTP/1.1" 304 0 "http://gerhatas.com/" "Serf/1.1.0 mod_pagespeed/1.9.32.3-4448"
104.154.70.111 - - [13/Mar/2015:16:46:46 +0000] "GET / HTTP/1.0" 200 44863 "-" "NerdyBot"
128.199.122.79 - - [13/Mar/2015:16:54:31 +0000] "POST /wp-cron.php?doing_wp_cron=1426265671.0804169178009033203125 HTTP/1.0" 200 20 "-" "WordPress/4.1.1; http://gerhatas.com"
128.199.122.79 - - [13/Mar/2015:16:54:31 +0000] "GET /wp-content/themes/blogolife/style.css HTTP/1.1" 304 0 "http://gerhatas.com/konveksi-tas/konveksi-tas-pancing" "Serf/1.1.0 mod_pagespeed/1.9.32.3-4448"
128.199.122.79 - - [13/Mar/2015:16:54:31 +0000] "GET /wp-content/plugins/contact-form-7/includes/css/styles.css?ver=4.0.3 HTTP/1.1" 304 0 "http://gerhatas.com/konveksi-tas/konveksi-tas-pancing" "Serf/1.1.0 mod_pagespeed/1.9.32.3-4448"
128.199.122.79 - - [13/Mar/2015:16:54:31 +0000] "GET /wp-content/plugins/sitemap/css/page-list.css?ver=4.3 HTTP/1.1" 304 0 "http://gerhatas.com/konveksi-tas/konveksi-tas-pancing" "Serf/1.1.0 mod_pagespeed/1.9.32.3-4448"
128.199.122.79 - - [13/Mar/2015:16:54:31 +0000] "GET /wp-content/plugins/twitter-plugin/css/style.css?ver=4.1.1 HTTP/1.1" 304 0 "http://gerhatas.com/konveksi-tas/konveksi-tas-pancing" "Serf/1.1.0 mod_pagespeed/1.9.32.3-4448"
128.199.122.79 - - [13/Mar/2015:16:54:31 +0000] "GET /wp-content/themes/blogolife/images/green/style.css?ver=4.1.1 HTTP/1.1" 304 0 "http://gerhatas.com/konveksi-tas/konveksi-tas-pancing" "Serf/1.1.0 mod_pagespeed/1.9.32.3-4448"
128.199.122.79 - - [13/Mar/2015:16:54:31 +0000] "GET /wp-includes/js/jquery/jquery.js?ver=1.11.1 HTTP/1.1" 304 0 "http://gerhatas.com/konveksi-tas/konveksi-tas-pancing" "Serf/1.1.0 mod_pagespeed/1.9.32.3-4448"
128.199.122.79 - - [13/Mar/2015:16:54:31 +0000] "GET /wp-includes/js/jquery/jquery-migrate.min.js?ver=1.2.1 HTTP/1.1" 304 0 "http://gerhatas.com/konveksi-tas/konveksi-tas-pancing" "Serf/1.1.0 mod_pagespeed/1.9.32.3-4448"
114.79.18.187 - - [13/Mar/2015:16:54:31 +0000] "GET /konveksi-tas/konveksi-tas-pancing HTTP/1.1" 200 10032 "https://www.google.com/" "Mozilla/5.0 (Linux; Android 4.1.2; i7C Build/JZO54K) AppleWebKit/537.36 (KHTML, like Gecko) Chrome/31.0.1650.59 Mobile Safari/537.36"
128.199.122.79 - - [13/Mar/2015:16:54:31 +0000] "GET /wp-includes/js/comment-reply.min.js?ver=4.1.1 HTTP/1.1" 304 0 "http://gerhatas.com/konveksi-tas/konveksi-tas-pancing" "Serf/1.1.0 mod_pagespeed/1.9.32.3-4448"
128.199.122.79 - - [13/Mar/2015:16:54:31 +0000] "GET /wp-content/plugins/contact-form-7/includes/js/jquery.form.min.js?ver=3.51.0-2014.06.20 HTTP/1.1" 304 0 "http://gerhatas.com/konveksi-tas/konveksi-tas-pancing" "Serf/1.1.0 mod_pagespeed/1.9.32.3-4448"
128.199.122.79 - - [13/Mar/2015:16:54:31 +0000] "GET /wp-content/plugins/contact-form-7/includes/js/scripts.js?ver=4.0.3 HTTP/1.1" 304 0 "http://gerhatas.com/konveksi-tas/konveksi-tas-pancing" "Serf/1.1.0 mod_pagespeed/1.9.32.3-4448"
128.199.122.79 - - [13/Mar/2015:16:54:31 +0000] "GET /wp-content/plugins/peters-custom-anti-spam-image/custom_anti_spam.php?antiselect=292 HTTP/1.1" 200 2246 "http://gerhatas.com/konveksi-tas/konveksi-tas-pancing" "Serf/1.1.0 mod_pagespeed/1.9.32.3-4448"
114.79.18.187 - - [13/Mar/2015:16:54:32 +0000] "GET /wp-content/themes/blogolife/style.css HTTP/1.1" 200 5450 "http://gerhatas.com/konveksi-tas/konveksi-tas-pancing" "Mozilla/5.0 (Linux; Android 4.1.2; i7C Build/JZO54K) AppleWebKit/537.36 (KHTML, like Gecko) Chrome/31.0.1650.59 Mobile Safari/537.36"
114.79.18.187 - - [13/Mar/2015:16:54:33 +0000] "GET /wp-content/plugins/contact-form-7/includes/css/styles.css?ver=4.0.3 HTTP/1.1" 200 1103 "http://gerhatas.com/konveksi-tas/konveksi-tas-pancing" "Mozilla/5.0 (Linux; Android 4.1.2; i7C Build/JZO54K) AppleWebKit/537.36 (KHTML, like Gecko) Chrome/31.0.1650.59 Mobile Safari/537.36"
114.79.18.187 - - [13/Mar/2015:16:54:34 +0000] "GET /wp-content/plugins/sitemap/css/page-list.css?ver=4.3 HTTP/1.1" 200 702 "http://gerhatas.com/konveksi-tas/konveksi-tas-pancing" "Mozilla/5.0 (Linux; Android 4.1.2; i7C Build/JZO54K) AppleWebKit/537.36 (KHTML, like Gecko) Chrome/31.0.1650.59 Mobile Safari/537.36"
114.79.18.187 - - [13/Mar/2015:16:54:34 +0000] "GET /wp-content/plugins/twitter-plugin/css/style.css?ver=4.1.1 HTTP/1.1" 200 71 "http://gerhatas.com/konveksi-tas/konveksi-tas-pancing" "Mozilla/5.0 (Linux; Android 4.1.2; i7C Build/JZO54K) AppleWebKit/537.36 (KHTML, like Gecko) Chrome/31.0.1650.59 Mobile Safari/537.36"
114.79.18.187 - - [13/Mar/2015:16:54:34 +0000] "GET /wp-content/themes/blogolife/images/green/style.css?ver=4.1.1 HTTP/1.1" 200 1314 "http://gerhatas.com/konveksi-tas/konveksi-tas-pancing" "Mozilla/5.0 (Linux; Android 4.1.2; i7C Build/JZO54K) AppleWebKit/537.36 (KHTML, like Gecko) Chrome/31.0.1650.59 Mobile Safari/537.36"
114.79.18.187 - - [13/Mar/2015:16:54:34 +0000] "GET /wp-includes/js/jquery/jquery.js?ver=1.11.1 HTTP/1.1" 200 33221 "http://gerhatas.com/konveksi-tas/konveksi-tas-pancing" "Mozilla/5.0 (Linux; Android 4.1.2; i7C Build/JZO54K) AppleWebKit/537.36 (KHTML, like Gecko) Chrome/31.0.1650.59 Mobile Safari/537.36"
114.79.18.187 - - [13/Mar/2015:16:54:34 +0000] "GET /wp-includes/js/jquery/jquery-migrate.min.js?ver=1.2.1 HTTP/1.1" 200 7200 "http://gerhatas.com/konveksi-tas/konveksi-tas-pancing" "Mozilla/5.0 (Linux; Android 4.1.2; i7C Build/JZO54K) AppleWebKit/537.36 (KHTML, like Gecko) Chrome/31.0.1650.59 Mobile Safari/537.36"
114.79.18.187 - - [13/Mar/2015:16:54:35 +0000] "GET /konveksi-tas/_.pagespeed.jo.IqhlquPkMz.js HTTP/1.1" 200 3198 "http://gerhatas.com/konveksi-tas/konveksi-tas-pancing" "Mozilla/5.0 (Linux; Android 4.1.2; i7C Build/JZO54K) AppleWebKit/537.36 (KHTML, like Gecko) Chrome/31.0.1650.59 Mobile Safari/537.36"
114.79.18.187 - - [13/Mar/2015:16:55:01 +0000] "GET /wp-content/plugins/peters-custom-anti-spam-image/custom_anti_spam.php?antiselect=292 HTTP/1.1" 200 2378 "http://gerhatas.com/konveksi-tas/konveksi-tas-pancing" "Mozilla/5.0 (Linux; Android 4.1.2; i7C Build/JZO54K) AppleWebKit/537.36 (KHTML, like Gecko) Chrome/31.0.1650.59 Mobile Safari/537.36"
114.79.18.187 - - [13/Mar/2015:16:55:27 +0000] "GET /wp-includes/js/comment-reply.min.js?ver=4.1.1 HTTP/1.1" 200 757 "http://gerhatas.com/konveksi-tas/konveksi-tas-pancing" "Mozilla/5.0 (Linux; Android 4.1.2; i7C Build/JZO54K) AppleWebKit/537.36 (KHTML, like Gecko) Chrome/31.0.1650.59 Mobile Safari/537.36"
114.79.18.187 - - [13/Mar/2015:16:55:27 +0000] "GET /wp-content/plugins/contact-form-7/includes/js/jquery.form.min.js?ver=3.51.0-2014.06.20 HTTP/1.1" 200 5872 "http://gerhatas.com/konveksi-tas/konveksi-tas-pancing" "Mozilla/5.0 (Linux; Android 4.1.2; i7C Build/JZO54K) AppleWebKit/537.36 (KHTML, like Gecko) Chrome/31.0.1650.59 Mobile Safari/537.36"
114.79.18.187 - - [13/Mar/2015:16:55:27 +0000] "GET /wp-content/plugins/contact-form-7/includes/js/scripts.js?ver=4.0.3 HTTP/1.1" 200 9658 "http://gerhatas.com/konveksi-tas/konveksi-tas-pancing" "Mozilla/5.0 (Linux; Android 4.1.2; i7C Build/JZO54K) AppleWebKit/537.36 (KHTML, like Gecko) Chrome/31.0.1650.59 Mobile Safari/537.36"
114.79.18.187 - - [13/Mar/2015:16:56:12 +0000] "POST /ngx_pagespeed_beacon?url=http%3A%2F%2Fgerhatas.com%2Fkonveksi-tas%2Fkonveksi-tas-pancing HTTP/1.1" 204 0 "http://gerhatas.com/konveksi-tas/konveksi-tas-pancing" "Mozilla/5.0 (Linux; Android 4.1.2; i7C Build/JZO54K) AppleWebKit/537.36 (KHTML, like Gecko) Chrome/31.0.1650.59 Mobile Safari/537.36"
157.55.39.122 - - [13/Mar/2015:16:59:45 +0000] "GET /robots.txt HTTP/1.1" 404 1806 "-" "Mozilla/5.0 (compatible; bingbot/2.0; +http://www.bing.com/bingbot.htm)"
157.55.39.122 - - [13/Mar/2015:17:01:12 +0000] "GET /tas-promosi HTTP/1.1" 301 5 "-" "Mozilla/5.0 (compatible; bingbot/2.0; +http://www.bing.com/bingbot.htm)"
128.199.122.79 - - [13/Mar/2015:17:10:01 +0000] "GET /wp-content/themes/blogolife/style.css HTTP/1.1" 304 0 "http://gerhatas.com/tas-pancing" "Serf/1.1.0 mod_pagespeed/1.9.32.3-4448"
128.199.122.79 - - [13/Mar/2015:17:10:02 +0000] "GET /wp-content/plugins/contact-form-7/includes/css/styles.css?ver=4.0.3 HTTP/1.1" 304 0 "http://gerhatas.com/tas-pancing" "Serf/1.1.0 mod_pagespeed/1.9.32.3-4448"
128.199.122.79 - - [13/Mar/2015:17:10:02 +0000] "GET /wp-content/plugins/sitemap/css/page-list.css?ver=4.3 HTTP/1.1" 304 0 "http://gerhatas.com/tas-pancing" "Serf/1.1.0 mod_pagespeed/1.9.32.3-4448"
128.199.122.79 - - [13/Mar/2015:17:10:02 +0000] "GET /wp-content/plugins/twitter-plugin/css/style.css?ver=4.1.1 HTTP/1.1" 304 0 "http://gerhatas.com/tas-pancing" "Serf/1.1.0 mod_pagespeed/1.9.32.3-4448"
128.199.122.79 - - [13/Mar/2015:17:10:02 +0000] "GET /wp-content/themes/blogolife/images/green/style.css?ver=4.1.1 HTTP/1.1" 304 0 "http://gerhatas.com/tas-pancing" "Serf/1.1.0 mod_pagespeed/1.9.32.3-4448"
128.199.122.79 - - [13/Mar/2015:17:10:02 +0000] "GET /wp-includes/js/jquery/jquery.js?ver=1.11.1 HTTP/1.1" 304 0 "http://gerhatas.com/tas-pancing" "Serf/1.1.0 mod_pagespeed/1.9.32.3-4448"
128.199.122.79 - - [13/Mar/2015:17:10:02 +0000] "GET /wp-includes/js/jquery/jquery-migrate.min.js?ver=1.2.1 HTTP/1.1" 304 0 "http://gerhatas.com/tas-pancing" "Serf/1.1.0 mod_pagespeed/1.9.32.3-4448"
128.199.122.79 - - [13/Mar/2015:17:10:02 +0000] "GET /wp-includes/js/comment-reply.min.js?ver=4.1.1 HTTP/1.1" 304 0 "http://gerhatas.com/tas-pancing" "Serf/1.1.0 mod_pagespeed/1.9.32.3-4448"
66.249.71.42 - - [13/Mar/2015:17:10:02 +0000] "GET /tas-pancing HTTP/1.1" 200 5172 "-" "Mozilla/5.0 (compatible; Googlebot/2.1; +http://www.google.com/bot.html)"
128.199.122.79 - - [13/Mar/2015:17:10:02 +0000] "GET /wp-content/plugins/contact-form-7/includes/js/jquery.form.min.js?ver=3.51.0-2014.06.20 HTTP/1.1" 304 0 "http://gerhatas.com/tas-pancing" "Serf/1.1.0 mod_pagespeed/1.9.32.3-4448"
128.199.122.79 - - [13/Mar/2015:17:10:02 +0000] "GET /wp-content/plugins/contact-form-7/includes/js/scripts.js?ver=4.0.3 HTTP/1.1" 304 0 "http://gerhatas.com/tas-pancing" "Serf/1.1.0 mod_pagespeed/1.9.32.3-4448"
128.199.122.79 - - [13/Mar/2015:17:15:14 +0000] "POST /wp-cron.php?doing_wp_cron=1426266914.0901660919189453125000 HTTP/1.0" 200 20 "-" "WordPress/4.1.1; http://gerhatas.com"
128.199.122.79 - - [13/Mar/2015:17:15:14 +0000] "GET /wp-content/themes/blogolife/style.css HTTP/1.1" 304 0 "http://gerhatas.com/tag/konveksi-tas-kerja-tangerang" "Serf/1.1.0 mod_pagespeed/1.9.32.3-4448"
128.199.122.79 - - [13/Mar/2015:17:15:14 +0000] "GET /wp-content/plugins/contact-form-7/includes/css/styles.css?ver=4.0.3 HTTP/1.1" 304 0 "http://gerhatas.com/tag/konveksi-tas-kerja-tangerang" "Serf/1.1.0 mod_pagespeed/1.9.32.3-4448"
128.199.122.79 - - [13/Mar/2015:17:15:14 +0000] "GET /wp-content/plugins/sitemap/css/page-list.css?ver=4.3 HTTP/1.1" 304 0 "http://gerhatas.com/tag/konveksi-tas-kerja-tangerang" "Serf/1.1.0 mod_pagespeed/1.9.32.3-4448"
128.199.122.79 - - [13/Mar/2015:17:15:14 +0000] "GET /wp-content/plugins/twitter-plugin/css/style.css?ver=4.1.1 HTTP/1.1" 304 0 "http://gerhatas.com/tag/konveksi-tas-kerja-tangerang" "Serf/1.1.0 mod_pagespeed/1.9.32.3-4448"
128.199.122.79 - - [13/Mar/2015:17:15:14 +0000] "GET /wp-content/themes/blogolife/images/green/style.css?ver=4.1.1 HTTP/1.1" 304 0 "http://gerhatas.com/tag/konveksi-tas-kerja-tangerang" "Serf/1.1.0 mod_pagespeed/1.9.32.3-4448"
128.199.122.79 - - [13/Mar/2015:17:15:14 +0000] "GET /wp-includes/js/jquery/jquery.js?ver=1.11.1 HTTP/1.1" 304 0 "http://gerhatas.com/tag/konveksi-tas-kerja-tangerang" "Serf/1.1.0 mod_pagespeed/1.9.32.3-4448"
128.199.122.79 - - [13/Mar/2015:17:15:14 +0000] "GET /wp-includes/js/jquery/jquery-migrate.min.js?ver=1.2.1 HTTP/1.1" 304 0 "http://gerhatas.com/tag/konveksi-tas-kerja-tangerang" "Serf/1.1.0 mod_pagespeed/1.9.32.3-4448"
128.199.122.79 - - [13/Mar/2015:17:15:14 +0000] "GET /wp-content/plugins/contact-form-7/includes/js/jquery.form.min.js?ver=3.51.0-2014.06.20 HTTP/1.1" 304 0 "http://gerhatas.com/tag/konveksi-tas-kerja-tangerang" "Serf/1.1.0 mod_pagespeed/1.9.32.3-4448"
128.199.122.79 - - [13/Mar/2015:17:15:14 +0000] "GET /wp-content/plugins/contact-form-7/includes/js/scripts.js?ver=4.0.3 HTTP/1.1" 304 0 "http://gerhatas.com/tag/konveksi-tas-kerja-tangerang" "Serf/1.1.0 mod_pagespeed/1.9.32.3-4448"
5.255.253.92 - - [13/Mar/2015:17:15:14 +0000] "GET /tag/konveksi-tas-kerja-tangerang HTTP/1.1" 200 5228 "-" "Mozilla/5.0 (compatible; YandexBot/3.0; +http://yandex.com/bots)"
66.249.71.76 - - [13/Mar/2015:17:23:54 +0000] "GET /wp-content/plugins/twitter-plugin/css/A.style.css,qver=4.1.1.pagespeed.cf.Oxc1MH4Pd2.css HTTP/1.1" 200 43 "-" "Mozilla/5.0 (compatible; Googlebot/2.1; +http://www.google.com/bot.html)"
123.125.71.27 - - [13/Mar/2015:17:32:26 +0000] "GET /robots.txt HTTP/1.1" 404 1806 "-" "Mozilla/5.0 (Windows NT 5.1; rv:6.0.2) Gecko/20100101 Firefox/6.0.2"
128.199.122.79 - - [13/Mar/2015:17:34:47 +0000] "POST /wp-cron.php?doing_wp_cron=1426268087.7380199432373046875000 HTTP/1.0" 200 20 "-" "WordPress/4.1.1; http://gerhatas.com"
220.181.108.121 - - [13/Mar/2015:17:34:48 +0000] "GET / HTTP/1.1" 301 5 "-" "Mozilla/5.0 (compatible; Baiduspider/2.0; +http://www.baidu.com/search/spider.html)"
128.199.122.79 - - [13/Mar/2015:17:34:48 +0000] "GET /wp-content/themes/blogolife/style.css HTTP/1.1" 304 0 "http://gerhatas.com/" "Serf/1.1.0 mod_pagespeed/1.9.32.3-4448"
128.199.122.79 - - [13/Mar/2015:17:34:48 +0000] "GET /wp-content/plugins/contact-form-7/includes/css/styles.css?ver=4.0.3 HTTP/1.1" 304 0 "http://gerhatas.com/" "Serf/1.1.0 mod_pagespeed/1.9.32.3-4448"
128.199.122.79 - - [13/Mar/2015:17:34:48 +0000] "GET /wp-content/plugins/sitemap/css/page-list.css?ver=4.3 HTTP/1.1" 304 0 "http://gerhatas.com/" "Serf/1.1.0 mod_pagespeed/1.9.32.3-4448"
128.199.122.79 - - [13/Mar/2015:17:34:48 +0000] "GET /wp-content/plugins/twitter-plugin/css/style.css?ver=4.1.1 HTTP/1.1" 304 0 "http://gerhatas.com/" "Serf/1.1.0 mod_pagespeed/1.9.32.3-4448"
128.199.122.79 - - [13/Mar/2015:17:34:48 +0000] "GET /wp-content/themes/blogolife/images/green/style.css?ver=4.1.1 HTTP/1.1" 304 0 "http://gerhatas.com/" "Serf/1.1.0 mod_pagespeed/1.9.32.3-4448"
128.199.122.79 - - [13/Mar/2015:17:34:48 +0000] "GET /wp-includes/js/jquery/jquery.js?ver=1.11.1 HTTP/1.1" 304 0 "http://gerhatas.com/" "Serf/1.1.0 mod_pagespeed/1.9.32.3-4448"
128.199.122.79 - - [13/Mar/2015:17:34:48 +0000] "GET /wp-includes/js/jquery/jquery-migrate.min.js?ver=1.2.1 HTTP/1.1" 304 0 "http://gerhatas.com/" "Serf/1.1.0 mod_pagespeed/1.9.32.3-4448"
128.199.122.79 - - [13/Mar/2015:17:34:48 +0000] "GET /wp-content/plugins/contact-form-7/includes/js/jquery.form.min.js?ver=3.51.0-2014.06.20 HTTP/1.1" 304 0 "http://gerhatas.com/" "Serf/1.1.0 mod_pagespeed/1.9.32.3-4448"
128.199.122.79 - - [13/Mar/2015:17:34:48 +0000] "GET /wp-content/plugins/contact-form-7/includes/js/scripts.js?ver=4.0.3 HTTP/1.1" 304 0 "http://gerhatas.com/" "Serf/1.1.0 mod_pagespeed/1.9.32.3-4448"
220.181.108.103 - - [13/Mar/2015:17:34:49 +0000] "GET / HTTP/1.1" 200 10289 "-" "Mozilla/5.0 (compatible; Baiduspider/2.0; +http://www.baidu.com/search/spider.html)"
123.125.71.99 - - [13/Mar/2015:17:39:35 +0000] "GET /wp-content/plugins/twitter-plugin/css/A.style.css,qver=4.1.1.pagespeed.cf.Oxc1MH4Pd2.css HTTP/1.1" 200 43 "http://www.gerhatas.com/" "Mozilla/5.0 (compatible; Baiduspider/2.0; +http://www.baidu.com/search/spider.html)"
123.125.71.113 - - [13/Mar/2015:17:39:35 +0000] "GET /wp-content/plugins/contact-form-7/includes/css/A.styles.css,qver=4.0.3.pagespeed.cf.Io6Fs5icoS.css HTTP/1.1" 200 912 "http://www.gerhatas.com/" "Mozilla/5.0 (compatible; Baiduspider/2.0; +http://www.baidu.com/search/spider.html)"
123.125.71.89 - - [13/Mar/2015:17:39:35 +0000] "GET /wp-content/themes/blogolife/images/green/style.css?ver=4.1.1 HTTP/1.1" 200 1314 "http://www.gerhatas.com/" "Mozilla/5.0 (compatible; Baiduspider/2.0; +http://www.baidu.com/search/spider.html)"
128.199.122.79 - - [13/Mar/2015:17:39:35 +0000] "GET /wp-content/themes/blogolife/images/green/style.css?ver=4.1.1 HTTP/1.1" 304 0 "http://gerhatas.com/wp-content/themes/blogolife/images/green/style.css?ver=4.1.1" "Serf/1.1.0 mod_pagespeed/1.9.32.3-4448"
123.125.71.70 - - [13/Mar/2015:17:39:35 +0000] "GET /wp-content/plugins/sitemap/css/A.page-list.css,qver=4.3.pagespeed.cf._ZlYp4hFA2.css HTTP/1.1" 200 412 "http://www.gerhatas.com/" "Mozilla/5.0 (compatible; Baiduspider/2.0; +http://www.baidu.com/search/spider.html)"
123.125.71.83 - - [13/Mar/2015:17:39:35 +0000] "GET /wp-content/themes/blogolife/style.css HTTP/1.1" 200 22472 "http://www.gerhatas.com/" "Mozilla/5.0 (compatible; Baiduspider/2.0; +http://www.baidu.com/search/spider.html)"
128.199.122.79 - - [13/Mar/2015:17:39:35 +0000] "GET /wp-content/themes/blogolife/style.css HTTP/1.1" 304 0 "http://gerhatas.com/wp-content/themes/blogolife/style.css" "Serf/1.1.0 mod_pagespeed/1.9.32.3-4448"
128.199.122.79 - - [13/Mar/2015:17:39:36 +0000] "GET /wp-includes/js/jquery/jquery.js?ver=1.11.1 HTTP/1.1" 304 0 "http://gerhatas.com/wp-includes/js/jquery/jquery.js?ver=1.11.1" "Serf/1.1.0 mod_pagespeed/1.9.32.3-4448"
123.125.71.70 - - [13/Mar/2015:17:39:36 +0000] "GET /wp-includes/js/jquery/jquery.js?ver=1.11.1 HTTP/1.1" 200 95807 "http://www.gerhatas.com/" "Mozilla/5.0 (compatible; Baiduspider/2.0; +http://www.baidu.com/search/spider.html)"
123.125.71.94 - - [13/Mar/2015:17:39:37 +0000] "GET /wp-includes/js/jquery/jquery-migrate.min.js?ver=1.2.1 HTTP/1.1" 200 7200 "http://www.gerhatas.com/" "Mozilla/5.0 (compatible; Baiduspider/2.0; +http://www.baidu.com/search/spider.html)"
128.199.122.79 - - [13/Mar/2015:17:39:37 +0000] "GET /wp-includes/js/jquery/jquery-migrate.min.js?ver=1.2.1 HTTP/1.1" 304 0 "http://gerhatas.com/wp-includes/js/jquery/jquery-migrate.min.js?ver=1.2.1" "Serf/1.1.0 mod_pagespeed/1.9.32.3-4448"
123.125.71.89 - - [13/Mar/2015:17:39:41 +0000] "GET /wp-content/plugins/contact-form-7/includes/js/jquery.form.min.js?ver=3.51.0-2014.06.20 HTTP/1.1" 200 15248 "http://www.gerhatas.com/" "Mozilla/5.0 (compatible; Baiduspider/2.0; +http://www.baidu.com/search/spider.html)"
128.199.122.79 - - [13/Mar/2015:17:39:41 +0000] "GET /wp-content/plugins/contact-form-7/includes/js/jquery.form.min.js?ver=3.51.0-2014.06.20 HTTP/1.1" 304 0 "http://gerhatas.com/wp-content/plugins/contact-form-7/includes/js/jquery.form.min.js?ver=3.51.0-2014.06.20" "Serf/1.1.0 mod_pagespeed/1.9.32.3-4448"
123.125.71.78 - - [13/Mar/2015:17:39:42 +0000] "GET /wp-content/plugins/contact-form-7/includes/js/scripts.js?ver=4.0.3 HTTP/1.1" 200 9658 "http://www.gerhatas.com/" "Mozilla/5.0 (compatible; Baiduspider/2.0; +http://www.baidu.com/search/spider.html)"
128.199.122.79 - - [13/Mar/2015:17:39:42 +0000] "GET /wp-content/plugins/contact-form-7/includes/js/scripts.js?ver=4.0.3 HTTP/1.1" 304 0 "http://gerhatas.com/wp-content/plugins/contact-form-7/includes/js/scripts.js?ver=4.0.3" "Serf/1.1.0 mod_pagespeed/1.9.32.3-4448"
128.199.122.79 - - [13/Mar/2015:17:50:23 +0000] "GET /wp-content/themes/blogolife/style.css HTTP/1.1" 304 0 "http://gerhatas.com/sample-page" "Serf/1.1.0 mod_pagespeed/1.9.32.3-4448"
128.199.122.79 - - [13/Mar/2015:17:50:23 +0000] "GET /wp-content/plugins/contact-form-7/includes/css/styles.css?ver=4.0.3 HTTP/1.1" 304 0 "http://gerhatas.com/sample-page" "Serf/1.1.0 mod_pagespeed/1.9.32.3-4448"
128.199.122.79 - - [13/Mar/2015:17:50:23 +0000] "GET /wp-content/plugins/sitemap/css/page-list.css?ver=4.3 HTTP/1.1" 304 0 "http://gerhatas.com/sample-page" "Serf/1.1.0 mod_pagespeed/1.9.32.3-4448"
128.199.122.79 - - [13/Mar/2015:17:50:23 +0000] "GET /wp-content/plugins/twitter-plugin/css/style.css?ver=4.1.1 HTTP/1.1" 304 0 "http://gerhatas.com/sample-page" "Serf/1.1.0 mod_pagespeed/1.9.32.3-4448"
128.199.122.79 - - [13/Mar/2015:17:50:23 +0000] "GET /wp-content/themes/blogolife/images/green/style.css?ver=4.1.1 HTTP/1.1" 304 0 "http://gerhatas.com/sample-page" "Serf/1.1.0 mod_pagespeed/1.9.32.3-4448"
128.199.122.79 - - [13/Mar/2015:17:50:23 +0000] "GET /wp-includes/js/jquery/jquery.js?ver=1.11.1 HTTP/1.1" 304 0 "http://gerhatas.com/sample-page" "Serf/1.1.0 mod_pagespeed/1.9.32.3-4448"
128.199.122.79 - - [13/Mar/2015:17:50:23 +0000] "GET /wp-includes/js/jquery/jquery-migrate.min.js?ver=1.2.1 HTTP/1.1" 304 0 "http://gerhatas.com/sample-page" "Serf/1.1.0 mod_pagespeed/1.9.32.3-4448"
128.199.122.79 - - [13/Mar/2015:17:50:23 +0000] "GET /wp-includes/js/comment-reply.min.js?ver=4.1.1 HTTP/1.1" 304 0 "http://gerhatas.com/sample-page" "Serf/1.1.0 mod_pagespeed/1.9.32.3-4448"
128.199.122.79 - - [13/Mar/2015:17:50:23 +0000] "GET /wp-content/plugins/contact-form-7/includes/js/jquery.form.min.js?ver=3.51.0-2014.06.20 HTTP/1.1" 304 0 "http://gerhatas.com/sample-page" "Serf/1.1.0 mod_pagespeed/1.9.32.3-4448"
128.199.122.79 - - [13/Mar/2015:17:50:23 +0000] "GET /wp-content/plugins/contact-form-7/includes/js/scripts.js?ver=4.0.3 HTTP/1.1" 304 0 "http://gerhatas.com/sample-page" "Serf/1.1.0 mod_pagespeed/1.9.32.3-4448"
66.249.71.42 - - [13/Mar/2015:17:50:24 +0000] "GET /sample-page HTTP/1.1" 200 3773 "-" "Mozilla/5.0 (compatible; Googlebot/2.1; +http://www.google.com/bot.html)"
128.199.122.79 - - [13/Mar/2015:17:58:42 +0000] "GET /wp-content/themes/blogolife/style.css HTTP/1.1" 304 0 "http://gerhatas.com/tag/konveksi-tas-pandeglang" "Serf/1.1.0 mod_pagespeed/1.9.32.3-4448"
128.199.122.79 - - [13/Mar/2015:17:58:42 +0000] "GET /wp-content/plugins/contact-form-7/includes/css/styles.css?ver=4.0.3 HTTP/1.1" 304 0 "http://gerhatas.com/tag/konveksi-tas-pandeglang" "Serf/1.1.0 mod_pagespeed/1.9.32.3-4448"
128.199.122.79 - - [13/Mar/2015:17:58:42 +0000] "GET /wp-content/plugins/sitemap/css/page-list.css?ver=4.3 HTTP/1.1" 304 0 "http://gerhatas.com/tag/konveksi-tas-pandeglang" "Serf/1.1.0 mod_pagespeed/1.9.32.3-4448"
128.199.122.79 - - [13/Mar/2015:17:58:42 +0000] "GET /wp-content/plugins/twitter-plugin/css/style.css?ver=4.1.1 HTTP/1.1" 304 0 "http://gerhatas.com/tag/konveksi-tas-pandeglang" "Serf/1.1.0 mod_pagespeed/1.9.32.3-4448"
128.199.122.79 - - [13/Mar/2015:17:58:42 +0000] "GET /wp-content/themes/blogolife/images/green/style.css?ver=4.1.1 HTTP/1.1" 304 0 "http://gerhatas.com/tag/konveksi-tas-pandeglang" "Serf/1.1.0 mod_pagespeed/1.9.32.3-4448"
128.199.122.79 - - [13/Mar/2015:17:58:42 +0000] "GET /wp-includes/js/jquery/jquery.js?ver=1.11.1 HTTP/1.1" 304 0 "http://gerhatas.com/tag/konveksi-tas-pandeglang" "Serf/1.1.0 mod_pagespeed/1.9.32.3-4448"
128.199.122.79 - - [13/Mar/2015:17:58:42 +0000] "GET /wp-includes/js/jquery/jquery-migrate.min.js?ver=1.2.1 HTTP/1.1" 304 0 "http://gerhatas.com/tag/konveksi-tas-pandeglang" "Serf/1.1.0 mod_pagespeed/1.9.32.3-4448"
5.255.253.92 - - [13/Mar/2015:17:58:42 +0000] "GET /tag/konveksi-tas-pandeglang HTTP/1.1" 200 6007 "-" "Mozilla/5.0 (compatible; YandexBot/3.0; +http://yandex.com/bots)"
128.199.122.79 - - [13/Mar/2015:17:58:42 +0000] "GET /wp-content/plugins/contact-form-7/includes/js/jquery.form.min.js?ver=3.51.0-2014.06.20 HTTP/1.1" 304 0 "http://gerhatas.com/tag/konveksi-tas-pandeglang" "Serf/1.1.0 mod_pagespeed/1.9.32.3-4448"
128.199.122.79 - - [13/Mar/2015:17:58:42 +0000] "GET /wp-content/plugins/contact-form-7/includes/js/scripts.js?ver=4.0.3 HTTP/1.1" 304 0 "http://gerhatas.com/tag/konveksi-tas-pandeglang" "Serf/1.1.0 mod_pagespeed/1.9.32.3-4448"
128.199.122.79 - - [13/Mar/2015:18:05:19 +0000] "GET /wp-content/themes/blogolife/style.css HTTP/1.1" 304 0 "http://gerhatas.com/konveksi-tas/konveksi-tas-pancing" "Serf/1.1.0 mod_pagespeed/1.9.32.3-4448"
66.249.71.59 - - [13/Mar/2015:18:05:19 +0000] "GET /konveksi-tas/konveksi-tas-pancing HTTP/1.1" 200 6966 "-" "Mozilla/5.0 (compatible; Googlebot/2.1; +http://www.google.com/bot.html)"
128.199.122.79 - - [13/Mar/2015:18:05:19 +0000] "GET /wp-content/plugins/contact-form-7/includes/css/styles.css?ver=4.0.3 HTTP/1.1" 304 0 "http://gerhatas.com/konveksi-tas/konveksi-tas-pancing" "Serf/1.1.0 mod_pagespeed/1.9.32.3-4448"
128.199.122.79 - - [13/Mar/2015:18:05:19 +0000] "GET /wp-content/plugins/sitemap/css/page-list.css?ver=4.3 HTTP/1.1" 304 0 "http://gerhatas.com/konveksi-tas/konveksi-tas-pancing" "Serf/1.1.0 mod_pagespeed/1.9.32.3-4448"
128.199.122.79 - - [13/Mar/2015:18:05:19 +0000] "GET /wp-content/plugins/twitter-plugin/css/style.css?ver=4.1.1 HTTP/1.1" 304 0 "http://gerhatas.com/konveksi-tas/konveksi-tas-pancing" "Serf/1.1.0 mod_pagespeed/1.9.32.3-4448"
128.199.122.79 - - [13/Mar/2015:18:05:19 +0000] "GET /wp-content/themes/blogolife/images/green/style.css?ver=4.1.1 HTTP/1.1" 304 0 "http://gerhatas.com/konveksi-tas/konveksi-tas-pancing" "Serf/1.1.0 mod_pagespeed/1.9.32.3-4448"
128.199.122.79 - - [13/Mar/2015:18:05:19 +0000] "GET /wp-includes/js/jquery/jquery.js?ver=1.11.1 HTTP/1.1" 304 0 "http://gerhatas.com/konveksi-tas/konveksi-tas-pancing" "Serf/1.1.0 mod_pagespeed/1.9.32.3-4448"
128.199.122.79 - - [13/Mar/2015:18:05:19 +0000] "GET /wp-includes/js/jquery/jquery-migrate.min.js?ver=1.2.1 HTTP/1.1" 304 0 "http://gerhatas.com/konveksi-tas/konveksi-tas-pancing" "Serf/1.1.0 mod_pagespeed/1.9.32.3-4448"
128.199.122.79 - - [13/Mar/2015:18:05:19 +0000] "GET /wp-includes/js/comment-reply.min.js?ver=4.1.1 HTTP/1.1" 304 0 "http://gerhatas.com/konveksi-tas/konveksi-tas-pancing" "Serf/1.1.0 mod_pagespeed/1.9.32.3-4448"
128.199.122.79 - - [13/Mar/2015:18:05:19 +0000] "GET /wp-content/plugins/contact-form-7/includes/js/jquery.form.min.js?ver=3.51.0-2014.06.20 HTTP/1.1" 304 0 "http://gerhatas.com/konveksi-tas/konveksi-tas-pancing" "Serf/1.1.0 mod_pagespeed/1.9.32.3-4448"
128.199.122.79 - - [13/Mar/2015:18:05:19 +0000] "GET /wp-content/plugins/contact-form-7/includes/js/scripts.js?ver=4.0.3 HTTP/1.1" 304 0 "http://gerhatas.com/konveksi-tas/konveksi-tas-pancing" "Serf/1.1.0 mod_pagespeed/1.9.32.3-4448"
128.199.122.79 - - [13/Mar/2015:18:05:22 +0000] "GET /wp-content/plugins/peters-custom-anti-spam-image/custom_anti_spam.php?antiselect=293 HTTP/1.1" 200 1852 "http://gerhatas.com/konveksi-tas/konveksi-tas-pancing" "Serf/1.1.0 mod_pagespeed/1.9.32.3-4448"
180.76.5.155 - - [13/Mar/2015:18:12:37 +0000] "GET /tag/konveksi-tas-pandeglang HTTP/1.1" 301 5 "-" "Mozilla/5.0 (compatible; Baiduspider/2.0; +http://www.baidu.com/search/spider.html)"
128.199.122.79 - - [13/Mar/2015:18:12:38 +0000] "GET /wp-content/themes/blogolife/style.css HTTP/1.1" 304 0 "http://gerhatas.com/tag/konveksi-tas-pandeglang" "Serf/1.1.0 mod_pagespeed/1.9.32.3-4448"
128.199.122.79 - - [13/Mar/2015:18:12:38 +0000] "GET /wp-content/plugins/contact-form-7/includes/css/styles.css?ver=4.0.3 HTTP/1.1" 304 0 "http://gerhatas.com/tag/konveksi-tas-pandeglang" "Serf/1.1.0 mod_pagespeed/1.9.32.3-4448"
128.199.122.79 - - [13/Mar/2015:18:12:38 +0000] "GET /wp-content/plugins/sitemap/css/page-list.css?ver=4.3 HTTP/1.1" 304 0 "http://gerhatas.com/tag/konveksi-tas-pandeglang" "Serf/1.1.0 mod_pagespeed/1.9.32.3-4448"
128.199.122.79 - - [13/Mar/2015:18:12:38 +0000] "GET /wp-content/plugins/twitter-plugin/css/style.css?ver=4.1.1 HTTP/1.1" 304 0 "http://gerhatas.com/tag/konveksi-tas-pandeglang" "Serf/1.1.0 mod_pagespeed/1.9.32.3-4448"
128.199.122.79 - - [13/Mar/2015:18:12:38 +0000] "GET /wp-content/themes/blogolife/images/green/style.css?ver=4.1.1 HTTP/1.1" 304 0 "http://gerhatas.com/tag/konveksi-tas-pandeglang" "Serf/1.1.0 mod_pagespeed/1.9.32.3-4448"
128.199.122.79 - - [13/Mar/2015:18:12:38 +0000] "GET /wp-includes/js/jquery/jquery.js?ver=1.11.1 HTTP/1.1" 304 0 "http://gerhatas.com/tag/konveksi-tas-pandeglang" "Serf/1.1.0 mod_pagespeed/1.9.32.3-4448"
128.199.122.79 - - [13/Mar/2015:18:12:38 +0000] "GET /wp-includes/js/jquery/jquery-migrate.min.js?ver=1.2.1 HTTP/1.1" 304 0 "http://gerhatas.com/tag/konveksi-tas-pandeglang" "Serf/1.1.0 mod_pagespeed/1.9.32.3-4448"
128.199.122.79 - - [13/Mar/2015:18:12:38 +0000] "GET /wp-content/plugins/contact-form-7/includes/js/jquery.form.min.js?ver=3.51.0-2014.06.20 HTTP/1.1" 304 0 "http://gerhatas.com/tag/konveksi-tas-pandeglang" "Serf/1.1.0 mod_pagespeed/1.9.32.3-4448"
128.199.122.79 - - [13/Mar/2015:18:12:38 +0000] "GET /wp-content/plugins/contact-form-7/includes/js/scripts.js?ver=4.0.3 HTTP/1.1" 304 0 "http://gerhatas.com/tag/konveksi-tas-pandeglang" "Serf/1.1.0 mod_pagespeed/1.9.32.3-4448"
180.76.6.225 - - [13/Mar/2015:18:12:38 +0000] "GET /tag/konveksi-tas-pandeglang HTTP/1.1" 200 5948 "-" "Mozilla/5.0 (compatible; Baiduspider/2.0; +http://www.baidu.com/search/spider.html)"
128.199.122.79 - - [13/Mar/2015:18:15:06 +0000] "POST /wp-cron.php?doing_wp_cron=1426270506.1037819385528564453125 HTTP/1.0" 499 0 "-" "WordPress/4.1.1; http://gerhatas.com"
128.199.122.79 - - [13/Mar/2015:18:15:07 +0000] "GET /wp-includes/js/comment-reply.min.js?ver=4.1.1 HTTP/1.1" 304 0 "http://gerhatas.com/tas-pancing/attachment/model-tas-pancing" "Serf/1.1.0 mod_pagespeed/1.9.32.3-4448"
66.249.71.59 - - [13/Mar/2015:18:15:07 +0000] "GET /tas-pancing/attachment/model-tas-pancing HTTP/1.1" 200 6180 "-" "Mozilla/5.0 (compatible; Googlebot/2.1; +http://www.google.com/bot.html)"
128.199.122.79 - - [13/Mar/2015:18:15:07 +0000] "GET /wp-content/plugins/peters-custom-anti-spam-image/custom_anti_spam.php?antiselect=294 HTTP/1.1" 200 2033 "http://gerhatas.com/tas-pancing/attachment/model-tas-pancing" "Serf/1.1.0 mod_pagespeed/1.9.32.3-4448"
128.199.122.79 - - [13/Mar/2015:18:34:52 +0000] "POST /wp-cron.php?doing_wp_cron=1426271692.6331360340118408203125 HTTP/1.0" 200 20 "-" "WordPress/4.1.1; http://gerhatas.com"
128.199.122.79 - - [13/Mar/2015:18:34:53 +0000] "GET /wp-content/themes/blogolife/style.css HTTP/1.1" 304 0 "http://gerhatas.com/konveksi-tas/konveksi-tas-sekolah" "Serf/1.1.0 mod_pagespeed/1.9.32.3-4448"
128.199.122.79 - - [13/Mar/2015:18:34:53 +0000] "GET /wp-content/plugins/contact-form-7/includes/css/styles.css?ver=4.0.3 HTTP/1.1" 304 0 "http://gerhatas.com/konveksi-tas/konveksi-tas-sekolah" "Serf/1.1.0 mod_pagespeed/1.9.32.3-4448"
128.199.122.79 - - [13/Mar/2015:18:34:53 +0000] "GET /wp-content/plugins/sitemap/css/page-list.css?ver=4.3 HTTP/1.1" 304 0 "http://gerhatas.com/konveksi-tas/konveksi-tas-sekolah" "Serf/1.1.0 mod_pagespeed/1.9.32.3-4448"
128.199.122.79 - - [13/Mar/2015:18:34:53 +0000] "GET /wp-content/plugins/twitter-plugin/css/style.css?ver=4.1.1 HTTP/1.1" 304 0 "http://gerhatas.com/konveksi-tas/konveksi-tas-sekolah" "Serf/1.1.0 mod_pagespeed/1.9.32.3-4448"
128.199.122.79 - - [13/Mar/2015:18:34:53 +0000] "GET /wp-content/themes/blogolife/images/green/style.css?ver=4.1.1 HTTP/1.1" 304 0 "http://gerhatas.com/konveksi-tas/konveksi-tas-sekolah" "Serf/1.1.0 mod_pagespeed/1.9.32.3-4448"
128.199.122.79 - - [13/Mar/2015:18:34:53 +0000] "GET /wp-includes/js/jquery/jquery.js?ver=1.11.1 HTTP/1.1" 304 0 "http://gerhatas.com/konveksi-tas/konveksi-tas-sekolah" "Serf/1.1.0 mod_pagespeed/1.9.32.3-4448"
66.249.71.42 - - [13/Mar/2015:18:34:53 +0000] "GET /konveksi-tas/konveksi-tas-sekolah HTTP/1.1" 200 7029 "-" "Mozilla/5.0 (compatible; Googlebot/2.1; +http://www.google.com/bot.html)"
128.199.122.79 - - [13/Mar/2015:18:34:53 +0000] "GET /wp-includes/js/jquery/jquery-migrate.min.js?ver=1.2.1 HTTP/1.1" 304 0 "http://gerhatas.com/konveksi-tas/konveksi-tas-sekolah" "Serf/1.1.0 mod_pagespeed/1.9.32.3-4448"
128.199.122.79 - - [13/Mar/2015:18:34:53 +0000] "GET /wp-includes/js/comment-reply.min.js?ver=4.1.1 HTTP/1.1" 304 0 "http://gerhatas.com/konveksi-tas/konveksi-tas-sekolah" "Serf/1.1.0 mod_pagespeed/1.9.32.3-4448"
128.199.122.79 - - [13/Mar/2015:18:34:53 +0000] "GET /wp-content/plugins/contact-form-7/includes/js/jquery.form.min.js?ver=3.51.0-2014.06.20 HTTP/1.1" 304 0 "http://gerhatas.com/konveksi-tas/konveksi-tas-sekolah" "Serf/1.1.0 mod_pagespeed/1.9.32.3-4448"
128.199.122.79 - - [13/Mar/2015:18:34:53 +0000] "GET /wp-content/plugins/contact-form-7/includes/js/scripts.js?ver=4.0.3 HTTP/1.1" 304 0 "http://gerhatas.com/konveksi-tas/konveksi-tas-sekolah" "Serf/1.1.0 mod_pagespeed/1.9.32.3-4448"
128.199.122.79 - - [13/Mar/2015:18:34:53 +0000] "GET /wp-content/plugins/peters-custom-anti-spam-image/custom_anti_spam.php?antiselect=295 HTTP/1.1" 200 2056 "http://gerhatas.com/konveksi-tas/konveksi-tas-sekolah" "Serf/1.1.0 mod_pagespeed/1.9.32.3-4448"
128.199.122.79 - - [13/Mar/2015:18:42:08 +0000] "GET /wp-content/themes/blogolife/style.css HTTP/1.1" 304 0 "http://gerhatas.com/tag/konveksi-tas-pancing" "Serf/1.1.0 mod_pagespeed/1.9.32.3-4448"
128.199.122.79 - - [13/Mar/2015:18:42:08 +0000] "GET /wp-content/plugins/contact-form-7/includes/css/styles.css?ver=4.0.3 HTTP/1.1" 304 0 "http://gerhatas.com/tag/konveksi-tas-pancing" "Serf/1.1.0 mod_pagespeed/1.9.32.3-4448"
128.199.122.79 - - [13/Mar/2015:18:42:08 +0000] "GET /wp-content/plugins/sitemap/css/page-list.css?ver=4.3 HTTP/1.1" 304 0 "http://gerhatas.com/tag/konveksi-tas-pancing" "Serf/1.1.0 mod_pagespeed/1.9.32.3-4448"
128.199.122.79 - - [13/Mar/2015:18:42:08 +0000] "GET /wp-content/plugins/twitter-plugin/css/style.css?ver=4.1.1 HTTP/1.1" 304 0 "http://gerhatas.com/tag/konveksi-tas-pancing" "Serf/1.1.0 mod_pagespeed/1.9.32.3-4448"
128.199.122.79 - - [13/Mar/2015:18:42:08 +0000] "GET /wp-content/themes/blogolife/images/green/style.css?ver=4.1.1 HTTP/1.1" 304 0 "http://gerhatas.com/tag/konveksi-tas-pancing" "Serf/1.1.0 mod_pagespeed/1.9.32.3-4448"
128.199.122.79 - - [13/Mar/2015:18:42:08 +0000] "GET /wp-includes/js/jquery/jquery.js?ver=1.11.1 HTTP/1.1" 304 0 "http://gerhatas.com/tag/konveksi-tas-pancing" "Serf/1.1.0 mod_pagespeed/1.9.32.3-4448"
5.255.253.92 - - [13/Mar/2015:18:42:08 +0000] "GET /tag/konveksi-tas-pancing HTTP/1.1" 200 5193 "-" "Mozilla/5.0 (compatible; YandexBot/3.0; +http://yandex.com/bots)"
128.199.122.79 - - [13/Mar/2015:18:42:08 +0000] "GET /wp-includes/js/jquery/jquery-migrate.min.js?ver=1.2.1 HTTP/1.1" 304 0 "http://gerhatas.com/tag/konveksi-tas-pancing" "Serf/1.1.0 mod_pagespeed/1.9.32.3-4448"
128.199.122.79 - - [13/Mar/2015:18:42:08 +0000] "GET /wp-content/plugins/contact-form-7/includes/js/jquery.form.min.js?ver=3.51.0-2014.06.20 HTTP/1.1" 304 0 "http://gerhatas.com/tag/konveksi-tas-pancing" "Serf/1.1.0 mod_pagespeed/1.9.32.3-4448"
128.199.122.79 - - [13/Mar/2015:18:42:08 +0000] "GET /wp-content/plugins/contact-form-7/includes/js/scripts.js?ver=4.0.3 HTTP/1.1" 304 0 "http://gerhatas.com/tag/konveksi-tas-pancing" "Serf/1.1.0 mod_pagespeed/1.9.32.3-4448"
128.199.122.79 - - [13/Mar/2015:18:53:06 +0000] "GET /wp-content/themes/blogolife/style.css HTTP/1.1" 304 0 "http://gerhatas.com/" "Serf/1.1.0 mod_pagespeed/1.9.32.3-4448"
128.199.122.79 - - [13/Mar/2015:18:53:06 +0000] "GET /wp-content/plugins/contact-form-7/includes/css/styles.css?ver=4.0.3 HTTP/1.1" 304 0 "http://gerhatas.com/" "Serf/1.1.0 mod_pagespeed/1.9.32.3-4448"
128.199.122.79 - - [13/Mar/2015:18:53:06 +0000] "GET /wp-content/plugins/sitemap/css/page-list.css?ver=4.3 HTTP/1.1" 304 0 "http://gerhatas.com/" "Serf/1.1.0 mod_pagespeed/1.9.32.3-4448"
128.199.122.79 - - [13/Mar/2015:18:53:06 +0000] "GET /wp-content/plugins/twitter-plugin/css/style.css?ver=4.1.1 HTTP/1.1" 304 0 "http://gerhatas.com/" "Serf/1.1.0 mod_pagespeed/1.9.32.3-4448"
128.199.122.79 - - [13/Mar/2015:18:53:06 +0000] "GET /wp-content/themes/blogolife/images/green/style.css?ver=4.1.1 HTTP/1.1" 304 0 "http://gerhatas.com/" "Serf/1.1.0 mod_pagespeed/1.9.32.3-4448"
128.199.122.79 - - [13/Mar/2015:18:53:06 +0000] "GET /wp-includes/js/jquery/jquery.js?ver=1.11.1 HTTP/1.1" 304 0 "http://gerhatas.com/" "Serf/1.1.0 mod_pagespeed/1.9.32.3-4448"
128.199.122.79 - - [13/Mar/2015:18:53:06 +0000] "GET /wp-includes/js/jquery/jquery-migrate.min.js?ver=1.2.1 HTTP/1.1" 304 0 "http://gerhatas.com/" "Serf/1.1.0 mod_pagespeed/1.9.32.3-4448"
128.199.122.79 - - [13/Mar/2015:18:53:06 +0000] "GET /wp-content/plugins/contact-form-7/includes/js/jquery.form.min.js?ver=3.51.0-2014.06.20 HTTP/1.1" 304 0 "http://gerhatas.com/" "Serf/1.1.0 mod_pagespeed/1.9.32.3-4448"
128.199.122.79 - - [13/Mar/2015:18:53:06 +0000] "GET /wp-content/plugins/contact-form-7/includes/js/scripts.js?ver=4.0.3 HTTP/1.1" 304 0 "http://gerhatas.com/" "Serf/1.1.0 mod_pagespeed/1.9.32.3-4448"
180.153.236.51 - - [13/Mar/2015:18:53:06 +0000] "GET / HTTP/1.1" 200 14165 "http://gerhatas.com/" "Mozilla/5.0 (compatible; MSIE 9.0; Windows NT 6.1; Trident/5.0); 360Spider(compatible; HaosouSpider; http://www.haosou.com/help/help_3_2.html)"
66.249.71.59 - - [13/Mar/2015:19:26:01 +0000] "GET /robots.txt HTTP/1.1" 404 1806 "-" "Mozilla/5.0 (compatible; Googlebot/2.1; +http://www.google.com/bot.html)"
128.199.122.79 - - [13/Mar/2015:19:26:02 +0000] "POST /wp-cron.php?doing_wp_cron=1426274762.0828330516815185546875 HTTP/1.0" 200 20 "-" "WordPress/4.1.1; http://gerhatas.com"
128.199.122.79 - - [13/Mar/2015:19:26:02 +0000] "GET /wp-content/themes/blogolife/style.css HTTP/1.1" 304 0 "http://gerhatas.com/" "Serf/1.1.0 mod_pagespeed/1.9.32.3-4448"
128.199.122.79 - - [13/Mar/2015:19:26:02 +0000] "GET /wp-content/plugins/contact-form-7/includes/css/styles.css?ver=4.0.3 HTTP/1.1" 304 0 "http://gerhatas.com/" "Serf/1.1.0 mod_pagespeed/1.9.32.3-4448"
128.199.122.79 - - [13/Mar/2015:19:26:02 +0000] "GET /wp-content/plugins/sitemap/css/page-list.css?ver=4.3 HTTP/1.1" 304 0 "http://gerhatas.com/" "Serf/1.1.0 mod_pagespeed/1.9.32.3-4448"
128.199.122.79 - - [13/Mar/2015:19:26:02 +0000] "GET /wp-content/plugins/twitter-plugin/css/style.css?ver=4.1.1 HTTP/1.1" 304 0 "http://gerhatas.com/" "Serf/1.1.0 mod_pagespeed/1.9.32.3-4448"
128.199.122.79 - - [13/Mar/2015:19:26:02 +0000] "GET /wp-content/themes/blogolife/images/green/style.css?ver=4.1.1 HTTP/1.1" 304 0 "http://gerhatas.com/" "Serf/1.1.0 mod_pagespeed/1.9.32.3-4448"
128.199.122.79 - - [13/Mar/2015:19:26:02 +0000] "GET /wp-includes/js/jquery/jquery.js?ver=1.11.1 HTTP/1.1" 304 0 "http://gerhatas.com/" "Serf/1.1.0 mod_pagespeed/1.9.32.3-4448"
66.249.71.59 - - [13/Mar/2015:19:26:02 +0000] "GET / HTTP/1.1" 200 10298 "-" "Mozilla/5.0 (compatible; Googlebot/2.1; +http://www.google.com/bot.html)"
128.199.122.79 - - [13/Mar/2015:19:26:02 +0000] "GET /wp-includes/js/jquery/jquery-migrate.min.js?ver=1.2.1 HTTP/1.1" 304 0 "http://gerhatas.com/" "Serf/1.1.0 mod_pagespeed/1.9.32.3-4448"
128.199.122.79 - - [13/Mar/2015:19:26:02 +0000] "GET /wp-content/plugins/contact-form-7/includes/js/jquery.form.min.js?ver=3.51.0-2014.06.20 HTTP/1.1" 304 0 "http://gerhatas.com/" "Serf/1.1.0 mod_pagespeed/1.9.32.3-4448"
128.199.122.79 - - [13/Mar/2015:19:26:02 +0000] "GET /wp-content/plugins/contact-form-7/includes/js/scripts.js?ver=4.0.3 HTTP/1.1" 304 0 "http://gerhatas.com/" "Serf/1.1.0 mod_pagespeed/1.9.32.3-4448"
66.249.71.42 - - [13/Mar/2015:19:34:23 +0000] "GET /tag/konveksi-tas-laptop-bekasi/feed HTTP/1.1" 200 2565 "-" "Mozilla/5.0 (compatible; Googlebot/2.1; +http://www.google.com/bot.html)"
66.249.71.59 - - [13/Mar/2015:19:44:19 +0000] "GET /tas-pancing/attachment/tas-pancing-alivio HTTP/1.1" 200 5255 "-" "Mozilla/5.0 (compatible; Googlebot/2.1; +http://www.google.com/bot.html)"
128.199.122.79 - - [13/Mar/2015:19:44:19 +0000] "GET /wp-content/themes/blogolife/style.css HTTP/1.1" 304 0 "http://gerhatas.com/tas-pancing/attachment/tas-pancing-alivio" "Serf/1.1.0 mod_pagespeed/1.9.32.3-4448"
128.199.122.79 - - [13/Mar/2015:19:44:19 +0000] "GET /wp-content/plugins/contact-form-7/includes/css/styles.css?ver=4.0.3 HTTP/1.1" 304 0 "http://gerhatas.com/tas-pancing/attachment/tas-pancing-alivio" "Serf/1.1.0 mod_pagespeed/1.9.32.3-4448"
128.199.122.79 - - [13/Mar/2015:19:44:19 +0000] "GET /wp-content/plugins/sitemap/css/page-list.css?ver=4.3 HTTP/1.1" 304 0 "http://gerhatas.com/tas-pancing/attachment/tas-pancing-alivio" "Serf/1.1.0 mod_pagespeed/1.9.32.3-4448"
128.199.122.79 - - [13/Mar/2015:19:44:19 +0000] "GET /wp-content/plugins/twitter-plugin/css/style.css?ver=4.1.1 HTTP/1.1" 304 0 "http://gerhatas.com/tas-pancing/attachment/tas-pancing-alivio" "Serf/1.1.0 mod_pagespeed/1.9.32.3-4448"
128.199.122.79 - - [13/Mar/2015:19:44:19 +0000] "GET /wp-content/themes/blogolife/images/green/style.css?ver=4.1.1 HTTP/1.1" 304 0 "http://gerhatas.com/tas-pancing/attachment/tas-pancing-alivio" "Serf/1.1.0 mod_pagespeed/1.9.32.3-4448"
128.199.122.79 - - [13/Mar/2015:19:44:19 +0000] "GET /wp-includes/js/jquery/jquery.js?ver=1.11.1 HTTP/1.1" 304 0 "http://gerhatas.com/tas-pancing/attachment/tas-pancing-alivio" "Serf/1.1.0 mod_pagespeed/1.9.32.3-4448"
128.199.122.79 - - [13/Mar/2015:19:44:19 +0000] "GET /wp-includes/js/jquery/jquery-migrate.min.js?ver=1.2.1 HTTP/1.1" 304 0 "http://gerhatas.com/tas-pancing/attachment/tas-pancing-alivio" "Serf/1.1.0 mod_pagespeed/1.9.32.3-4448"
128.199.122.79 - - [13/Mar/2015:19:44:19 +0000] "GET /wp-includes/js/comment-reply.min.js?ver=4.1.1 HTTP/1.1" 304 0 "http://gerhatas.com/tas-pancing/attachment/tas-pancing-alivio" "Serf/1.1.0 mod_pagespeed/1.9.32.3-4448"
128.199.122.79 - - [13/Mar/2015:19:44:19 +0000] "GET /wp-content/plugins/contact-form-7/includes/js/jquery.form.min.js?ver=3.51.0-2014.06.20 HTTP/1.1" 304 0 "http://gerhatas.com/tas-pancing/attachment/tas-pancing-alivio" "Serf/1.1.0 mod_pagespeed/1.9.32.3-4448"
128.199.122.79 - - [13/Mar/2015:19:44:19 +0000] "GET /wp-content/plugins/contact-form-7/includes/js/scripts.js?ver=4.0.3 HTTP/1.1" 304 0 "http://gerhatas.com/tas-pancing/attachment/tas-pancing-alivio" "Serf/1.1.0 mod_pagespeed/1.9.32.3-4448"
128.199.122.79 - - [13/Mar/2015:19:44:19 +0000] "GET /wp-content/plugins/peters-custom-anti-spam-image/custom_anti_spam.php?antiselect=296 HTTP/1.1" 200 1604 "http://gerhatas.com/tas-pancing/attachment/tas-pancing-alivio" "Serf/1.1.0 mod_pagespeed/1.9.32.3-4448"
123.125.71.56 - - [13/Mar/2015:19:49:52 +0000] "GET / HTTP/1.1" 301 5 "-" "Mozilla/5.0 (Windows NT 5.1; rv:6.0.2) Gecko/20100101 Firefox/6.0.2"
128.199.122.79 - - [13/Mar/2015:19:50:07 +0000] "GET /wp-content/themes/blogolife/style.css HTTP/1.1" 304 0 "http://gerhatas.com/" "Serf/1.1.0 mod_pagespeed/1.9.32.3-4448"
128.199.122.79 - - [13/Mar/2015:19:50:07 +0000] "GET /wp-content/plugins/contact-form-7/includes/css/styles.css?ver=4.0.3 HTTP/1.1" 304 0 "http://gerhatas.com/" "Serf/1.1.0 mod_pagespeed/1.9.32.3-4448"
128.199.122.79 - - [13/Mar/2015:19:50:07 +0000] "GET /wp-content/plugins/sitemap/css/page-list.css?ver=4.3 HTTP/1.1" 304 0 "http://gerhatas.com/" "Serf/1.1.0 mod_pagespeed/1.9.32.3-4448"
128.199.122.79 - - [13/Mar/2015:19:50:07 +0000] "GET /wp-content/plugins/twitter-plugin/css/style.css?ver=4.1.1 HTTP/1.1" 304 0 "http://gerhatas.com/" "Serf/1.1.0 mod_pagespeed/1.9.32.3-4448"
128.199.122.79 - - [13/Mar/2015:19:50:07 +0000] "GET /wp-content/themes/blogolife/images/green/style.css?ver=4.1.1 HTTP/1.1" 304 0 "http://gerhatas.com/" "Serf/1.1.0 mod_pagespeed/1.9.32.3-4448"
128.199.122.79 - - [13/Mar/2015:19:50:07 +0000] "GET /wp-includes/js/jquery/jquery-migrate.min.js?ver=1.2.1 HTTP/1.1" 304 0 "http://gerhatas.com/" "Serf/1.1.0 mod_pagespeed/1.9.32.3-4448"
128.199.122.79 - - [13/Mar/2015:19:50:07 +0000] "GET /wp-includes/js/jquery/jquery.js?ver=1.11.1 HTTP/1.1" 304 0 "http://gerhatas.com/" "Serf/1.1.0 mod_pagespeed/1.9.32.3-4448"
128.199.122.79 - - [13/Mar/2015:19:50:07 +0000] "GET /wp-content/plugins/contact-form-7/includes/js/jquery.form.min.js?ver=3.51.0-2014.06.20 HTTP/1.1" 304 0 "http://gerhatas.com/" "Serf/1.1.0 mod_pagespeed/1.9.32.3-4448"
128.199.122.79 - - [13/Mar/2015:19:50:07 +0000] "GET /wp-content/plugins/contact-form-7/includes/js/scripts.js?ver=4.0.3 HTTP/1.1" 304 0 "http://gerhatas.com/" "Serf/1.1.0 mod_pagespeed/1.9.32.3-4448"
123.125.71.27 - - [13/Mar/2015:19:50:12 +0000] "GET / HTTP/1.1" 200 14387 "-" "Mozilla/5.0 (Windows NT 5.1; rv:6.0.2) Gecko/20100101 Firefox/6.0.2"
123.125.71.53 - - [13/Mar/2015:19:50:29 +0000] "GET / HTTP/1.1" 200 56932 "-" "Mozilla/5.0 (Windows NT 5.1; rv:6.0.2) Gecko/20100101 Firefox/6.0.2"
220.181.108.89 - - [13/Mar/2015:19:50:46 +0000] "GET / HTTP/1.1" 301 5 "-" "Mozilla/5.0 (Windows NT 5.1; rv:6.0.2) Gecko/20100101 Firefox/6.0.2"
220.181.108.96 - - [13/Mar/2015:19:51:11 +0000] "GET / HTTP/1.1" 200 15298 "-" "Mozilla/5.0 (Windows NT 5.1; rv:6.0.2) Gecko/20100101 Firefox/6.0.2"
220.181.108.102 - - [13/Mar/2015:19:51:29 +0000] "GET / HTTP/1.1" 200 56932 "-" "Mozilla/5.0 (Windows NT 5.1; rv:6.0.2) Gecko/20100101 Firefox/6.0.2"
66.249.71.76 - - [13/Mar/2015:20:04:14 +0000] "GET /tag/konveksi-tas-laptop/feed HTTP/1.1" 200 3700 "-" "Mozilla/5.0 (compatible; Googlebot/2.1; +http://www.google.com/bot.html)"
128.199.122.79 - - [13/Mar/2015:20:23:53 +0000] "POST /wp-cron.php?doing_wp_cron=1426278233.1924140453338623046875 HTTP/1.0" 200 20 "-" "WordPress/4.1.1; http://gerhatas.com"
66.249.71.225 - - [13/Mar/2015:20:23:53 +0000] "GET / HTTP/1.1" 301 5 "-" "Mozilla/5.0 (compatible; Googlebot/2.1; +http://www.google.com/bot.html)"
180.76.5.80 - - [13/Mar/2015:20:24:51 +0000] "GET /?attachment_id=133/feed HTTP/1.1" 301 5 "-" "Mozilla/5.0 (compatible; Baiduspider/2.0; +http://www.baidu.com/search/spider.html)"
128.199.122.79 - - [13/Mar/2015:20:24:52 +0000] "GET /wp-content/themes/blogolife/style.css HTTP/1.1" 304 0 "http://gerhatas.com/?attachment_id=133" "Serf/1.1.0 mod_pagespeed/1.9.32.3-4448"
128.199.122.79 - - [13/Mar/2015:20:24:52 +0000] "GET /wp-content/plugins/contact-form-7/includes/css/styles.css?ver=4.0.3 HTTP/1.1" 304 0 "http://gerhatas.com/?attachment_id=133" "Serf/1.1.0 mod_pagespeed/1.9.32.3-4448"
128.199.122.79 - - [13/Mar/2015:20:24:52 +0000] "GET /wp-content/plugins/sitemap/css/page-list.css?ver=4.3 HTTP/1.1" 304 0 "http://gerhatas.com/?attachment_id=133" "Serf/1.1.0 mod_pagespeed/1.9.32.3-4448"
128.199.122.79 - - [13/Mar/2015:20:24:52 +0000] "GET /wp-content/plugins/twitter-plugin/css/style.css?ver=4.1.1 HTTP/1.1" 304 0 "http://gerhatas.com/?attachment_id=133" "Serf/1.1.0 mod_pagespeed/1.9.32.3-4448"
128.199.122.79 - - [13/Mar/2015:20:24:52 +0000] "GET /wp-content/themes/blogolife/images/green/style.css?ver=4.1.1 HTTP/1.1" 304 0 "http://gerhatas.com/?attachment_id=133" "Serf/1.1.0 mod_pagespeed/1.9.32.3-4448"
128.199.122.79 - - [13/Mar/2015:20:24:52 +0000] "GET /wp-includes/js/jquery/jquery.js?ver=1.11.1 HTTP/1.1" 304 0 "http://gerhatas.com/?attachment_id=133" "Serf/1.1.0 mod_pagespeed/1.9.32.3-4448"
128.199.122.79 - - [13/Mar/2015:20:24:52 +0000] "GET /wp-includes/js/jquery/jquery-migrate.min.js?ver=1.2.1 HTTP/1.1" 304 0 "http://gerhatas.com/?attachment_id=133" "Serf/1.1.0 mod_pagespeed/1.9.32.3-4448"
128.199.122.79 - - [13/Mar/2015:20:24:52 +0000] "GET /wp-includes/js/comment-reply.min.js?ver=4.1.1 HTTP/1.1" 304 0 "http://gerhatas.com/?attachment_id=133" "Serf/1.1.0 mod_pagespeed/1.9.32.3-4448"
128.199.122.79 - - [13/Mar/2015:20:24:52 +0000] "GET /wp-content/plugins/contact-form-7/includes/js/jquery.form.min.js?ver=3.51.0-2014.06.20 HTTP/1.1" 304 0 "http://gerhatas.com/?attachment_id=133" "Serf/1.1.0 mod_pagespeed/1.9.32.3-4448"
128.199.122.79 - - [13/Mar/2015:20:24:52 +0000] "GET /wp-content/plugins/contact-form-7/includes/js/scripts.js?ver=4.0.3 HTTP/1.1" 304 0 "http://gerhatas.com/?attachment_id=133" "Serf/1.1.0 mod_pagespeed/1.9.32.3-4448"
