128.199.122.79 - - [14/Mar/2015:00:38:00 +0000] "POST /wp-cron.php?doing_wp_cron=1426293480.1600880622863769531250 HTTP/1.0" 200 20 "-" "WordPress/4.1.1; http://gerhatas.com"
128.199.122.79 - - [14/Mar/2015:00:38:00 +0000] "GET /wp-content/themes/blogolife/style.css HTTP/1.1" 304 0 "http://gerhatas.com/" "Serf/1.1.0 mod_pagespeed/1.9.32.3-4448"
128.199.122.79 - - [14/Mar/2015:00:38:00 +0000] "GET /wp-content/plugins/contact-form-7/includes/css/styles.css?ver=4.0.3 HTTP/1.1" 304 0 "http://gerhatas.com/" "Serf/1.1.0 mod_pagespeed/1.9.32.3-4448"
128.199.122.79 - - [14/Mar/2015:00:38:00 +0000] "GET /wp-content/plugins/sitemap/css/page-list.css?ver=4.3 HTTP/1.1" 304 0 "http://gerhatas.com/" "Serf/1.1.0 mod_pagespeed/1.9.32.3-4448"
128.199.122.79 - - [14/Mar/2015:00:38:00 +0000] "GET /wp-content/plugins/twitter-plugin/css/style.css?ver=4.1.1 HTTP/1.1" 304 0 "http://gerhatas.com/" "Serf/1.1.0 mod_pagespeed/1.9.32.3-4448"
66.249.71.76 - - [14/Mar/2015:00:38:00 +0000] "GET / HTTP/1.1" 200 10241 "-" "Mozilla/5.0 (compatible; Googlebot/2.1; +http://www.google.com/bot.html)"
128.199.122.79 - - [14/Mar/2015:00:38:00 +0000] "GET /wp-content/themes/blogolife/images/green/style.css?ver=4.1.1 HTTP/1.1" 304 0 "http://gerhatas.com/" "Serf/1.1.0 mod_pagespeed/1.9.32.3-4448"
128.199.122.79 - - [14/Mar/2015:00:38:00 +0000] "GET /wp-includes/js/jquery/jquery.js?ver=1.11.1 HTTP/1.1" 304 0 "http://gerhatas.com/" "Serf/1.1.0 mod_pagespeed/1.9.32.3-4448"
128.199.122.79 - - [14/Mar/2015:00:38:00 +0000] "GET /wp-includes/js/jquery/jquery-migrate.min.js?ver=1.2.1 HTTP/1.1" 304 0 "http://gerhatas.com/" "Serf/1.1.0 mod_pagespeed/1.9.32.3-4448"
128.199.122.79 - - [14/Mar/2015:00:38:00 +0000] "GET /wp-content/plugins/contact-form-7/includes/js/jquery.form.min.js?ver=3.51.0-2014.06.20 HTTP/1.1" 304 0 "http://gerhatas.com/" "Serf/1.1.0 mod_pagespeed/1.9.32.3-4448"
128.199.122.79 - - [14/Mar/2015:00:38:00 +0000] "GET /wp-content/plugins/contact-form-7/includes/js/scripts.js?ver=4.0.3 HTTP/1.1" 304 0 "http://gerhatas.com/" "Serf/1.1.0 mod_pagespeed/1.9.32.3-4448"
128.199.122.79 - - [14/Mar/2015:00:52:47 +0000] "GET /wp-content/themes/blogolife/style.css HTTP/1.1" 304 0 "http://gerhatas.com/konveksi-tas/konveksi-tas-pancing" "Serf/1.1.0 mod_pagespeed/1.9.32.3-4448"
82.145.217.246 - - [14/Mar/2015:00:52:47 +0000] "GET /konveksi-tas/konveksi-tas-pancing HTTP/1.1" 200 10452 "-" "Opera/9.80 (Android; Opera Mini/7.5.33361/35.7997; U; en) Presto/2.8.119 Version/11.10"
128.199.122.79 - - [14/Mar/2015:00:52:47 +0000] "GET /wp-content/plugins/contact-form-7/includes/css/styles.css?ver=4.0.3 HTTP/1.1" 304 0 "http://gerhatas.com/konveksi-tas/konveksi-tas-pancing" "Serf/1.1.0 mod_pagespeed/1.9.32.3-4448"
128.199.122.79 - - [14/Mar/2015:00:52:47 +0000] "GET /wp-content/plugins/sitemap/css/page-list.css?ver=4.3 HTTP/1.1" 304 0 "http://gerhatas.com/konveksi-tas/konveksi-tas-pancing" "Serf/1.1.0 mod_pagespeed/1.9.32.3-4448"
128.199.122.79 - - [14/Mar/2015:00:52:47 +0000] "GET /wp-content/plugins/twitter-plugin/css/style.css?ver=4.1.1 HTTP/1.1" 304 0 "http://gerhatas.com/konveksi-tas/konveksi-tas-pancing" "Serf/1.1.0 mod_pagespeed/1.9.32.3-4448"
128.199.122.79 - - [14/Mar/2015:00:52:47 +0000] "GET /wp-content/themes/blogolife/images/green/style.css?ver=4.1.1 HTTP/1.1" 304 0 "http://gerhatas.com/konveksi-tas/konveksi-tas-pancing" "Serf/1.1.0 mod_pagespeed/1.9.32.3-4448"
128.199.122.79 - - [14/Mar/2015:00:52:47 +0000] "GET /wp-includes/js/jquery/jquery.js?ver=1.11.1 HTTP/1.1" 304 0 "http://gerhatas.com/konveksi-tas/konveksi-tas-pancing" "Serf/1.1.0 mod_pagespeed/1.9.32.3-4448"
128.199.122.79 - - [14/Mar/2015:00:52:47 +0000] "GET /wp-includes/js/jquery/jquery-migrate.min.js?ver=1.2.1 HTTP/1.1" 304 0 "http://gerhatas.com/konveksi-tas/konveksi-tas-pancing" "Serf/1.1.0 mod_pagespeed/1.9.32.3-4448"
128.199.122.79 - - [14/Mar/2015:00:52:47 +0000] "GET /wp-includes/js/comment-reply.min.js?ver=4.1.1 HTTP/1.1" 304 0 "http://gerhatas.com/konveksi-tas/konveksi-tas-pancing" "Serf/1.1.0 mod_pagespeed/1.9.32.3-4448"
128.199.122.79 - - [14/Mar/2015:00:52:47 +0000] "GET /wp-content/plugins/contact-form-7/includes/js/jquery.form.min.js?ver=3.51.0-2014.06.20 HTTP/1.1" 304 0 "http://gerhatas.com/konveksi-tas/konveksi-tas-pancing" "Serf/1.1.0 mod_pagespeed/1.9.32.3-4448"
128.199.122.79 - - [14/Mar/2015:00:52:47 +0000] "GET /wp-content/plugins/contact-form-7/includes/js/scripts.js?ver=4.0.3 HTTP/1.1" 304 0 "http://gerhatas.com/konveksi-tas/konveksi-tas-pancing" "Serf/1.1.0 mod_pagespeed/1.9.32.3-4448"
128.199.122.79 - - [14/Mar/2015:00:52:47 +0000] "GET /wp-content/plugins/peters-custom-anti-spam-image/custom_anti_spam.php?antiselect=300 HTTP/1.1" 200 2060 "http://gerhatas.com/konveksi-tas/konveksi-tas-pancing" "Serf/1.1.0 mod_pagespeed/1.9.32.3-4448"
82.145.217.246 - - [14/Mar/2015:00:52:47 +0000] "GET /wp-content/plugins/contact-form-7/includes/css/styles.css?ver=4.0.3 HTTP/1.1" 200 1103 "http://gerhatas.com/konveksi-tas/konveksi-tas-pancing" "Opera/9.80 (Android; Opera Mini/7.5.33361/35.7997; U; en) Presto/2.8.119 Version/11.10"
82.145.217.246 - - [14/Mar/2015:00:52:47 +0000] "GET /wp-includes/js/jquery/jquery.js?ver=1.11.1 HTTP/1.1" 200 33221 "http://gerhatas.com/konveksi-tas/konveksi-tas-pancing" "Opera/9.80 (Android; Opera Mini/7.5.33361/35.7997; U; en) Presto/2.8.119 Version/11.10"
82.145.217.246 - - [14/Mar/2015:00:52:47 +0000] "GET /wp-content/plugins/sitemap/css/page-list.css?ver=4.3 HTTP/1.1" 200 702 "http://gerhatas.com/konveksi-tas/konveksi-tas-pancing" "Opera/9.80 (Android; Opera Mini/7.5.33361/35.7997; U; en) Presto/2.8.119 Version/11.10"
82.145.217.246 - - [14/Mar/2015:00:52:47 +0000] "GET /wp-content/themes/blogolife/images/green/style.css?ver=4.1.1 HTTP/1.1" 200 1314 "http://gerhatas.com/konveksi-tas/konveksi-tas-pancing" "Opera/9.80 (Android; Opera Mini/7.5.33361/35.7997; U; en) Presto/2.8.119 Version/11.10"
82.145.217.246 - - [14/Mar/2015:00:52:47 +0000] "GET /wp-content/plugins/twitter-plugin/css/style.css?ver=4.1.1 HTTP/1.1" 200 71 "http://gerhatas.com/konveksi-tas/konveksi-tas-pancing" "Opera/9.80 (Android; Opera Mini/7.5.33361/35.7997; U; en) Presto/2.8.119 Version/11.10"
82.145.217.246 - - [14/Mar/2015:00:52:47 +0000] "GET /wp-content/themes/blogolife/style.css HTTP/1.1" 200 5450 "http://gerhatas.com/konveksi-tas/konveksi-tas-pancing" "Opera/9.80 (Android; Opera Mini/7.5.33361/35.7997; U; en) Presto/2.8.119 Version/11.10"
82.145.217.246 - - [14/Mar/2015:00:52:48 +0000] "GET /wp-includes/js/jquery/jquery-migrate.min.js?ver=1.2.1 HTTP/1.1" 200 7200 "http://gerhatas.com/konveksi-tas/konveksi-tas-pancing" "Opera/9.80 (Android; Opera Mini/7.5.33361/35.7997; U; en) Presto/2.8.119 Version/11.10"
82.145.217.246 - - [14/Mar/2015:00:52:48 +0000] "GET /konveksi-tas/_.pagespeed.jo.zI948v6W6H.js HTTP/1.1" 200 3198 "http://gerhatas.com/konveksi-tas/konveksi-tas-pancing" "Opera/9.80 (Android; Opera Mini/7.5.33361/35.7997; U; en) Presto/2.8.119 Version/11.10"
82.145.217.246 - - [14/Mar/2015:00:52:49 +0000] "GET /wp-content/plugins/peters-custom-anti-spam-image/custom_anti_spam.php?antiselect=300 HTTP/1.1" 200 2553 "http://gerhatas.com/konveksi-tas/konveksi-tas-pancing" "Opera/9.80 (Android; Opera Mini/7.5.33361/35.7997; U; en) Presto/2.8.119 Version/11.10"
82.145.217.246 - - [14/Mar/2015:00:52:50 +0000] "GET /wp-includes/js/comment-reply.min.js?ver=4.1.1 HTTP/1.1" 200 757 "http://gerhatas.com/konveksi-tas/konveksi-tas-pancing" "Opera/9.80 (Android; Opera Mini/7.5.33361/35.7997; U; en) Presto/2.8.119 Version/11.10"
82.145.217.246 - - [14/Mar/2015:00:52:50 +0000] "GET /wp-content/plugins/contact-form-7/includes/js/jquery.form.min.js?ver=3.51.0-2014.06.20 HTTP/1.1" 200 5872 "http://gerhatas.com/konveksi-tas/konveksi-tas-pancing" "Opera/9.80 (Android; Opera Mini/7.5.33361/35.7997; U; en) Presto/2.8.119 Version/11.10"
82.145.217.246 - - [14/Mar/2015:00:52:51 +0000] "GET /wp-content/plugins/contact-form-7/includes/js/scripts.js?ver=4.0.3 HTTP/1.1" 200 9658 "http://gerhatas.com/konveksi-tas/konveksi-tas-pancing" "Opera/9.80 (Android; Opera Mini/7.5.33361/35.7997; U; en) Presto/2.8.119 Version/11.10"
82.145.217.246 - - [14/Mar/2015:00:52:54 +0000] "POST /ngx_pagespeed_beacon?url=http%3A%2F%2Fgerhatas.com%2Fkonveksi-tas%2Fkonveksi-tas-pancing HTTP/1.1" 204 0 "http://gerhatas.com/konveksi-tas/konveksi-tas-pancing" "Opera/9.80 (Android; Opera Mini/7.5.33361/35.7997; U; en) Presto/2.8.119 Version/11.10"
128.199.122.79 - - [14/Mar/2015:01:02:56 +0000] "GET /wp-content/themes/blogolife/style.css HTTP/1.1" 304 0 "http://gerhatas.com/tas-pancing/attachment/tas-pancing-daiwa" "Serf/1.1.0 mod_pagespeed/1.9.32.3-4448"
82.145.217.246 - - [14/Mar/2015:01:02:56 +0000] "GET /tas-pancing/attachment/tas-pancing-daiwa HTTP/1.1" 200 8649 "http://www.google.com/search?client=ms-opera-mini-android&channel=new&hl=id&tbm=isch&q=tas+pancing+ransel&revid=1011061589&sa=X&ei=LYgDVe2sDoX0OqDSgYgN&ved=0CDUQ1QIoAQ" "Opera/9.80 (Android; Opera Mini/7.5.33361/35.7997; U; en) Presto/2.8.119 Version/11.10"
128.199.122.79 - - [14/Mar/2015:01:02:56 +0000] "GET /wp-content/plugins/contact-form-7/includes/css/styles.css?ver=4.0.3 HTTP/1.1" 304 0 "http://gerhatas.com/tas-pancing/attachment/tas-pancing-daiwa" "Serf/1.1.0 mod_pagespeed/1.9.32.3-4448"
128.199.122.79 - - [14/Mar/2015:01:02:56 +0000] "GET /wp-content/plugins/sitemap/css/page-list.css?ver=4.3 HTTP/1.1" 304 0 "http://gerhatas.com/tas-pancing/attachment/tas-pancing-daiwa" "Serf/1.1.0 mod_pagespeed/1.9.32.3-4448"
128.199.122.79 - - [14/Mar/2015:01:02:56 +0000] "GET /wp-content/plugins/twitter-plugin/css/style.css?ver=4.1.1 HTTP/1.1" 304 0 "http://gerhatas.com/tas-pancing/attachment/tas-pancing-daiwa" "Serf/1.1.0 mod_pagespeed/1.9.32.3-4448"
128.199.122.79 - - [14/Mar/2015:01:02:56 +0000] "GET /wp-content/themes/blogolife/images/green/style.css?ver=4.1.1 HTTP/1.1" 304 0 "http://gerhatas.com/tas-pancing/attachment/tas-pancing-daiwa" "Serf/1.1.0 mod_pagespeed/1.9.32.3-4448"
128.199.122.79 - - [14/Mar/2015:01:02:56 +0000] "GET /wp-includes/js/jquery/jquery.js?ver=1.11.1 HTTP/1.1" 304 0 "http://gerhatas.com/tas-pancing/attachment/tas-pancing-daiwa" "Serf/1.1.0 mod_pagespeed/1.9.32.3-4448"
128.199.122.79 - - [14/Mar/2015:01:02:56 +0000] "GET /wp-includes/js/jquery/jquery-migrate.min.js?ver=1.2.1 HTTP/1.1" 304 0 "http://gerhatas.com/tas-pancing/attachment/tas-pancing-daiwa" "Serf/1.1.0 mod_pagespeed/1.9.32.3-4448"
128.199.122.79 - - [14/Mar/2015:01:02:56 +0000] "GET /wp-includes/js/comment-reply.min.js?ver=4.1.1 HTTP/1.1" 304 0 "http://gerhatas.com/tas-pancing/attachment/tas-pancing-daiwa" "Serf/1.1.0 mod_pagespeed/1.9.32.3-4448"
128.199.122.79 - - [14/Mar/2015:01:02:56 +0000] "GET /wp-content/plugins/contact-form-7/includes/js/jquery.form.min.js?ver=3.51.0-2014.06.20 HTTP/1.1" 304 0 "http://gerhatas.com/tas-pancing/attachment/tas-pancing-daiwa" "Serf/1.1.0 mod_pagespeed/1.9.32.3-4448"
128.199.122.79 - - [14/Mar/2015:01:02:56 +0000] "GET /wp-content/plugins/contact-form-7/includes/js/scripts.js?ver=4.0.3 HTTP/1.1" 304 0 "http://gerhatas.com/tas-pancing/attachment/tas-pancing-daiwa" "Serf/1.1.0 mod_pagespeed/1.9.32.3-4448"
82.145.217.246 - - [14/Mar/2015:01:02:56 +0000] "GET /wp-content/themes/blogolife/style.css HTTP/1.1" 200 5450 "http://gerhatas.com/tas-pancing/attachment/tas-pancing-daiwa" "Opera/9.80 (Android; Opera Mini/7.5.33361/35.7997; U; en) Presto/2.8.119 Version/11.10"
82.145.217.246 - - [14/Mar/2015:01:02:56 +0000] "GET /wp-content/plugins/twitter-plugin/css/style.css?ver=4.1.1 HTTP/1.1" 200 71 "http://gerhatas.com/tas-pancing/attachment/tas-pancing-daiwa" "Opera/9.80 (Android; Opera Mini/7.5.33361/35.7997; U; en) Presto/2.8.119 Version/11.10"
82.145.217.246 - - [14/Mar/2015:01:02:56 +0000] "GET /wp-content/themes/blogolife/images/green/style.css?ver=4.1.1 HTTP/1.1" 200 1314 "http://gerhatas.com/tas-pancing/attachment/tas-pancing-daiwa" "Opera/9.80 (Android; Opera Mini/7.5.33361/35.7997; U; en) Presto/2.8.119 Version/11.10"
82.145.217.246 - - [14/Mar/2015:01:02:56 +0000] "GET /wp-content/plugins/sitemap/css/page-list.css?ver=4.3 HTTP/1.1" 200 702 "http://gerhatas.com/tas-pancing/attachment/tas-pancing-daiwa" "Opera/9.80 (Android; Opera Mini/7.5.33361/35.7997; U; en) Presto/2.8.119 Version/11.10"
82.145.217.246 - - [14/Mar/2015:01:02:56 +0000] "GET /wp-content/plugins/contact-form-7/includes/css/styles.css?ver=4.0.3 HTTP/1.1" 200 1103 "http://gerhatas.com/tas-pancing/attachment/tas-pancing-daiwa" "Opera/9.80 (Android; Opera Mini/7.5.33361/35.7997; U; en) Presto/2.8.119 Version/11.10"
128.199.122.79 - - [14/Mar/2015:01:02:56 +0000] "GET /wp-content/plugins/peters-custom-anti-spam-image/custom_anti_spam.php?antiselect=301 HTTP/1.1" 200 1869 "http://gerhatas.com/tas-pancing/attachment/tas-pancing-daiwa" "Serf/1.1.0 mod_pagespeed/1.9.32.3-4448"
82.145.217.246 - - [14/Mar/2015:01:02:57 +0000] "GET /wp-includes/js/jquery/jquery.js?ver=1.11.1 HTTP/1.1" 200 33221 "http://gerhatas.com/tas-pancing/attachment/tas-pancing-daiwa" "Opera/9.80 (Android; Opera Mini/7.5.33361/35.7997; U; en) Presto/2.8.119 Version/11.10"
82.145.217.246 - - [14/Mar/2015:01:02:59 +0000] "GET /wp-includes/js/jquery/jquery-migrate.min.js?ver=1.2.1 HTTP/1.1" 200 7200 "http://gerhatas.com/tas-pancing/attachment/tas-pancing-daiwa" "Opera/9.80 (Android; Opera Mini/7.5.33361/35.7997; U; en) Presto/2.8.119 Version/11.10"
82.145.217.246 - - [14/Mar/2015:01:02:59 +0000] "GET /tas-pancing/attachment/_.pagespeed.jo.gAk8PMNmH-.js HTTP/1.1" 200 3205 "http://gerhatas.com/tas-pancing/attachment/tas-pancing-daiwa" "Opera/9.80 (Android; Opera Mini/7.5.33361/35.7997; U; en) Presto/2.8.119 Version/11.10"
82.145.217.246 - - [14/Mar/2015:01:03:00 +0000] "GET /wp-content/plugins/peters-custom-anti-spam-image/custom_anti_spam.php?antiselect=301 HTTP/1.1" 200 1774 "http://gerhatas.com/tas-pancing/attachment/tas-pancing-daiwa" "Opera/9.80 (Android; Opera Mini/7.5.33361/35.7997; U; en) Presto/2.8.119 Version/11.10"
82.145.217.246 - - [14/Mar/2015:01:03:01 +0000] "GET /wp-includes/js/comment-reply.min.js?ver=4.1.1 HTTP/1.1" 200 757 "http://gerhatas.com/tas-pancing/attachment/tas-pancing-daiwa" "Opera/9.80 (Android; Opera Mini/7.5.33361/35.7997; U; en) Presto/2.8.119 Version/11.10"
82.145.217.246 - - [14/Mar/2015:01:03:01 +0000] "GET /wp-content/plugins/contact-form-7/includes/js/jquery.form.min.js?ver=3.51.0-2014.06.20 HTTP/1.1" 200 5872 "http://gerhatas.com/tas-pancing/attachment/tas-pancing-daiwa" "Opera/9.80 (Android; Opera Mini/7.5.33361/35.7997; U; en) Presto/2.8.119 Version/11.10"
82.145.217.246 - - [14/Mar/2015:01:03:01 +0000] "GET /wp-content/plugins/contact-form-7/includes/js/scripts.js?ver=4.0.3 HTTP/1.1" 200 9658 "http://gerhatas.com/tas-pancing/attachment/tas-pancing-daiwa" "Opera/9.80 (Android; Opera Mini/7.5.33361/35.7997; U; en) Presto/2.8.119 Version/11.10"
82.145.217.246 - - [14/Mar/2015:01:03:03 +0000] "POST /ngx_pagespeed_beacon?url=http%3A%2F%2Fgerhatas.com%2Ftas-pancing%2Fattachment%2Ftas-pancing-daiwa HTTP/1.1" 204 0 "http://gerhatas.com/tas-pancing/attachment/tas-pancing-daiwa" "Opera/9.80 (Android; Opera Mini/7.5.33361/35.7997; U; en) Presto/2.8.119 Version/11.10"
5.255.253.200 - - [14/Mar/2015:01:14:23 +0000] "GET / HTTP/1.1" 200 10241 "-" "Mozilla/5.0 (compatible; YandexBot/3.0; +http://yandex.com/bots)"
128.199.122.79 - - [14/Mar/2015:01:14:23 +0000] "GET /wp-content/themes/blogolife/style.css HTTP/1.1" 304 0 "http://gerhatas.com/" "Serf/1.1.0 mod_pagespeed/1.9.32.3-4448"
128.199.122.79 - - [14/Mar/2015:01:14:23 +0000] "GET /wp-content/plugins/contact-form-7/includes/css/styles.css?ver=4.0.3 HTTP/1.1" 304 0 "http://gerhatas.com/" "Serf/1.1.0 mod_pagespeed/1.9.32.3-4448"
128.199.122.79 - - [14/Mar/2015:01:14:23 +0000] "GET /wp-content/plugins/sitemap/css/page-list.css?ver=4.3 HTTP/1.1" 304 0 "http://gerhatas.com/" "Serf/1.1.0 mod_pagespeed/1.9.32.3-4448"
128.199.122.79 - - [14/Mar/2015:01:14:23 +0000] "GET /wp-content/plugins/twitter-plugin/css/style.css?ver=4.1.1 HTTP/1.1" 304 0 "http://gerhatas.com/" "Serf/1.1.0 mod_pagespeed/1.9.32.3-4448"
128.199.122.79 - - [14/Mar/2015:01:14:23 +0000] "GET /wp-content/themes/blogolife/images/green/style.css?ver=4.1.1 HTTP/1.1" 304 0 "http://gerhatas.com/" "Serf/1.1.0 mod_pagespeed/1.9.32.3-4448"
128.199.122.79 - - [14/Mar/2015:01:14:23 +0000] "GET /wp-includes/js/jquery/jquery.js?ver=1.11.1 HTTP/1.1" 304 0 "http://gerhatas.com/" "Serf/1.1.0 mod_pagespeed/1.9.32.3-4448"
128.199.122.79 - - [14/Mar/2015:01:14:23 +0000] "GET /wp-includes/js/jquery/jquery-migrate.min.js?ver=1.2.1 HTTP/1.1" 304 0 "http://gerhatas.com/" "Serf/1.1.0 mod_pagespeed/1.9.32.3-4448"
128.199.122.79 - - [14/Mar/2015:01:14:23 +0000] "GET /wp-content/plugins/contact-form-7/includes/js/jquery.form.min.js?ver=3.51.0-2014.06.20 HTTP/1.1" 304 0 "http://gerhatas.com/" "Serf/1.1.0 mod_pagespeed/1.9.32.3-4448"
128.199.122.79 - - [14/Mar/2015:01:14:23 +0000] "GET /wp-content/plugins/contact-form-7/includes/js/scripts.js?ver=4.0.3 HTTP/1.1" 304 0 "http://gerhatas.com/" "Serf/1.1.0 mod_pagespeed/1.9.32.3-4448"
128.199.122.79 - - [14/Mar/2015:01:22:29 +0000] "POST /wp-cron.php?doing_wp_cron=1426296149.3953559398651123046875 HTTP/1.0" 200 20 "-" "WordPress/4.1.1; http://gerhatas.com"
121.59.17.39 - - [14/Mar/2015:01:22:29 +0000] "GET /wp-admin/admin-ajax.php?action=revslider_ajax_action HTTP/1.1" 200 11 "http://gerhatas.com/wp-admin/admin-ajax.php?action=revslider_ajax_action" "Mozilla/5.0 (compatible; Googlebot/2.1; +http://www.google.com/bot.html)"
128.199.122.79 - - [14/Mar/2015:01:44:49 +0000] "POST /wp-cron.php?doing_wp_cron=1426297489.6652500629425048828125 HTTP/1.0" 200 20 "-" "WordPress/4.1.1; http://gerhatas.com"
66.249.71.42 - - [14/Mar/2015:01:44:50 +0000] "GET /konveksi-tas/konveksi-tas-tangerang HTTP/1.1" 200 6942 "-" "Mozilla/5.0 (compatible; Googlebot/2.1; +http://www.google.com/bot.html)"
128.199.122.79 - - [14/Mar/2015:01:44:50 +0000] "GET /wp-content/themes/blogolife/style.css HTTP/1.1" 304 0 "http://gerhatas.com/konveksi-tas/konveksi-tas-tangerang" "Serf/1.1.0 mod_pagespeed/1.9.32.3-4448"
128.199.122.79 - - [14/Mar/2015:01:44:50 +0000] "GET /wp-content/plugins/contact-form-7/includes/css/styles.css?ver=4.0.3 HTTP/1.1" 304 0 "http://gerhatas.com/konveksi-tas/konveksi-tas-tangerang" "Serf/1.1.0 mod_pagespeed/1.9.32.3-4448"
128.199.122.79 - - [14/Mar/2015:01:44:50 +0000] "GET /wp-content/plugins/sitemap/css/page-list.css?ver=4.3 HTTP/1.1" 304 0 "http://gerhatas.com/konveksi-tas/konveksi-tas-tangerang" "Serf/1.1.0 mod_pagespeed/1.9.32.3-4448"
128.199.122.79 - - [14/Mar/2015:01:44:50 +0000] "GET /wp-content/plugins/twitter-plugin/css/style.css?ver=4.1.1 HTTP/1.1" 304 0 "http://gerhatas.com/konveksi-tas/konveksi-tas-tangerang" "Serf/1.1.0 mod_pagespeed/1.9.32.3-4448"
128.199.122.79 - - [14/Mar/2015:01:44:50 +0000] "GET /wp-content/themes/blogolife/images/green/style.css?ver=4.1.1 HTTP/1.1" 304 0 "http://gerhatas.com/konveksi-tas/konveksi-tas-tangerang" "Serf/1.1.0 mod_pagespeed/1.9.32.3-4448"
128.199.122.79 - - [14/Mar/2015:01:44:50 +0000] "GET /wp-includes/js/jquery/jquery.js?ver=1.11.1 HTTP/1.1" 304 0 "http://gerhatas.com/konveksi-tas/konveksi-tas-tangerang" "Serf/1.1.0 mod_pagespeed/1.9.32.3-4448"
128.199.122.79 - - [14/Mar/2015:01:44:50 +0000] "GET /wp-includes/js/jquery/jquery-migrate.min.js?ver=1.2.1 HTTP/1.1" 304 0 "http://gerhatas.com/konveksi-tas/konveksi-tas-tangerang" "Serf/1.1.0 mod_pagespeed/1.9.32.3-4448"
128.199.122.79 - - [14/Mar/2015:01:44:50 +0000] "GET /wp-includes/js/comment-reply.min.js?ver=4.1.1 HTTP/1.1" 304 0 "http://gerhatas.com/konveksi-tas/konveksi-tas-tangerang" "Serf/1.1.0 mod_pagespeed/1.9.32.3-4448"
128.199.122.79 - - [14/Mar/2015:01:44:50 +0000] "GET /wp-content/plugins/contact-form-7/includes/js/jquery.form.min.js?ver=3.51.0-2014.06.20 HTTP/1.1" 304 0 "http://gerhatas.com/konveksi-tas/konveksi-tas-tangerang" "Serf/1.1.0 mod_pagespeed/1.9.32.3-4448"
128.199.122.79 - - [14/Mar/2015:01:44:50 +0000] "GET /wp-content/plugins/contact-form-7/includes/js/scripts.js?ver=4.0.3 HTTP/1.1" 304 0 "http://gerhatas.com/konveksi-tas/konveksi-tas-tangerang" "Serf/1.1.0 mod_pagespeed/1.9.32.3-4448"
128.199.122.79 - - [14/Mar/2015:01:44:50 +0000] "GET /wp-content/plugins/peters-custom-anti-spam-image/custom_anti_spam.php?antiselect=302 HTTP/1.1" 200 1810 "http://gerhatas.com/konveksi-tas/konveksi-tas-tangerang" "Serf/1.1.0 mod_pagespeed/1.9.32.3-4448"
66.249.71.59 - - [14/Mar/2015:01:45:03 +0000] "GET /wp-content/themes/blogolife/style.css HTTP/1.1" 200 5450 "http://gerhatas.com/konveksi-tas/konveksi-tas-tangerang" "Mozilla/5.0 (compatible; Googlebot/2.1; +http://www.google.com/bot.html)"
128.199.122.79 - - [14/Mar/2015:01:50:18 +0000] "GET /wp-content/themes/blogolife/style.css HTTP/1.1" 304 0 "http://gerhatas.com/tas-pancing/attachment/tas-pancing-tangerang" "Serf/1.1.0 mod_pagespeed/1.9.32.3-4448"
128.199.122.79 - - [14/Mar/2015:01:50:18 +0000] "GET /wp-content/plugins/contact-form-7/includes/css/styles.css?ver=4.0.3 HTTP/1.1" 304 0 "http://gerhatas.com/tas-pancing/attachment/tas-pancing-tangerang" "Serf/1.1.0 mod_pagespeed/1.9.32.3-4448"
128.199.122.79 - - [14/Mar/2015:01:50:18 +0000] "GET /wp-content/plugins/sitemap/css/page-list.css?ver=4.3 HTTP/1.1" 304 0 "http://gerhatas.com/tas-pancing/attachment/tas-pancing-tangerang" "Serf/1.1.0 mod_pagespeed/1.9.32.3-4448"
128.199.122.79 - - [14/Mar/2015:01:50:18 +0000] "GET /wp-content/plugins/twitter-plugin/css/style.css?ver=4.1.1 HTTP/1.1" 304 0 "http://gerhatas.com/tas-pancing/attachment/tas-pancing-tangerang" "Serf/1.1.0 mod_pagespeed/1.9.32.3-4448"
128.199.122.79 - - [14/Mar/2015:01:50:18 +0000] "GET /wp-content/themes/blogolife/images/green/style.css?ver=4.1.1 HTTP/1.1" 304 0 "http://gerhatas.com/tas-pancing/attachment/tas-pancing-tangerang" "Serf/1.1.0 mod_pagespeed/1.9.32.3-4448"
128.199.122.79 - - [14/Mar/2015:01:50:18 +0000] "GET /wp-includes/js/jquery/jquery.js?ver=1.11.1 HTTP/1.1" 304 0 "http://gerhatas.com/tas-pancing/attachment/tas-pancing-tangerang" "Serf/1.1.0 mod_pagespeed/1.9.32.3-4448"
128.199.122.79 - - [14/Mar/2015:01:50:18 +0000] "GET /wp-includes/js/jquery/jquery-migrate.min.js?ver=1.2.1 HTTP/1.1" 304 0 "http://gerhatas.com/tas-pancing/attachment/tas-pancing-tangerang" "Serf/1.1.0 mod_pagespeed/1.9.32.3-4448"
128.199.122.79 - - [14/Mar/2015:01:50:18 +0000] "GET /wp-includes/js/comment-reply.min.js?ver=4.1.1 HTTP/1.1" 304 0 "http://gerhatas.com/tas-pancing/attachment/tas-pancing-tangerang" "Serf/1.1.0 mod_pagespeed/1.9.32.3-4448"
128.199.122.79 - - [14/Mar/2015:01:50:18 +0000] "GET /wp-content/plugins/contact-form-7/includes/js/jquery.form.min.js?ver=3.51.0-2014.06.20 HTTP/1.1" 304 0 "http://gerhatas.com/tas-pancing/attachment/tas-pancing-tangerang" "Serf/1.1.0 mod_pagespeed/1.9.32.3-4448"
128.199.122.79 - - [14/Mar/2015:01:50:18 +0000] "GET /wp-content/plugins/contact-form-7/includes/js/scripts.js?ver=4.0.3 HTTP/1.1" 304 0 "http://gerhatas.com/tas-pancing/attachment/tas-pancing-tangerang" "Serf/1.1.0 mod_pagespeed/1.9.32.3-4448"
66.249.71.76 - - [14/Mar/2015:01:50:18 +0000] "GET /tas-pancing/attachment/tas-pancing-tangerang HTTP/1.1" 200 6026 "-" "Mozilla/5.0 (compatible; Googlebot/2.1; +http://www.google.com/bot.html)"
128.199.122.79 - - [14/Mar/2015:01:50:19 +0000] "GET /wp-content/plugins/peters-custom-anti-spam-image/custom_anti_spam.php?antiselect=303 HTTP/1.1" 200 1901 "http://gerhatas.com/tas-pancing/attachment/tas-pancing-tangerang" "Serf/1.1.0 mod_pagespeed/1.9.32.3-4448"
128.199.122.79 - - [14/Mar/2015:01:56:00 +0000] "GET /wp-content/themes/blogolife/style.css HTTP/1.1" 304 0 "http://gerhatas.com/sample-page" "Serf/1.1.0 mod_pagespeed/1.9.32.3-4448"
66.249.71.42 - - [14/Mar/2015:01:56:00 +0000] "GET /sample-page HTTP/1.1" 200 3634 "-" "Mozilla/5.0 (compatible; Googlebot/2.1; +http://www.google.com/bot.html)"
128.199.122.79 - - [14/Mar/2015:01:56:00 +0000] "GET /wp-content/plugins/contact-form-7/includes/css/styles.css?ver=4.0.3 HTTP/1.1" 304 0 "http://gerhatas.com/sample-page" "Serf/1.1.0 mod_pagespeed/1.9.32.3-4448"
128.199.122.79 - - [14/Mar/2015:01:56:00 +0000] "GET /wp-content/plugins/sitemap/css/page-list.css?ver=4.3 HTTP/1.1" 304 0 "http://gerhatas.com/sample-page" "Serf/1.1.0 mod_pagespeed/1.9.32.3-4448"
128.199.122.79 - - [14/Mar/2015:01:56:00 +0000] "GET /wp-content/plugins/twitter-plugin/css/style.css?ver=4.1.1 HTTP/1.1" 304 0 "http://gerhatas.com/sample-page" "Serf/1.1.0 mod_pagespeed/1.9.32.3-4448"
128.199.122.79 - - [14/Mar/2015:01:56:00 +0000] "GET /wp-content/themes/blogolife/images/green/style.css?ver=4.1.1 HTTP/1.1" 304 0 "http://gerhatas.com/sample-page" "Serf/1.1.0 mod_pagespeed/1.9.32.3-4448"
128.199.122.79 - - [14/Mar/2015:01:56:00 +0000] "GET /wp-includes/js/jquery/jquery.js?ver=1.11.1 HTTP/1.1" 304 0 "http://gerhatas.com/sample-page" "Serf/1.1.0 mod_pagespeed/1.9.32.3-4448"
128.199.122.79 - - [14/Mar/2015:01:56:00 +0000] "GET /wp-includes/js/jquery/jquery-migrate.min.js?ver=1.2.1 HTTP/1.1" 304 0 "http://gerhatas.com/sample-page" "Serf/1.1.0 mod_pagespeed/1.9.32.3-4448"
128.199.122.79 - - [14/Mar/2015:01:56:00 +0000] "GET /wp-includes/js/comment-reply.min.js?ver=4.1.1 HTTP/1.1" 304 0 "http://gerhatas.com/sample-page" "Serf/1.1.0 mod_pagespeed/1.9.32.3-4448"
128.199.122.79 - - [14/Mar/2015:01:56:00 +0000] "GET /wp-content/plugins/contact-form-7/includes/js/jquery.form.min.js?ver=3.51.0-2014.06.20 HTTP/1.1" 304 0 "http://gerhatas.com/sample-page" "Serf/1.1.0 mod_pagespeed/1.9.32.3-4448"
128.199.122.79 - - [14/Mar/2015:01:56:00 +0000] "GET /wp-content/plugins/contact-form-7/includes/js/scripts.js?ver=4.0.3 HTTP/1.1" 304 0 "http://gerhatas.com/sample-page" "Serf/1.1.0 mod_pagespeed/1.9.32.3-4448"
66.249.71.42 - - [14/Mar/2015:01:56:28 +0000] "GET /wp-content/themes/blogolife/images/green/A.style.css,qver=4.1.1.pagespeed.cf.amoCZhujty.css HTTP/1.1" 200 1125 "-" "Mozilla/5.0 (compatible; Googlebot/2.1; +http://www.google.com/bot.html)"
66.249.71.76 - - [14/Mar/2015:01:56:28 +0000] "GET /wp-content/plugins/sitemap/css/A.page-list.css,qver=4.3.pagespeed.cf._ZlYp4hFA2.css HTTP/1.1" 200 412 "-" "Mozilla/5.0 (compatible; Googlebot/2.1; +http://www.google.com/bot.html)"
66.249.71.42 - - [14/Mar/2015:01:56:29 +0000] "GET /wp-content/plugins/contact-form-7/includes/css/A.styles.css,qver=4.0.3.pagespeed.cf.Io6Fs5icoS.css HTTP/1.1" 200 912 "-" "Mozilla/5.0 (compatible; Googlebot/2.1; +http://www.google.com/bot.html)"
128.199.122.79 - - [14/Mar/2015:02:34:14 +0000] "POST /wp-cron.php?doing_wp_cron=1426300454.5799930095672607421875 HTTP/1.0" 200 20 "-" "WordPress/4.1.1; http://gerhatas.com"
123.125.71.17 - - [14/Mar/2015:02:34:20 +0000] "GET / HTTP/1.1" 301 5 "-" "Mozilla/5.0 (Windows NT 5.1; rv:6.0.2) Gecko/20100101 Firefox/6.0.2"
128.199.122.79 - - [14/Mar/2015:02:34:29 +0000] "GET /wp-content/themes/blogolife/style.css HTTP/1.1" 304 0 "http://gerhatas.com/" "Serf/1.1.0 mod_pagespeed/1.9.32.3-4448"
128.199.122.79 - - [14/Mar/2015:02:34:29 +0000] "GET /wp-content/plugins/contact-form-7/includes/css/styles.css?ver=4.0.3 HTTP/1.1" 304 0 "http://gerhatas.com/" "Serf/1.1.0 mod_pagespeed/1.9.32.3-4448"
128.199.122.79 - - [14/Mar/2015:02:34:29 +0000] "GET /wp-content/plugins/sitemap/css/page-list.css?ver=4.3 HTTP/1.1" 304 0 "http://gerhatas.com/" "Serf/1.1.0 mod_pagespeed/1.9.32.3-4448"
128.199.122.79 - - [14/Mar/2015:02:34:29 +0000] "GET /wp-content/plugins/twitter-plugin/css/style.css?ver=4.1.1 HTTP/1.1" 304 0 "http://gerhatas.com/" "Serf/1.1.0 mod_pagespeed/1.9.32.3-4448"
128.199.122.79 - - [14/Mar/2015:02:34:29 +0000] "GET /wp-content/themes/blogolife/images/green/style.css?ver=4.1.1 HTTP/1.1" 304 0 "http://gerhatas.com/" "Serf/1.1.0 mod_pagespeed/1.9.32.3-4448"
128.199.122.79 - - [14/Mar/2015:02:34:29 +0000] "GET /wp-includes/js/jquery/jquery.js?ver=1.11.1 HTTP/1.1" 304 0 "http://gerhatas.com/" "Serf/1.1.0 mod_pagespeed/1.9.32.3-4448"
128.199.122.79 - - [14/Mar/2015:02:34:29 +0000] "GET /wp-includes/js/jquery/jquery-migrate.min.js?ver=1.2.1 HTTP/1.1" 304 0 "http://gerhatas.com/" "Serf/1.1.0 mod_pagespeed/1.9.32.3-4448"
128.199.122.79 - - [14/Mar/2015:02:34:29 +0000] "GET /wp-content/plugins/contact-form-7/includes/js/jquery.form.min.js?ver=3.51.0-2014.06.20 HTTP/1.1" 304 0 "http://gerhatas.com/" "Serf/1.1.0 mod_pagespeed/1.9.32.3-4448"
128.199.122.79 - - [14/Mar/2015:02:34:29 +0000] "GET /wp-content/plugins/contact-form-7/includes/js/scripts.js?ver=4.0.3 HTTP/1.1" 304 0 "http://gerhatas.com/" "Serf/1.1.0 mod_pagespeed/1.9.32.3-4448"
123.125.71.36 - - [14/Mar/2015:02:34:34 +0000] "GET / HTTP/1.1" 200 15297 "-" "Mozilla/5.0 (Windows NT 5.1; rv:6.0.2) Gecko/20100101 Firefox/6.0.2"
123.125.71.38 - - [14/Mar/2015:02:34:52 +0000] "GET / HTTP/1.1" 200 56924 "-" "Mozilla/5.0 (Windows NT 5.1; rv:6.0.2) Gecko/20100101 Firefox/6.0.2"
220.181.108.156 - - [14/Mar/2015:02:34:57 +0000] "GET / HTTP/1.1" 301 5 "-" "Mozilla/5.0 (Windows NT 5.1; rv:6.0.2) Gecko/20100101 Firefox/6.0.2"
220.181.108.161 - - [14/Mar/2015:02:35:26 +0000] "GET / HTTP/1.1" 200 15285 "-" "Mozilla/5.0 (Windows NT 5.1; rv:6.0.2) Gecko/20100101 Firefox/6.0.2"
220.181.108.183 - - [14/Mar/2015:02:36:17 +0000] "GET / HTTP/1.1" 200 56924 "-" "Mozilla/5.0 (Windows NT 5.1; rv:6.0.2) Gecko/20100101 Firefox/6.0.2"
157.55.39.116 - - [14/Mar/2015:02:41:11 +0000] "GET /tas-pancing/attachment/tas-pancing-alivio HTTP/1.1" 301 5 "-" "Mozilla/5.0 (compatible; bingbot/2.0; +http://www.bing.com/bingbot.htm)"
128.199.122.79 - - [14/Mar/2015:02:43:27 +0000] "GET /wp-content/themes/blogolife/style.css HTTP/1.1" 304 0 "http://gerhatas.com/tas-sekolah" "Serf/1.1.0 mod_pagespeed/1.9.32.3-4448"
128.199.122.79 - - [14/Mar/2015:02:43:27 +0000] "GET /wp-content/plugins/contact-form-7/includes/css/styles.css?ver=4.0.3 HTTP/1.1" 304 0 "http://gerhatas.com/tas-sekolah" "Serf/1.1.0 mod_pagespeed/1.9.32.3-4448"
128.199.122.79 - - [14/Mar/2015:02:43:27 +0000] "GET /wp-content/plugins/sitemap/css/page-list.css?ver=4.3 HTTP/1.1" 304 0 "http://gerhatas.com/tas-sekolah" "Serf/1.1.0 mod_pagespeed/1.9.32.3-4448"
128.199.122.79 - - [14/Mar/2015:02:43:27 +0000] "GET /wp-content/plugins/twitter-plugin/css/style.css?ver=4.1.1 HTTP/1.1" 304 0 "http://gerhatas.com/tas-sekolah" "Serf/1.1.0 mod_pagespeed/1.9.32.3-4448"
128.199.122.79 - - [14/Mar/2015:02:43:27 +0000] "GET /wp-content/themes/blogolife/images/green/style.css?ver=4.1.1 HTTP/1.1" 304 0 "http://gerhatas.com/tas-sekolah" "Serf/1.1.0 mod_pagespeed/1.9.32.3-4448"
128.199.122.79 - - [14/Mar/2015:02:43:27 +0000] "GET /wp-includes/js/jquery/jquery.js?ver=1.11.1 HTTP/1.1" 304 0 "http://gerhatas.com/tas-sekolah" "Serf/1.1.0 mod_pagespeed/1.9.32.3-4448"
128.199.122.79 - - [14/Mar/2015:02:43:27 +0000] "GET /wp-includes/js/jquery/jquery-migrate.min.js?ver=1.2.1 HTTP/1.1" 304 0 "http://gerhatas.com/tas-sekolah" "Serf/1.1.0 mod_pagespeed/1.9.32.3-4448"
128.199.122.79 - - [14/Mar/2015:02:43:27 +0000] "GET /wp-includes/js/comment-reply.min.js?ver=4.1.1 HTTP/1.1" 304 0 "http://gerhatas.com/tas-sekolah" "Serf/1.1.0 mod_pagespeed/1.9.32.3-4448"
128.199.122.79 - - [14/Mar/2015:02:43:27 +0000] "GET /wp-content/plugins/contact-form-7/includes/js/jquery.form.min.js?ver=3.51.0-2014.06.20 HTTP/1.1" 304 0 "http://gerhatas.com/tas-sekolah" "Serf/1.1.0 mod_pagespeed/1.9.32.3-4448"
128.199.122.79 - - [14/Mar/2015:02:43:27 +0000] "GET /wp-content/plugins/contact-form-7/includes/js/scripts.js?ver=4.0.3 HTTP/1.1" 304 0 "http://gerhatas.com/tas-sekolah" "Serf/1.1.0 mod_pagespeed/1.9.32.3-4448"
66.249.71.42 - - [14/Mar/2015:02:43:27 +0000] "GET /tas-sekolah HTTP/1.1" 200 4638 "-" "Mozilla/5.0 (compatible; Googlebot/2.1; +http://www.google.com/bot.html)"
128.199.122.79 - - [14/Mar/2015:03:14:44 +0000] "POST /wp-cron.php?doing_wp_cron=1426302884.2948410511016845703125 HTTP/1.0" 200 20 "-" "WordPress/4.1.1; http://gerhatas.com"
128.199.122.79 - - [14/Mar/2015:03:14:44 +0000] "GET /wp-content/themes/blogolife/style.css HTTP/1.1" 304 0 "http://gerhatas.com/konveksi-tas/konveksi-tas-pancing" "Serf/1.1.0 mod_pagespeed/1.9.32.3-4448"
128.199.122.79 - - [14/Mar/2015:03:14:44 +0000] "GET /wp-content/plugins/contact-form-7/includes/css/styles.css?ver=4.0.3 HTTP/1.1" 304 0 "http://gerhatas.com/konveksi-tas/konveksi-tas-pancing" "Serf/1.1.0 mod_pagespeed/1.9.32.3-4448"
66.249.71.59 - - [14/Mar/2015:03:14:44 +0000] "GET /konveksi-tas/konveksi-tas-pancing HTTP/1.1" 200 10407 "-" "Mozilla/5.0 (iPhone; CPU iPhone OS 6_0 like Mac OS X) AppleWebKit/536.26 (KHTML, like Gecko) Version/6.0 Mobile/10A5376e Safari/8536.25 (compatible; Googlebot/2.1; +http://www.google.com/bot.html)"
128.199.122.79 - - [14/Mar/2015:03:14:44 +0000] "GET /wp-content/plugins/sitemap/css/page-list.css?ver=4.3 HTTP/1.1" 304 0 "http://gerhatas.com/konveksi-tas/konveksi-tas-pancing" "Serf/1.1.0 mod_pagespeed/1.9.32.3-4448"
128.199.122.79 - - [14/Mar/2015:03:14:44 +0000] "GET /wp-content/plugins/twitter-plugin/css/style.css?ver=4.1.1 HTTP/1.1" 304 0 "http://gerhatas.com/konveksi-tas/konveksi-tas-pancing" "Serf/1.1.0 mod_pagespeed/1.9.32.3-4448"
128.199.122.79 - - [14/Mar/2015:03:14:44 +0000] "GET /wp-content/themes/blogolife/images/green/style.css?ver=4.1.1 HTTP/1.1" 304 0 "http://gerhatas.com/konveksi-tas/konveksi-tas-pancing" "Serf/1.1.0 mod_pagespeed/1.9.32.3-4448"
128.199.122.79 - - [14/Mar/2015:03:14:44 +0000] "GET /wp-includes/js/jquery/jquery.js?ver=1.11.1 HTTP/1.1" 304 0 "http://gerhatas.com/konveksi-tas/konveksi-tas-pancing" "Serf/1.1.0 mod_pagespeed/1.9.32.3-4448"
128.199.122.79 - - [14/Mar/2015:03:14:44 +0000] "GET /wp-includes/js/jquery/jquery-migrate.min.js?ver=1.2.1 HTTP/1.1" 304 0 "http://gerhatas.com/konveksi-tas/konveksi-tas-pancing" "Serf/1.1.0 mod_pagespeed/1.9.32.3-4448"
128.199.122.79 - - [14/Mar/2015:03:14:44 +0000] "GET /wp-includes/js/comment-reply.min.js?ver=4.1.1 HTTP/1.1" 304 0 "http://gerhatas.com/konveksi-tas/konveksi-tas-pancing" "Serf/1.1.0 mod_pagespeed/1.9.32.3-4448"
128.199.122.79 - - [14/Mar/2015:03:14:44 +0000] "GET /wp-content/plugins/contact-form-7/includes/js/jquery.form.min.js?ver=3.51.0-2014.06.20 HTTP/1.1" 304 0 "http://gerhatas.com/konveksi-tas/konveksi-tas-pancing" "Serf/1.1.0 mod_pagespeed/1.9.32.3-4448"
128.199.122.79 - - [14/Mar/2015:03:14:44 +0000] "GET /wp-content/plugins/contact-form-7/includes/js/scripts.js?ver=4.0.3 HTTP/1.1" 304 0 "http://gerhatas.com/konveksi-tas/konveksi-tas-pancing" "Serf/1.1.0 mod_pagespeed/1.9.32.3-4448"
128.199.122.79 - - [14/Mar/2015:03:14:45 +0000] "GET /wp-content/plugins/peters-custom-anti-spam-image/custom_anti_spam.php?antiselect=304 HTTP/1.1" 200 2252 "http://gerhatas.com/konveksi-tas/konveksi-tas-pancing" "Serf/1.1.0 mod_pagespeed/1.9.32.3-4448"
128.199.122.79 - - [14/Mar/2015:03:42:38 +0000] "POST /wp-cron.php?doing_wp_cron=1426304558.5540990829467773437500 HTTP/1.0" 200 20 "-" "WordPress/4.1.1; http://gerhatas.com"
128.199.122.79 - - [14/Mar/2015:03:42:38 +0000] "GET /wp-content/themes/blogolife/style.css HTTP/1.1" 304 0 "http://gerhatas.com/tas-pancing/attachment/tas-pancing-daiwa" "Serf/1.1.0 mod_pagespeed/1.9.32.3-4448"
66.249.71.59 - - [14/Mar/2015:03:42:38 +0000] "GET /tas-pancing/attachment/tas-pancing-daiwa HTTP/1.1" 200 5234 "-" "Mozilla/5.0 (compatible; Googlebot/2.1; +http://www.google.com/bot.html)"
128.199.122.79 - - [14/Mar/2015:03:42:38 +0000] "GET /wp-content/plugins/contact-form-7/includes/css/styles.css?ver=4.0.3 HTTP/1.1" 304 0 "http://gerhatas.com/tas-pancing/attachment/tas-pancing-daiwa" "Serf/1.1.0 mod_pagespeed/1.9.32.3-4448"
128.199.122.79 - - [14/Mar/2015:03:42:38 +0000] "GET /wp-content/plugins/sitemap/css/page-list.css?ver=4.3 HTTP/1.1" 304 0 "http://gerhatas.com/tas-pancing/attachment/tas-pancing-daiwa" "Serf/1.1.0 mod_pagespeed/1.9.32.3-4448"
128.199.122.79 - - [14/Mar/2015:03:42:38 +0000] "GET /wp-content/plugins/twitter-plugin/css/style.css?ver=4.1.1 HTTP/1.1" 304 0 "http://gerhatas.com/tas-pancing/attachment/tas-pancing-daiwa" "Serf/1.1.0 mod_pagespeed/1.9.32.3-4448"
128.199.122.79 - - [14/Mar/2015:03:42:38 +0000] "GET /wp-content/themes/blogolife/images/green/style.css?ver=4.1.1 HTTP/1.1" 304 0 "http://gerhatas.com/tas-pancing/attachment/tas-pancing-daiwa" "Serf/1.1.0 mod_pagespeed/1.9.32.3-4448"
128.199.122.79 - - [14/Mar/2015:03:42:38 +0000] "GET /wp-includes/js/jquery/jquery.js?ver=1.11.1 HTTP/1.1" 304 0 "http://gerhatas.com/tas-pancing/attachment/tas-pancing-daiwa" "Serf/1.1.0 mod_pagespeed/1.9.32.3-4448"
128.199.122.79 - - [14/Mar/2015:03:42:38 +0000] "GET /wp-includes/js/jquery/jquery-migrate.min.js?ver=1.2.1 HTTP/1.1" 304 0 "http://gerhatas.com/tas-pancing/attachment/tas-pancing-daiwa" "Serf/1.1.0 mod_pagespeed/1.9.32.3-4448"
128.199.122.79 - - [14/Mar/2015:03:42:38 +0000] "GET /wp-includes/js/comment-reply.min.js?ver=4.1.1 HTTP/1.1" 304 0 "http://gerhatas.com/tas-pancing/attachment/tas-pancing-daiwa" "Serf/1.1.0 mod_pagespeed/1.9.32.3-4448"
128.199.122.79 - - [14/Mar/2015:03:42:38 +0000] "GET /wp-content/plugins/contact-form-7/includes/js/jquery.form.min.js?ver=3.51.0-2014.06.20 HTTP/1.1" 304 0 "http://gerhatas.com/tas-pancing/attachment/tas-pancing-daiwa" "Serf/1.1.0 mod_pagespeed/1.9.32.3-4448"
128.199.122.79 - - [14/Mar/2015:03:42:38 +0000] "GET /wp-content/plugins/contact-form-7/includes/js/scripts.js?ver=4.0.3 HTTP/1.1" 304 0 "http://gerhatas.com/tas-pancing/attachment/tas-pancing-daiwa" "Serf/1.1.0 mod_pagespeed/1.9.32.3-4448"
128.199.122.79 - - [14/Mar/2015:03:42:38 +0000] "GET /wp-content/plugins/peters-custom-anti-spam-image/custom_anti_spam.php?antiselect=305 HTTP/1.1" 200 2246 "http://gerhatas.com/tas-pancing/attachment/tas-pancing-daiwa" "Serf/1.1.0 mod_pagespeed/1.9.32.3-4448"
120.172.240.18 - - [14/Mar/2015:04:19:06 +0000] "GET /favicon.ico HTTP/1.1" 404 1806 "-" "Mozilla/5.0 (Windows NT 6.1) AppleWebKit/537.36 (KHTML, like Gecko) Chrome/41.0.2272.89 Safari/537.36"
128.199.122.79 - - [14/Mar/2015:04:31:13 +0000] "POST /wp-cron.php?doing_wp_cron=1426307472.8718509674072265625000 HTTP/1.0" 499 0 "-" "WordPress/4.1.1; http://gerhatas.com"
66.249.71.76 - - [14/Mar/2015:04:31:15 +0000] "GET / HTTP/1.1" 200 10241 "-" "Mozilla/5.0 (compatible; Googlebot/2.1; +http://www.google.com/bot.html)"
128.199.122.79 - - [14/Mar/2015:04:31:15 +0000] "GET /wp-content/themes/blogolife/style.css HTTP/1.1" 304 0 "http://gerhatas.com/" "Serf/1.1.0 mod_pagespeed/1.9.32.3-4448"
128.199.122.79 - - [14/Mar/2015:04:31:15 +0000] "GET /wp-content/plugins/contact-form-7/includes/css/styles.css?ver=4.0.3 HTTP/1.1" 304 0 "http://gerhatas.com/" "Serf/1.1.0 mod_pagespeed/1.9.32.3-4448"
128.199.122.79 - - [14/Mar/2015:04:31:15 +0000] "GET /wp-content/plugins/sitemap/css/page-list.css?ver=4.3 HTTP/1.1" 304 0 "http://gerhatas.com/" "Serf/1.1.0 mod_pagespeed/1.9.32.3-4448"
128.199.122.79 - - [14/Mar/2015:04:31:15 +0000] "GET /wp-content/plugins/twitter-plugin/css/style.css?ver=4.1.1 HTTP/1.1" 304 0 "http://gerhatas.com/" "Serf/1.1.0 mod_pagespeed/1.9.32.3-4448"
128.199.122.79 - - [14/Mar/2015:04:31:15 +0000] "GET /wp-content/themes/blogolife/images/green/style.css?ver=4.1.1 HTTP/1.1" 304 0 "http://gerhatas.com/" "Serf/1.1.0 mod_pagespeed/1.9.32.3-4448"
128.199.122.79 - - [14/Mar/2015:04:31:15 +0000] "GET /wp-includes/js/jquery/jquery.js?ver=1.11.1 HTTP/1.1" 304 0 "http://gerhatas.com/" "Serf/1.1.0 mod_pagespeed/1.9.32.3-4448"
128.199.122.79 - - [14/Mar/2015:04:31:15 +0000] "GET /wp-includes/js/jquery/jquery-migrate.min.js?ver=1.2.1 HTTP/1.1" 304 0 "http://gerhatas.com/" "Serf/1.1.0 mod_pagespeed/1.9.32.3-4448"
128.199.122.79 - - [14/Mar/2015:04:31:15 +0000] "GET /wp-content/plugins/contact-form-7/includes/js/jquery.form.min.js?ver=3.51.0-2014.06.20 HTTP/1.1" 304 0 "http://gerhatas.com/" "Serf/1.1.0 mod_pagespeed/1.9.32.3-4448"
128.199.122.79 - - [14/Mar/2015:04:31:15 +0000] "GET /wp-content/plugins/contact-form-7/includes/js/scripts.js?ver=4.0.3 HTTP/1.1" 304 0 "http://gerhatas.com/" "Serf/1.1.0 mod_pagespeed/1.9.32.3-4448"
157.55.39.122 - - [14/Mar/2015:04:37:15 +0000] "GET / HTTP/1.1" 301 5 "-" "Mozilla/5.0 (compatible; bingbot/2.0; +http://www.bing.com/bingbot.htm)"
128.199.122.79 - - [14/Mar/2015:04:38:32 +0000] "GET /wp-content/themes/blogolife/style.css HTTP/1.1" 304 0 "http://gerhatas.com/konveksi-tas/konveksi-tas-pancing" "Serf/1.1.0 mod_pagespeed/1.9.32.3-4448"
128.199.122.79 - - [14/Mar/2015:04:38:32 +0000] "GET /wp-content/plugins/contact-form-7/includes/css/styles.css?ver=4.0.3 HTTP/1.1" 304 0 "http://gerhatas.com/konveksi-tas/konveksi-tas-pancing" "Serf/1.1.0 mod_pagespeed/1.9.32.3-4448"
128.199.122.79 - - [14/Mar/2015:04:38:32 +0000] "GET /wp-content/plugins/sitemap/css/page-list.css?ver=4.3 HTTP/1.1" 304 0 "http://gerhatas.com/konveksi-tas/konveksi-tas-pancing" "Serf/1.1.0 mod_pagespeed/1.9.32.3-4448"
128.199.122.79 - - [14/Mar/2015:04:38:32 +0000] "GET /wp-content/plugins/twitter-plugin/css/style.css?ver=4.1.1 HTTP/1.1" 304 0 "http://gerhatas.com/konveksi-tas/konveksi-tas-pancing" "Serf/1.1.0 mod_pagespeed/1.9.32.3-4448"
128.199.122.79 - - [14/Mar/2015:04:38:32 +0000] "GET /wp-content/themes/blogolife/images/green/style.css?ver=4.1.1 HTTP/1.1" 304 0 "http://gerhatas.com/konveksi-tas/konveksi-tas-pancing" "Serf/1.1.0 mod_pagespeed/1.9.32.3-4448"
128.199.122.79 - - [14/Mar/2015:04:38:32 +0000] "GET /wp-includes/js/jquery/jquery.js?ver=1.11.1 HTTP/1.1" 304 0 "http://gerhatas.com/konveksi-tas/konveksi-tas-pancing" "Serf/1.1.0 mod_pagespeed/1.9.32.3-4448"
128.199.122.79 - - [14/Mar/2015:04:38:32 +0000] "GET /wp-includes/js/jquery/jquery-migrate.min.js?ver=1.2.1 HTTP/1.1" 304 0 "http://gerhatas.com/konveksi-tas/konveksi-tas-pancing" "Serf/1.1.0 mod_pagespeed/1.9.32.3-4448"
82.145.211.14 - - [14/Mar/2015:04:38:32 +0000] "GET /konveksi-tas/konveksi-tas-pancing HTTP/1.1" 200 10502 "-" "Opera/9.80 (Android; Opera Mini/7.6.40125/35.7997; U; id) Presto/2.8.119 Version/11.10"
128.199.122.79 - - [14/Mar/2015:04:38:32 +0000] "GET /wp-includes/js/comment-reply.min.js?ver=4.1.1 HTTP/1.1" 304 0 "http://gerhatas.com/konveksi-tas/konveksi-tas-pancing" "Serf/1.1.0 mod_pagespeed/1.9.32.3-4448"
128.199.122.79 - - [14/Mar/2015:04:38:32 +0000] "GET /wp-content/plugins/contact-form-7/includes/js/jquery.form.min.js?ver=3.51.0-2014.06.20 HTTP/1.1" 304 0 "http://gerhatas.com/konveksi-tas/konveksi-tas-pancing" "Serf/1.1.0 mod_pagespeed/1.9.32.3-4448"
128.199.122.79 - - [14/Mar/2015:04:38:32 +0000] "GET /wp-content/plugins/contact-form-7/includes/js/scripts.js?ver=4.0.3 HTTP/1.1" 304 0 "http://gerhatas.com/konveksi-tas/konveksi-tas-pancing" "Serf/1.1.0 mod_pagespeed/1.9.32.3-4448"
128.199.122.79 - - [14/Mar/2015:04:38:33 +0000] "GET /wp-content/plugins/peters-custom-anti-spam-image/custom_anti_spam.php?antiselect=306 HTTP/1.1" 200 2749 "http://gerhatas.com/konveksi-tas/konveksi-tas-pancing" "Serf/1.1.0 mod_pagespeed/1.9.32.3-4448"
82.145.211.14 - - [14/Mar/2015:04:38:33 +0000] "GET /wp-content/themes/blogolife/style.css HTTP/1.1" 200 5450 "http://gerhatas.com/konveksi-tas/konveksi-tas-pancing" "Opera/9.80 (Android; Opera Mini/7.6.40125/35.7997; U; id) Presto/2.8.119 Version/11.10"
82.145.211.14 - - [14/Mar/2015:04:38:33 +0000] "GET /wp-content/plugins/sitemap/css/A.page-list.css,qver=4.3.pagespeed.cf._ZlYp4hFA2.css HTTP/1.1" 200 412 "http://gerhatas.com/konveksi-tas/konveksi-tas-pancing" "Opera/9.80 (Android; Opera Mini/7.6.40125/35.7997; U; id) Presto/2.8.119 Version/11.10"
82.145.211.14 - - [14/Mar/2015:04:38:33 +0000] "GET /wp-content/themes/blogolife/images/green/A.style.css,qver=4.1.1.pagespeed.cf.amoCZhujty.css HTTP/1.1" 200 1125 "http://gerhatas.com/konveksi-tas/konveksi-tas-pancing" "Opera/9.80 (Android; Opera Mini/7.6.40125/35.7997; U; id) Presto/2.8.119 Version/11.10"
82.145.211.14 - - [14/Mar/2015:04:38:33 +0000] "GET /wp-content/plugins/contact-form-7/includes/css/A.styles.css,qver=4.0.3.pagespeed.cf.Io6Fs5icoS.css HTTP/1.1" 200 912 "http://gerhatas.com/konveksi-tas/konveksi-tas-pancing" "Opera/9.80 (Android; Opera Mini/7.6.40125/35.7997; U; id) Presto/2.8.119 Version/11.10"
82.145.211.14 - - [14/Mar/2015:04:38:33 +0000] "GET /wp-content/plugins/twitter-plugin/css/A.style.css,qver=4.1.1.pagespeed.cf.Oxc1MH4Pd2.css HTTP/1.1" 200 43 "http://gerhatas.com/konveksi-tas/konveksi-tas-pancing" "Opera/9.80 (Android; Opera Mini/7.6.40125/35.7997; U; id) Presto/2.8.119 Version/11.10"
82.145.211.14 - - [14/Mar/2015:04:38:33 +0000] "GET /wp-includes/js/jquery/jquery.js?ver=1.11.1 HTTP/1.1" 200 33221 "http://gerhatas.com/konveksi-tas/konveksi-tas-pancing" "Opera/9.80 (Android; Opera Mini/7.6.40125/35.7997; U; id) Presto/2.8.119 Version/11.10"
82.145.211.14 - - [14/Mar/2015:04:38:34 +0000] "GET /wp-includes/js/jquery/jquery-migrate.min.js?ver=1.2.1 HTTP/1.1" 200 7200 "http://gerhatas.com/konveksi-tas/konveksi-tas-pancing" "Opera/9.80 (Android; Opera Mini/7.6.40125/35.7997; U; id) Presto/2.8.119 Version/11.10"
82.145.211.14 - - [14/Mar/2015:04:38:34 +0000] "GET /konveksi-tas/_.pagespeed.jo.aafbCOKzwK.js HTTP/1.1" 200 3198 "http://gerhatas.com/konveksi-tas/konveksi-tas-pancing" "Opera/9.80 (Android; Opera Mini/7.6.40125/35.7997; U; id) Presto/2.8.119 Version/11.10"
82.145.211.14 - - [14/Mar/2015:04:38:36 +0000] "GET /wp-includes/js/comment-reply.min.js?ver=4.1.1 HTTP/1.1" 200 757 "http://gerhatas.com/konveksi-tas/konveksi-tas-pancing" "Opera/9.80 (Android; Opera Mini/7.6.40125/35.7997; U; id) Presto/2.8.119 Version/11.10"
82.145.211.14 - - [14/Mar/2015:04:38:36 +0000] "GET /wp-content/plugins/peters-custom-anti-spam-image/custom_anti_spam.php?antiselect=306 HTTP/1.1" 200 2595 "http://gerhatas.com/konveksi-tas/konveksi-tas-pancing" "Opera/9.80 (Android; Opera Mini/7.6.40125/35.7997; U; id) Presto/2.8.119 Version/11.10"
82.145.211.14 - - [14/Mar/2015:04:38:36 +0000] "GET /wp-content/plugins/contact-form-7/includes/js/jquery.form.min.js?ver=3.51.0-2014.06.20 HTTP/1.1" 200 5872 "http://gerhatas.com/konveksi-tas/konveksi-tas-pancing" "Opera/9.80 (Android; Opera Mini/7.6.40125/35.7997; U; id) Presto/2.8.119 Version/11.10"
82.145.211.14 - - [14/Mar/2015:04:38:36 +0000] "GET /wp-content/plugins/contact-form-7/includes/js/scripts.js?ver=4.0.3 HTTP/1.1" 200 9658 "http://gerhatas.com/konveksi-tas/konveksi-tas-pancing" "Opera/9.80 (Android; Opera Mini/7.6.40125/35.7997; U; id) Presto/2.8.119 Version/11.10"
82.145.211.14 - - [14/Mar/2015:04:38:38 +0000] "POST /ngx_pagespeed_beacon?url=http%3A%2F%2Fgerhatas.com%2Fkonveksi-tas%2Fkonveksi-tas-pancing HTTP/1.1" 204 0 "http://gerhatas.com/konveksi-tas/konveksi-tas-pancing" "Opera/9.80 (Android; Opera Mini/7.6.40125/35.7997; U; id) Presto/2.8.119 Version/11.10"
119.63.196.122 - - [14/Mar/2015:04:53:27 +0000] "GET /img-sys/server_misconfigured.png HTTP/1.1" 404 1806 "-" "Baiduspider-image+(+http://www.baidu.com/search/spider.htm)\x5CnReferer: http://image.baidu.com/i?ct=503316480&z=0&tn=baiduimagedetail"
128.199.122.79 - - [14/Mar/2015:04:56:02 +0000] "GET /wp-content/themes/blogolife/style.css HTTP/1.1" 304 0 "http://gerhatas.com/konveksi-tas/konveksi-tas-sekolah" "Serf/1.1.0 mod_pagespeed/1.9.32.3-4448"
128.199.122.79 - - [14/Mar/2015:04:56:02 +0000] "GET /wp-content/plugins/contact-form-7/includes/css/styles.css?ver=4.0.3 HTTP/1.1" 304 0 "http://gerhatas.com/konveksi-tas/konveksi-tas-sekolah" "Serf/1.1.0 mod_pagespeed/1.9.32.3-4448"
128.199.122.79 - - [14/Mar/2015:04:56:02 +0000] "GET /wp-content/plugins/sitemap/css/page-list.css?ver=4.3 HTTP/1.1" 304 0 "http://gerhatas.com/konveksi-tas/konveksi-tas-sekolah" "Serf/1.1.0 mod_pagespeed/1.9.32.3-4448"
128.199.122.79 - - [14/Mar/2015:04:56:02 +0000] "GET /wp-content/plugins/twitter-plugin/css/style.css?ver=4.1.1 HTTP/1.1" 304 0 "http://gerhatas.com/konveksi-tas/konveksi-tas-sekolah" "Serf/1.1.0 mod_pagespeed/1.9.32.3-4448"
66.249.71.42 - - [14/Mar/2015:04:56:02 +0000] "GET /konveksi-tas/konveksi-tas-sekolah HTTP/1.1" 200 7029 "-" "Mozilla/5.0 (compatible; Googlebot/2.1; +http://www.google.com/bot.html)"
128.199.122.79 - - [14/Mar/2015:04:56:02 +0000] "GET /wp-content/themes/blogolife/images/green/style.css?ver=4.1.1 HTTP/1.1" 304 0 "http://gerhatas.com/konveksi-tas/konveksi-tas-sekolah" "Serf/1.1.0 mod_pagespeed/1.9.32.3-4448"
128.199.122.79 - - [14/Mar/2015:04:56:02 +0000] "GET /wp-includes/js/jquery/jquery.js?ver=1.11.1 HTTP/1.1" 304 0 "http://gerhatas.com/konveksi-tas/konveksi-tas-sekolah" "Serf/1.1.0 mod_pagespeed/1.9.32.3-4448"
128.199.122.79 - - [14/Mar/2015:04:56:02 +0000] "GET /wp-includes/js/jquery/jquery-migrate.min.js?ver=1.2.1 HTTP/1.1" 304 0 "http://gerhatas.com/konveksi-tas/konveksi-tas-sekolah" "Serf/1.1.0 mod_pagespeed/1.9.32.3-4448"
128.199.122.79 - - [14/Mar/2015:04:56:02 +0000] "GET /wp-includes/js/comment-reply.min.js?ver=4.1.1 HTTP/1.1" 304 0 "http://gerhatas.com/konveksi-tas/konveksi-tas-sekolah" "Serf/1.1.0 mod_pagespeed/1.9.32.3-4448"
128.199.122.79 - - [14/Mar/2015:04:56:02 +0000] "GET /wp-content/plugins/contact-form-7/includes/js/jquery.form.min.js?ver=3.51.0-2014.06.20 HTTP/1.1" 304 0 "http://gerhatas.com/konveksi-tas/konveksi-tas-sekolah" "Serf/1.1.0 mod_pagespeed/1.9.32.3-4448"
128.199.122.79 - - [14/Mar/2015:04:56:02 +0000] "GET /wp-content/plugins/contact-form-7/includes/js/scripts.js?ver=4.0.3 HTTP/1.1" 304 0 "http://gerhatas.com/konveksi-tas/konveksi-tas-sekolah" "Serf/1.1.0 mod_pagespeed/1.9.32.3-4448"
128.199.122.79 - - [14/Mar/2015:04:56:03 +0000] "GET /wp-content/plugins/peters-custom-anti-spam-image/custom_anti_spam.php?antiselect=307 HTTP/1.1" 200 1873 "http://gerhatas.com/konveksi-tas/konveksi-tas-sekolah" "Serf/1.1.0 mod_pagespeed/1.9.32.3-4448"
69.171.227.115 - - [14/Mar/2015:04:58:20 +0000] "GET / HTTP/1.1" 301 5 "-" "facebookexternalhit/1.1 (+http://www.facebook.com/externalhit_uatext.php)"
69.171.227.115 - - [14/Mar/2015:04:58:21 +0000] "GET / HTTP/1.1" 200 11141 "-" "facebookexternalhit/1.1 (+http://www.facebook.com/externalhit_uatext.php)"
180.76.4.247 - - [14/Mar/2015:04:58:52 +0000] "GET / HTTP/1.1" 200 47106 "-" "Mozilla/4.0 (compatible; MSIE 7.0; Windows NT 6.0)"
128.199.122.79 - - [14/Mar/2015:05:00:29 +0000] "GET /wp-content/plugins/contact-form-7/includes/css/styles.css?ver=4.0.3 HTTP/1.1" 304 0 "http://gerhatas.com/tag/jasa-konveksi-tas-sekolah" "Serf/1.1.0 mod_pagespeed/1.9.32.3-4448"
128.199.122.79 - - [14/Mar/2015:05:00:29 +0000] "GET /wp-content/plugins/sitemap/css/page-list.css?ver=4.3 HTTP/1.1" 304 0 "http://gerhatas.com/tag/jasa-konveksi-tas-sekolah" "Serf/1.1.0 mod_pagespeed/1.9.32.3-4448"
