128.199.122.79 - - [14/Mar/2015:07:47:53 +0000] "GET /wp-content/themes/blogolife/style.css HTTP/1.1" 304 0 "http://gerhatas.com/" "Serf/1.1.0 mod_pagespeed/1.9.32.3-4448"
128.199.122.79 - - [14/Mar/2015:07:47:53 +0000] "GET /wp-content/plugins/contact-form-7/includes/css/styles.css?ver=4.0.3 HTTP/1.1" 304 0 "http://gerhatas.com/" "Serf/1.1.0 mod_pagespeed/1.9.32.3-4448"
128.199.122.79 - - [14/Mar/2015:07:47:53 +0000] "GET /wp-content/plugins/sitemap/css/page-list.css?ver=4.3 HTTP/1.1" 304 0 "http://gerhatas.com/" "Serf/1.1.0 mod_pagespeed/1.9.32.3-4448"
128.199.122.79 - - [14/Mar/2015:07:47:53 +0000] "GET /wp-content/plugins/twitter-plugin/css/style.css?ver=4.1.1 HTTP/1.1" 304 0 "http://gerhatas.com/" "Serf/1.1.0 mod_pagespeed/1.9.32.3-4448"
128.199.122.79 - - [14/Mar/2015:07:47:53 +0000] "GET /wp-content/themes/blogolife/images/green/style.css?ver=4.1.1 HTTP/1.1" 304 0 "http://gerhatas.com/" "Serf/1.1.0 mod_pagespeed/1.9.32.3-4448"
66.249.71.42 - - [14/Mar/2015:07:47:54 +0000] "GET / HTTP/1.1" 200 10241 "-" "Mozilla/5.0 (compatible; Googlebot/2.1; +http://www.google.com/bot.html)"
128.199.122.79 - - [14/Mar/2015:07:47:54 +0000] "GET /wp-includes/js/jquery/jquery.js?ver=1.11.1 HTTP/1.1" 304 0 "http://gerhatas.com/" "Serf/1.1.0 mod_pagespeed/1.9.32.3-4448"
128.199.122.79 - - [14/Mar/2015:07:47:54 +0000] "GET /wp-includes/js/jquery/jquery-migrate.min.js?ver=1.2.1 HTTP/1.1" 304 0 "http://gerhatas.com/" "Serf/1.1.0 mod_pagespeed/1.9.32.3-4448"
128.199.122.79 - - [14/Mar/2015:07:47:54 +0000] "GET /wp-content/plugins/contact-form-7/includes/js/jquery.form.min.js?ver=3.51.0-2014.06.20 HTTP/1.1" 304 0 "http://gerhatas.com/" "Serf/1.1.0 mod_pagespeed/1.9.32.3-4448"
128.199.122.79 - - [14/Mar/2015:07:47:54 +0000] "GET /wp-content/plugins/contact-form-7/includes/js/scripts.js?ver=4.0.3 HTTP/1.1" 304 0 "http://gerhatas.com/" "Serf/1.1.0 mod_pagespeed/1.9.32.3-4448"
128.199.122.79 - - [14/Mar/2015:07:59:57 +0000] "GET /wp-content/themes/blogolife/style.css HTTP/1.1" 304 0 "http://gerhatas.com/tas-pancing/attachment/tas-pancing-daiwa" "Serf/1.1.0 mod_pagespeed/1.9.32.3-4448"
128.199.122.79 - - [14/Mar/2015:07:59:57 +0000] "GET /wp-content/plugins/contact-form-7/includes/css/styles.css?ver=4.0.3 HTTP/1.1" 304 0 "http://gerhatas.com/tas-pancing/attachment/tas-pancing-daiwa" "Serf/1.1.0 mod_pagespeed/1.9.32.3-4448"
128.199.122.79 - - [14/Mar/2015:07:59:57 +0000] "GET /wp-content/plugins/sitemap/css/page-list.css?ver=4.3 HTTP/1.1" 304 0 "http://gerhatas.com/tas-pancing/attachment/tas-pancing-daiwa" "Serf/1.1.0 mod_pagespeed/1.9.32.3-4448"
128.199.122.79 - - [14/Mar/2015:07:59:57 +0000] "GET /wp-content/plugins/twitter-plugin/css/style.css?ver=4.1.1 HTTP/1.1" 304 0 "http://gerhatas.com/tas-pancing/attachment/tas-pancing-daiwa" "Serf/1.1.0 mod_pagespeed/1.9.32.3-4448"
128.199.122.79 - - [14/Mar/2015:07:59:57 +0000] "GET /wp-content/themes/blogolife/images/green/style.css?ver=4.1.1 HTTP/1.1" 304 0 "http://gerhatas.com/tas-pancing/attachment/tas-pancing-daiwa" "Serf/1.1.0 mod_pagespeed/1.9.32.3-4448"
128.199.122.79 - - [14/Mar/2015:07:59:57 +0000] "GET /wp-includes/js/jquery/jquery.js?ver=1.11.1 HTTP/1.1" 304 0 "http://gerhatas.com/tas-pancing/attachment/tas-pancing-daiwa" "Serf/1.1.0 mod_pagespeed/1.9.32.3-4448"
128.199.122.79 - - [14/Mar/2015:07:59:57 +0000] "GET /wp-includes/js/jquery/jquery-migrate.min.js?ver=1.2.1 HTTP/1.1" 304 0 "http://gerhatas.com/tas-pancing/attachment/tas-pancing-daiwa" "Serf/1.1.0 mod_pagespeed/1.9.32.3-4448"
128.199.122.79 - - [14/Mar/2015:07:59:57 +0000] "GET /wp-includes/js/comment-reply.min.js?ver=4.1.1 HTTP/1.1" 304 0 "http://gerhatas.com/tas-pancing/attachment/tas-pancing-daiwa" "Serf/1.1.0 mod_pagespeed/1.9.32.3-4448"
128.199.122.79 - - [14/Mar/2015:07:59:57 +0000] "GET /wp-content/plugins/contact-form-7/includes/js/jquery.form.min.js?ver=3.51.0-2014.06.20 HTTP/1.1" 304 0 "http://gerhatas.com/tas-pancing/attachment/tas-pancing-daiwa" "Serf/1.1.0 mod_pagespeed/1.9.32.3-4448"
128.199.122.79 - - [14/Mar/2015:07:59:57 +0000] "GET /wp-content/plugins/contact-form-7/includes/js/scripts.js?ver=4.0.3 HTTP/1.1" 304 0 "http://gerhatas.com/tas-pancing/attachment/tas-pancing-daiwa" "Serf/1.1.0 mod_pagespeed/1.9.32.3-4448"
66.249.71.76 - - [14/Mar/2015:07:59:57 +0000] "GET /tas-pancing/attachment/tas-pancing-daiwa HTTP/1.1" 200 5391 "-" "Mozilla/5.0 (compatible; Googlebot/2.1; +http://www.google.com/bot.html)"
128.199.122.79 - - [14/Mar/2015:07:59:57 +0000] "GET /wp-content/plugins/peters-custom-anti-spam-image/custom_anti_spam.php?antiselect=324 HTTP/1.1" 200 2437 "http://gerhatas.com/tas-pancing/attachment/tas-pancing-daiwa" "Serf/1.1.0 mod_pagespeed/1.9.32.3-4448"
66.249.67.6 - - [14/Mar/2015:08:11:59 +0000] "GET / HTTP/1.1" 301 5 "-" "Mozilla/5.0 (compatible; Googlebot/2.1; +http://www.google.com/bot.html)"
128.199.122.79 - - [14/Mar/2015:08:24:45 +0000] "POST /wp-cron.php?doing_wp_cron=1426321485.1440749168395996093750 HTTP/1.0" 200 20 "-" "WordPress/4.1.1; http://gerhatas.com"
128.199.122.79 - - [14/Mar/2015:08:24:45 +0000] "GET /wp-content/themes/blogolife/style.css HTTP/1.1" 304 0 "http://gerhatas.com/konveksi-tas/konveksi-tas-tangerang" "Serf/1.1.0 mod_pagespeed/1.9.32.3-4448"
128.199.122.79 - - [14/Mar/2015:08:24:45 +0000] "GET /wp-content/plugins/contact-form-7/includes/css/styles.css?ver=4.0.3 HTTP/1.1" 304 0 "http://gerhatas.com/konveksi-tas/konveksi-tas-tangerang" "Serf/1.1.0 mod_pagespeed/1.9.32.3-4448"
128.199.122.79 - - [14/Mar/2015:08:24:45 +0000] "GET /wp-content/plugins/sitemap/css/page-list.css?ver=4.3 HTTP/1.1" 304 0 "http://gerhatas.com/konveksi-tas/konveksi-tas-tangerang" "Serf/1.1.0 mod_pagespeed/1.9.32.3-4448"
128.199.122.79 - - [14/Mar/2015:08:24:45 +0000] "GET /wp-content/plugins/twitter-plugin/css/style.css?ver=4.1.1 HTTP/1.1" 304 0 "http://gerhatas.com/konveksi-tas/konveksi-tas-tangerang" "Serf/1.1.0 mod_pagespeed/1.9.32.3-4448"
128.199.122.79 - - [14/Mar/2015:08:24:45 +0000] "GET /wp-content/themes/blogolife/images/green/style.css?ver=4.1.1 HTTP/1.1" 304 0 "http://gerhatas.com/konveksi-tas/konveksi-tas-tangerang" "Serf/1.1.0 mod_pagespeed/1.9.32.3-4448"
128.199.122.79 - - [14/Mar/2015:08:24:45 +0000] "GET /wp-includes/js/jquery/jquery.js?ver=1.11.1 HTTP/1.1" 304 0 "http://gerhatas.com/konveksi-tas/konveksi-tas-tangerang" "Serf/1.1.0 mod_pagespeed/1.9.32.3-4448"
128.199.122.79 - - [14/Mar/2015:08:24:45 +0000] "GET /wp-includes/js/jquery/jquery-migrate.min.js?ver=1.2.1 HTTP/1.1" 304 0 "http://gerhatas.com/konveksi-tas/konveksi-tas-tangerang" "Serf/1.1.0 mod_pagespeed/1.9.32.3-4448"
128.199.122.79 - - [14/Mar/2015:08:24:45 +0000] "GET /wp-includes/js/comment-reply.min.js?ver=4.1.1 HTTP/1.1" 304 0 "http://gerhatas.com/konveksi-tas/konveksi-tas-tangerang" "Serf/1.1.0 mod_pagespeed/1.9.32.3-4448"
128.199.122.79 - - [14/Mar/2015:08:24:45 +0000] "GET /wp-content/plugins/contact-form-7/includes/js/jquery.form.min.js?ver=3.51.0-2014.06.20 HTTP/1.1" 304 0 "http://gerhatas.com/konveksi-tas/konveksi-tas-tangerang" "Serf/1.1.0 mod_pagespeed/1.9.32.3-4448"
128.199.122.79 - - [14/Mar/2015:08:24:45 +0000] "GET /wp-content/plugins/contact-form-7/includes/js/scripts.js?ver=4.0.3 HTTP/1.1" 304 0 "http://gerhatas.com/konveksi-tas/konveksi-tas-tangerang" "Serf/1.1.0 mod_pagespeed/1.9.32.3-4448"
66.249.71.42 - - [14/Mar/2015:08:24:45 +0000] "GET /konveksi-tas/konveksi-tas-tangerang HTTP/1.1" 200 7000 "-" "Mozilla/5.0 (compatible; Googlebot/2.1; +http://www.google.com/bot.html)"
128.199.122.79 - - [14/Mar/2015:08:24:45 +0000] "GET /wp-content/plugins/peters-custom-anti-spam-image/custom_anti_spam.php?antiselect=325 HTTP/1.1" 200 2030 "http://gerhatas.com/konveksi-tas/konveksi-tas-tangerang" "Serf/1.1.0 mod_pagespeed/1.9.32.3-4448"
128.199.122.79 - - [14/Mar/2015:08:37:37 +0000] "POST /wp-cron.php?doing_wp_cron=1426322257.4357719421386718750000 HTTP/1.0" 200 20 "-" "WordPress/4.1.1; http://gerhatas.com"
128.199.122.79 - - [14/Mar/2015:08:37:37 +0000] "GET /wp-content/themes/blogolife/style.css HTTP/1.1" 304 0 "http://gerhatas.com/sample-page" "Serf/1.1.0 mod_pagespeed/1.9.32.3-4448"
128.199.122.79 - - [14/Mar/2015:08:37:37 +0000] "GET /wp-content/plugins/contact-form-7/includes/css/styles.css?ver=4.0.3 HTTP/1.1" 304 0 "http://gerhatas.com/sample-page" "Serf/1.1.0 mod_pagespeed/1.9.32.3-4448"
128.199.122.79 - - [14/Mar/2015:08:37:37 +0000] "GET /wp-content/plugins/sitemap/css/page-list.css?ver=4.3 HTTP/1.1" 304 0 "http://gerhatas.com/sample-page" "Serf/1.1.0 mod_pagespeed/1.9.32.3-4448"
128.199.122.79 - - [14/Mar/2015:08:37:37 +0000] "GET /wp-content/plugins/twitter-plugin/css/style.css?ver=4.1.1 HTTP/1.1" 304 0 "http://gerhatas.com/sample-page" "Serf/1.1.0 mod_pagespeed/1.9.32.3-4448"
128.199.122.79 - - [14/Mar/2015:08:37:37 +0000] "GET /wp-content/themes/blogolife/images/green/style.css?ver=4.1.1 HTTP/1.1" 304 0 "http://gerhatas.com/sample-page" "Serf/1.1.0 mod_pagespeed/1.9.32.3-4448"
128.199.122.79 - - [14/Mar/2015:08:37:37 +0000] "GET /wp-includes/js/jquery/jquery.js?ver=1.11.1 HTTP/1.1" 304 0 "http://gerhatas.com/sample-page" "Serf/1.1.0 mod_pagespeed/1.9.32.3-4448"
128.199.122.79 - - [14/Mar/2015:08:37:37 +0000] "GET /wp-includes/js/jquery/jquery-migrate.min.js?ver=1.2.1 HTTP/1.1" 304 0 "http://gerhatas.com/sample-page" "Serf/1.1.0 mod_pagespeed/1.9.32.3-4448"
128.199.122.79 - - [14/Mar/2015:08:37:37 +0000] "GET /wp-includes/js/comment-reply.min.js?ver=4.1.1 HTTP/1.1" 304 0 "http://gerhatas.com/sample-page" "Serf/1.1.0 mod_pagespeed/1.9.32.3-4448"
128.199.122.79 - - [14/Mar/2015:08:37:37 +0000] "GET /wp-content/plugins/contact-form-7/includes/js/jquery.form.min.js?ver=3.51.0-2014.06.20 HTTP/1.1" 304 0 "http://gerhatas.com/sample-page" "Serf/1.1.0 mod_pagespeed/1.9.32.3-4448"
128.199.122.79 - - [14/Mar/2015:08:37:37 +0000] "GET /wp-content/plugins/contact-form-7/includes/js/scripts.js?ver=4.0.3 HTTP/1.1" 304 0 "http://gerhatas.com/sample-page" "Serf/1.1.0 mod_pagespeed/1.9.32.3-4448"
66.249.71.76 - - [14/Mar/2015:08:37:37 +0000] "GET /sample-page HTTP/1.1" 200 3671 "-" "Mozilla/5.0 (compatible; Googlebot/2.1; +http://www.google.com/bot.html)"
66.249.71.59 - - [14/Mar/2015:09:04:51 +0000] "GET /sitemap_index.xml HTTP/1.1" 200 335 "-" "Mozilla/5.0 (compatible; Googlebot/2.1; +http://www.google.com/bot.html)"
66.249.71.59 - - [14/Mar/2015:09:08:57 +0000] "GET /author-sitemap.xml HTTP/1.1" 404 1806 "-" "Mozilla/5.0 (compatible; Googlebot/2.1; +http://www.google.com/bot.html)"
128.199.122.79 - - [14/Mar/2015:09:20:38 +0000] "POST /wp-cron.php?doing_wp_cron=1426324838.7342090606689453125000 HTTP/1.0" 200 20 "-" "WordPress/4.1.1; http://gerhatas.com"
66.249.71.59 - - [14/Mar/2015:09:20:38 +0000] "GET /sample-page/attachment/tas-seminar HTTP/1.1" 200 5262 "-" "Mozilla/5.0 (compatible; Googlebot/2.1; +http://www.google.com/bot.html)"
128.199.122.79 - - [14/Mar/2015:09:20:38 +0000] "GET /wp-content/themes/blogolife/style.css HTTP/1.1" 304 0 "http://gerhatas.com/sample-page/attachment/tas-seminar" "Serf/1.1.0 mod_pagespeed/1.9.32.3-4448"
128.199.122.79 - - [14/Mar/2015:09:20:38 +0000] "GET /wp-content/plugins/contact-form-7/includes/css/styles.css?ver=4.0.3 HTTP/1.1" 304 0 "http://gerhatas.com/sample-page/attachment/tas-seminar" "Serf/1.1.0 mod_pagespeed/1.9.32.3-4448"
128.199.122.79 - - [14/Mar/2015:09:20:38 +0000] "GET /wp-content/plugins/sitemap/css/page-list.css?ver=4.3 HTTP/1.1" 304 0 "http://gerhatas.com/sample-page/attachment/tas-seminar" "Serf/1.1.0 mod_pagespeed/1.9.32.3-4448"
128.199.122.79 - - [14/Mar/2015:09:20:38 +0000] "GET /wp-content/plugins/twitter-plugin/css/style.css?ver=4.1.1 HTTP/1.1" 304 0 "http://gerhatas.com/sample-page/attachment/tas-seminar" "Serf/1.1.0 mod_pagespeed/1.9.32.3-4448"
128.199.122.79 - - [14/Mar/2015:09:20:38 +0000] "GET /wp-content/themes/blogolife/images/green/style.css?ver=4.1.1 HTTP/1.1" 304 0 "http://gerhatas.com/sample-page/attachment/tas-seminar" "Serf/1.1.0 mod_pagespeed/1.9.32.3-4448"
128.199.122.79 - - [14/Mar/2015:09:20:38 +0000] "GET /wp-includes/js/jquery/jquery.js?ver=1.11.1 HTTP/1.1" 304 0 "http://gerhatas.com/sample-page/attachment/tas-seminar" "Serf/1.1.0 mod_pagespeed/1.9.32.3-4448"
128.199.122.79 - - [14/Mar/2015:09:20:38 +0000] "GET /wp-includes/js/jquery/jquery-migrate.min.js?ver=1.2.1 HTTP/1.1" 304 0 "http://gerhatas.com/sample-page/attachment/tas-seminar" "Serf/1.1.0 mod_pagespeed/1.9.32.3-4448"
128.199.122.79 - - [14/Mar/2015:09:20:38 +0000] "GET /wp-includes/js/comment-reply.min.js?ver=4.1.1 HTTP/1.1" 304 0 "http://gerhatas.com/sample-page/attachment/tas-seminar" "Serf/1.1.0 mod_pagespeed/1.9.32.3-4448"
128.199.122.79 - - [14/Mar/2015:09:20:38 +0000] "GET /wp-content/plugins/contact-form-7/includes/js/jquery.form.min.js?ver=3.51.0-2014.06.20 HTTP/1.1" 304 0 "http://gerhatas.com/sample-page/attachment/tas-seminar" "Serf/1.1.0 mod_pagespeed/1.9.32.3-4448"
128.199.122.79 - - [14/Mar/2015:09:20:38 +0000] "GET /wp-content/plugins/contact-form-7/includes/js/scripts.js?ver=4.0.3 HTTP/1.1" 304 0 "http://gerhatas.com/sample-page/attachment/tas-seminar" "Serf/1.1.0 mod_pagespeed/1.9.32.3-4448"
128.199.122.79 - - [14/Mar/2015:09:20:39 +0000] "GET /wp-content/plugins/peters-custom-anti-spam-image/custom_anti_spam.php?antiselect=326 HTTP/1.1" 200 2448 "http://gerhatas.com/sample-page/attachment/tas-seminar" "Serf/1.1.0 mod_pagespeed/1.9.32.3-4448"
128.199.122.79 - - [14/Mar/2015:09:32:23 +0000] "POST /wp-cron.php?doing_wp_cron=1426325543.4641509056091308593750 HTTP/1.0" 200 20 "-" "WordPress/4.1.1; http://gerhatas.com"
128.199.122.79 - - [14/Mar/2015:09:32:23 +0000] "GET /wp-content/themes/blogolife/style.css HTTP/1.1" 304 0 "http://gerhatas.com/konveksi-tas/konveksi-tas-pancing" "Serf/1.1.0 mod_pagespeed/1.9.32.3-4448"
128.199.122.79 - - [14/Mar/2015:09:32:23 +0000] "GET /wp-content/plugins/contact-form-7/includes/css/styles.css?ver=4.0.3 HTTP/1.1" 304 0 "http://gerhatas.com/konveksi-tas/konveksi-tas-pancing" "Serf/1.1.0 mod_pagespeed/1.9.32.3-4448"
128.199.122.79 - - [14/Mar/2015:09:32:23 +0000] "GET /wp-content/plugins/sitemap/css/page-list.css?ver=4.3 HTTP/1.1" 304 0 "http://gerhatas.com/konveksi-tas/konveksi-tas-pancing" "Serf/1.1.0 mod_pagespeed/1.9.32.3-4448"
128.199.122.79 - - [14/Mar/2015:09:32:23 +0000] "GET /wp-content/plugins/twitter-plugin/css/style.css?ver=4.1.1 HTTP/1.1" 304 0 "http://gerhatas.com/konveksi-tas/konveksi-tas-pancing" "Serf/1.1.0 mod_pagespeed/1.9.32.3-4448"
128.199.122.79 - - [14/Mar/2015:09:32:23 +0000] "GET /wp-content/themes/blogolife/images/green/style.css?ver=4.1.1 HTTP/1.1" 304 0 "http://gerhatas.com/konveksi-tas/konveksi-tas-pancing" "Serf/1.1.0 mod_pagespeed/1.9.32.3-4448"
128.199.122.79 - - [14/Mar/2015:09:32:23 +0000] "GET /wp-includes/js/jquery/jquery.js?ver=1.11.1 HTTP/1.1" 304 0 "http://gerhatas.com/konveksi-tas/konveksi-tas-pancing" "Serf/1.1.0 mod_pagespeed/1.9.32.3-4448"
128.199.122.79 - - [14/Mar/2015:09:32:23 +0000] "GET /wp-includes/js/jquery/jquery-migrate.min.js?ver=1.2.1 HTTP/1.1" 304 0 "http://gerhatas.com/konveksi-tas/konveksi-tas-pancing" "Serf/1.1.0 mod_pagespeed/1.9.32.3-4448"
128.199.122.79 - - [14/Mar/2015:09:32:23 +0000] "GET /wp-includes/js/comment-reply.min.js?ver=4.1.1 HTTP/1.1" 304 0 "http://gerhatas.com/konveksi-tas/konveksi-tas-pancing" "Serf/1.1.0 mod_pagespeed/1.9.32.3-4448"
128.199.122.79 - - [14/Mar/2015:09:32:23 +0000] "GET /wp-content/plugins/contact-form-7/includes/js/jquery.form.min.js?ver=3.51.0-2014.06.20 HTTP/1.1" 304 0 "http://gerhatas.com/konveksi-tas/konveksi-tas-pancing" "Serf/1.1.0 mod_pagespeed/1.9.32.3-4448"
128.199.122.79 - - [14/Mar/2015:09:32:23 +0000] "GET /wp-content/plugins/contact-form-7/includes/js/scripts.js?ver=4.0.3 HTTP/1.1" 304 0 "http://gerhatas.com/konveksi-tas/konveksi-tas-pancing" "Serf/1.1.0 mod_pagespeed/1.9.32.3-4448"
66.249.71.42 - - [14/Mar/2015:09:32:23 +0000] "GET /konveksi-tas/konveksi-tas-pancing HTTP/1.1" 200 7022 "-" "Mozilla/5.0 (compatible; Googlebot/2.1; +http://www.google.com/bot.html)"
128.199.122.79 - - [14/Mar/2015:09:32:23 +0000] "GET /wp-content/plugins/peters-custom-anti-spam-image/custom_anti_spam.php?antiselect=327 HTTP/1.1" 200 2099 "http://gerhatas.com/konveksi-tas/konveksi-tas-pancing" "Serf/1.1.0 mod_pagespeed/1.9.32.3-4448"
128.199.122.79 - - [14/Mar/2015:09:54:05 +0000] "GET /wp-content/themes/blogolife/style.css HTTP/1.1" 304 0 "http://gerhatas.com/tas-pancing/attachment/model-tas-pancing" "Serf/1.1.0 mod_pagespeed/1.9.32.3-4448"
128.199.122.79 - - [14/Mar/2015:09:54:05 +0000] "GET /wp-content/plugins/contact-form-7/includes/css/styles.css?ver=4.0.3 HTTP/1.1" 304 0 "http://gerhatas.com/tas-pancing/attachment/model-tas-pancing" "Serf/1.1.0 mod_pagespeed/1.9.32.3-4448"
128.199.122.79 - - [14/Mar/2015:09:54:05 +0000] "GET /wp-content/plugins/sitemap/css/page-list.css?ver=4.3 HTTP/1.1" 304 0 "http://gerhatas.com/tas-pancing/attachment/model-tas-pancing" "Serf/1.1.0 mod_pagespeed/1.9.32.3-4448"
128.199.122.79 - - [14/Mar/2015:09:54:05 +0000] "GET /wp-content/plugins/twitter-plugin/css/style.css?ver=4.1.1 HTTP/1.1" 304 0 "http://gerhatas.com/tas-pancing/attachment/model-tas-pancing" "Serf/1.1.0 mod_pagespeed/1.9.32.3-4448"
128.199.122.79 - - [14/Mar/2015:09:54:05 +0000] "GET /wp-content/themes/blogolife/images/green/style.css?ver=4.1.1 HTTP/1.1" 304 0 "http://gerhatas.com/tas-pancing/attachment/model-tas-pancing" "Serf/1.1.0 mod_pagespeed/1.9.32.3-4448"
128.199.122.79 - - [14/Mar/2015:09:54:05 +0000] "GET /wp-includes/js/jquery/jquery.js?ver=1.11.1 HTTP/1.1" 304 0 "http://gerhatas.com/tas-pancing/attachment/model-tas-pancing" "Serf/1.1.0 mod_pagespeed/1.9.32.3-4448"
128.199.122.79 - - [14/Mar/2015:09:54:05 +0000] "GET /wp-includes/js/jquery/jquery-migrate.min.js?ver=1.2.1 HTTP/1.1" 304 0 "http://gerhatas.com/tas-pancing/attachment/model-tas-pancing" "Serf/1.1.0 mod_pagespeed/1.9.32.3-4448"
128.199.122.79 - - [14/Mar/2015:09:54:05 +0000] "GET /wp-includes/js/comment-reply.min.js?ver=4.1.1 HTTP/1.1" 304 0 "http://gerhatas.com/tas-pancing/attachment/model-tas-pancing" "Serf/1.1.0 mod_pagespeed/1.9.32.3-4448"
128.199.122.79 - - [14/Mar/2015:09:54:05 +0000] "GET /wp-content/plugins/contact-form-7/includes/js/jquery.form.min.js?ver=3.51.0-2014.06.20 HTTP/1.1" 304 0 "http://gerhatas.com/tas-pancing/attachment/model-tas-pancing" "Serf/1.1.0 mod_pagespeed/1.9.32.3-4448"
128.199.122.79 - - [14/Mar/2015:09:54:05 +0000] "GET /wp-content/plugins/contact-form-7/includes/js/scripts.js?ver=4.0.3 HTTP/1.1" 304 0 "http://gerhatas.com/tas-pancing/attachment/model-tas-pancing" "Serf/1.1.0 mod_pagespeed/1.9.32.3-4448"
66.249.71.42 - - [14/Mar/2015:09:54:05 +0000] "GET /tas-pancing/attachment/model-tas-pancing HTTP/1.1" 200 6141 "-" "Mozilla/5.0 (compatible; Googlebot/2.1; +http://www.google.com/bot.html)"
128.199.122.79 - - [14/Mar/2015:09:54:05 +0000] "GET /wp-content/plugins/peters-custom-anti-spam-image/custom_anti_spam.php?antiselect=328 HTTP/1.1" 200 2044 "http://gerhatas.com/tas-pancing/attachment/model-tas-pancing" "Serf/1.1.0 mod_pagespeed/1.9.32.3-4448"
66.249.71.76 - - [14/Mar/2015:10:08:01 +0000] "GET /page-sitemap.xml HTTP/1.1" 200 1222 "-" "Mozilla/5.0 (compatible; Googlebot/2.1; +http://www.google.com/bot.html)"
128.199.122.79 - - [14/Mar/2015:10:37:38 +0000] "POST /wp-cron.php?doing_wp_cron=1426329458.4689950942993164062500 HTTP/1.0" 200 20 "-" "WordPress/4.1.1; http://gerhatas.com"
128.199.122.79 - - [14/Mar/2015:10:37:38 +0000] "GET /wp-content/themes/blogolife/style.css HTTP/1.1" 304 0 "http://gerhatas.com/" "Serf/1.1.0 mod_pagespeed/1.9.32.3-4448"
128.199.122.79 - - [14/Mar/2015:10:37:38 +0000] "GET /wp-content/plugins/contact-form-7/includes/css/styles.css?ver=4.0.3 HTTP/1.1" 304 0 "http://gerhatas.com/" "Serf/1.1.0 mod_pagespeed/1.9.32.3-4448"
128.199.122.79 - - [14/Mar/2015:10:37:38 +0000] "GET /wp-content/plugins/sitemap/css/page-list.css?ver=4.3 HTTP/1.1" 304 0 "http://gerhatas.com/" "Serf/1.1.0 mod_pagespeed/1.9.32.3-4448"
128.199.122.79 - - [14/Mar/2015:10:37:38 +0000] "GET /wp-content/plugins/twitter-plugin/css/style.css?ver=4.1.1 HTTP/1.1" 304 0 "http://gerhatas.com/" "Serf/1.1.0 mod_pagespeed/1.9.32.3-4448"
128.199.122.79 - - [14/Mar/2015:10:37:38 +0000] "GET /wp-content/themes/blogolife/images/green/style.css?ver=4.1.1 HTTP/1.1" 304 0 "http://gerhatas.com/" "Serf/1.1.0 mod_pagespeed/1.9.32.3-4448"
128.199.122.79 - - [14/Mar/2015:10:37:38 +0000] "GET /wp-includes/js/jquery/jquery.js?ver=1.11.1 HTTP/1.1" 304 0 "http://gerhatas.com/" "Serf/1.1.0 mod_pagespeed/1.9.32.3-4448"
128.199.122.79 - - [14/Mar/2015:10:37:38 +0000] "GET /wp-includes/js/jquery/jquery-migrate.min.js?ver=1.2.1 HTTP/1.1" 304 0 "http://gerhatas.com/" "Serf/1.1.0 mod_pagespeed/1.9.32.3-4448"
128.199.122.79 - - [14/Mar/2015:10:37:38 +0000] "GET /wp-content/plugins/contact-form-7/includes/js/jquery.form.min.js?ver=3.51.0-2014.06.20 HTTP/1.1" 304 0 "http://gerhatas.com/" "Serf/1.1.0 mod_pagespeed/1.9.32.3-4448"
82.145.218.210 - - [14/Mar/2015:10:37:38 +0000] "GET / HTTP/1.1" 200 10610 "http://www.google.com/search?q=tas&client=ms-opera-mini-android&channel=new&prmd=ivnsz&source=lnms&tbm=isch&sa=X&ei=Zw8EVf2DFIf9UtuhhMAE&ved=0CAYQ_AUoAQ" "Opera/9.80 (Android; Opera Mini/7.5.35613/35.7997; U; en) Presto/2.8.119 Version/11.10"
128.199.122.79 - - [14/Mar/2015:10:37:38 +0000] "GET /wp-content/plugins/contact-form-7/includes/js/scripts.js?ver=4.0.3 HTTP/1.1" 304 0 "http://gerhatas.com/" "Serf/1.1.0 mod_pagespeed/1.9.32.3-4448"
82.145.218.210 - - [14/Mar/2015:10:37:39 +0000] "GET /wp-content/themes/blogolife/images/green/style.css?ver=4.1.1 HTTP/1.1" 200 1314 "http://gerhatas.com/" "Opera/9.80 (Android; Opera Mini/7.5.35613/35.7997; U; en) Presto/2.8.119 Version/11.10"
82.145.218.210 - - [14/Mar/2015:10:37:39 +0000] "GET /wp-includes/js/jquery/jquery.js?ver=1.11.1 HTTP/1.1" 200 33221 "http://gerhatas.com/" "Opera/9.80 (Android; Opera Mini/7.5.35613/35.7997; U; en) Presto/2.8.119 Version/11.10"
82.145.218.210 - - [14/Mar/2015:10:37:39 +0000] "GET /wp-content/plugins/contact-form-7/includes/css/styles.css?ver=4.0.3 HTTP/1.1" 200 1103 "http://gerhatas.com/" "Opera/9.80 (Android; Opera Mini/7.5.35613/35.7997; U; en) Presto/2.8.119 Version/11.10"
82.145.218.210 - - [14/Mar/2015:10:37:39 +0000] "GET /wp-content/themes/blogolife/style.css HTTP/1.1" 200 5450 "http://gerhatas.com/" "Opera/9.80 (Android; Opera Mini/7.5.35613/35.7997; U; en) Presto/2.8.119 Version/11.10"
82.145.218.210 - - [14/Mar/2015:10:37:39 +0000] "GET /wp-content/plugins/sitemap/css/page-list.css?ver=4.3 HTTP/1.1" 200 702 "http://gerhatas.com/" "Opera/9.80 (Android; Opera Mini/7.5.35613/35.7997; U; en) Presto/2.8.119 Version/11.10"
82.145.218.210 - - [14/Mar/2015:10:37:39 +0000] "GET /wp-content/plugins/twitter-plugin/css/style.css?ver=4.1.1 HTTP/1.1" 200 71 "http://gerhatas.com/" "Opera/9.80 (Android; Opera Mini/7.5.35613/35.7997; U; en) Presto/2.8.119 Version/11.10"
82.145.218.210 - - [14/Mar/2015:10:37:39 +0000] "GET /wp-includes/js/jquery/jquery-migrate.min.js?ver=1.2.1 HTTP/1.1" 200 7200 "http://gerhatas.com/" "Opera/9.80 (Android; Opera Mini/7.5.35613/35.7997; U; en) Presto/2.8.119 Version/11.10"
82.145.218.210 - - [14/Mar/2015:10:37:40 +0000] "GET /_.pagespeed.jo.gtoqR2K6il.js HTTP/1.1" 200 3165 "http://gerhatas.com/" "Opera/9.80 (Android; Opera Mini/7.5.35613/35.7997; U; en) Presto/2.8.119 Version/11.10"
82.145.218.210 - - [14/Mar/2015:10:37:41 +0000] "GET /wp-content/plugins/contact-form-7/includes/js/jquery.form.min.js?ver=3.51.0-2014.06.20 HTTP/1.1" 200 5872 "http://gerhatas.com/" "Opera/9.80 (Android; Opera Mini/7.5.35613/35.7997; U; en) Presto/2.8.119 Version/11.10"
82.145.218.210 - - [14/Mar/2015:10:37:45 +0000] "GET /wp-content/plugins/contact-form-7/includes/js/scripts.js?ver=4.0.3 HTTP/1.1" 200 9658 "http://gerhatas.com/" "Opera/9.80 (Android; Opera Mini/7.5.35613/35.7997; U; en) Presto/2.8.119 Version/11.10"
82.145.218.210 - - [14/Mar/2015:10:37:46 +0000] "POST /ngx_pagespeed_beacon?url=http%3A%2F%2Fgerhatas.com%2F HTTP/1.1" 204 0 "http://gerhatas.com/" "Opera/9.80 (Android; Opera Mini/7.5.35613/35.7997; U; en) Presto/2.8.119 Version/11.10"
128.199.122.79 - - [14/Mar/2015:10:42:04 +0000] "GET /wp-content/plugins/contact-form-7/includes/css/styles.css?ver=4.0.3 HTTP/1.1" 304 0 "http://gerhatas.com/tas-pancing" "Serf/1.1.0 mod_pagespeed/1.9.32.3-4448"
128.199.122.79 - - [14/Mar/2015:10:42:04 +0000] "GET /wp-content/plugins/sitemap/css/page-list.css?ver=4.3 HTTP/1.1" 304 0 "http://gerhatas.com/tas-pancing" "Serf/1.1.0 mod_pagespeed/1.9.32.3-4448"
128.199.122.79 - - [14/Mar/2015:10:42:04 +0000] "GET /wp-content/plugins/twitter-plugin/css/style.css?ver=4.1.1 HTTP/1.1" 304 0 "http://gerhatas.com/tas-pancing" "Serf/1.1.0 mod_pagespeed/1.9.32.3-4448"
128.199.122.79 - - [14/Mar/2015:10:42:04 +0000] "GET /wp-content/themes/blogolife/images/green/style.css?ver=4.1.1 HTTP/1.1" 304 0 "http://gerhatas.com/tas-pancing" "Serf/1.1.0 mod_pagespeed/1.9.32.3-4448"
128.199.122.79 - - [14/Mar/2015:10:42:04 +0000] "GET /wp-includes/js/comment-reply.min.js?ver=4.1.1 HTTP/1.1" 304 0 "http://gerhatas.com/tas-pancing" "Serf/1.1.0 mod_pagespeed/1.9.32.3-4448"
128.199.122.79 - - [14/Mar/2015:10:42:04 +0000] "GET /wp-content/themes/blogolife/style.css HTTP/1.1" 304 0 "http://gerhatas.com/tas-pancing" "Serf/1.1.0 mod_pagespeed/1.9.32.3-4448"
128.199.122.79 - - [14/Mar/2015:10:42:04 +0000] "GET /wp-content/plugins/contact-form-7/includes/js/jquery.form.min.js?ver=3.51.0-2014.06.20 HTTP/1.1" 304 0 "http://gerhatas.com/tas-pancing" "Serf/1.1.0 mod_pagespeed/1.9.32.3-4448"
128.199.122.79 - - [14/Mar/2015:10:42:04 +0000] "GET /wp-includes/js/jquery/jquery.js?ver=1.11.1 HTTP/1.1" 304 0 "http://gerhatas.com/tas-pancing" "Serf/1.1.0 mod_pagespeed/1.9.32.3-4448"
128.199.122.79 - - [14/Mar/2015:10:42:04 +0000] "GET /wp-includes/js/jquery/jquery-migrate.min.js?ver=1.2.1 HTTP/1.1" 304 0 "http://gerhatas.com/tas-pancing" "Serf/1.1.0 mod_pagespeed/1.9.32.3-4448"
128.199.122.79 - - [14/Mar/2015:10:42:04 +0000] "GET /wp-content/plugins/contact-form-7/includes/js/scripts.js?ver=4.0.3 HTTP/1.1" 304 0 "http://gerhatas.com/tas-pancing" "Serf/1.1.0 mod_pagespeed/1.9.32.3-4448"
66.249.71.59 - - [14/Mar/2015:10:42:04 +0000] "GET /tas-pancing HTTP/1.1" 200 6015 "-" "Mozilla/5.0 (compatible; Googlebot/2.1; +http://www.google.com/bot.html)"
114.121.155.118 - - [14/Mar/2015:10:44:58 +0000] "GET /konveksi-tas/konveksi-tas-tangerang HTTP/1.1" 200 7182 "-" "Mozilla/5.0 (Linux; U; Android 4.1.2; en-us; GT-P3100 Build/JZO54K) AppleWebKit/534.30 (KHTML, like Gecko) Version/4.0 Safari/534.30"
128.199.122.79 - - [14/Mar/2015:10:44:58 +0000] "GET /wp-content/plugins/peters-custom-anti-spam-image/custom_anti_spam.php?antiselect=329 HTTP/1.1" 200 2178 "http://gerhatas.com/konveksi-tas/konveksi-tas-tangerang" "Serf/1.1.0 mod_pagespeed/1.9.32.3-4448"
114.121.155.118 - - [14/Mar/2015:10:44:58 +0000] "GET /wp-content/themes/blogolife/style.css HTTP/1.1" 200 5450 "http://gerhatas.com/konveksi-tas/konveksi-tas-tangerang" "Mozilla/5.0 (Linux; U; Android 4.1.2; en-us; GT-P3100 Build/JZO54K) AppleWebKit/534.30 (KHTML, like Gecko) Version/4.0 Safari/534.30"
114.121.155.118 - - [14/Mar/2015:10:44:59 +0000] "GET /wp-content/plugins/contact-form-7/includes/css/styles.css?ver=4.0.3 HTTP/1.1" 200 1103 "http://gerhatas.com/konveksi-tas/konveksi-tas-tangerang" "Mozilla/5.0 (Linux; U; Android 4.1.2; en-us; GT-P3100 Build/JZO54K) AppleWebKit/534.30 (KHTML, like Gecko) Version/4.0 Safari/534.30"
114.121.155.118 - - [14/Mar/2015:10:44:59 +0000] "GET /wp-content/plugins/sitemap/css/page-list.css?ver=4.3 HTTP/1.1" 200 702 "http://gerhatas.com/konveksi-tas/konveksi-tas-tangerang" "Mozilla/5.0 (Linux; U; Android 4.1.2; en-us; GT-P3100 Build/JZO54K) AppleWebKit/534.30 (KHTML, like Gecko) Version/4.0 Safari/534.30"
114.121.155.118 - - [14/Mar/2015:10:44:59 +0000] "GET /wp-content/themes/blogolife/images/green/style.css?ver=4.1.1 HTTP/1.1" 200 1314 "http://gerhatas.com/konveksi-tas/konveksi-tas-tangerang" "Mozilla/5.0 (Linux; U; Android 4.1.2; en-us; GT-P3100 Build/JZO54K) AppleWebKit/534.30 (KHTML, like Gecko) Version/4.0 Safari/534.30"
114.121.155.118 - - [14/Mar/2015:10:44:59 +0000] "GET /wp-content/plugins/twitter-plugin/css/style.css?ver=4.1.1 HTTP/1.1" 200 71 "http://gerhatas.com/konveksi-tas/konveksi-tas-tangerang" "Mozilla/5.0 (Linux; U; Android 4.1.2; en-us; GT-P3100 Build/JZO54K) AppleWebKit/534.30 (KHTML, like Gecko) Version/4.0 Safari/534.30"
114.121.155.118 - - [14/Mar/2015:10:44:59 +0000] "GET /wp-includes/js/jquery/jquery.js?ver=1.11.1 HTTP/1.1" 200 33221 "http://gerhatas.com/konveksi-tas/konveksi-tas-tangerang" "Mozilla/5.0 (Linux; U; Android 4.1.2; en-us; GT-P3100 Build/JZO54K) AppleWebKit/534.30 (KHTML, like Gecko) Version/4.0 Safari/534.30"
114.121.155.118 - - [14/Mar/2015:10:44:59 +0000] "GET /konveksi-tas/_.pagespeed.jo.4t9bliOkny.js HTTP/1.1" 200 3200 "http://gerhatas.com/konveksi-tas/konveksi-tas-tangerang" "Mozilla/5.0 (Linux; U; Android 4.1.2; en-us; GT-P3100 Build/JZO54K) AppleWebKit/534.30 (KHTML, like Gecko) Version/4.0 Safari/534.30"
114.121.155.118 - - [14/Mar/2015:10:44:59 +0000] "GET /wp-includes,_js,_comment-reply.min.js,qver==4.1.1+wp-content,_plugins,_contact-form-7,_includes,_js,_jquery.form.min.js,qver==3.51.0-2014.06.20.pagespeed.jc.oQIyBjzIEj.js HTTP/1.1" 200 6108 "http://gerhatas.com/konveksi-tas/konveksi-tas-tangerang" "Mozilla/5.0 (Linux; U; Android 4.1.2; en-us; GT-P3100 Build/JZO54K) AppleWebKit/534.30 (KHTML, like Gecko) Version/4.0 Safari/534.30"
114.121.155.118 - - [14/Mar/2015:10:44:59 +0000] "GET /wp-includes/js/jquery/jquery-migrate.min.js?ver=1.2.1 HTTP/1.1" 200 7200 "http://gerhatas.com/konveksi-tas/konveksi-tas-tangerang" "Mozilla/5.0 (Linux; U; Android 4.1.2; en-us; GT-P3100 Build/JZO54K) AppleWebKit/534.30 (KHTML, like Gecko) Version/4.0 Safari/534.30"
114.121.155.118 - - [14/Mar/2015:10:44:59 +0000] "GET /wp-content/plugins/contact-form-7/includes/js/scripts.js?ver=4.0.3 HTTP/1.1" 200 9658 "http://gerhatas.com/konveksi-tas/konveksi-tas-tangerang" "Mozilla/5.0 (Linux; U; Android 4.1.2; en-us; GT-P3100 Build/JZO54K) AppleWebKit/534.30 (KHTML, like Gecko) Version/4.0 Safari/534.30"
114.121.155.118 - - [14/Mar/2015:10:45:01 +0000] "GET /wp-content/plugins/peters-custom-anti-spam-image/custom_anti_spam.php?antiselect=329 HTTP/1.1" 200 1723 "http://gerhatas.com/konveksi-tas/konveksi-tas-tangerang" "Mozilla/5.0 (Linux; U; Android 4.1.2; en-us; GT-P3100 Build/JZO54K) AppleWebKit/534.30 (KHTML, like Gecko) Version/4.0 Safari/534.30"
114.121.155.118 - - [14/Mar/2015:10:45:39 +0000] "POST /ngx_pagespeed_beacon?url=http%3A%2F%2Fgerhatas.com%2Fkonveksi-tas%2Fkonveksi-tas-tangerang HTTP/1.1" 204 0 "http://gerhatas.com/konveksi-tas/konveksi-tas-tangerang" "Mozilla/5.0 (Linux; U; Android 4.1.2; en-us; GT-P3100 Build/JZO54K) AppleWebKit/534.30 (KHTML, like Gecko) Version/4.0 Safari/534.30"
114.121.155.118 - - [14/Mar/2015:10:45:55 +0000] "GET /produk-dan-layanan HTTP/1.1" 200 9444 "http://gerhatas.com/konveksi-tas/konveksi-tas-tangerang" "Mozilla/5.0 (Linux; U; Android 4.1.2; en-us; GT-P3100 Build/JZO54K) AppleWebKit/534.30 (KHTML, like Gecko) Version/4.0 Safari/534.30"
128.199.122.79 - - [14/Mar/2015:10:45:55 +0000] "GET /wp-content/plugins/peters-custom-anti-spam-image/custom_anti_spam.php?antiselect=330 HTTP/1.1" 200 1554 "http://gerhatas.com/produk-dan-layanan" "Serf/1.1.0 mod_pagespeed/1.9.32.3-4448"
114.121.155.118 - - [14/Mar/2015:10:45:56 +0000] "GET /wp-content/themes/blogolife/A.style.css.pagespeed.cf.rHIZYwXEDE.css HTTP/1.1" 200 4455 "http://gerhatas.com/produk-dan-layanan" "Mozilla/5.0 (Linux; U; Android 4.1.2; en-us; GT-P3100 Build/JZO54K) AppleWebKit/534.30 (KHTML, like Gecko) Version/4.0 Safari/534.30"
114.121.155.118 - - [14/Mar/2015:10:45:56 +0000] "GET /wp-includes/js/jquery/jquery.js,qver=1.11.1.pagespeed.jm.z9hb-Gxqf6.js HTTP/1.1" 200 33221 "http://gerhatas.com/produk-dan-layanan" "Mozilla/5.0 (Linux; U; Android 4.1.2; en-us; GT-P3100 Build/JZO54K) AppleWebKit/534.30 (KHTML, like Gecko) Version/4.0 Safari/534.30"
114.121.155.118 - - [14/Mar/2015:10:45:56 +0000] "GET /wp-includes/js/jquery/jquery-migrate.min.js,qver=1.2.1.pagespeed.jm.mhpNjdU8Wl.js HTTP/1.1" 200 7085 "http://gerhatas.com/produk-dan-layanan" "Mozilla/5.0 (Linux; U; Android 4.1.2; en-us; GT-P3100 Build/JZO54K) AppleWebKit/534.30 (KHTML, like Gecko) Version/4.0 Safari/534.30"
114.121.155.118 - - [14/Mar/2015:10:45:56 +0000] "GET /_,Mjo.2FR7BP-vhG.js.pagespeed.jm.NYnJ8miqQ0.js HTTP/1.1" 200 3176 "http://gerhatas.com/produk-dan-layanan" "Mozilla/5.0 (Linux; U; Android 4.1.2; en-us; GT-P3100 Build/JZO54K) AppleWebKit/534.30 (KHTML, like Gecko) Version/4.0 Safari/534.30"
114.121.155.118 - - [14/Mar/2015:10:45:56 +0000] "GET /wp-includes,_js,_comment-reply.min.js,qver==4.1.1+wp-content,_plugins,_contact-form-7,_includes,_js,_jquery.form.min.js,qver==3.51.0-2014.06.20.pagespeed.jc.oQIyBjzIEj.js HTTP/1.1" 200 6108 "http://gerhatas.com/produk-dan-layanan" "Mozilla/5.0 (Linux; U; Android 4.1.2; en-us; GT-P3100 Build/JZO54K) AppleWebKit/534.30 (KHTML, like Gecko) Version/4.0 Safari/534.30"
114.121.155.118 - - [14/Mar/2015:10:45:56 +0000] "GET /wp-content/plugins/contact-form-7/includes/js/scripts.js,qver=4.0.3.pagespeed.jm.aPhR_ZcXmQ.js HTTP/1.1" 200 8155 "http://gerhatas.com/produk-dan-layanan" "Mozilla/5.0 (Linux; U; Android 4.1.2; en-us; GT-P3100 Build/JZO54K) AppleWebKit/534.30 (KHTML, like Gecko) Version/4.0 Safari/534.30"
114.121.155.118 - - [14/Mar/2015:10:45:58 +0000] "GET /wp-content/plugins/peters-custom-anti-spam-image/custom_anti_spam.php?antiselect=330 HTTP/1.1" 200 1763 "http://gerhatas.com/produk-dan-layanan" "Mozilla/5.0 (Linux; U; Android 4.1.2; en-us; GT-P3100 Build/JZO54K) AppleWebKit/534.30 (KHTML, like Gecko) Version/4.0 Safari/534.30"
114.121.155.118 - - [14/Mar/2015:10:46:07 +0000] "POST /ngx_pagespeed_beacon?url=http%3A%2F%2Fgerhatas.com%2Fkonveksi-tas%2Fkonveksi-tas-tangerang HTTP/1.1" 204 0 "http://gerhatas.com/konveksi-tas/konveksi-tas-tangerang" "Mozilla/5.0 (Linux; U; Android 4.1.2; en-us; GT-P3100 Build/JZO54K) AppleWebKit/534.30 (KHTML, like Gecko) Version/4.0 Safari/534.30"
180.76.6.61 - - [14/Mar/2015:10:46:12 +0000] "GET /robots.txt HTTP/1.1" 404 1806 "-" "Mozilla/5.0 (Windows NT 5.1; rv:6.0.2) Gecko/20100101 Firefox/6.0.2"
180.76.6.58 - - [14/Mar/2015:10:47:10 +0000] "GET /konveksi-tas/konveksi-tas-tangerang HTTP/1.1" 301 5 "-" "Mozilla/5.0 (compatible; Baiduspider/2.0; +http://www.baidu.com/search/spider.html)"
128.199.122.79 - - [14/Mar/2015:10:47:10 +0000] "GET /wp-content/plugins/contact-form-7/includes/css/styles.css?ver=4.0.3 HTTP/1.1" 304 0 "http://gerhatas.com/konveksi-tas/konveksi-tas-tangerang" "Serf/1.1.0 mod_pagespeed/1.9.32.3-4448"
128.199.122.79 - - [14/Mar/2015:10:47:10 +0000] "GET /wp-content/plugins/sitemap/css/page-list.css?ver=4.3 HTTP/1.1" 304 0 "http://gerhatas.com/konveksi-tas/konveksi-tas-tangerang" "Serf/1.1.0 mod_pagespeed/1.9.32.3-4448"
128.199.122.79 - - [14/Mar/2015:10:47:10 +0000] "GET /wp-content/plugins/twitter-plugin/css/style.css?ver=4.1.1 HTTP/1.1" 304 0 "http://gerhatas.com/konveksi-tas/konveksi-tas-tangerang" "Serf/1.1.0 mod_pagespeed/1.9.32.3-4448"
128.199.122.79 - - [14/Mar/2015:10:47:10 +0000] "GET /wp-content/themes/blogolife/images/green/style.css?ver=4.1.1 HTTP/1.1" 304 0 "http://gerhatas.com/konveksi-tas/konveksi-tas-tangerang" "Serf/1.1.0 mod_pagespeed/1.9.32.3-4448"
128.199.122.79 - - [14/Mar/2015:10:47:10 +0000] "GET /wp-includes/js/comment-reply.min.js?ver=4.1.1 HTTP/1.1" 304 0 "http://gerhatas.com/konveksi-tas/konveksi-tas-tangerang" "Serf/1.1.0 mod_pagespeed/1.9.32.3-4448"
128.199.122.79 - - [14/Mar/2015:10:47:10 +0000] "GET /wp-content/plugins/contact-form-7/includes/js/jquery.form.min.js?ver=3.51.0-2014.06.20 HTTP/1.1" 304 0 "http://gerhatas.com/konveksi-tas/konveksi-tas-tangerang" "Serf/1.1.0 mod_pagespeed/1.9.32.3-4448"
180.76.5.152 - - [14/Mar/2015:10:47:11 +0000] "GET /konveksi-tas/konveksi-tas-tangerang HTTP/1.1" 200 7707 "-" "Mozilla/5.0 (compatible; Baiduspider/2.0; +http://www.baidu.com/search/spider.html)"
128.199.122.79 - - [14/Mar/2015:10:47:11 +0000] "GET /wp-content/plugins/peters-custom-anti-spam-image/custom_anti_spam.php?antiselect=331 HTTP/1.1" 200 2019 "http://gerhatas.com/konveksi-tas/konveksi-tas-tangerang" "Serf/1.1.0 mod_pagespeed/1.9.32.3-4448"
128.199.122.79 - - [14/Mar/2015:10:47:11 +0000] "GET /wp-content/themes/blogolife/style.css HTTP/1.1" 304 0 "http://gerhatas.com/konveksi-tas/konveksi-tas-tangerang" "Serf/1.1.0 mod_pagespeed/1.9.32.3-4448"
128.199.122.79 - - [14/Mar/2015:10:47:11 +0000] "GET /wp-includes/js/jquery/jquery.js?ver=1.11.1 HTTP/1.1" 304 0 "http://gerhatas.com/konveksi-tas/konveksi-tas-tangerang" "Serf/1.1.0 mod_pagespeed/1.9.32.3-4448"
128.199.122.79 - - [14/Mar/2015:10:47:11 +0000] "GET /wp-includes/js/jquery/jquery-migrate.min.js?ver=1.2.1 HTTP/1.1" 304 0 "http://gerhatas.com/konveksi-tas/konveksi-tas-tangerang" "Serf/1.1.0 mod_pagespeed/1.9.32.3-4448"
128.199.122.79 - - [14/Mar/2015:10:47:11 +0000] "GET /wp-content/plugins/contact-form-7/includes/js/scripts.js?ver=4.0.3 HTTP/1.1" 304 0 "http://gerhatas.com/konveksi-tas/konveksi-tas-tangerang" "Serf/1.1.0 mod_pagespeed/1.9.32.3-4448"
128.199.122.79 - - [14/Mar/2015:10:54:43 +0000] "GET /wp-content/themes/blogolife/style.css HTTP/1.1" 304 0 "http://gerhatas.com/" "Serf/1.1.0 mod_pagespeed/1.9.32.3-4448"
128.199.122.79 - - [14/Mar/2015:10:54:43 +0000] "GET /wp-content/plugins/contact-form-7/includes/css/styles.css?ver=4.0.3 HTTP/1.1" 304 0 "http://gerhatas.com/" "Serf/1.1.0 mod_pagespeed/1.9.32.3-4448"
128.199.122.79 - - [14/Mar/2015:10:54:43 +0000] "GET /wp-content/plugins/sitemap/css/page-list.css?ver=4.3 HTTP/1.1" 304 0 "http://gerhatas.com/" "Serf/1.1.0 mod_pagespeed/1.9.32.3-4448"
128.199.122.79 - - [14/Mar/2015:10:54:43 +0000] "GET /wp-content/plugins/twitter-plugin/css/style.css?ver=4.1.1 HTTP/1.1" 304 0 "http://gerhatas.com/" "Serf/1.1.0 mod_pagespeed/1.9.32.3-4448"
128.199.122.79 - - [14/Mar/2015:10:54:43 +0000] "GET /wp-content/themes/blogolife/images/green/style.css?ver=4.1.1 HTTP/1.1" 304 0 "http://gerhatas.com/" "Serf/1.1.0 mod_pagespeed/1.9.32.3-4448"
128.199.122.79 - - [14/Mar/2015:10:54:43 +0000] "GET /wp-includes/js/jquery/jquery.js?ver=1.11.1 HTTP/1.1" 304 0 "http://gerhatas.com/" "Serf/1.1.0 mod_pagespeed/1.9.32.3-4448"
66.249.71.76 - - [14/Mar/2015:10:54:43 +0000] "GET / HTTP/1.1" 200 10241 "-" "Mozilla/5.0 (compatible; Googlebot/2.1; +http://www.google.com/bot.html)"
128.199.122.79 - - [14/Mar/2015:10:54:43 +0000] "GET /wp-includes/js/jquery/jquery-migrate.min.js?ver=1.2.1 HTTP/1.1" 304 0 "http://gerhatas.com/" "Serf/1.1.0 mod_pagespeed/1.9.32.3-4448"
128.199.122.79 - - [14/Mar/2015:10:54:43 +0000] "GET /wp-content/plugins/contact-form-7/includes/js/jquery.form.min.js?ver=3.51.0-2014.06.20 HTTP/1.1" 304 0 "http://gerhatas.com/" "Serf/1.1.0 mod_pagespeed/1.9.32.3-4448"
128.199.122.79 - - [14/Mar/2015:10:54:43 +0000] "GET /wp-content/plugins/contact-form-7/includes/js/scripts.js?ver=4.0.3 HTTP/1.1" 304 0 "http://gerhatas.com/" "Serf/1.1.0 mod_pagespeed/1.9.32.3-4448"
82.145.208.202 - - [14/Mar/2015:10:58:42 +0000] "GET /feed HTTP/1.1" 301 5 "-" "Mozilla/4.0 (Windows 98; US) Opera 10.00 [en]"
82.145.208.202 - - [14/Mar/2015:10:58:42 +0000] "GET /feed HTTP/1.1" 200 7897 "-" "Mozilla/4.0 (Windows 98; US) Opera 10.00 [en]"
128.199.122.79 - - [14/Mar/2015:11:06:55 +0000] "GET /wp-content/themes/blogolife/style.css HTTP/1.1" 304 0 "http://gerhatas.com/tas-pancing/attachment/tas-pancing-daiwa" "Serf/1.1.0 mod_pagespeed/1.9.32.3-4448"
128.199.122.79 - - [14/Mar/2015:11:06:55 +0000] "GET /wp-content/plugins/contact-form-7/includes/css/styles.css?ver=4.0.3 HTTP/1.1" 304 0 "http://gerhatas.com/tas-pancing/attachment/tas-pancing-daiwa" "Serf/1.1.0 mod_pagespeed/1.9.32.3-4448"
128.199.122.79 - - [14/Mar/2015:11:06:55 +0000] "GET /wp-content/plugins/sitemap/css/page-list.css?ver=4.3 HTTP/1.1" 304 0 "http://gerhatas.com/tas-pancing/attachment/tas-pancing-daiwa" "Serf/1.1.0 mod_pagespeed/1.9.32.3-4448"
128.199.122.79 - - [14/Mar/2015:11:06:55 +0000] "GET /wp-content/plugins/twitter-plugin/css/style.css?ver=4.1.1 HTTP/1.1" 304 0 "http://gerhatas.com/tas-pancing/attachment/tas-pancing-daiwa" "Serf/1.1.0 mod_pagespeed/1.9.32.3-4448"
128.199.122.79 - - [14/Mar/2015:11:06:55 +0000] "GET /wp-content/themes/blogolife/images/green/style.css?ver=4.1.1 HTTP/1.1" 304 0 "http://gerhatas.com/tas-pancing/attachment/tas-pancing-daiwa" "Serf/1.1.0 mod_pagespeed/1.9.32.3-4448"
128.199.122.79 - - [14/Mar/2015:11:06:55 +0000] "GET /wp-includes/js/jquery/jquery.js?ver=1.11.1 HTTP/1.1" 304 0 "http://gerhatas.com/tas-pancing/attachment/tas-pancing-daiwa" "Serf/1.1.0 mod_pagespeed/1.9.32.3-4448"
128.199.122.79 - - [14/Mar/2015:11:06:55 +0000] "GET /wp-includes/js/jquery/jquery-migrate.min.js?ver=1.2.1 HTTP/1.1" 304 0 "http://gerhatas.com/tas-pancing/attachment/tas-pancing-daiwa" "Serf/1.1.0 mod_pagespeed/1.9.32.3-4448"
128.199.122.79 - - [14/Mar/2015:11:06:55 +0000] "GET /wp-includes/js/comment-reply.min.js?ver=4.1.1 HTTP/1.1" 304 0 "http://gerhatas.com/tas-pancing/attachment/tas-pancing-daiwa" "Serf/1.1.0 mod_pagespeed/1.9.32.3-4448"
128.199.122.79 - - [14/Mar/2015:11:06:55 +0000] "GET /wp-content/plugins/contact-form-7/includes/js/jquery.form.min.js?ver=3.51.0-2014.06.20 HTTP/1.1" 304 0 "http://gerhatas.com/tas-pancing/attachment/tas-pancing-daiwa" "Serf/1.1.0 mod_pagespeed/1.9.32.3-4448"
128.199.122.79 - - [14/Mar/2015:11:06:55 +0000] "GET /wp-content/plugins/contact-form-7/includes/js/scripts.js?ver=4.0.3 HTTP/1.1" 304 0 "http://gerhatas.com/tas-pancing/attachment/tas-pancing-daiwa" "Serf/1.1.0 mod_pagespeed/1.9.32.3-4448"
66.249.71.42 - - [14/Mar/2015:11:06:55 +0000] "GET /tas-pancing/attachment/tas-pancing-daiwa HTTP/1.1" 200 5376 "-" "Mozilla/5.0 (compatible; Googlebot/2.1; +http://www.google.com/bot.html)"
128.199.122.79 - - [14/Mar/2015:11:06:55 +0000] "GET /wp-content/plugins/peters-custom-anti-spam-image/custom_anti_spam.php?antiselect=332 HTTP/1.1" 200 2259 "http://gerhatas.com/tas-pancing/attachment/tas-pancing-daiwa" "Serf/1.1.0 mod_pagespeed/1.9.32.3-4448"
128.199.122.79 - - [14/Mar/2015:11:30:49 +0000] "POST /wp-cron.php?doing_wp_cron=1426332649.5818369388580322265625 HTTP/1.0" 200 20 "-" "WordPress/4.1.1; http://gerhatas.com"
128.199.122.79 - - [14/Mar/2015:11:30:49 +0000] "GET /wp-content/themes/blogolife/style.css HTTP/1.1" 304 0 "http://gerhatas.com/konveksi-tas/konveksi-tas-tangerang" "Serf/1.1.0 mod_pagespeed/1.9.32.3-4448"
128.199.122.79 - - [14/Mar/2015:11:30:49 +0000] "GET /wp-content/plugins/contact-form-7/includes/css/styles.css?ver=4.0.3 HTTP/1.1" 304 0 "http://gerhatas.com/konveksi-tas/konveksi-tas-tangerang" "Serf/1.1.0 mod_pagespeed/1.9.32.3-4448"
128.199.122.79 - - [14/Mar/2015:11:30:49 +0000] "GET /wp-content/plugins/sitemap/css/page-list.css?ver=4.3 HTTP/1.1" 304 0 "http://gerhatas.com/konveksi-tas/konveksi-tas-tangerang" "Serf/1.1.0 mod_pagespeed/1.9.32.3-4448"
128.199.122.79 - - [14/Mar/2015:11:30:49 +0000] "GET /wp-content/plugins/twitter-plugin/css/style.css?ver=4.1.1 HTTP/1.1" 304 0 "http://gerhatas.com/konveksi-tas/konveksi-tas-tangerang" "Serf/1.1.0 mod_pagespeed/1.9.32.3-4448"
128.199.122.79 - - [14/Mar/2015:11:30:49 +0000] "GET /wp-content/themes/blogolife/images/green/style.css?ver=4.1.1 HTTP/1.1" 304 0 "http://gerhatas.com/konveksi-tas/konveksi-tas-tangerang" "Serf/1.1.0 mod_pagespeed/1.9.32.3-4448"
128.199.122.79 - - [14/Mar/2015:11:30:49 +0000] "GET /wp-includes/js/jquery/jquery.js?ver=1.11.1 HTTP/1.1" 304 0 "http://gerhatas.com/konveksi-tas/konveksi-tas-tangerang" "Serf/1.1.0 mod_pagespeed/1.9.32.3-4448"
128.199.122.79 - - [14/Mar/2015:11:30:49 +0000] "GET /wp-includes/js/jquery/jquery-migrate.min.js?ver=1.2.1 HTTP/1.1" 304 0 "http://gerhatas.com/konveksi-tas/konveksi-tas-tangerang" "Serf/1.1.0 mod_pagespeed/1.9.32.3-4448"
128.199.122.79 - - [14/Mar/2015:11:30:49 +0000] "GET /wp-includes/js/comment-reply.min.js?ver=4.1.1 HTTP/1.1" 304 0 "http://gerhatas.com/konveksi-tas/konveksi-tas-tangerang" "Serf/1.1.0 mod_pagespeed/1.9.32.3-4448"
128.199.122.79 - - [14/Mar/2015:11:30:49 +0000] "GET /wp-content/plugins/contact-form-7/includes/js/jquery.form.min.js?ver=3.51.0-2014.06.20 HTTP/1.1" 304 0 "http://gerhatas.com/konveksi-tas/konveksi-tas-tangerang" "Serf/1.1.0 mod_pagespeed/1.9.32.3-4448"
128.199.122.79 - - [14/Mar/2015:11:30:49 +0000] "GET /wp-content/plugins/contact-form-7/includes/js/scripts.js?ver=4.0.3 HTTP/1.1" 304 0 "http://gerhatas.com/konveksi-tas/konveksi-tas-tangerang" "Serf/1.1.0 mod_pagespeed/1.9.32.3-4448"
36.72.6.220 - - [14/Mar/2015:11:30:49 +0000] "GET /konveksi-tas/konveksi-tas-tangerang HTTP/1.1" 200 30989 "-" "Mozilla/5.0 (Linux; U; Android 4.1.2; id-id; GT-I8262 Build/JZO54K) AppleWebKit/534.30 (KHTML, like Gecko) Version/4.0 Mobile Safari/534.30"
128.199.122.79 - - [14/Mar/2015:11:30:49 +0000] "GET /wp-content/plugins/peters-custom-anti-spam-image/custom_anti_spam.php?antiselect=333 HTTP/1.1" 200 1861 "http://gerhatas.com/konveksi-tas/konveksi-tas-tangerang" "Serf/1.1.0 mod_pagespeed/1.9.32.3-4448"
36.72.6.220 - - [14/Mar/2015:11:30:57 +0000] "GET /wp-content/themes/blogolife/style.css HTTP/1.1" 200 22472 "http://gerhatas.com/konveksi-tas/konveksi-tas-tangerang" "Mozilla/5.0 (Linux; U; Android 4.1.2; id-id; GT-I8262 Build/JZO54K) AppleWebKit/534.30 (KHTML, like Gecko) Version/4.0 Mobile Safari/534.30"
36.72.6.220 - - [14/Mar/2015:11:30:57 +0000] "GET /wp-content/plugins/contact-form-7/includes/css/A.styles.css,qver=4.0.3.pagespeed.cf.Io6Fs5icoS.css HTTP/1.1" 304 0 "http://gerhatas.com/konveksi-tas/konveksi-tas-tangerang" "Mozilla/5.0 (Linux; U; Android 4.1.2; id-id; GT-I8262 Build/JZO54K) AppleWebKit/534.30 (KHTML, like Gecko) Version/4.0 Mobile Safari/534.30"
36.72.6.220 - - [14/Mar/2015:11:30:58 +0000] "GET /wp-content/plugins/sitemap/css/A.page-list.css,qver=4.3.pagespeed.cf._ZlYp4hFA2.css HTTP/1.1" 304 0 "http://gerhatas.com/konveksi-tas/konveksi-tas-tangerang" "Mozilla/5.0 (Linux; U; Android 4.1.2; id-id; GT-I8262 Build/JZO54K) AppleWebKit/534.30 (KHTML, like Gecko) Version/4.0 Mobile Safari/534.30"
36.72.6.220 - - [14/Mar/2015:11:30:58 +0000] "GET /wp-content/plugins/twitter-plugin/css/A.style.css,qver=4.1.1.pagespeed.cf.Oxc1MH4Pd2.css HTTP/1.1" 304 0 "http://gerhatas.com/konveksi-tas/konveksi-tas-tangerang" "Mozilla/5.0 (Linux; U; Android 4.1.2; id-id; GT-I8262 Build/JZO54K) AppleWebKit/534.30 (KHTML, like Gecko) Version/4.0 Mobile Safari/534.30"
36.72.6.220 - - [14/Mar/2015:11:30:58 +0000] "GET /wp-content/themes/blogolife/images/green/A.style.css,qver=4.1.1.pagespeed.cf.amoCZhujty.css HTTP/1.1" 304 0 "http://gerhatas.com/konveksi-tas/konveksi-tas-tangerang" "Mozilla/5.0 (Linux; U; Android 4.1.2; id-id; GT-I8262 Build/JZO54K) AppleWebKit/534.30 (KHTML, like Gecko) Version/4.0 Mobile Safari/534.30"
36.72.6.220 - - [14/Mar/2015:11:30:58 +0000] "GET /wp-includes/js/jquery/jquery.js?ver=1.11.1 HTTP/1.1" 200 95807 "http://gerhatas.com/konveksi-tas/konveksi-tas-tangerang" "Mozilla/5.0 (Linux; U; Android 4.1.2; id-id; GT-I8262 Build/JZO54K) AppleWebKit/534.30 (KHTML, like Gecko) Version/4.0 Mobile Safari/534.30"
36.72.6.220 - - [14/Mar/2015:11:31:02 +0000] "GET /wp-includes/js/jquery/jquery-migrate.min.js?ver=1.2.1 HTTP/1.1" 200 7200 "http://gerhatas.com/konveksi-tas/konveksi-tas-tangerang" "Mozilla/5.0 (Linux; U; Android 4.1.2; id-id; GT-I8262 Build/JZO54K) AppleWebKit/534.30 (KHTML, like Gecko) Version/4.0 Mobile Safari/534.30"
36.72.6.220 - - [14/Mar/2015:11:31:05 +0000] "GET /wp-includes,_js,_comment-reply.min.js,qver==4.1.1+wp-content,_plugins,_contact-form-7,_includes,_js,_jquery.form.min.js,qver==3.51.0-2014.06.20.pagespeed.jc.oQIyBjzIEj.js HTTP/1.1" 200 16188 "http://gerhatas.com/konveksi-tas/konveksi-tas-tangerang" "Mozilla/5.0 (Linux; U; Android 4.1.2; id-id; GT-I8262 Build/JZO54K) AppleWebKit/534.30 (KHTML, like Gecko) Version/4.0 Mobile Safari/534.30"
36.72.6.220 - - [14/Mar/2015:11:31:05 +0000] "GET /wp-content/plugins/contact-form-7/includes/js/scripts.js?ver=4.0.3 HTTP/1.1" 200 9658 "http://gerhatas.com/konveksi-tas/konveksi-tas-tangerang" "Mozilla/5.0 (Linux; U; Android 4.1.2; id-id; GT-I8262 Build/JZO54K) AppleWebKit/534.30 (KHTML, like Gecko) Version/4.0 Mobile Safari/534.30"
123.201.56.96 - - [14/Mar/2015:11:31:37 +0000] "GET / HTTP/1.1" 200 15299 "http://semalt.semalt.com/crawler.php?u=http://gerhatas.com" "Mozilla/5.0 (Windows NT 6.1; WOW64) AppleWebKit/537.36 (KHTML, like Gecko) Chrome/36.0.1985.143 Safari/537.36"
36.72.6.220 - - [14/Mar/2015:11:31:42 +0000] "GET /wp-content/plugins/peters-custom-anti-spam-image/custom_anti_spam.php?antiselect=333 HTTP/1.1" 200 2382 "http://gerhatas.com/konveksi-tas/konveksi-tas-tangerang" "Mozilla/5.0 (Linux; U; Android 4.1.2; id-id; GT-I8262 Build/JZO54K) AppleWebKit/534.30 (KHTML, like Gecko) Version/4.0 Mobile Safari/534.30"
123.201.56.96 - - [14/Mar/2015:11:31:46 +0000] "GET /wp-content/themes/blogolife/A.style.css.pagespeed.cf.rHIZYwXEDE.css HTTP/1.1" 200 4455 "http://gerhatas.com/" "Mozilla/5.0 (Windows NT 6.1; WOW64) AppleWebKit/537.36 (KHTML, like Gecko) Chrome/36.0.1985.143 Safari/537.36"
123.201.56.96 - - [14/Mar/2015:11:31:47 +0000] "GET /wp-includes/js/jquery/jquery.js,qver=1.11.1.pagespeed.jm.z9hb-Gxqf6.js HTTP/1.1" 200 33158 "http://gerhatas.com/" "Mozilla/5.0 (Windows NT 6.1; WOW64) AppleWebKit/537.36 (KHTML, like Gecko) Chrome/36.0.1985.143 Safari/537.36"
123.201.56.96 - - [14/Mar/2015:11:31:47 +0000] "GET /wp-includes/js/jquery/jquery-migrate.min.js,qver=1.2.1.pagespeed.jm.mhpNjdU8Wl.js HTTP/1.1" 200 7085 "http://gerhatas.com/" "Mozilla/5.0 (Windows NT 6.1; WOW64) AppleWebKit/537.36 (KHTML, like Gecko) Chrome/36.0.1985.143 Safari/537.36"
123.201.56.96 - - [14/Mar/2015:11:31:48 +0000] "GET /_,Mjo.i5vD4bDT_N.js.pagespeed.jm.Xl7FGEUMGU.js HTTP/1.1" 200 3158 "http://gerhatas.com/" "Mozilla/5.0 (Windows NT 6.1; WOW64) AppleWebKit/537.36 (KHTML, like Gecko) Chrome/36.0.1985.143 Safari/537.36"
