123.201.56.96 - - [14/Mar/2015:11:31:48 +0000] "GET /wp-content/plugins/contact-form-7/includes/js/jquery.form.min.js,qver=3.51.0-2014.06.20.pagespeed.jm.RVBOol6lkO.js HTTP/1.1" 200 5670 "http://gerhatas.com/" "Mozilla/5.0 (Windows NT 6.1; WOW64) AppleWebKit/537.36 (KHTML, like Gecko) Chrome/36.0.1985.143 Safari/537.36"
123.201.56.96 - - [14/Mar/2015:11:31:48 +0000] "GET /wp-content/plugins/contact-form-7/includes/js/scripts.js,qver=4.0.3.pagespeed.jm.aPhR_ZcXmQ.js HTTP/1.1" 200 8155 "http://gerhatas.com/" "Mozilla/5.0 (Windows NT 6.1; WOW64) AppleWebKit/537.36 (KHTML, like Gecko) Chrome/36.0.1985.143 Safari/537.36"
36.72.6.220 - - [14/Mar/2015:11:32:15 +0000] "GET /konveksi-tas/_,Mjo.KeGY5yhYP2.js.pagespeed.jm.HwTj9hFX2W.js HTTP/1.1" 200 3193 "http://gerhatas.com/konveksi-tas/konveksi-tas-tangerang" "Mozilla/5.0 (Linux; U; Android 4.1.2; id-id; GT-I8262 Build/JZO54K) AppleWebKit/534.30 (KHTML, like Gecko) Version/4.0 Mobile Safari/534.30"
128.199.122.79 - - [14/Mar/2015:12:03:51 +0000] "GET /wp-content/themes/blogolife/style.css HTTP/1.1" 304 0 "http://gerhatas.com/" "Serf/1.1.0 mod_pagespeed/1.9.32.3-4448"
128.199.122.79 - - [14/Mar/2015:12:03:51 +0000] "GET /wp-content/plugins/contact-form-7/includes/css/styles.css?ver=4.0.3 HTTP/1.1" 304 0 "http://gerhatas.com/" "Serf/1.1.0 mod_pagespeed/1.9.32.3-4448"
128.199.122.79 - - [14/Mar/2015:12:03:51 +0000] "GET /wp-content/plugins/sitemap/css/page-list.css?ver=4.3 HTTP/1.1" 304 0 "http://gerhatas.com/" "Serf/1.1.0 mod_pagespeed/1.9.32.3-4448"
128.199.122.79 - - [14/Mar/2015:12:03:51 +0000] "GET /wp-content/plugins/twitter-plugin/css/style.css?ver=4.1.1 HTTP/1.1" 304 0 "http://gerhatas.com/" "Serf/1.1.0 mod_pagespeed/1.9.32.3-4448"
128.199.122.79 - - [14/Mar/2015:12:03:51 +0000] "GET /wp-content/themes/blogolife/images/green/style.css?ver=4.1.1 HTTP/1.1" 304 0 "http://gerhatas.com/" "Serf/1.1.0 mod_pagespeed/1.9.32.3-4448"
128.199.122.79 - - [14/Mar/2015:12:03:51 +0000] "GET /wp-includes/js/jquery/jquery.js?ver=1.11.1 HTTP/1.1" 304 0 "http://gerhatas.com/" "Serf/1.1.0 mod_pagespeed/1.9.32.3-4448"
128.199.122.79 - - [14/Mar/2015:12:03:51 +0000] "GET /wp-includes/js/jquery/jquery-migrate.min.js?ver=1.2.1 HTTP/1.1" 304 0 "http://gerhatas.com/" "Serf/1.1.0 mod_pagespeed/1.9.32.3-4448"
157.55.39.121 - - [14/Mar/2015:12:03:51 +0000] "GET / HTTP/1.1" 200 10241 "-" "Mozilla/5.0 (compatible; bingbot/2.0; +http://www.bing.com/bingbot.htm)"
128.199.122.79 - - [14/Mar/2015:12:03:51 +0000] "GET /wp-content/plugins/contact-form-7/includes/js/jquery.form.min.js?ver=3.51.0-2014.06.20 HTTP/1.1" 304 0 "http://gerhatas.com/" "Serf/1.1.0 mod_pagespeed/1.9.32.3-4448"
128.199.122.79 - - [14/Mar/2015:12:03:51 +0000] "GET /wp-content/plugins/contact-form-7/includes/js/scripts.js?ver=4.0.3 HTTP/1.1" 304 0 "http://gerhatas.com/" "Serf/1.1.0 mod_pagespeed/1.9.32.3-4448"
66.249.64.165 - - [14/Mar/2015:12:09:39 +0000] "GET /robots.txt HTTP/1.1" 404 1806 "-" "Mozilla/5.0 (compatible; Googlebot/2.1; +http://www.google.com/bot.html)"
128.199.122.79 - - [14/Mar/2015:12:09:40 +0000] "GET /wp-content/themes/blogolife/style.css HTTP/1.1" 304 0 "http://gerhatas.com/konveksi-tas/konveksi-tas-tangerang" "Serf/1.1.0 mod_pagespeed/1.9.32.3-4448"
128.199.122.79 - - [14/Mar/2015:12:09:40 +0000] "GET /wp-content/plugins/contact-form-7/includes/css/styles.css?ver=4.0.3 HTTP/1.1" 304 0 "http://gerhatas.com/konveksi-tas/konveksi-tas-tangerang" "Serf/1.1.0 mod_pagespeed/1.9.32.3-4448"
128.199.122.79 - - [14/Mar/2015:12:09:40 +0000] "GET /wp-content/plugins/sitemap/css/page-list.css?ver=4.3 HTTP/1.1" 304 0 "http://gerhatas.com/konveksi-tas/konveksi-tas-tangerang" "Serf/1.1.0 mod_pagespeed/1.9.32.3-4448"
128.199.122.79 - - [14/Mar/2015:12:09:40 +0000] "GET /wp-content/plugins/twitter-plugin/css/style.css?ver=4.1.1 HTTP/1.1" 304 0 "http://gerhatas.com/konveksi-tas/konveksi-tas-tangerang" "Serf/1.1.0 mod_pagespeed/1.9.32.3-4448"
128.199.122.79 - - [14/Mar/2015:12:09:40 +0000] "GET /wp-content/themes/blogolife/images/green/style.css?ver=4.1.1 HTTP/1.1" 304 0 "http://gerhatas.com/konveksi-tas/konveksi-tas-tangerang" "Serf/1.1.0 mod_pagespeed/1.9.32.3-4448"
128.199.122.79 - - [14/Mar/2015:12:09:40 +0000] "GET /wp-includes/js/jquery/jquery.js?ver=1.11.1 HTTP/1.1" 304 0 "http://gerhatas.com/konveksi-tas/konveksi-tas-tangerang" "Serf/1.1.0 mod_pagespeed/1.9.32.3-4448"
128.199.122.79 - - [14/Mar/2015:12:09:40 +0000] "GET /wp-includes/js/jquery/jquery-migrate.min.js?ver=1.2.1 HTTP/1.1" 304 0 "http://gerhatas.com/konveksi-tas/konveksi-tas-tangerang" "Serf/1.1.0 mod_pagespeed/1.9.32.3-4448"
128.199.122.79 - - [14/Mar/2015:12:09:40 +0000] "GET /wp-includes/js/comment-reply.min.js?ver=4.1.1 HTTP/1.1" 304 0 "http://gerhatas.com/konveksi-tas/konveksi-tas-tangerang" "Serf/1.1.0 mod_pagespeed/1.9.32.3-4448"
66.249.64.165 - - [14/Mar/2015:12:09:40 +0000] "GET /konveksi-tas/konveksi-tas-tangerang HTTP/1.1" 200 7001 "-" "Mozilla/5.0 (compatible; Googlebot/2.1; +http://www.google.com/bot.html)"
128.199.122.79 - - [14/Mar/2015:12:09:40 +0000] "GET /wp-content/plugins/contact-form-7/includes/js/jquery.form.min.js?ver=3.51.0-2014.06.20 HTTP/1.1" 304 0 "http://gerhatas.com/konveksi-tas/konveksi-tas-tangerang" "Serf/1.1.0 mod_pagespeed/1.9.32.3-4448"
128.199.122.79 - - [14/Mar/2015:12:09:40 +0000] "GET /wp-content/plugins/contact-form-7/includes/js/scripts.js?ver=4.0.3 HTTP/1.1" 304 0 "http://gerhatas.com/konveksi-tas/konveksi-tas-tangerang" "Serf/1.1.0 mod_pagespeed/1.9.32.3-4448"
128.199.122.79 - - [14/Mar/2015:12:09:40 +0000] "GET /wp-content/plugins/peters-custom-anti-spam-image/custom_anti_spam.php?antiselect=334 HTTP/1.1" 200 1692 "http://gerhatas.com/konveksi-tas/konveksi-tas-tangerang" "Serf/1.1.0 mod_pagespeed/1.9.32.3-4448"
128.199.122.79 - - [14/Mar/2015:12:41:19 +0000] "POST /wp-cron.php?doing_wp_cron=1426336879.1382679939270019531250 HTTP/1.0" 200 20 "-" "WordPress/4.1.1; http://gerhatas.com"
128.199.122.79 - - [14/Mar/2015:12:41:19 +0000] "GET /wp-content/themes/blogolife/style.css HTTP/1.1" 304 0 "http://gerhatas.com/" "Serf/1.1.0 mod_pagespeed/1.9.32.3-4448"
128.199.122.79 - - [14/Mar/2015:12:41:19 +0000] "GET /wp-content/plugins/contact-form-7/includes/css/styles.css?ver=4.0.3 HTTP/1.1" 304 0 "http://gerhatas.com/" "Serf/1.1.0 mod_pagespeed/1.9.32.3-4448"
128.199.122.79 - - [14/Mar/2015:12:41:19 +0000] "GET /wp-content/plugins/sitemap/css/page-list.css?ver=4.3 HTTP/1.1" 304 0 "http://gerhatas.com/" "Serf/1.1.0 mod_pagespeed/1.9.32.3-4448"
128.199.122.79 - - [14/Mar/2015:12:41:19 +0000] "GET /wp-content/plugins/twitter-plugin/css/style.css?ver=4.1.1 HTTP/1.1" 304 0 "http://gerhatas.com/" "Serf/1.1.0 mod_pagespeed/1.9.32.3-4448"
128.199.122.79 - - [14/Mar/2015:12:41:19 +0000] "GET /wp-content/themes/blogolife/images/green/style.css?ver=4.1.1 HTTP/1.1" 304 0 "http://gerhatas.com/" "Serf/1.1.0 mod_pagespeed/1.9.32.3-4448"
128.199.122.79 - - [14/Mar/2015:12:41:19 +0000] "GET /wp-includes/js/jquery/jquery.js?ver=1.11.1 HTTP/1.1" 304 0 "http://gerhatas.com/" "Serf/1.1.0 mod_pagespeed/1.9.32.3-4448"
128.199.122.79 - - [14/Mar/2015:12:41:19 +0000] "GET /wp-includes/js/jquery/jquery-migrate.min.js?ver=1.2.1 HTTP/1.1" 304 0 "http://gerhatas.com/" "Serf/1.1.0 mod_pagespeed/1.9.32.3-4448"
128.199.122.79 - - [14/Mar/2015:12:41:19 +0000] "GET /wp-content/plugins/contact-form-7/includes/js/jquery.form.min.js?ver=3.51.0-2014.06.20 HTTP/1.1" 304 0 "http://gerhatas.com/" "Serf/1.1.0 mod_pagespeed/1.9.32.3-4448"
128.199.122.79 - - [14/Mar/2015:12:41:19 +0000] "GET /wp-content/plugins/contact-form-7/includes/js/scripts.js?ver=4.0.3 HTTP/1.1" 304 0 "http://gerhatas.com/" "Serf/1.1.0 mod_pagespeed/1.9.32.3-4448"
104.236.160.191 - - [14/Mar/2015:12:41:19 +0000] "GET / HTTP/1.1" 200 10289 "-" "CRAZYWEBCRAWLER 0.9.2, http://www.crazywebcrawler.com"
128.199.122.79 - - [14/Mar/2015:12:51:11 +0000] "GET /wp-content/themes/blogolife/style.css HTTP/1.1" 304 0 "http://gerhatas.com/konveksi-tas/konveksi-tas-pancing" "Serf/1.1.0 mod_pagespeed/1.9.32.3-4448"
128.199.122.79 - - [14/Mar/2015:12:51:11 +0000] "GET /wp-content/plugins/contact-form-7/includes/css/styles.css?ver=4.0.3 HTTP/1.1" 304 0 "http://gerhatas.com/konveksi-tas/konveksi-tas-pancing" "Serf/1.1.0 mod_pagespeed/1.9.32.3-4448"
128.199.122.79 - - [14/Mar/2015:12:51:11 +0000] "GET /wp-content/plugins/sitemap/css/page-list.css?ver=4.3 HTTP/1.1" 304 0 "http://gerhatas.com/konveksi-tas/konveksi-tas-pancing" "Serf/1.1.0 mod_pagespeed/1.9.32.3-4448"
128.199.122.79 - - [14/Mar/2015:12:51:11 +0000] "GET /wp-content/plugins/twitter-plugin/css/style.css?ver=4.1.1 HTTP/1.1" 304 0 "http://gerhatas.com/konveksi-tas/konveksi-tas-pancing" "Serf/1.1.0 mod_pagespeed/1.9.32.3-4448"
128.199.122.79 - - [14/Mar/2015:12:51:11 +0000] "GET /wp-content/themes/blogolife/images/green/style.css?ver=4.1.1 HTTP/1.1" 304 0 "http://gerhatas.com/konveksi-tas/konveksi-tas-pancing" "Serf/1.1.0 mod_pagespeed/1.9.32.3-4448"
128.199.122.79 - - [14/Mar/2015:12:51:11 +0000] "GET /wp-includes/js/jquery/jquery.js?ver=1.11.1 HTTP/1.1" 304 0 "http://gerhatas.com/konveksi-tas/konveksi-tas-pancing" "Serf/1.1.0 mod_pagespeed/1.9.32.3-4448"
128.199.122.79 - - [14/Mar/2015:12:51:11 +0000] "GET /wp-includes/js/jquery/jquery-migrate.min.js?ver=1.2.1 HTTP/1.1" 304 0 "http://gerhatas.com/konveksi-tas/konveksi-tas-pancing" "Serf/1.1.0 mod_pagespeed/1.9.32.3-4448"
128.199.122.79 - - [14/Mar/2015:12:51:11 +0000] "GET /wp-includes/js/comment-reply.min.js?ver=4.1.1 HTTP/1.1" 304 0 "http://gerhatas.com/konveksi-tas/konveksi-tas-pancing" "Serf/1.1.0 mod_pagespeed/1.9.32.3-4448"
128.199.122.79 - - [14/Mar/2015:12:51:11 +0000] "GET /wp-content/plugins/contact-form-7/includes/js/jquery.form.min.js?ver=3.51.0-2014.06.20 HTTP/1.1" 304 0 "http://gerhatas.com/konveksi-tas/konveksi-tas-pancing" "Serf/1.1.0 mod_pagespeed/1.9.32.3-4448"
128.199.122.79 - - [14/Mar/2015:12:51:11 +0000] "GET /wp-content/plugins/contact-form-7/includes/js/scripts.js?ver=4.0.3 HTTP/1.1" 304 0 "http://gerhatas.com/konveksi-tas/konveksi-tas-pancing" "Serf/1.1.0 mod_pagespeed/1.9.32.3-4448"
118.97.57.7 - - [14/Mar/2015:12:51:11 +0000] "GET /konveksi-tas/konveksi-tas-pancing HTTP/1.1" 200 10772 "http://www.google.com/url?sa=t&rct=j&q=&esrc=s&source=web&cd=9&ved=0CDwQFjAI&url=http%3A%2F%2Fgerhatas.com%2Fkonveksi-tas%2Fkonveksi-tas-pancing&ei=uS4EVaOOKZSpuQTPkoK4Ag&usg=AFQjCNFiyo5gnMBSrNOVNUACccpg45lh7Q&bvm=bv.88198703,d.c2E" "Mozilla/5.0 (Windows NT 5.1; rv:35.0) Gecko/20100101 Firefox/35.0"
128.199.122.79 - - [14/Mar/2015:12:51:11 +0000] "GET /wp-content/plugins/peters-custom-anti-spam-image/custom_anti_spam.php?antiselect=335 HTTP/1.1" 200 1679 "http://gerhatas.com/konveksi-tas/konveksi-tas-pancing" "Serf/1.1.0 mod_pagespeed/1.9.32.3-4448"
118.97.57.7 - - [14/Mar/2015:12:51:12 +0000] "GET /wp-content/plugins/sitemap/css/A.page-list.css,qver=4.3.pagespeed.cf._ZlYp4hFA2.css HTTP/1.1" 200 412 "http://gerhatas.com/konveksi-tas/konveksi-tas-pancing" "Mozilla/5.0 (Windows NT 5.1; rv:35.0) Gecko/20100101 Firefox/35.0"
118.97.57.7 - - [14/Mar/2015:12:51:12 +0000] "GET /wp-content/themes/blogolife/style.css HTTP/1.1" 200 5450 "http://gerhatas.com/konveksi-tas/konveksi-tas-pancing" "Mozilla/5.0 (Windows NT 5.1; rv:35.0) Gecko/20100101 Firefox/35.0"
118.97.57.7 - - [14/Mar/2015:12:51:12 +0000] "GET /wp-content/plugins/twitter-plugin/css/A.style.css,qver=4.1.1.pagespeed.cf.Oxc1MH4Pd2.css HTTP/1.1" 200 43 "http://gerhatas.com/konveksi-tas/konveksi-tas-pancing" "Mozilla/5.0 (Windows NT 5.1; rv:35.0) Gecko/20100101 Firefox/35.0"
118.97.57.7 - - [14/Mar/2015:12:51:12 +0000] "GET /wp-includes/js/jquery/jquery.js?ver=1.11.1 HTTP/1.1" 200 33221 "http://gerhatas.com/konveksi-tas/konveksi-tas-pancing" "Mozilla/5.0 (Windows NT 5.1; rv:35.0) Gecko/20100101 Firefox/35.0"
118.97.57.7 - - [14/Mar/2015:12:51:12 +0000] "GET /wp-includes/js/jquery/jquery-migrate.min.js?ver=1.2.1 HTTP/1.1" 200 7200 "http://gerhatas.com/konveksi-tas/konveksi-tas-pancing" "Mozilla/5.0 (Windows NT 5.1; rv:35.0) Gecko/20100101 Firefox/35.0"
118.97.57.7 - - [14/Mar/2015:12:51:12 +0000] "GET /wp-content/plugins/contact-form-7/includes/css/A.styles.css,qver=4.0.3.pagespeed.cf.Io6Fs5icoS.css HTTP/1.1" 200 912 "http://gerhatas.com/konveksi-tas/konveksi-tas-pancing" "Mozilla/5.0 (Windows NT 5.1; rv:35.0) Gecko/20100101 Firefox/35.0"
118.97.57.7 - - [14/Mar/2015:12:51:12 +0000] "GET /konveksi-tas/_,Mjo.xv8nyZItaR.js.pagespeed.jm.yU80dpziRZ.js HTTP/1.1" 200 3191 "http://gerhatas.com/konveksi-tas/konveksi-tas-pancing" "Mozilla/5.0 (Windows NT 5.1; rv:35.0) Gecko/20100101 Firefox/35.0"
118.97.57.7 - - [14/Mar/2015:12:51:12 +0000] "GET /wp-includes/js/comment-reply.min.js?ver=4.1.1 HTTP/1.1" 200 757 "http://gerhatas.com/konveksi-tas/konveksi-tas-pancing" "Mozilla/5.0 (Windows NT 5.1; rv:35.0) Gecko/20100101 Firefox/35.0"
118.97.57.7 - - [14/Mar/2015:12:51:12 +0000] "GET /wp-content/plugins/contact-form-7/includes/js/jquery.form.min.js?ver=3.51.0-2014.06.20 HTTP/1.1" 200 5872 "http://gerhatas.com/konveksi-tas/konveksi-tas-pancing" "Mozilla/5.0 (Windows NT 5.1; rv:35.0) Gecko/20100101 Firefox/35.0"
118.97.57.7 - - [14/Mar/2015:12:51:12 +0000] "GET /wp-content/themes/blogolife/images/green/style.css?ver=4.1.1 HTTP/1.1" 200 1314 "http://gerhatas.com/konveksi-tas/konveksi-tas-pancing" "Mozilla/5.0 (Windows NT 5.1; rv:35.0) Gecko/20100101 Firefox/35.0"
118.97.57.7 - - [14/Mar/2015:12:51:12 +0000] "GET /wp-content/plugins/contact-form-7/includes/js/scripts.js?ver=4.0.3 HTTP/1.1" 200 9658 "http://gerhatas.com/konveksi-tas/konveksi-tas-pancing" "Mozilla/5.0 (Windows NT 5.1; rv:35.0) Gecko/20100101 Firefox/35.0"
118.97.57.7 - - [14/Mar/2015:12:51:13 +0000] "GET /wp-content/plugins/peters-custom-anti-spam-image/custom_anti_spam.php?antiselect=335 HTTP/1.1" 200 1741 "http://gerhatas.com/konveksi-tas/konveksi-tas-pancing" "Mozilla/5.0 (Windows NT 5.1; rv:35.0) Gecko/20100101 Firefox/35.0"
118.97.57.7 - - [14/Mar/2015:12:51:13 +0000] "POST /ngx_pagespeed_beacon?url=http%3A%2F%2Fgerhatas.com%2Fkonveksi-tas%2Fkonveksi-tas-pancing HTTP/1.1" 204 0 "http://gerhatas.com/konveksi-tas/konveksi-tas-pancing" "Mozilla/5.0 (Windows NT 5.1; rv:35.0) Gecko/20100101 Firefox/35.0"
66.249.64.190 - - [14/Mar/2015:13:07:40 +0000] "GET /robots.txt HTTP/1.1" 404 1806 "-" "Mozilla/5.0 (compatible; Googlebot/2.1; +http://www.google.com/bot.html)"
66.249.64.194 - - [14/Mar/2015:13:07:41 +0000] "GET / HTTP/1.1" 301 5 "-" "Mozilla/5.0 (compatible; Googlebot/2.1; +http://www.google.com/bot.html)"
128.199.122.79 - - [14/Mar/2015:13:07:42 +0000] "GET /wp-content/themes/blogolife/style.css HTTP/1.1" 304 0 "http://gerhatas.com/" "Serf/1.1.0 mod_pagespeed/1.9.32.3-4448"
128.199.122.79 - - [14/Mar/2015:13:07:42 +0000] "GET /wp-content/plugins/contact-form-7/includes/css/styles.css?ver=4.0.3 HTTP/1.1" 304 0 "http://gerhatas.com/" "Serf/1.1.0 mod_pagespeed/1.9.32.3-4448"
128.199.122.79 - - [14/Mar/2015:13:07:42 +0000] "GET /wp-content/plugins/sitemap/css/page-list.css?ver=4.3 HTTP/1.1" 304 0 "http://gerhatas.com/" "Serf/1.1.0 mod_pagespeed/1.9.32.3-4448"
128.199.122.79 - - [14/Mar/2015:13:07:42 +0000] "GET /wp-content/plugins/twitter-plugin/css/style.css?ver=4.1.1 HTTP/1.1" 304 0 "http://gerhatas.com/" "Serf/1.1.0 mod_pagespeed/1.9.32.3-4448"
128.199.122.79 - - [14/Mar/2015:13:07:42 +0000] "GET /wp-content/themes/blogolife/images/green/style.css?ver=4.1.1 HTTP/1.1" 304 0 "http://gerhatas.com/" "Serf/1.1.0 mod_pagespeed/1.9.32.3-4448"
128.199.122.79 - - [14/Mar/2015:13:07:42 +0000] "GET /wp-includes/js/jquery/jquery.js?ver=1.11.1 HTTP/1.1" 304 0 "http://gerhatas.com/" "Serf/1.1.0 mod_pagespeed/1.9.32.3-4448"
66.249.64.165 - - [14/Mar/2015:13:07:42 +0000] "GET / HTTP/1.1" 200 10241 "-" "Mozilla/5.0 (compatible; Googlebot/2.1; +http://www.google.com/bot.html)"
128.199.122.79 - - [14/Mar/2015:13:07:42 +0000] "GET /wp-includes/js/jquery/jquery-migrate.min.js?ver=1.2.1 HTTP/1.1" 304 0 "http://gerhatas.com/" "Serf/1.1.0 mod_pagespeed/1.9.32.3-4448"
128.199.122.79 - - [14/Mar/2015:13:07:42 +0000] "GET /wp-content/plugins/contact-form-7/includes/js/jquery.form.min.js?ver=3.51.0-2014.06.20 HTTP/1.1" 304 0 "http://gerhatas.com/" "Serf/1.1.0 mod_pagespeed/1.9.32.3-4448"
128.199.122.79 - - [14/Mar/2015:13:07:42 +0000] "GET /wp-content/plugins/contact-form-7/includes/js/scripts.js?ver=4.0.3 HTTP/1.1" 304 0 "http://gerhatas.com/" "Serf/1.1.0 mod_pagespeed/1.9.32.3-4448"
128.199.122.79 - - [14/Mar/2015:13:18:34 +0000] "POST /wp-cron.php?doing_wp_cron=1426339114.1197719573974609375000 HTTP/1.0" 200 20 "-" "WordPress/4.1.1; http://gerhatas.com"
66.249.64.165 - - [14/Mar/2015:13:18:34 +0000] "GET /wp-content/plugins/peters-custom-anti-spam-image/custom_anti_spam.php?antiselect=99 HTTP/1.1" 200 1853 "-" "Googlebot-Image/1.0"
128.199.122.79 - - [14/Mar/2015:13:19:04 +0000] "GET /wp-content/themes/blogolife/style.css HTTP/1.1" 304 0 "http://gerhatas.com/konveksi-tas/konveksi-tas-pancing" "Serf/1.1.0 mod_pagespeed/1.9.32.3-4448"
128.199.122.79 - - [14/Mar/2015:13:19:04 +0000] "GET /wp-content/plugins/contact-form-7/includes/css/styles.css?ver=4.0.3 HTTP/1.1" 304 0 "http://gerhatas.com/konveksi-tas/konveksi-tas-pancing" "Serf/1.1.0 mod_pagespeed/1.9.32.3-4448"
128.199.122.79 - - [14/Mar/2015:13:19:04 +0000] "GET /wp-content/plugins/sitemap/css/page-list.css?ver=4.3 HTTP/1.1" 304 0 "http://gerhatas.com/konveksi-tas/konveksi-tas-pancing" "Serf/1.1.0 mod_pagespeed/1.9.32.3-4448"
128.199.122.79 - - [14/Mar/2015:13:19:04 +0000] "GET /wp-content/plugins/twitter-plugin/css/style.css?ver=4.1.1 HTTP/1.1" 304 0 "http://gerhatas.com/konveksi-tas/konveksi-tas-pancing" "Serf/1.1.0 mod_pagespeed/1.9.32.3-4448"
128.199.122.79 - - [14/Mar/2015:13:19:04 +0000] "GET /wp-content/themes/blogolife/images/green/style.css?ver=4.1.1 HTTP/1.1" 304 0 "http://gerhatas.com/konveksi-tas/konveksi-tas-pancing" "Serf/1.1.0 mod_pagespeed/1.9.32.3-4448"
128.199.122.79 - - [14/Mar/2015:13:19:04 +0000] "GET /wp-includes/js/jquery/jquery.js?ver=1.11.1 HTTP/1.1" 304 0 "http://gerhatas.com/konveksi-tas/konveksi-tas-pancing" "Serf/1.1.0 mod_pagespeed/1.9.32.3-4448"
128.199.122.79 - - [14/Mar/2015:13:19:04 +0000] "GET /wp-includes/js/jquery/jquery-migrate.min.js?ver=1.2.1 HTTP/1.1" 304 0 "http://gerhatas.com/konveksi-tas/konveksi-tas-pancing" "Serf/1.1.0 mod_pagespeed/1.9.32.3-4448"
128.199.122.79 - - [14/Mar/2015:13:19:04 +0000] "GET /wp-includes/js/comment-reply.min.js?ver=4.1.1 HTTP/1.1" 304 0 "http://gerhatas.com/konveksi-tas/konveksi-tas-pancing" "Serf/1.1.0 mod_pagespeed/1.9.32.3-4448"
66.249.64.161 - - [14/Mar/2015:13:19:04 +0000] "GET /konveksi-tas/konveksi-tas-pancing HTTP/1.1" 200 7023 "-" "Mozilla/5.0 (compatible; Googlebot/2.1; +http://www.google.com/bot.html)"
128.199.122.79 - - [14/Mar/2015:13:19:04 +0000] "GET /wp-content/plugins/contact-form-7/includes/js/jquery.form.min.js?ver=3.51.0-2014.06.20 HTTP/1.1" 304 0 "http://gerhatas.com/konveksi-tas/konveksi-tas-pancing" "Serf/1.1.0 mod_pagespeed/1.9.32.3-4448"
128.199.122.79 - - [14/Mar/2015:13:19:04 +0000] "GET /wp-content/plugins/contact-form-7/includes/js/scripts.js?ver=4.0.3 HTTP/1.1" 304 0 "http://gerhatas.com/konveksi-tas/konveksi-tas-pancing" "Serf/1.1.0 mod_pagespeed/1.9.32.3-4448"
128.199.122.79 - - [14/Mar/2015:13:19:04 +0000] "GET /wp-content/plugins/peters-custom-anti-spam-image/custom_anti_spam.php?antiselect=336 HTTP/1.1" 200 1741 "http://gerhatas.com/konveksi-tas/konveksi-tas-pancing" "Serf/1.1.0 mod_pagespeed/1.9.32.3-4448"
128.199.122.79 - - [14/Mar/2015:13:31:33 +0000] "POST /wp-cron.php?doing_wp_cron=1426339893.3729870319366455078125 HTTP/1.0" 200 20 "-" "WordPress/4.1.1; http://gerhatas.com"
128.199.122.79 - - [14/Mar/2015:13:31:33 +0000] "GET /wp-content/themes/blogolife/style.css HTTP/1.1" 304 0 "http://gerhatas.com/sample-page" "Serf/1.1.0 mod_pagespeed/1.9.32.3-4448"
128.199.122.79 - - [14/Mar/2015:13:31:33 +0000] "GET /wp-content/plugins/contact-form-7/includes/css/styles.css?ver=4.0.3 HTTP/1.1" 304 0 "http://gerhatas.com/sample-page" "Serf/1.1.0 mod_pagespeed/1.9.32.3-4448"
128.199.122.79 - - [14/Mar/2015:13:31:33 +0000] "GET /wp-content/plugins/sitemap/css/page-list.css?ver=4.3 HTTP/1.1" 304 0 "http://gerhatas.com/sample-page" "Serf/1.1.0 mod_pagespeed/1.9.32.3-4448"
128.199.122.79 - - [14/Mar/2015:13:31:33 +0000] "GET /wp-content/plugins/twitter-plugin/css/style.css?ver=4.1.1 HTTP/1.1" 304 0 "http://gerhatas.com/sample-page" "Serf/1.1.0 mod_pagespeed/1.9.32.3-4448"
128.199.122.79 - - [14/Mar/2015:13:31:33 +0000] "GET /wp-content/themes/blogolife/images/green/style.css?ver=4.1.1 HTTP/1.1" 304 0 "http://gerhatas.com/sample-page" "Serf/1.1.0 mod_pagespeed/1.9.32.3-4448"
128.199.122.79 - - [14/Mar/2015:13:31:33 +0000] "GET /wp-includes/js/jquery/jquery.js?ver=1.11.1 HTTP/1.1" 304 0 "http://gerhatas.com/sample-page" "Serf/1.1.0 mod_pagespeed/1.9.32.3-4448"
128.199.122.79 - - [14/Mar/2015:13:31:33 +0000] "GET /wp-includes/js/jquery/jquery-migrate.min.js?ver=1.2.1 HTTP/1.1" 304 0 "http://gerhatas.com/sample-page" "Serf/1.1.0 mod_pagespeed/1.9.32.3-4448"
128.199.122.79 - - [14/Mar/2015:13:31:33 +0000] "GET /wp-includes/js/comment-reply.min.js?ver=4.1.1 HTTP/1.1" 304 0 "http://gerhatas.com/sample-page" "Serf/1.1.0 mod_pagespeed/1.9.32.3-4448"
128.199.122.79 - - [14/Mar/2015:13:31:33 +0000] "GET /wp-content/plugins/contact-form-7/includes/js/jquery.form.min.js?ver=3.51.0-2014.06.20 HTTP/1.1" 304 0 "http://gerhatas.com/sample-page" "Serf/1.1.0 mod_pagespeed/1.9.32.3-4448"
128.199.122.79 - - [14/Mar/2015:13:31:33 +0000] "GET /wp-content/plugins/contact-form-7/includes/js/scripts.js?ver=4.0.3 HTTP/1.1" 304 0 "http://gerhatas.com/sample-page" "Serf/1.1.0 mod_pagespeed/1.9.32.3-4448"
66.249.64.157 - - [14/Mar/2015:13:31:33 +0000] "GET /sample-page HTTP/1.1" 200 3773 "-" "Mozilla/5.0 (compatible; Googlebot/2.1; +http://www.google.com/bot.html)"
82.145.211.212 - - [14/Mar/2015:13:34:16 +0000] "GET /feed HTTP/1.1" 301 5 "-" "Mozilla/4.0 (Windows 98; US) Opera 10.00 [en]"
82.145.211.212 - - [14/Mar/2015:13:34:17 +0000] "GET /feed HTTP/1.1" 200 7897 "-" "Mozilla/4.0 (Windows 98; US) Opera 10.00 [en]"
180.76.6.47 - - [14/Mar/2015:13:51:50 +0000] "GET /sample-page/attachment/tas-unik?utm_source=rss& HTTP/1.1" 301 5 "-" "Mozilla/5.0 (compatible; Baiduspider/2.0; +http://www.baidu.com/search/spider.html)"
128.199.122.79 - - [14/Mar/2015:13:51:50 +0000] "GET /wp-content/themes/blogolife/style.css HTTP/1.1" 304 0 "http://gerhatas.com/sample-page/attachment/tas-unik?utm_source=rss" "Serf/1.1.0 mod_pagespeed/1.9.32.3-4448"
128.199.122.79 - - [14/Mar/2015:13:51:50 +0000] "GET /wp-content/plugins/contact-form-7/includes/css/styles.css?ver=4.0.3 HTTP/1.1" 304 0 "http://gerhatas.com/sample-page/attachment/tas-unik?utm_source=rss" "Serf/1.1.0 mod_pagespeed/1.9.32.3-4448"
128.199.122.79 - - [14/Mar/2015:13:51:50 +0000] "GET /wp-content/plugins/sitemap/css/page-list.css?ver=4.3 HTTP/1.1" 304 0 "http://gerhatas.com/sample-page/attachment/tas-unik?utm_source=rss" "Serf/1.1.0 mod_pagespeed/1.9.32.3-4448"
128.199.122.79 - - [14/Mar/2015:13:51:50 +0000] "GET /wp-content/plugins/twitter-plugin/css/style.css?ver=4.1.1 HTTP/1.1" 304 0 "http://gerhatas.com/sample-page/attachment/tas-unik?utm_source=rss" "Serf/1.1.0 mod_pagespeed/1.9.32.3-4448"
128.199.122.79 - - [14/Mar/2015:13:51:50 +0000] "GET /wp-content/themes/blogolife/images/green/style.css?ver=4.1.1 HTTP/1.1" 304 0 "http://gerhatas.com/sample-page/attachment/tas-unik?utm_source=rss" "Serf/1.1.0 mod_pagespeed/1.9.32.3-4448"
128.199.122.79 - - [14/Mar/2015:13:51:50 +0000] "GET /wp-includes/js/jquery/jquery.js?ver=1.11.1 HTTP/1.1" 304 0 "http://gerhatas.com/sample-page/attachment/tas-unik?utm_source=rss" "Serf/1.1.0 mod_pagespeed/1.9.32.3-4448"
128.199.122.79 - - [14/Mar/2015:13:51:50 +0000] "GET /wp-includes/js/jquery/jquery-migrate.min.js?ver=1.2.1 HTTP/1.1" 304 0 "http://gerhatas.com/sample-page/attachment/tas-unik?utm_source=rss" "Serf/1.1.0 mod_pagespeed/1.9.32.3-4448"
128.199.122.79 - - [14/Mar/2015:13:51:50 +0000] "GET /wp-includes/js/comment-reply.min.js?ver=4.1.1 HTTP/1.1" 304 0 "http://gerhatas.com/sample-page/attachment/tas-unik?utm_source=rss" "Serf/1.1.0 mod_pagespeed/1.9.32.3-4448"
128.199.122.79 - - [14/Mar/2015:13:51:50 +0000] "GET /wp-content/plugins/contact-form-7/includes/js/jquery.form.min.js?ver=3.51.0-2014.06.20 HTTP/1.1" 304 0 "http://gerhatas.com/sample-page/attachment/tas-unik?utm_source=rss" "Serf/1.1.0 mod_pagespeed/1.9.32.3-4448"
128.199.122.79 - - [14/Mar/2015:13:51:50 +0000] "GET /wp-content/plugins/contact-form-7/includes/js/scripts.js?ver=4.0.3 HTTP/1.1" 304 0 "http://gerhatas.com/sample-page/attachment/tas-unik?utm_source=rss" "Serf/1.1.0 mod_pagespeed/1.9.32.3-4448"
180.76.5.168 - - [14/Mar/2015:13:51:50 +0000] "GET /sample-page/attachment/tas-unik?utm_source=rss HTTP/1.1" 200 5400 "-" "Mozilla/5.0 (compatible; Baiduspider/2.0; +http://www.baidu.com/search/spider.html)"
128.199.122.79 - - [14/Mar/2015:13:51:50 +0000] "GET /wp-content/plugins/peters-custom-anti-spam-image/custom_anti_spam.php?antiselect=337 HTTP/1.1" 200 1674 "http://gerhatas.com/sample-page/attachment/tas-unik?utm_source=rss" "Serf/1.1.0 mod_pagespeed/1.9.32.3-4448"
117.169.1.221 - - [14/Mar/2015:13:55:24 +0000] "GET /wp-admin/admin-ajax.php?action=revslider_ajax_action HTTP/1.1" 200 11 "http://gerhatas.com/wp-admin/admin-ajax.php?action=revslider_ajax_action" "Mozilla/5.0 (compatible; Googlebot/2.1; +http://www.google.com/bot.html)"
5.255.253.92 - - [14/Mar/2015:14:22:06 +0000] "GET /robots.txt HTTP/1.1" 404 1806 "-" "Mozilla/5.0 (compatible; YandexBot/3.0; +http://yandex.com/bots)"
128.199.122.79 - - [14/Mar/2015:14:28:40 +0000] "POST /wp-cron.php?doing_wp_cron=1426343320.5854990482330322265625 HTTP/1.0" 200 20 "-" "WordPress/4.1.1; http://gerhatas.com"
128.199.122.79 - - [14/Mar/2015:14:28:40 +0000] "GET /wp-content/themes/blogolife/style.css HTTP/1.1" 304 0 "http://gerhatas.com/konveksi-tas/konveksi-tas-sekolah" "Serf/1.1.0 mod_pagespeed/1.9.32.3-4448"
128.199.122.79 - - [14/Mar/2015:14:28:40 +0000] "GET /wp-content/plugins/contact-form-7/includes/css/styles.css?ver=4.0.3 HTTP/1.1" 304 0 "http://gerhatas.com/konveksi-tas/konveksi-tas-sekolah" "Serf/1.1.0 mod_pagespeed/1.9.32.3-4448"
128.199.122.79 - - [14/Mar/2015:14:28:40 +0000] "GET /wp-content/plugins/sitemap/css/page-list.css?ver=4.3 HTTP/1.1" 304 0 "http://gerhatas.com/konveksi-tas/konveksi-tas-sekolah" "Serf/1.1.0 mod_pagespeed/1.9.32.3-4448"
128.199.122.79 - - [14/Mar/2015:14:28:40 +0000] "GET /wp-content/plugins/twitter-plugin/css/style.css?ver=4.1.1 HTTP/1.1" 304 0 "http://gerhatas.com/konveksi-tas/konveksi-tas-sekolah" "Serf/1.1.0 mod_pagespeed/1.9.32.3-4448"
128.199.122.79 - - [14/Mar/2015:14:28:40 +0000] "GET /wp-content/themes/blogolife/images/green/style.css?ver=4.1.1 HTTP/1.1" 304 0 "http://gerhatas.com/konveksi-tas/konveksi-tas-sekolah" "Serf/1.1.0 mod_pagespeed/1.9.32.3-4448"
128.199.122.79 - - [14/Mar/2015:14:28:40 +0000] "GET /wp-includes/js/jquery/jquery.js?ver=1.11.1 HTTP/1.1" 304 0 "http://gerhatas.com/konveksi-tas/konveksi-tas-sekolah" "Serf/1.1.0 mod_pagespeed/1.9.32.3-4448"
128.199.122.79 - - [14/Mar/2015:14:28:40 +0000] "GET /wp-includes/js/jquery/jquery-migrate.min.js?ver=1.2.1 HTTP/1.1" 304 0 "http://gerhatas.com/konveksi-tas/konveksi-tas-sekolah" "Serf/1.1.0 mod_pagespeed/1.9.32.3-4448"
66.249.64.165 - - [14/Mar/2015:14:28:40 +0000] "GET /konveksi-tas/konveksi-tas-sekolah HTTP/1.1" 200 7087 "-" "Mozilla/5.0 (compatible; Googlebot/2.1; +http://www.google.com/bot.html)"
128.199.122.79 - - [14/Mar/2015:14:28:40 +0000] "GET /wp-includes/js/comment-reply.min.js?ver=4.1.1 HTTP/1.1" 304 0 "http://gerhatas.com/konveksi-tas/konveksi-tas-sekolah" "Serf/1.1.0 mod_pagespeed/1.9.32.3-4448"
128.199.122.79 - - [14/Mar/2015:14:28:40 +0000] "GET /wp-content/plugins/contact-form-7/includes/js/jquery.form.min.js?ver=3.51.0-2014.06.20 HTTP/1.1" 304 0 "http://gerhatas.com/konveksi-tas/konveksi-tas-sekolah" "Serf/1.1.0 mod_pagespeed/1.9.32.3-4448"
128.199.122.79 - - [14/Mar/2015:14:28:40 +0000] "GET /wp-content/plugins/contact-form-7/includes/js/scripts.js?ver=4.0.3 HTTP/1.1" 304 0 "http://gerhatas.com/konveksi-tas/konveksi-tas-sekolah" "Serf/1.1.0 mod_pagespeed/1.9.32.3-4448"
128.199.122.79 - - [14/Mar/2015:14:28:40 +0000] "GET /wp-content/plugins/peters-custom-anti-spam-image/custom_anti_spam.php?antiselect=338 HTTP/1.1" 200 1617 "http://gerhatas.com/konveksi-tas/konveksi-tas-sekolah" "Serf/1.1.0 mod_pagespeed/1.9.32.3-4448"
66.249.64.161 - - [14/Mar/2015:14:40:48 +0000] "GET /wp-content/plugins/peters-custom-anti-spam-image/custom_anti_spam.php?antiselect=238 HTTP/1.1" 200 2044 "-" "Googlebot-Image/1.0"
128.199.122.79 - - [14/Mar/2015:15:01:09 +0000] "GET /wp-content/themes/blogolife/style.css HTTP/1.1" 304 0 "http://gerhatas.com/tas-pancing/attachment/tas-pancing-daiwa" "Serf/1.1.0 mod_pagespeed/1.9.32.3-4448"
128.199.122.79 - - [14/Mar/2015:15:01:09 +0000] "GET /wp-content/plugins/contact-form-7/includes/css/styles.css?ver=4.0.3 HTTP/1.1" 304 0 "http://gerhatas.com/tas-pancing/attachment/tas-pancing-daiwa" "Serf/1.1.0 mod_pagespeed/1.9.32.3-4448"
128.199.122.79 - - [14/Mar/2015:15:01:09 +0000] "GET /wp-content/plugins/sitemap/css/page-list.css?ver=4.3 HTTP/1.1" 304 0 "http://gerhatas.com/tas-pancing/attachment/tas-pancing-daiwa" "Serf/1.1.0 mod_pagespeed/1.9.32.3-4448"
128.199.122.79 - - [14/Mar/2015:15:01:09 +0000] "GET /wp-content/plugins/twitter-plugin/css/style.css?ver=4.1.1 HTTP/1.1" 304 0 "http://gerhatas.com/tas-pancing/attachment/tas-pancing-daiwa" "Serf/1.1.0 mod_pagespeed/1.9.32.3-4448"
128.199.122.79 - - [14/Mar/2015:15:01:09 +0000] "GET /wp-content/themes/blogolife/images/green/style.css?ver=4.1.1 HTTP/1.1" 304 0 "http://gerhatas.com/tas-pancing/attachment/tas-pancing-daiwa" "Serf/1.1.0 mod_pagespeed/1.9.32.3-4448"
128.199.122.79 - - [14/Mar/2015:15:01:09 +0000] "GET /wp-includes/js/jquery/jquery.js?ver=1.11.1 HTTP/1.1" 304 0 "http://gerhatas.com/tas-pancing/attachment/tas-pancing-daiwa" "Serf/1.1.0 mod_pagespeed/1.9.32.3-4448"
128.199.122.79 - - [14/Mar/2015:15:01:09 +0000] "GET /wp-includes/js/jquery/jquery-migrate.min.js?ver=1.2.1 HTTP/1.1" 304 0 "http://gerhatas.com/tas-pancing/attachment/tas-pancing-daiwa" "Serf/1.1.0 mod_pagespeed/1.9.32.3-4448"
66.249.64.165 - - [14/Mar/2015:15:01:09 +0000] "GET /tas-pancing/attachment/tas-pancing-daiwa HTTP/1.1" 200 5293 "-" "Mozilla/5.0 (compatible; Googlebot/2.1; +http://www.google.com/bot.html)"
128.199.122.79 - - [14/Mar/2015:15:01:09 +0000] "GET /wp-includes/js/comment-reply.min.js?ver=4.1.1 HTTP/1.1" 304 0 "http://gerhatas.com/tas-pancing/attachment/tas-pancing-daiwa" "Serf/1.1.0 mod_pagespeed/1.9.32.3-4448"
128.199.122.79 - - [14/Mar/2015:15:01:09 +0000] "GET /wp-content/plugins/contact-form-7/includes/js/jquery.form.min.js?ver=3.51.0-2014.06.20 HTTP/1.1" 304 0 "http://gerhatas.com/tas-pancing/attachment/tas-pancing-daiwa" "Serf/1.1.0 mod_pagespeed/1.9.32.3-4448"
128.199.122.79 - - [14/Mar/2015:15:01:09 +0000] "GET /wp-content/plugins/contact-form-7/includes/js/scripts.js?ver=4.0.3 HTTP/1.1" 304 0 "http://gerhatas.com/tas-pancing/attachment/tas-pancing-daiwa" "Serf/1.1.0 mod_pagespeed/1.9.32.3-4448"
128.199.122.79 - - [14/Mar/2015:15:01:09 +0000] "GET /wp-content/plugins/peters-custom-anti-spam-image/custom_anti_spam.php?antiselect=339 HTTP/1.1" 200 1737 "http://gerhatas.com/tas-pancing/attachment/tas-pancing-daiwa" "Serf/1.1.0 mod_pagespeed/1.9.32.3-4448"
128.199.122.79 - - [14/Mar/2015:15:20:04 +0000] "POST /wp-cron.php?doing_wp_cron=1426346404.5943439006805419921875 HTTP/1.0" 200 20 "-" "WordPress/4.1.1; http://gerhatas.com"
128.199.122.79 - - [14/Mar/2015:15:20:05 +0000] "GET /wp-content/themes/blogolife/style.css HTTP/1.1" 304 0 "http://gerhatas.com/tag/konveksi-tas-laptop-banten" "Serf/1.1.0 mod_pagespeed/1.9.32.3-4448"
128.199.122.79 - - [14/Mar/2015:15:20:05 +0000] "GET /wp-content/plugins/contact-form-7/includes/css/styles.css?ver=4.0.3 HTTP/1.1" 304 0 "http://gerhatas.com/tag/konveksi-tas-laptop-banten" "Serf/1.1.0 mod_pagespeed/1.9.32.3-4448"
128.199.122.79 - - [14/Mar/2015:15:20:05 +0000] "GET /wp-content/plugins/sitemap/css/page-list.css?ver=4.3 HTTP/1.1" 304 0 "http://gerhatas.com/tag/konveksi-tas-laptop-banten" "Serf/1.1.0 mod_pagespeed/1.9.32.3-4448"
128.199.122.79 - - [14/Mar/2015:15:20:05 +0000] "GET /wp-content/plugins/twitter-plugin/css/style.css?ver=4.1.1 HTTP/1.1" 304 0 "http://gerhatas.com/tag/konveksi-tas-laptop-banten" "Serf/1.1.0 mod_pagespeed/1.9.32.3-4448"
128.199.122.79 - - [14/Mar/2015:15:20:05 +0000] "GET /wp-content/themes/blogolife/images/green/style.css?ver=4.1.1 HTTP/1.1" 304 0 "http://gerhatas.com/tag/konveksi-tas-laptop-banten" "Serf/1.1.0 mod_pagespeed/1.9.32.3-4448"
128.199.122.79 - - [14/Mar/2015:15:20:05 +0000] "GET /wp-includes/js/jquery/jquery.js?ver=1.11.1 HTTP/1.1" 304 0 "http://gerhatas.com/tag/konveksi-tas-laptop-banten" "Serf/1.1.0 mod_pagespeed/1.9.32.3-4448"
128.199.122.79 - - [14/Mar/2015:15:20:05 +0000] "GET /wp-includes/js/jquery/jquery-migrate.min.js?ver=1.2.1 HTTP/1.1" 304 0 "http://gerhatas.com/tag/konveksi-tas-laptop-banten" "Serf/1.1.0 mod_pagespeed/1.9.32.3-4448"
128.199.122.79 - - [14/Mar/2015:15:20:05 +0000] "GET /wp-content/plugins/contact-form-7/includes/js/jquery.form.min.js?ver=3.51.0-2014.06.20 HTTP/1.1" 304 0 "http://gerhatas.com/tag/konveksi-tas-laptop-banten" "Serf/1.1.0 mod_pagespeed/1.9.32.3-4448"
128.199.122.79 - - [14/Mar/2015:15:20:05 +0000] "GET /wp-content/plugins/contact-form-7/includes/js/scripts.js?ver=4.0.3 HTTP/1.1" 304 0 "http://gerhatas.com/tag/konveksi-tas-laptop-banten" "Serf/1.1.0 mod_pagespeed/1.9.32.3-4448"
5.255.253.92 - - [14/Mar/2015:15:20:05 +0000] "GET /tag/konveksi-tas-laptop-banten HTTP/1.1" 200 5583 "-" "Mozilla/5.0 (compatible; YandexBot/3.0; +http://yandex.com/bots)"
128.199.122.79 - - [14/Mar/2015:15:47:03 +0000] "POST /wp-cron.php?doing_wp_cron=1426348023.3055469989776611328125 HTTP/1.0" 200 20 "-" "WordPress/4.1.1; http://gerhatas.com"
128.199.122.79 - - [14/Mar/2015:15:47:03 +0000] "GET /wp-content/themes/blogolife/style.css HTTP/1.1" 304 0 "http://gerhatas.com/tas-pancing" "Serf/1.1.0 mod_pagespeed/1.9.32.3-4448"
128.199.122.79 - - [14/Mar/2015:15:47:03 +0000] "GET /wp-content/plugins/contact-form-7/includes/css/styles.css?ver=4.0.3 HTTP/1.1" 304 0 "http://gerhatas.com/tas-pancing" "Serf/1.1.0 mod_pagespeed/1.9.32.3-4448"
128.199.122.79 - - [14/Mar/2015:15:47:03 +0000] "GET /wp-content/plugins/sitemap/css/page-list.css?ver=4.3 HTTP/1.1" 304 0 "http://gerhatas.com/tas-pancing" "Serf/1.1.0 mod_pagespeed/1.9.32.3-4448"
128.199.122.79 - - [14/Mar/2015:15:47:03 +0000] "GET /wp-content/plugins/twitter-plugin/css/style.css?ver=4.1.1 HTTP/1.1" 304 0 "http://gerhatas.com/tas-pancing" "Serf/1.1.0 mod_pagespeed/1.9.32.3-4448"
128.199.122.79 - - [14/Mar/2015:15:47:03 +0000] "GET /wp-content/themes/blogolife/images/green/style.css?ver=4.1.1 HTTP/1.1" 304 0 "http://gerhatas.com/tas-pancing" "Serf/1.1.0 mod_pagespeed/1.9.32.3-4448"
128.199.122.79 - - [14/Mar/2015:15:47:03 +0000] "GET /wp-includes/js/jquery/jquery.js?ver=1.11.1 HTTP/1.1" 304 0 "http://gerhatas.com/tas-pancing" "Serf/1.1.0 mod_pagespeed/1.9.32.3-4448"
128.199.122.79 - - [14/Mar/2015:15:47:03 +0000] "GET /wp-includes/js/jquery/jquery-migrate.min.js?ver=1.2.1 HTTP/1.1" 304 0 "http://gerhatas.com/tas-pancing" "Serf/1.1.0 mod_pagespeed/1.9.32.3-4448"
128.199.122.79 - - [14/Mar/2015:15:47:03 +0000] "GET /wp-includes/js/comment-reply.min.js?ver=4.1.1 HTTP/1.1" 304 0 "http://gerhatas.com/tas-pancing" "Serf/1.1.0 mod_pagespeed/1.9.32.3-4448"
128.199.122.79 - - [14/Mar/2015:15:47:03 +0000] "GET /wp-content/plugins/contact-form-7/includes/js/jquery.form.min.js?ver=3.51.0-2014.06.20 HTTP/1.1" 304 0 "http://gerhatas.com/tas-pancing" "Serf/1.1.0 mod_pagespeed/1.9.32.3-4448"
128.199.122.79 - - [14/Mar/2015:15:47:03 +0000] "GET /wp-content/plugins/contact-form-7/includes/js/scripts.js?ver=4.0.3 HTTP/1.1" 304 0 "http://gerhatas.com/tas-pancing" "Serf/1.1.0 mod_pagespeed/1.9.32.3-4448"
66.249.64.157 - - [14/Mar/2015:15:47:03 +0000] "GET /tas-pancing HTTP/1.1" 200 5259 "-" "Mozilla/5.0 (compatible; Googlebot/2.1; +http://www.google.com/bot.html)"
128.199.122.79 - - [14/Mar/2015:16:06:04 +0000] "POST /wp-cron.php?doing_wp_cron=1426349164.0822539329528808593750 HTTP/1.0" 499 0 "-" "WordPress/4.1.1; http://gerhatas.com"
131.228.29.81 - - [14/Mar/2015:16:06:04 +0000] "GET /konveksi-tas/konveksi-tas-tangerang HTTP/1.1" 301 5 "-" "Mozilla/5.0 (Series40; Nokia206/03.58; Profile/MIDP-2.1 Configuration/CLDC-1.1) Gecko/20100401 S40OviBrowser/2.2.0.0.36"
128.199.122.79 - - [14/Mar/2015:16:06:05 +0000] "GET /wp-content/themes/blogolife/style.css HTTP/1.1" 304 0 "http://gerhatas.com/konveksi-tas/konveksi-tas-tangerang" "Serf/1.1.0 mod_pagespeed/1.9.32.3-4448"
128.199.122.79 - - [14/Mar/2015:16:06:05 +0000] "GET /wp-content/plugins/contact-form-7/includes/css/styles.css?ver=4.0.3 HTTP/1.1" 304 0 "http://gerhatas.com/konveksi-tas/konveksi-tas-tangerang" "Serf/1.1.0 mod_pagespeed/1.9.32.3-4448"
128.199.122.79 - - [14/Mar/2015:16:06:05 +0000] "GET /wp-content/plugins/sitemap/css/page-list.css?ver=4.3 HTTP/1.1" 304 0 "http://gerhatas.com/konveksi-tas/konveksi-tas-tangerang" "Serf/1.1.0 mod_pagespeed/1.9.32.3-4448"
128.199.122.79 - - [14/Mar/2015:16:06:05 +0000] "GET /wp-content/plugins/twitter-plugin/css/style.css?ver=4.1.1 HTTP/1.1" 304 0 "http://gerhatas.com/konveksi-tas/konveksi-tas-tangerang" "Serf/1.1.0 mod_pagespeed/1.9.32.3-4448"
128.199.122.79 - - [14/Mar/2015:16:06:05 +0000] "GET /wp-content/themes/blogolife/images/green/style.css?ver=4.1.1 HTTP/1.1" 304 0 "http://gerhatas.com/konveksi-tas/konveksi-tas-tangerang" "Serf/1.1.0 mod_pagespeed/1.9.32.3-4448"
128.199.122.79 - - [14/Mar/2015:16:06:05 +0000] "GET /wp-includes/js/jquery/jquery.js?ver=1.11.1 HTTP/1.1" 304 0 "http://gerhatas.com/konveksi-tas/konveksi-tas-tangerang" "Serf/1.1.0 mod_pagespeed/1.9.32.3-4448"
128.199.122.79 - - [14/Mar/2015:16:06:05 +0000] "GET /wp-includes/js/jquery/jquery-migrate.min.js?ver=1.2.1 HTTP/1.1" 304 0 "http://gerhatas.com/konveksi-tas/konveksi-tas-tangerang" "Serf/1.1.0 mod_pagespeed/1.9.32.3-4448"
128.199.122.79 - - [14/Mar/2015:16:06:05 +0000] "GET /wp-includes/js/comment-reply.min.js?ver=4.1.1 HTTP/1.1" 304 0 "http://gerhatas.com/konveksi-tas/konveksi-tas-tangerang" "Serf/1.1.0 mod_pagespeed/1.9.32.3-4448"
131.228.29.26 - - [14/Mar/2015:16:06:05 +0000] "GET /konveksi-tas/konveksi-tas-tangerang HTTP/1.1" 200 6935 "-" "Mozilla/5.0 (Series40; Nokia206/03.58; Profile/MIDP-2.1 Configuration/CLDC-1.1) Gecko/20100401 S40OviBrowser/2.2.0.0.36"
128.199.122.79 - - [14/Mar/2015:16:06:05 +0000] "GET /wp-content/plugins/contact-form-7/includes/js/jquery.form.min.js?ver=3.51.0-2014.06.20 HTTP/1.1" 304 0 "http://gerhatas.com/konveksi-tas/konveksi-tas-tangerang" "Serf/1.1.0 mod_pagespeed/1.9.32.3-4448"
128.199.122.79 - - [14/Mar/2015:16:06:05 +0000] "GET /wp-content/plugins/contact-form-7/includes/js/scripts.js?ver=4.0.3 HTTP/1.1" 304 0 "http://gerhatas.com/konveksi-tas/konveksi-tas-tangerang" "Serf/1.1.0 mod_pagespeed/1.9.32.3-4448"
128.199.122.79 - - [14/Mar/2015:16:06:05 +0000] "GET /wp-content/plugins/peters-custom-anti-spam-image/custom_anti_spam.php?antiselect=340 HTTP/1.1" 200 2355 "http://gerhatas.com/konveksi-tas/konveksi-tas-tangerang" "Serf/1.1.0 mod_pagespeed/1.9.32.3-4448"
131.228.29.26 - - [14/Mar/2015:16:06:06 +0000] "GET /wp-content/themes/blogolife/style.css HTTP/1.1" 200 5450 "http://gerhatas.com/konveksi-tas/konveksi-tas-tangerang" "Mozilla/5.0 (Series40; Nokia206/03.58; Profile/MIDP-2.1 Configuration/CLDC-1.1) Gecko/20100401 S40OviBrowser/2.2.0.0.36"
131.228.29.53 - - [14/Mar/2015:16:06:06 +0000] "GET /wp-content/plugins/contact-form-7/includes/css/styles.css?ver=4.0.3 HTTP/1.1" 200 1103 "http://gerhatas.com/konveksi-tas/konveksi-tas-tangerang" "Mozilla/5.0 (Series40; Nokia206/03.58; Profile/MIDP-2.1 Configuration/CLDC-1.1) Gecko/20100401 S40OviBrowser/2.2.0.0.36"
131.228.29.56 - - [14/Mar/2015:16:06:06 +0000] "GET /wp-content/plugins/twitter-plugin/css/style.css?ver=4.1.1 HTTP/1.1" 200 71 "http://gerhatas.com/konveksi-tas/konveksi-tas-tangerang" "Mozilla/5.0 (Series40; Nokia206/03.58; Profile/MIDP-2.1 Configuration/CLDC-1.1) Gecko/20100401 S40OviBrowser/2.2.0.0.36"
131.228.29.57 - - [14/Mar/2015:16:06:06 +0000] "GET /wp-content/themes/blogolife/images/green/style.css?ver=4.1.1 HTTP/1.1" 200 1314 "http://gerhatas.com/konveksi-tas/konveksi-tas-tangerang" "Mozilla/5.0 (Series40; Nokia206/03.58; Profile/MIDP-2.1 Configuration/CLDC-1.1) Gecko/20100401 S40OviBrowser/2.2.0.0.36"
131.228.29.61 - - [14/Mar/2015:16:06:06 +0000] "GET /wp-includes/js/jquery/jquery.js?ver=1.11.1 HTTP/1.1" 200 33221 "http://gerhatas.com/konveksi-tas/konveksi-tas-tangerang" "Mozilla/5.0 (Series40; Nokia206/03.58; Profile/MIDP-2.1 Configuration/CLDC-1.1) Gecko/20100401 S40OviBrowser/2.2.0.0.36"
131.228.29.26 - - [14/Mar/2015:16:06:06 +0000] "GET /wp-includes/js/jquery/jquery-migrate.min.js?ver=1.2.1 HTTP/1.1" 200 7200 "http://gerhatas.com/konveksi-tas/konveksi-tas-tangerang" "Mozilla/5.0 (Series40; Nokia206/03.58; Profile/MIDP-2.1 Configuration/CLDC-1.1) Gecko/20100401 S40OviBrowser/2.2.0.0.36"
131.228.29.54 - - [14/Mar/2015:16:06:06 +0000] "GET /wp-content/plugins/sitemap/css/page-list.css?ver=4.3 HTTP/1.1" 200 702 "http://gerhatas.com/konveksi-tas/konveksi-tas-tangerang" "Mozilla/5.0 (Series40; Nokia206/03.58; Profile/MIDP-2.1 Configuration/CLDC-1.1) Gecko/20100401 S40OviBrowser/2.2.0.0.36"
131.228.29.53 - - [14/Mar/2015:16:06:06 +0000] "GET /wp-includes/js/comment-reply.min.js?ver=4.1.1 HTTP/1.1" 200 757 "http://gerhatas.com/konveksi-tas/konveksi-tas-tangerang" "Mozilla/5.0 (Series40; Nokia206/03.58; Profile/MIDP-2.1 Configuration/CLDC-1.1) Gecko/20100401 S40OviBrowser/2.2.0.0.36"
131.228.29.56 - - [14/Mar/2015:16:06:06 +0000] "GET /wp-content/plugins/contact-form-7/includes/js/jquery.form.min.js?ver=3.51.0-2014.06.20 HTTP/1.1" 200 5872 "http://gerhatas.com/konveksi-tas/konveksi-tas-tangerang" "Mozilla/5.0 (Series40; Nokia206/03.58; Profile/MIDP-2.1 Configuration/CLDC-1.1) Gecko/20100401 S40OviBrowser/2.2.0.0.36"
131.228.29.57 - - [14/Mar/2015:16:06:06 +0000] "GET /wp-content/plugins/contact-form-7/includes/js/scripts.js?ver=4.0.3 HTTP/1.1" 200 9658 "http://gerhatas.com/konveksi-tas/konveksi-tas-tangerang" "Mozilla/5.0 (Series40; Nokia206/03.58; Profile/MIDP-2.1 Configuration/CLDC-1.1) Gecko/20100401 S40OviBrowser/2.2.0.0.36"
131.228.29.54 - - [14/Mar/2015:16:06:06 +0000] "GET /wp-content/plugins/peters-custom-anti-spam-image/custom_anti_spam.php?antiselect=340 HTTP/1.1" 200 1989 "http://gerhatas.com/konveksi-tas/konveksi-tas-tangerang" "Mozilla/5.0 (Series40; Nokia206/03.58; Profile/MIDP-2.1 Configuration/CLDC-1.1) Gecko/20100401 S40OviBrowser/2.2.0.0.36"
131.228.29.61 - - [14/Mar/2015:16:06:11 +0000] "GET /favicon.ico HTTP/1.1" 404 1806 "-" "Mozilla/5.0 (Series40; Nokia206/03.58; Profile/MIDP-2.1 Configuration/CLDC-1.1) Gecko/20100401 S40OviBrowser/2.2.0.0.36"
128.199.122.79 - - [14/Mar/2015:16:18:03 +0000] "POST /wp-cron.php?doing_wp_cron=1426349883.2015130519866943359375 HTTP/1.0" 200 20 "-" "WordPress/4.1.1; http://gerhatas.com"
128.199.122.79 - - [14/Mar/2015:16:18:03 +0000] "GET /wp-content/themes/blogolife/style.css HTTP/1.1" 304 0 "http://gerhatas.com/tag/konveksi-tas-pancing-bogor" "Serf/1.1.0 mod_pagespeed/1.9.32.3-4448"
128.199.122.79 - - [14/Mar/2015:16:18:03 +0000] "GET /wp-content/plugins/contact-form-7/includes/css/styles.css?ver=4.0.3 HTTP/1.1" 304 0 "http://gerhatas.com/tag/konveksi-tas-pancing-bogor" "Serf/1.1.0 mod_pagespeed/1.9.32.3-4448"
128.199.122.79 - - [14/Mar/2015:16:18:03 +0000] "GET /wp-content/plugins/sitemap/css/page-list.css?ver=4.3 HTTP/1.1" 304 0 "http://gerhatas.com/tag/konveksi-tas-pancing-bogor" "Serf/1.1.0 mod_pagespeed/1.9.32.3-4448"
128.199.122.79 - - [14/Mar/2015:16:18:03 +0000] "GET /wp-content/plugins/twitter-plugin/css/style.css?ver=4.1.1 HTTP/1.1" 304 0 "http://gerhatas.com/tag/konveksi-tas-pancing-bogor" "Serf/1.1.0 mod_pagespeed/1.9.32.3-4448"
128.199.122.79 - - [14/Mar/2015:16:18:03 +0000] "GET /wp-content/themes/blogolife/images/green/style.css?ver=4.1.1 HTTP/1.1" 304 0 "http://gerhatas.com/tag/konveksi-tas-pancing-bogor" "Serf/1.1.0 mod_pagespeed/1.9.32.3-4448"
128.199.122.79 - - [14/Mar/2015:16:18:03 +0000] "GET /wp-includes/js/jquery/jquery.js?ver=1.11.1 HTTP/1.1" 304 0 "http://gerhatas.com/tag/konveksi-tas-pancing-bogor" "Serf/1.1.0 mod_pagespeed/1.9.32.3-4448"
128.199.122.79 - - [14/Mar/2015:16:18:03 +0000] "GET /wp-includes/js/jquery/jquery-migrate.min.js?ver=1.2.1 HTTP/1.1" 304 0 "http://gerhatas.com/tag/konveksi-tas-pancing-bogor" "Serf/1.1.0 mod_pagespeed/1.9.32.3-4448"
128.199.122.79 - - [14/Mar/2015:16:18:03 +0000] "GET /wp-content/plugins/contact-form-7/includes/js/jquery.form.min.js?ver=3.51.0-2014.06.20 HTTP/1.1" 304 0 "http://gerhatas.com/tag/konveksi-tas-pancing-bogor" "Serf/1.1.0 mod_pagespeed/1.9.32.3-4448"
128.199.122.79 - - [14/Mar/2015:16:18:03 +0000] "GET /wp-content/plugins/contact-form-7/includes/js/scripts.js?ver=4.0.3 HTTP/1.1" 304 0 "http://gerhatas.com/tag/konveksi-tas-pancing-bogor" "Serf/1.1.0 mod_pagespeed/1.9.32.3-4448"
5.255.253.92 - - [14/Mar/2015:16:18:03 +0000] "GET /tag/konveksi-tas-pancing-bogor HTTP/1.1" 200 5255 "-" "Mozilla/5.0 (compatible; YandexBot/3.0; +http://yandex.com/bots)"
128.199.122.79 - - [14/Mar/2015:16:23:46 +0000] "GET /wp-content/themes/blogolife/style.css HTTP/1.1" 304 0 "http://gerhatas.com/sample-page/attachment/tas-promosi-dari-gerha-tas" "Serf/1.1.0 mod_pagespeed/1.9.32.3-4448"
128.199.122.79 - - [14/Mar/2015:16:23:46 +0000] "GET /wp-content/plugins/contact-form-7/includes/css/styles.css?ver=4.0.3 HTTP/1.1" 304 0 "http://gerhatas.com/sample-page/attachment/tas-promosi-dari-gerha-tas" "Serf/1.1.0 mod_pagespeed/1.9.32.3-4448"
128.199.122.79 - - [14/Mar/2015:16:23:46 +0000] "GET /wp-content/plugins/sitemap/css/page-list.css?ver=4.3 HTTP/1.1" 304 0 "http://gerhatas.com/sample-page/attachment/tas-promosi-dari-gerha-tas" "Serf/1.1.0 mod_pagespeed/1.9.32.3-4448"
128.199.122.79 - - [14/Mar/2015:16:23:46 +0000] "GET /wp-content/plugins/twitter-plugin/css/style.css?ver=4.1.1 HTTP/1.1" 304 0 "http://gerhatas.com/sample-page/attachment/tas-promosi-dari-gerha-tas" "Serf/1.1.0 mod_pagespeed/1.9.32.3-4448"
128.199.122.79 - - [14/Mar/2015:16:23:46 +0000] "GET /wp-content/themes/blogolife/images/green/style.css?ver=4.1.1 HTTP/1.1" 304 0 "http://gerhatas.com/sample-page/attachment/tas-promosi-dari-gerha-tas" "Serf/1.1.0 mod_pagespeed/1.9.32.3-4448"
128.199.122.79 - - [14/Mar/2015:16:23:46 +0000] "GET /wp-includes/js/jquery/jquery.js?ver=1.11.1 HTTP/1.1" 304 0 "http://gerhatas.com/sample-page/attachment/tas-promosi-dari-gerha-tas" "Serf/1.1.0 mod_pagespeed/1.9.32.3-4448"
128.199.122.79 - - [14/Mar/2015:16:23:46 +0000] "GET /wp-includes/js/jquery/jquery-migrate.min.js?ver=1.2.1 HTTP/1.1" 304 0 "http://gerhatas.com/sample-page/attachment/tas-promosi-dari-gerha-tas" "Serf/1.1.0 mod_pagespeed/1.9.32.3-4448"
128.199.122.79 - - [14/Mar/2015:16:23:46 +0000] "GET /wp-includes/js/comment-reply.min.js?ver=4.1.1 HTTP/1.1" 304 0 "http://gerhatas.com/sample-page/attachment/tas-promosi-dari-gerha-tas" "Serf/1.1.0 mod_pagespeed/1.9.32.3-4448"
128.199.122.79 - - [14/Mar/2015:16:23:46 +0000] "GET /wp-content/plugins/contact-form-7/includes/js/jquery.form.min.js?ver=3.51.0-2014.06.20 HTTP/1.1" 304 0 "http://gerhatas.com/sample-page/attachment/tas-promosi-dari-gerha-tas" "Serf/1.1.0 mod_pagespeed/1.9.32.3-4448"
128.199.122.79 - - [14/Mar/2015:16:23:46 +0000] "GET /wp-content/plugins/contact-form-7/includes/js/scripts.js?ver=4.0.3 HTTP/1.1" 304 0 "http://gerhatas.com/sample-page/attachment/tas-promosi-dari-gerha-tas" "Serf/1.1.0 mod_pagespeed/1.9.32.3-4448"
66.249.64.157 - - [14/Mar/2015:16:23:46 +0000] "GET /sample-page/attachment/tas-promosi-dari-gerha-tas HTTP/1.1" 200 5289 "-" "Mozilla/5.0 (compatible; Googlebot/2.1; +http://www.google.com/bot.html)"
128.199.122.79 - - [14/Mar/2015:16:23:46 +0000] "GET /wp-content/plugins/peters-custom-anti-spam-image/custom_anti_spam.php?antiselect=341 HTTP/1.1" 200 1852 "http://gerhatas.com/sample-page/attachment/tas-promosi-dari-gerha-tas" "Serf/1.1.0 mod_pagespeed/1.9.32.3-4448"
128.199.122.79 - - [14/Mar/2015:16:35:15 +0000] "POST /wp-cron.php?doing_wp_cron=1426350914.7597019672393798828125 HTTP/1.0" 499 0 "-" "WordPress/4.1.1; http://gerhatas.com"
128.199.122.79 - - [14/Mar/2015:16:35:16 +0000] "GET /wp-content/themes/blogolife/style.css HTTP/1.1" 304 0 "http://gerhatas.com/tas-pancing/attachment/tas-pancing-alivio" "Serf/1.1.0 mod_pagespeed/1.9.32.3-4448"
66.249.64.165 - - [14/Mar/2015:16:35:16 +0000] "GET /tas-pancing/attachment/tas-pancing-alivio HTTP/1.1" 200 5274 "-" "Mozilla/5.0 (compatible; Googlebot/2.1; +http://www.google.com/bot.html)"
128.199.122.79 - - [14/Mar/2015:16:35:16 +0000] "GET /wp-content/plugins/contact-form-7/includes/css/styles.css?ver=4.0.3 HTTP/1.1" 304 0 "http://gerhatas.com/tas-pancing/attachment/tas-pancing-alivio" "Serf/1.1.0 mod_pagespeed/1.9.32.3-4448"
128.199.122.79 - - [14/Mar/2015:16:35:16 +0000] "GET /wp-content/plugins/sitemap/css/page-list.css?ver=4.3 HTTP/1.1" 304 0 "http://gerhatas.com/tas-pancing/attachment/tas-pancing-alivio" "Serf/1.1.0 mod_pagespeed/1.9.32.3-4448"
128.199.122.79 - - [14/Mar/2015:16:35:16 +0000] "GET /wp-content/plugins/twitter-plugin/css/style.css?ver=4.1.1 HTTP/1.1" 304 0 "http://gerhatas.com/tas-pancing/attachment/tas-pancing-alivio" "Serf/1.1.0 mod_pagespeed/1.9.32.3-4448"
128.199.122.79 - - [14/Mar/2015:16:35:16 +0000] "GET /wp-content/themes/blogolife/images/green/style.css?ver=4.1.1 HTTP/1.1" 304 0 "http://gerhatas.com/tas-pancing/attachment/tas-pancing-alivio" "Serf/1.1.0 mod_pagespeed/1.9.32.3-4448"
128.199.122.79 - - [14/Mar/2015:16:35:16 +0000] "GET /wp-includes/js/jquery/jquery.js?ver=1.11.1 HTTP/1.1" 304 0 "http://gerhatas.com/tas-pancing/attachment/tas-pancing-alivio" "Serf/1.1.0 mod_pagespeed/1.9.32.3-4448"
128.199.122.79 - - [14/Mar/2015:16:35:16 +0000] "GET /wp-includes/js/jquery/jquery-migrate.min.js?ver=1.2.1 HTTP/1.1" 304 0 "http://gerhatas.com/tas-pancing/attachment/tas-pancing-alivio" "Serf/1.1.0 mod_pagespeed/1.9.32.3-4448"
