105.225.8.253 - - [13/Mar/2015:08:32:15 +0000] "GET /wp-content/themes/twentyfifteen/A.style.css,qver=4.1.1.pagespeed.cf.nOC4iv4fcA.css HTTP/1.1" 200 10381 "http://foldinggatebanten.com/" "Mozilla/5.0 (Windows NT 6.1; WOW64) AppleWebKit/537.36 (KHTML, like Gecko) Chrome/36.0.1985.143 Safari/537.36"
105.225.8.253 - - [13/Mar/2015:08:32:15 +0000] "GET /wp-includes/js/jquery/jquery.js,qver=1.11.1.pagespeed.jm.z9hb-Gxqf6.js HTTP/1.1" 200 33158 "http://foldinggatebanten.com/" "Mozilla/5.0 (Windows NT 6.1; WOW64) AppleWebKit/537.36 (KHTML, like Gecko) Chrome/36.0.1985.143 Safari/537.36"
105.225.8.253 - - [13/Mar/2015:08:32:15 +0000] "GET /wp-includes,_js,_jquery,_jquery-migrate.min.js,qver==1.2.1+wp-content,_themes,_twentyfifteen,_js,_skip-link-focus-fix.js,qver==20141010.pagespeed.jc.xomP_YAhaD.js HTTP/1.1" 200 7747 "http://foldinggatebanten.com/" "Mozilla/5.0 (Windows NT 6.1; WOW64) AppleWebKit/537.36 (KHTML, like Gecko) Chrome/36.0.1985.143 Safari/537.36"
105.225.8.253 - - [13/Mar/2015:08:32:15 +0000] "GET /wp-content/themes/twentyfifteen/js/functions.js,qver=20141212.pagespeed.jm.wOkevS8LmJ.js HTTP/1.1" 200 2969 "http://foldinggatebanten.com/" "Mozilla/5.0 (Windows NT 6.1; WOW64) AppleWebKit/537.36 (KHTML, like Gecko) Chrome/36.0.1985.143 Safari/537.36"
105.225.8.253 - - [13/Mar/2015:08:32:16 +0000] "GET /wp-content/themes/twentyfifteen/genericons/Genericons.svg HTTP/1.1" 200 78913 "http://foldinggatebanten.com/" "Mozilla/5.0 (Windows NT 6.1; WOW64) AppleWebKit/537.36 (KHTML, like Gecko) Chrome/36.0.1985.143 Safari/537.36"
105.225.8.253 - - [13/Mar/2015:08:32:16 +0000] "GET /wp-content/themes/twentyfifteen/genericons/Genericons.ttf HTTP/1.1" 200 22576 "http://foldinggatebanten.com/" "Mozilla/5.0 (Windows NT 6.1; WOW64) AppleWebKit/537.36 (KHTML, like Gecko) Chrome/36.0.1985.143 Safari/537.36"
68.180.228.240 - - [13/Mar/2015:08:46:06 +0000] "GET /?p=2 HTTP/1.1" 301 5 "-" "Mozilla/5.0 (compatible; Yahoo! Slurp; http://help.yahoo.com/help/us/ysearch/slurp)"
128.199.122.79 - - [13/Mar/2015:08:46:08 +0000] "GET /wp-content/themes/twentyfifteen/genericons/genericons.css?ver=3.2 HTTP/1.1" 304 0 "http://foldinggatebanten.com/?page_id=2" "Serf/1.1.0 mod_pagespeed/1.9.32.3-4448"
128.199.122.79 - - [13/Mar/2015:08:46:08 +0000] "GET /wp-content/themes/twentyfifteen/style.css?ver=4.1.1 HTTP/1.1" 304 0 "http://foldinggatebanten.com/?page_id=2" "Serf/1.1.0 mod_pagespeed/1.9.32.3-4448"
128.199.122.79 - - [13/Mar/2015:08:46:08 +0000] "GET /wp-includes/js/jquery/jquery.js?ver=1.11.1 HTTP/1.1" 304 0 "http://foldinggatebanten.com/?page_id=2" "Serf/1.1.0 mod_pagespeed/1.9.32.3-4448"
128.199.122.79 - - [13/Mar/2015:08:46:08 +0000] "GET /wp-includes/js/jquery/jquery-migrate.min.js?ver=1.2.1 HTTP/1.1" 304 0 "http://foldinggatebanten.com/?page_id=2" "Serf/1.1.0 mod_pagespeed/1.9.32.3-4448"
128.199.122.79 - - [13/Mar/2015:08:46:08 +0000] "GET /wp-content/themes/twentyfifteen/js/skip-link-focus-fix.js?ver=20141010 HTTP/1.1" 304 0 "http://foldinggatebanten.com/?page_id=2" "Serf/1.1.0 mod_pagespeed/1.9.32.3-4448"
68.180.228.232 - - [13/Mar/2015:08:46:08 +0000] "GET /?page_id=2 HTTP/1.1" 200 3153 "-" "Mozilla/5.0 (compatible; Yahoo! Slurp; http://help.yahoo.com/help/us/ysearch/slurp)"
128.199.122.79 - - [13/Mar/2015:08:46:08 +0000] "GET /wp-includes/js/comment-reply.min.js?ver=4.1.1 HTTP/1.1" 304 0 "http://foldinggatebanten.com/?page_id=2" "Serf/1.1.0 mod_pagespeed/1.9.32.3-4448"
128.199.122.79 - - [13/Mar/2015:08:46:08 +0000] "GET /wp-content/themes/twentyfifteen/js/functions.js?ver=20141212 HTTP/1.1" 304 0 "http://foldinggatebanten.com/?page_id=2" "Serf/1.1.0 mod_pagespeed/1.9.32.3-4448"
180.76.6.143 - - [13/Mar/2015:08:47:32 +0000] "GET /produk/rolling-door-pabrik-di-serang/feed/ HTTP/1.1" 301 5 "-" "Mozilla/5.0 (compatible; Baiduspider/2.0; +http://www.baidu.com/search/spider.html)"
180.76.5.81 - - [13/Mar/2015:08:47:33 +0000] "GET /produk/rolling-door-pabrik-di-serang/feed/ HTTP/1.1" 200 2271 "-" "Mozilla/5.0 (compatible; Baiduspider/2.0; +http://www.baidu.com/search/spider.html)"
180.76.4.65 - - [13/Mar/2015:08:48:27 +0000] "GET / HTTP/1.1" 301 5 "-" "Mozilla/4.0 (compatible; MSIE 7.0; Windows NT 6.0)"
128.199.122.79 - - [13/Mar/2015:08:55:11 +0000] "GET /wp-content/themes/twentyfifteen/genericons/genericons.css?ver=3.2 HTTP/1.1" 304 0 "http://foldinggatebanten.com/" "Serf/1.1.0 mod_pagespeed/1.9.32.3-4448"
128.199.122.79 - - [13/Mar/2015:08:55:11 +0000] "GET /wp-content/themes/twentyfifteen/style.css?ver=4.1.1 HTTP/1.1" 304 0 "http://foldinggatebanten.com/" "Serf/1.1.0 mod_pagespeed/1.9.32.3-4448"
128.199.122.79 - - [13/Mar/2015:08:55:11 +0000] "GET /wp-includes/js/jquery/jquery-migrate.min.js?ver=1.2.1 HTTP/1.1" 304 0 "http://foldinggatebanten.com/" "Serf/1.1.0 mod_pagespeed/1.9.32.3-4448"
128.199.122.79 - - [13/Mar/2015:08:55:11 +0000] "GET /wp-content/themes/twentyfifteen/js/skip-link-focus-fix.js?ver=20141010 HTTP/1.1" 304 0 "http://foldinggatebanten.com/" "Serf/1.1.0 mod_pagespeed/1.9.32.3-4448"
128.199.122.79 - - [13/Mar/2015:08:55:11 +0000] "GET /wp-content/themes/twentyfifteen/js/functions.js?ver=20141212 HTTP/1.1" 304 0 "http://foldinggatebanten.com/" "Serf/1.1.0 mod_pagespeed/1.9.32.3-4448"
128.199.122.79 - - [13/Mar/2015:08:55:11 +0000] "GET /wp-includes/js/jquery/jquery.js?ver=1.11.1 HTTP/1.1" 304 0 "http://foldinggatebanten.com/" "Serf/1.1.0 mod_pagespeed/1.9.32.3-4448"
123.125.71.46 - - [13/Mar/2015:08:55:16 +0000] "GET / HTTP/1.1" 200 2147 "-" "Mozilla/5.0 (Windows NT 5.1; rv:6.0.2) Gecko/20100101 Firefox/6.0.2"
123.125.71.14 - - [13/Mar/2015:08:55:37 +0000] "GET / HTTP/1.1" 200 6802 "-" "Mozilla/5.0 (Windows NT 5.1; rv:6.0.2) Gecko/20100101 Firefox/6.0.2"
128.199.122.79 - - [13/Mar/2015:08:59:22 +0000] "GET /wp-content/themes/twentyfifteen/genericons/genericons.css?ver=3.2 HTTP/1.1" 304 0 "http://foldinggatebanten.com/" "Serf/1.1.0 mod_pagespeed/1.9.32.3-4448"
128.199.122.79 - - [13/Mar/2015:08:59:22 +0000] "GET /wp-content/themes/twentyfifteen/style.css?ver=4.1.1 HTTP/1.1" 304 0 "http://foldinggatebanten.com/" "Serf/1.1.0 mod_pagespeed/1.9.32.3-4448"
128.199.122.79 - - [13/Mar/2015:08:59:22 +0000] "GET /wp-includes/js/jquery/jquery-migrate.min.js?ver=1.2.1 HTTP/1.1" 304 0 "http://foldinggatebanten.com/" "Serf/1.1.0 mod_pagespeed/1.9.32.3-4448"
128.199.122.79 - - [13/Mar/2015:08:59:22 +0000] "GET /wp-content/themes/twentyfifteen/js/skip-link-focus-fix.js?ver=20141010 HTTP/1.1" 304 0 "http://foldinggatebanten.com/" "Serf/1.1.0 mod_pagespeed/1.9.32.3-4448"
128.199.122.79 - - [13/Mar/2015:08:59:22 +0000] "GET /wp-includes/js/jquery/jquery.js?ver=1.11.1 HTTP/1.1" 304 0 "http://foldinggatebanten.com/" "Serf/1.1.0 mod_pagespeed/1.9.32.3-4448"
128.199.122.79 - - [13/Mar/2015:08:59:22 +0000] "GET /wp-content/themes/twentyfifteen/js/functions.js?ver=20141212 HTTP/1.1" 304 0 "http://foldinggatebanten.com/" "Serf/1.1.0 mod_pagespeed/1.9.32.3-4448"
220.181.108.94 - - [13/Mar/2015:08:59:27 +0000] "GET / HTTP/1.1" 200 2271 "-" "Mozilla/5.0 (Windows NT 5.1; rv:6.0.2) Gecko/20100101 Firefox/6.0.2"
220.181.108.97 - - [13/Mar/2015:09:00:02 +0000] "GET / HTTP/1.1" 200 6802 "-" "Mozilla/5.0 (Windows NT 5.1; rv:6.0.2) Gecko/20100101 Firefox/6.0.2"
128.199.122.79 - - [13/Mar/2015:09:33:50 +0000] "GET /wp-content/themes/twentyfifteen/genericons/genericons.css?ver=3.2 HTTP/1.1" 304 0 "http://foldinggatebanten.com/?cat=1" "Serf/1.1.0 mod_pagespeed/1.9.32.3-4448"
128.199.122.79 - - [13/Mar/2015:09:33:50 +0000] "GET /wp-content/themes/twentyfifteen/style.css?ver=4.1.1 HTTP/1.1" 304 0 "http://foldinggatebanten.com/?cat=1" "Serf/1.1.0 mod_pagespeed/1.9.32.3-4448"
128.199.122.79 - - [13/Mar/2015:09:33:50 +0000] "GET /wp-includes/js/jquery/jquery-migrate.min.js?ver=1.2.1 HTTP/1.1" 304 0 "http://foldinggatebanten.com/?cat=1" "Serf/1.1.0 mod_pagespeed/1.9.32.3-4448"
128.199.122.79 - - [13/Mar/2015:09:33:50 +0000] "GET /wp-content/themes/twentyfifteen/js/skip-link-focus-fix.js?ver=20141010 HTTP/1.1" 304 0 "http://foldinggatebanten.com/?cat=1" "Serf/1.1.0 mod_pagespeed/1.9.32.3-4448"
128.199.122.79 - - [13/Mar/2015:09:33:50 +0000] "GET /wp-content/themes/twentyfifteen/js/functions.js?ver=20141212 HTTP/1.1" 304 0 "http://foldinggatebanten.com/?cat=1" "Serf/1.1.0 mod_pagespeed/1.9.32.3-4448"
66.249.71.102 - - [13/Mar/2015:09:33:50 +0000] "GET /?cat=1 HTTP/1.1" 200 2199 "-" "Mozilla/5.0 (compatible; Googlebot/2.1; +http://www.google.com/bot.html)"
128.199.122.79 - - [13/Mar/2015:09:33:50 +0000] "GET /wp-includes/js/jquery/jquery.js?ver=1.11.1 HTTP/1.1" 304 0 "http://foldinggatebanten.com/?cat=1" "Serf/1.1.0 mod_pagespeed/1.9.32.3-4448"
128.199.122.79 - - [13/Mar/2015:10:28:43 +0000] "GET /wp-content/themes/twentyfifteen/genericons/genericons.css?ver=3.2 HTTP/1.1" 304 0 "http://foldinggatebanten.com/author/admin/" "Serf/1.1.0 mod_pagespeed/1.9.32.3-4448"
128.199.122.79 - - [13/Mar/2015:10:28:43 +0000] "GET /wp-content/themes/twentyfifteen/style.css?ver=4.1.1 HTTP/1.1" 304 0 "http://foldinggatebanten.com/author/admin/" "Serf/1.1.0 mod_pagespeed/1.9.32.3-4448"
128.199.122.79 - - [13/Mar/2015:10:28:44 +0000] "GET /wp-includes/js/jquery/jquery-migrate.min.js?ver=1.2.1 HTTP/1.1" 304 0 "http://foldinggatebanten.com/author/admin/" "Serf/1.1.0 mod_pagespeed/1.9.32.3-4448"
66.249.71.102 - - [13/Mar/2015:10:28:44 +0000] "GET /author/admin/ HTTP/1.1" 200 2155 "-" "Mozilla/5.0 (compatible; Googlebot/2.1; +http://www.google.com/bot.html)"
128.199.122.79 - - [13/Mar/2015:10:28:44 +0000] "GET /wp-content/themes/twentyfifteen/js/skip-link-focus-fix.js?ver=20141010 HTTP/1.1" 304 0 "http://foldinggatebanten.com/author/admin/" "Serf/1.1.0 mod_pagespeed/1.9.32.3-4448"
128.199.122.79 - - [13/Mar/2015:10:28:44 +0000] "GET /wp-content/themes/twentyfifteen/js/functions.js?ver=20141212 HTTP/1.1" 304 0 "http://foldinggatebanten.com/author/admin/" "Serf/1.1.0 mod_pagespeed/1.9.32.3-4448"
128.199.122.79 - - [13/Mar/2015:10:28:44 +0000] "GET /wp-includes/js/jquery/jquery.js?ver=1.11.1 HTTP/1.1" 304 0 "http://foldinggatebanten.com/author/admin/" "Serf/1.1.0 mod_pagespeed/1.9.32.3-4448"
157.55.39.112 - - [13/Mar/2015:10:35:29 +0000] "GET /produk/harga-railing-tangga/ HTTP/1.1" 301 5 "-" "Mozilla/5.0 (compatible; bingbot/2.0; +http://www.bing.com/bingbot.htm)"
128.199.122.79 - - [13/Mar/2015:10:49:46 +0000] "GET /wp-content/themes/twentyfifteen/genericons/genericons.css?ver=3.2 HTTP/1.1" 304 0 "http://foldinggatebanten.com/" "Serf/1.1.0 mod_pagespeed/1.9.32.3-4448"
128.199.122.79 - - [13/Mar/2015:10:49:46 +0000] "GET /wp-content/themes/twentyfifteen/style.css?ver=4.1.1 HTTP/1.1" 304 0 "http://foldinggatebanten.com/" "Serf/1.1.0 mod_pagespeed/1.9.32.3-4448"
128.199.122.79 - - [13/Mar/2015:10:49:46 +0000] "GET /wp-includes/js/jquery/jquery-migrate.min.js?ver=1.2.1 HTTP/1.1" 304 0 "http://foldinggatebanten.com/" "Serf/1.1.0 mod_pagespeed/1.9.32.3-4448"
128.199.122.79 - - [13/Mar/2015:10:49:46 +0000] "GET /wp-content/themes/twentyfifteen/js/skip-link-focus-fix.js?ver=20141010 HTTP/1.1" 304 0 "http://foldinggatebanten.com/" "Serf/1.1.0 mod_pagespeed/1.9.32.3-4448"
128.199.122.79 - - [13/Mar/2015:10:49:46 +0000] "GET /wp-content/themes/twentyfifteen/js/functions.js?ver=20141212 HTTP/1.1" 304 0 "http://foldinggatebanten.com/" "Serf/1.1.0 mod_pagespeed/1.9.32.3-4448"
66.249.71.85 - - [13/Mar/2015:10:49:46 +0000] "GET / HTTP/1.1" 200 2244 "-" "Mozilla/5.0 (compatible; Googlebot/2.1; +http://www.google.com/bot.html)"
128.199.122.79 - - [13/Mar/2015:10:49:46 +0000] "GET /wp-includes/js/jquery/jquery.js?ver=1.11.1 HTTP/1.1" 304 0 "http://foldinggatebanten.com/" "Serf/1.1.0 mod_pagespeed/1.9.32.3-4448"
66.249.71.36 - - [13/Mar/2015:11:16:43 +0000] "GET / HTTP/1.1" 301 5 "-" "Mozilla/5.0 (iPhone; CPU iPhone OS 6_0 like Mac OS X) AppleWebKit/536.26 (KHTML, like Gecko) Version/6.0 Mobile/10A5376e Safari/8536.25 (compatible; Googlebot/2.1; +http://www.google.com/bot.html)"
128.199.122.79 - - [13/Mar/2015:11:35:53 +0000] "GET /wp-content/themes/twentyfifteen/genericons/genericons.css?ver=3.2 HTTP/1.1" 304 0 "http://foldinggatebanten.com/wp-content/themes/frontier/includes/nav-toggle.js/?ver=1.2.0" "Serf/1.1.0 mod_pagespeed/1.9.32.3-4448"
66.249.71.68 - - [13/Mar/2015:11:35:53 +0000] "GET /wp-content/themes/frontier/includes/nav-toggle.js/?ver=1.2.0 HTTP/1.1" 200 2147 "-" "Mozilla/5.0 (compatible; Googlebot/2.1; +http://www.google.com/bot.html)"
128.199.122.79 - - [13/Mar/2015:11:35:53 +0000] "GET /wp-content/themes/twentyfifteen/style.css?ver=4.1.1 HTTP/1.1" 304 0 "http://foldinggatebanten.com/wp-content/themes/frontier/includes/nav-toggle.js/?ver=1.2.0" "Serf/1.1.0 mod_pagespeed/1.9.32.3-4448"
128.199.122.79 - - [13/Mar/2015:11:35:53 +0000] "GET /wp-includes/js/jquery/jquery-migrate.min.js?ver=1.2.1 HTTP/1.1" 304 0 "http://foldinggatebanten.com/wp-content/themes/frontier/includes/nav-toggle.js/?ver=1.2.0" "Serf/1.1.0 mod_pagespeed/1.9.32.3-4448"
128.199.122.79 - - [13/Mar/2015:11:35:53 +0000] "GET /wp-content/themes/twentyfifteen/js/skip-link-focus-fix.js?ver=20141010 HTTP/1.1" 304 0 "http://foldinggatebanten.com/wp-content/themes/frontier/includes/nav-toggle.js/?ver=1.2.0" "Serf/1.1.0 mod_pagespeed/1.9.32.3-4448"
128.199.122.79 - - [13/Mar/2015:11:35:53 +0000] "GET /wp-content/themes/twentyfifteen/js/functions.js?ver=20141212 HTTP/1.1" 304 0 "http://foldinggatebanten.com/wp-content/themes/frontier/includes/nav-toggle.js/?ver=1.2.0" "Serf/1.1.0 mod_pagespeed/1.9.32.3-4448"
128.199.122.79 - - [13/Mar/2015:11:35:53 +0000] "GET /wp-includes/js/jquery/jquery.js?ver=1.11.1 HTTP/1.1" 304 0 "http://foldinggatebanten.com/wp-content/themes/frontier/includes/nav-toggle.js/?ver=1.2.0" "Serf/1.1.0 mod_pagespeed/1.9.32.3-4448"
128.199.122.79 - - [13/Mar/2015:11:51:28 +0000] "GET /wp-content/themes/twentyfifteen/genericons/genericons.css?ver=3.2 HTTP/1.1" 304 0 "http://foldinggatebanten.com/jasa-pembuatan-rolling-door-di-serang/" "Serf/1.1.0 mod_pagespeed/1.9.32.3-4448"
128.199.122.79 - - [13/Mar/2015:11:51:28 +0000] "GET /wp-content/themes/twentyfifteen/style.css?ver=4.1.1 HTTP/1.1" 304 0 "http://foldinggatebanten.com/jasa-pembuatan-rolling-door-di-serang/" "Serf/1.1.0 mod_pagespeed/1.9.32.3-4448"
5.255.253.92 - - [13/Mar/2015:11:51:28 +0000] "GET /jasa-pembuatan-rolling-door-di-serang/ HTTP/1.1" 200 2162 "-" "Mozilla/5.0 (compatible; YandexBot/3.0; +http://yandex.com/bots)"
128.199.122.79 - - [13/Mar/2015:11:51:28 +0000] "GET /wp-includes/js/jquery/jquery-migrate.min.js?ver=1.2.1 HTTP/1.1" 304 0 "http://foldinggatebanten.com/jasa-pembuatan-rolling-door-di-serang/" "Serf/1.1.0 mod_pagespeed/1.9.32.3-4448"
128.199.122.79 - - [13/Mar/2015:11:51:28 +0000] "GET /wp-content/themes/twentyfifteen/js/skip-link-focus-fix.js?ver=20141010 HTTP/1.1" 304 0 "http://foldinggatebanten.com/jasa-pembuatan-rolling-door-di-serang/" "Serf/1.1.0 mod_pagespeed/1.9.32.3-4448"
128.199.122.79 - - [13/Mar/2015:11:51:28 +0000] "GET /wp-content/themes/twentyfifteen/js/functions.js?ver=20141212 HTTP/1.1" 304 0 "http://foldinggatebanten.com/jasa-pembuatan-rolling-door-di-serang/" "Serf/1.1.0 mod_pagespeed/1.9.32.3-4448"
128.199.122.79 - - [13/Mar/2015:11:51:28 +0000] "GET /wp-includes/js/jquery/jquery.js?ver=1.11.1 HTTP/1.1" 304 0 "http://foldinggatebanten.com/jasa-pembuatan-rolling-door-di-serang/" "Serf/1.1.0 mod_pagespeed/1.9.32.3-4448"
66.249.71.102 - - [13/Mar/2015:12:09:44 +0000] "GET /wp-includes/js/jquery/jquery.js,qver=1.11.1.pagespeed.jm.z9hb-Gxqf6.js HTTP/1.1" 200 33166 "http://foldinggatebanten.com/produk/tag/pintu-handerson-di-cilegon/" "Mozilla/5.0 (compatible; Googlebot/2.1; +http://www.google.com/bot.html)"
66.249.71.102 - - [13/Mar/2015:12:09:46 +0000] "GET /wp-content/themes/twentyfifteen/genericons/Genericons.svg HTTP/1.1" 200 78913 "http://foldinggatebanten.com/produk/tag/pintu-handerson-di-cilegon/" "Mozilla/5.0 (compatible; Googlebot/2.1; +http://www.google.com/bot.html)"
128.199.122.79 - - [13/Mar/2015:12:18:19 +0000] "GET /wp-includes/css/buttons.min.css?ver=4.1.1 HTTP/1.1" 200 5979 "http://foldinggatebanten.com/wp-login.php" "Serf/1.1.0 mod_pagespeed/1.9.32.3-4448"
128.199.122.79 - - [13/Mar/2015:12:18:19 +0000] "GET /wp-includes/css/dashicons.min.css?ver=4.1.1 HTTP/1.1" 200 43616 "http://foldinggatebanten.com/wp-login.php" "Serf/1.1.0 mod_pagespeed/1.9.32.3-4448"
66.249.71.85 - - [13/Mar/2015:12:18:19 +0000] "GET /wp-login.php HTTP/1.1" 200 1103 "-" "Mozilla/5.0 (iPhone; CPU iPhone OS 6_0 like Mac OS X) AppleWebKit/536.26 (KHTML, like Gecko) Version/6.0 Mobile/10A5376e Safari/8536.25 (compatible; Googlebot/2.1; +http://www.google.com/bot.html)"
128.199.122.79 - - [13/Mar/2015:12:28:34 +0000] "GET /wp-content/themes/twentyfifteen/genericons/genericons.css?ver=3.2 HTTP/1.1" 304 0 "http://foldinggatebanten.com/produk/folding-gate-serang/" "Serf/1.1.0 mod_pagespeed/1.9.32.3-4448"
128.199.122.79 - - [13/Mar/2015:12:28:34 +0000] "GET /wp-content/themes/twentyfifteen/style.css?ver=4.1.1 HTTP/1.1" 304 0 "http://foldinggatebanten.com/produk/folding-gate-serang/" "Serf/1.1.0 mod_pagespeed/1.9.32.3-4448"
128.199.122.79 - - [13/Mar/2015:12:28:34 +0000] "GET /wp-includes/js/jquery/jquery-migrate.min.js?ver=1.2.1 HTTP/1.1" 304 0 "http://foldinggatebanten.com/produk/folding-gate-serang/" "Serf/1.1.0 mod_pagespeed/1.9.32.3-4448"
128.199.122.79 - - [13/Mar/2015:12:28:34 +0000] "GET /wp-content/themes/twentyfifteen/js/skip-link-focus-fix.js?ver=20141010 HTTP/1.1" 304 0 "http://foldinggatebanten.com/produk/folding-gate-serang/" "Serf/1.1.0 mod_pagespeed/1.9.32.3-4448"
128.199.122.79 - - [13/Mar/2015:12:28:34 +0000] "GET /wp-content/themes/twentyfifteen/js/functions.js?ver=20141212 HTTP/1.1" 304 0 "http://foldinggatebanten.com/produk/folding-gate-serang/" "Serf/1.1.0 mod_pagespeed/1.9.32.3-4448"
128.199.122.79 - - [13/Mar/2015:12:28:34 +0000] "GET /wp-includes/js/jquery/jquery.js?ver=1.11.1 HTTP/1.1" 304 0 "http://foldinggatebanten.com/produk/folding-gate-serang/" "Serf/1.1.0 mod_pagespeed/1.9.32.3-4448"
180.76.5.150 - - [13/Mar/2015:12:28:34 +0000] "GET /produk/folding-gate-serang/ HTTP/1.1" 200 2147 "-" "Mozilla/5.0 (compatible; Baiduspider/2.0; +http://www.baidu.com/search/spider.html)"
180.76.6.225 - - [13/Mar/2015:13:31:28 +0000] "GET / HTTP/1.1" 301 5 "-" "Mozilla/5.0 (compatible; Baiduspider/2.0; +http://www.baidu.com/search/spider.html)"
128.199.122.79 - - [13/Mar/2015:13:31:28 +0000] "GET /wp-content/themes/twentyfifteen/genericons/genericons.css?ver=3.2 HTTP/1.1" 304 0 "http://foldinggatebanten.com/" "Serf/1.1.0 mod_pagespeed/1.9.32.3-4448"
128.199.122.79 - - [13/Mar/2015:13:31:28 +0000] "GET /wp-content/themes/twentyfifteen/style.css?ver=4.1.1 HTTP/1.1" 304 0 "http://foldinggatebanten.com/" "Serf/1.1.0 mod_pagespeed/1.9.32.3-4448"
128.199.122.79 - - [13/Mar/2015:13:31:28 +0000] "GET /wp-includes/js/jquery/jquery-migrate.min.js?ver=1.2.1 HTTP/1.1" 304 0 "http://foldinggatebanten.com/" "Serf/1.1.0 mod_pagespeed/1.9.32.3-4448"
128.199.122.79 - - [13/Mar/2015:13:31:28 +0000] "GET /wp-content/themes/twentyfifteen/js/skip-link-focus-fix.js?ver=20141010 HTTP/1.1" 304 0 "http://foldinggatebanten.com/" "Serf/1.1.0 mod_pagespeed/1.9.32.3-4448"
128.199.122.79 - - [13/Mar/2015:13:31:28 +0000] "GET /wp-content/themes/twentyfifteen/js/functions.js?ver=20141212 HTTP/1.1" 304 0 "http://foldinggatebanten.com/" "Serf/1.1.0 mod_pagespeed/1.9.32.3-4448"
128.199.122.79 - - [13/Mar/2015:13:31:28 +0000] "GET /wp-includes/js/jquery/jquery.js?ver=1.11.1 HTTP/1.1" 304 0 "http://foldinggatebanten.com/" "Serf/1.1.0 mod_pagespeed/1.9.32.3-4448"
180.76.6.45 - - [13/Mar/2015:13:31:28 +0000] "GET / HTTP/1.1" 200 2147 "-" "Mozilla/5.0 (compatible; Baiduspider/2.0; +http://www.baidu.com/search/spider.html)"
180.76.5.191 - - [13/Mar/2015:14:01:28 +0000] "GET /comments/feed/ HTTP/1.1" 301 5 "-" "Mozilla/5.0 (compatible; Baiduspider/2.0; +http://www.baidu.com/search/spider.html)"
128.199.122.79 - - [13/Mar/2015:14:01:28 +0000] "GET /wp-content/themes/twentyfifteen/genericons/genericons.css?ver=3.2 HTTP/1.1" 304 0 "http://foldinggatebanten.com/comments/feed/" "Serf/1.1.0 mod_pagespeed/1.9.32.3-4448"
128.199.122.79 - - [13/Mar/2015:14:01:28 +0000] "GET /wp-content/themes/twentyfifteen/style.css?ver=4.1.1 HTTP/1.1" 304 0 "http://foldinggatebanten.com/comments/feed/" "Serf/1.1.0 mod_pagespeed/1.9.32.3-4448"
128.199.122.79 - - [13/Mar/2015:14:01:28 +0000] "GET /wp-includes/js/jquery/jquery-migrate.min.js?ver=1.2.1 HTTP/1.1" 304 0 "http://foldinggatebanten.com/comments/feed/" "Serf/1.1.0 mod_pagespeed/1.9.32.3-4448"
128.199.122.79 - - [13/Mar/2015:14:01:28 +0000] "GET /wp-content/themes/twentyfifteen/js/skip-link-focus-fix.js?ver=20141010 HTTP/1.1" 304 0 "http://foldinggatebanten.com/comments/feed/" "Serf/1.1.0 mod_pagespeed/1.9.32.3-4448"
128.199.122.79 - - [13/Mar/2015:14:01:28 +0000] "GET /wp-content/themes/twentyfifteen/js/functions.js?ver=20141212 HTTP/1.1" 304 0 "http://foldinggatebanten.com/comments/feed/" "Serf/1.1.0 mod_pagespeed/1.9.32.3-4448"
128.199.122.79 - - [13/Mar/2015:14:01:28 +0000] "GET /wp-includes/js/jquery/jquery.js?ver=1.11.1 HTTP/1.1" 304 0 "http://foldinggatebanten.com/comments/feed/" "Serf/1.1.0 mod_pagespeed/1.9.32.3-4448"
180.76.5.170 - - [13/Mar/2015:14:01:28 +0000] "GET /comments/feed/ HTTP/1.1" 200 2147 "-" "Mozilla/5.0 (compatible; Baiduspider/2.0; +http://www.baidu.com/search/spider.html)"
66.249.71.68 - - [13/Mar/2015:14:07:43 +0000] "GET /robots.txt HTTP/1.1" 404 1806 "-" "Mozilla/5.0 (compatible; Googlebot/2.1; +http://www.google.com/bot.html)"
210.56.50.40 - - [13/Mar/2015:14:08:01 +0000] "GET /wp-login.php HTTP/1.1" 200 2524 "http://www.foldinggatebanten.com/wp-login.php" "Mozilla/4.0 (compatible; MSIE 9.0; Windows NT 6.1; 125LA; .NET CLR 2.0.50727; .NET CLR 3.0.04506.648; .NET CLR 3.5.21022)"
210.56.50.40 - - [13/Mar/2015:14:08:01 +0000] "GET /rss HTTP/1.1" 301 5 "http://www.foldinggatebanten.com/rss" "Mozilla/4.0 (compatible; MSIE 6.0; Windows NT 5.0)"
128.199.122.79 - - [13/Mar/2015:14:08:05 +0000] "GET /wp-content/themes/twentyfifteen/genericons/genericons.css?ver=3.2 HTTP/1.1" 304 0 "http://foldinggatebanten.com/rss/" "Serf/1.1.0 mod_pagespeed/1.9.32.3-4448"
128.199.122.79 - - [13/Mar/2015:14:08:05 +0000] "GET /wp-content/themes/twentyfifteen/style.css?ver=4.1.1 HTTP/1.1" 304 0 "http://foldinggatebanten.com/rss/" "Serf/1.1.0 mod_pagespeed/1.9.32.3-4448"
128.199.122.79 - - [13/Mar/2015:14:08:05 +0000] "GET /wp-includes/js/jquery/jquery-migrate.min.js?ver=1.2.1 HTTP/1.1" 304 0 "http://foldinggatebanten.com/rss/" "Serf/1.1.0 mod_pagespeed/1.9.32.3-4448"
210.56.50.40 - - [13/Mar/2015:14:08:05 +0000] "GET /rss/ HTTP/1.1" 200 6643 "http://www.foldinggatebanten.com/rss" "Mozilla/4.0 (compatible; MSIE 6.0; Windows NT 5.0)"
128.199.122.79 - - [13/Mar/2015:14:08:05 +0000] "GET /wp-content/themes/twentyfifteen/js/skip-link-focus-fix.js?ver=20141010 HTTP/1.1" 304 0 "http://foldinggatebanten.com/rss/" "Serf/1.1.0 mod_pagespeed/1.9.32.3-4448"
128.199.122.79 - - [13/Mar/2015:14:08:05 +0000] "GET /wp-content/themes/twentyfifteen/js/functions.js?ver=20141212 HTTP/1.1" 304 0 "http://foldinggatebanten.com/rss/" "Serf/1.1.0 mod_pagespeed/1.9.32.3-4448"
128.199.122.79 - - [13/Mar/2015:14:08:05 +0000] "GET /wp-includes/js/jquery/jquery.js?ver=1.11.1 HTTP/1.1" 304 0 "http://foldinggatebanten.com/rss/" "Serf/1.1.0 mod_pagespeed/1.9.32.3-4448"
128.199.122.79 - - [13/Mar/2015:14:38:52 +0000] "GET /wp-content/themes/twentyfifteen/genericons/genericons.css?ver=3.2 HTTP/1.1" 304 0 "http://foldinggatebanten.com/?cat=1" "Serf/1.1.0 mod_pagespeed/1.9.32.3-4448"
128.199.122.79 - - [13/Mar/2015:14:38:52 +0000] "GET /wp-content/themes/twentyfifteen/style.css?ver=4.1.1 HTTP/1.1" 304 0 "http://foldinggatebanten.com/?cat=1" "Serf/1.1.0 mod_pagespeed/1.9.32.3-4448"
128.199.122.79 - - [13/Mar/2015:14:38:52 +0000] "GET /wp-includes/js/jquery/jquery-migrate.min.js?ver=1.2.1 HTTP/1.1" 304 0 "http://foldinggatebanten.com/?cat=1" "Serf/1.1.0 mod_pagespeed/1.9.32.3-4448"
128.199.122.79 - - [13/Mar/2015:14:38:52 +0000] "GET /wp-content/themes/twentyfifteen/js/skip-link-focus-fix.js?ver=20141010 HTTP/1.1" 304 0 "http://foldinggatebanten.com/?cat=1" "Serf/1.1.0 mod_pagespeed/1.9.32.3-4448"
128.199.122.79 - - [13/Mar/2015:14:38:52 +0000] "GET /wp-content/themes/twentyfifteen/js/functions.js?ver=20141212 HTTP/1.1" 304 0 "http://foldinggatebanten.com/?cat=1" "Serf/1.1.0 mod_pagespeed/1.9.32.3-4448"
66.249.71.68 - - [13/Mar/2015:14:38:52 +0000] "GET /?cat=1 HTTP/1.1" 200 2213 "-" "Mozilla/5.0 (compatible; Googlebot/2.1; +http://www.google.com/bot.html)"
128.199.122.79 - - [13/Mar/2015:14:38:52 +0000] "GET /wp-includes/js/jquery/jquery.js?ver=1.11.1 HTTP/1.1" 304 0 "http://foldinggatebanten.com/?cat=1" "Serf/1.1.0 mod_pagespeed/1.9.32.3-4448"
128.199.122.79 - - [13/Mar/2015:14:56:44 +0000] "GET /wp-content/themes/twentyfifteen/genericons/genericons.css?ver=3.2 HTTP/1.1" 304 0 "http://foldinggatebanten.com/kategori/plafon-gypsum/" "Serf/1.1.0 mod_pagespeed/1.9.32.3-4448"
128.199.122.79 - - [13/Mar/2015:14:56:44 +0000] "GET /wp-content/themes/twentyfifteen/style.css?ver=4.1.1 HTTP/1.1" 304 0 "http://foldinggatebanten.com/kategori/plafon-gypsum/" "Serf/1.1.0 mod_pagespeed/1.9.32.3-4448"
128.199.122.79 - - [13/Mar/2015:14:56:44 +0000] "GET /wp-includes/js/jquery/jquery-migrate.min.js?ver=1.2.1 HTTP/1.1" 304 0 "http://foldinggatebanten.com/kategori/plafon-gypsum/" "Serf/1.1.0 mod_pagespeed/1.9.32.3-4448"
128.199.122.79 - - [13/Mar/2015:14:56:44 +0000] "GET /wp-content/themes/twentyfifteen/js/skip-link-focus-fix.js?ver=20141010 HTTP/1.1" 304 0 "http://foldinggatebanten.com/kategori/plafon-gypsum/" "Serf/1.1.0 mod_pagespeed/1.9.32.3-4448"
128.199.122.79 - - [13/Mar/2015:14:56:44 +0000] "GET /wp-content/themes/twentyfifteen/js/functions.js?ver=20141212 HTTP/1.1" 304 0 "http://foldinggatebanten.com/kategori/plafon-gypsum/" "Serf/1.1.0 mod_pagespeed/1.9.32.3-4448"
128.199.122.79 - - [13/Mar/2015:14:56:44 +0000] "GET /wp-includes/js/jquery/jquery.js?ver=1.11.1 HTTP/1.1" 304 0 "http://foldinggatebanten.com/kategori/plafon-gypsum/" "Serf/1.1.0 mod_pagespeed/1.9.32.3-4448"
180.76.6.50 - - [13/Mar/2015:14:56:45 +0000] "GET /kategori/plafon-gypsum/ HTTP/1.1" 200 2162 "-" "Mozilla/5.0 (compatible; Baiduspider/2.0; +http://www.baidu.com/search/spider.html)"
66.249.71.85 - - [13/Mar/2015:15:00:26 +0000] "GET / HTTP/1.1" 200 2271 "-" "Mozilla/5.0 (compatible; Googlebot/2.1; +http://www.google.com/bot.html)"
128.199.122.79 - - [13/Mar/2015:15:11:44 +0000] "GET /wp-content/themes/twentyfifteen/genericons/genericons.css?ver=3.2 HTTP/1.1" 304 0 "http://foldinggatebanten.com/produk/pembuatan-folding-gate-di-serang/" "Serf/1.1.0 mod_pagespeed/1.9.32.3-4448"
128.199.122.79 - - [13/Mar/2015:15:11:44 +0000] "GET /wp-content/themes/twentyfifteen/style.css?ver=4.1.1 HTTP/1.1" 304 0 "http://foldinggatebanten.com/produk/pembuatan-folding-gate-di-serang/" "Serf/1.1.0 mod_pagespeed/1.9.32.3-4448"
128.199.122.79 - - [13/Mar/2015:15:11:44 +0000] "GET /wp-includes/js/jquery/jquery-migrate.min.js?ver=1.2.1 HTTP/1.1" 304 0 "http://foldinggatebanten.com/produk/pembuatan-folding-gate-di-serang/" "Serf/1.1.0 mod_pagespeed/1.9.32.3-4448"
128.199.122.79 - - [13/Mar/2015:15:11:44 +0000] "GET /wp-content/themes/twentyfifteen/js/skip-link-focus-fix.js?ver=20141010 HTTP/1.1" 304 0 "http://foldinggatebanten.com/produk/pembuatan-folding-gate-di-serang/" "Serf/1.1.0 mod_pagespeed/1.9.32.3-4448"
128.199.122.79 - - [13/Mar/2015:15:11:44 +0000] "GET /wp-content/themes/twentyfifteen/js/functions.js?ver=20141212 HTTP/1.1" 304 0 "http://foldinggatebanten.com/produk/pembuatan-folding-gate-di-serang/" "Serf/1.1.0 mod_pagespeed/1.9.32.3-4448"
128.199.122.79 - - [13/Mar/2015:15:11:45 +0000] "GET /wp-includes/js/jquery/jquery.js?ver=1.11.1 HTTP/1.1" 304 0 "http://foldinggatebanten.com/produk/pembuatan-folding-gate-di-serang/" "Serf/1.1.0 mod_pagespeed/1.9.32.3-4448"
180.76.6.155 - - [13/Mar/2015:15:11:45 +0000] "GET /produk/pembuatan-folding-gate-di-serang/ HTTP/1.1" 200 2127 "-" "Mozilla/5.0 (compatible; Baiduspider/2.0; +http://www.baidu.com/search/spider.html)"
199.175.52.148 - - [13/Mar/2015:15:12:16 +0000] "GET /feed/ HTTP/1.0" 301 0 "-" "-"
199.175.52.148 - - [13/Mar/2015:15:12:18 +0000] "GET /feed/ HTTP/1.0" 200 6789 "-" "-"
128.199.122.79 - - [13/Mar/2015:15:16:26 +0000] "GET /wp-content/themes/twentyfifteen/genericons/genericons.css?ver=3.2 HTTP/1.1" 304 0 "http://foldinggatebanten.com/" "Serf/1.1.0 mod_pagespeed/1.9.32.3-4448"
128.199.122.79 - - [13/Mar/2015:15:16:26 +0000] "GET /wp-content/themes/twentyfifteen/style.css?ver=4.1.1 HTTP/1.1" 304 0 "http://foldinggatebanten.com/" "Serf/1.1.0 mod_pagespeed/1.9.32.3-4448"
148.251.236.167 - - [13/Mar/2015:15:16:26 +0000] "GET / HTTP/1.1" 200 2271 "-" "Mozilla/5.0 (compatible; MegaIndex.ru/2.0; +https://www.megaindex.ru/?tab=linkAnalyze)"
128.199.122.79 - - [13/Mar/2015:15:16:26 +0000] "GET /wp-includes/js/jquery/jquery-migrate.min.js?ver=1.2.1 HTTP/1.1" 304 0 "http://foldinggatebanten.com/" "Serf/1.1.0 mod_pagespeed/1.9.32.3-4448"
128.199.122.79 - - [13/Mar/2015:15:16:26 +0000] "GET /wp-content/themes/twentyfifteen/js/skip-link-focus-fix.js?ver=20141010 HTTP/1.1" 304 0 "http://foldinggatebanten.com/" "Serf/1.1.0 mod_pagespeed/1.9.32.3-4448"
128.199.122.79 - - [13/Mar/2015:15:16:26 +0000] "GET /wp-includes/js/jquery/jquery.js?ver=1.11.1 HTTP/1.1" 304 0 "http://foldinggatebanten.com/" "Serf/1.1.0 mod_pagespeed/1.9.32.3-4448"
128.199.122.79 - - [13/Mar/2015:15:16:26 +0000] "GET /wp-content/themes/twentyfifteen/js/functions.js?ver=20141212 HTTP/1.1" 304 0 "http://foldinggatebanten.com/" "Serf/1.1.0 mod_pagespeed/1.9.32.3-4448"
148.251.236.167 - - [13/Mar/2015:15:16:27 +0000] "GET /robots.txt HTTP/1.1" 404 1806 "-" "-"
128.199.122.79 - - [13/Mar/2015:15:16:28 +0000] "GET /wp-includes/js/comment-reply.min.js?ver=4.1.1 HTTP/1.1" 304 0 "http://foldinggatebanten.com/?p=1" "Serf/1.1.0 mod_pagespeed/1.9.32.3-4448"
148.251.236.167 - - [13/Mar/2015:15:16:28 +0000] "GET /?p=1 HTTP/1.1" 200 3396 "-" "Mozilla/5.0 (compatible; MegaIndex.ru/2.0; +https://www.megaindex.ru/?tab=linkAnalyze)"
148.251.236.167 - - [13/Mar/2015:15:16:29 +0000] "GET /?m=201411 HTTP/1.1" 200 2297 "-" "Mozilla/5.0 (compatible; MegaIndex.ru/2.0; +https://www.megaindex.ru/?tab=linkAnalyze)"
148.251.236.167 - - [13/Mar/2015:15:16:29 +0000] "GET /?cat=1 HTTP/1.1" 200 2321 "-" "Mozilla/5.0 (compatible; MegaIndex.ru/2.0; +https://www.megaindex.ru/?tab=linkAnalyze)"
128.199.122.79 - - [13/Mar/2015:15:16:30 +0000] "GET /wp-includes/css/buttons.min.css?ver=4.1.1 HTTP/1.1" 304 0 "http://foldinggatebanten.com/wp-login.php" "Serf/1.1.0 mod_pagespeed/1.9.32.3-4448"
128.199.122.79 - - [13/Mar/2015:15:16:30 +0000] "GET /wp-includes/css/dashicons.min.css?ver=4.1.1 HTTP/1.1" 200 43616 "http://foldinggatebanten.com/wp-login.php" "Serf/1.1.0 mod_pagespeed/1.9.32.3-4448"
148.251.236.167 - - [13/Mar/2015:15:16:30 +0000] "GET /wp-login.php HTTP/1.1" 200 1074 "-" "Mozilla/5.0 (compatible; MegaIndex.ru/2.0; +https://www.megaindex.ru/?tab=linkAnalyze)"
148.251.236.167 - - [13/Mar/2015:15:16:30 +0000] "GET /?feed=rss2 HTTP/1.1" 200 754 "-" "Mozilla/5.0 (compatible; MegaIndex.ru/2.0; +https://www.megaindex.ru/?tab=linkAnalyze)"
148.251.236.167 - - [13/Mar/2015:15:16:31 +0000] "GET /?feed=comments-rss2 HTTP/1.1" 200 699 "-" "Mozilla/5.0 (compatible; MegaIndex.ru/2.0; +https://www.megaindex.ru/?tab=linkAnalyze)"
148.251.236.167 - - [13/Mar/2015:15:16:31 +0000] "GET /?author=1 HTTP/1.1" 200 2333 "-" "Mozilla/5.0 (compatible; MegaIndex.ru/2.0; +https://www.megaindex.ru/?tab=linkAnalyze)"
148.251.236.167 - - [13/Mar/2015:15:16:32 +0000] "GET /?p=1& HTTP/1.1" 301 5 "-" "Mozilla/5.0 (compatible; MegaIndex.ru/2.0; +https://www.megaindex.ru/?tab=linkAnalyze)"
148.251.236.167 - - [13/Mar/2015:15:16:32 +0000] "GET /wp-login.php?action=lostpassword HTTP/1.1" 200 1050 "-" "Mozilla/5.0 (compatible; MegaIndex.ru/2.0; +https://www.megaindex.ru/?tab=linkAnalyze)"
188.165.15.162 - - [13/Mar/2015:15:27:41 +0000] "GET /produk/category/folding-gate/feed/ HTTP/1.1" 301 5 "-" "Mozilla/5.0 (compatible; AhrefsBot/5.0; +http://ahrefs.com/robot/)"
66.249.71.68 - - [13/Mar/2015:16:15:19 +0000] "GET /?feed=rss2 HTTP/1.1" 200 754 "-" "Mozilla/5.0 (iPhone; CPU iPhone OS 6_0 like Mac OS X) AppleWebKit/536.26 (KHTML, like Gecko) Version/6.0 Mobile/10A5376e Safari/8536.25 (compatible; Googlebot/2.1; +http://www.google.com/bot.html)"
207.46.13.103 - - [13/Mar/2015:16:20:40 +0000] "GET /produk/railing-tangga-serang/ HTTP/1.1" 301 5 "-" "Mozilla/5.0 (compatible; bingbot/2.0; +http://www.bing.com/bingbot.htm)"
128.199.122.79 - - [13/Mar/2015:16:33:12 +0000] "GET /wp-content/themes/twentyfifteen/genericons/genericons.css?ver=3.2 HTTP/1.1" 304 0 "http://foldinggatebanten.com/" "Serf/1.1.0 mod_pagespeed/1.9.32.3-4448"
183.136.142.103 - - [13/Mar/2015:16:33:12 +0000] "GET / HTTP/1.1" 200 2118 "http://foldinggatebanten.com/" "Mozilla/5.0 (compatible; MSIE 9.0; Windows NT 6.1; Trident/5.0)"
128.199.122.79 - - [13/Mar/2015:16:33:12 +0000] "GET /wp-content/themes/twentyfifteen/style.css?ver=4.1.1 HTTP/1.1" 304 0 "http://foldinggatebanten.com/" "Serf/1.1.0 mod_pagespeed/1.9.32.3-4448"
128.199.122.79 - - [13/Mar/2015:16:33:12 +0000] "GET /wp-includes/js/jquery/jquery-migrate.min.js?ver=1.2.1 HTTP/1.1" 304 0 "http://foldinggatebanten.com/" "Serf/1.1.0 mod_pagespeed/1.9.32.3-4448"
128.199.122.79 - - [13/Mar/2015:16:33:12 +0000] "GET /wp-content/themes/twentyfifteen/js/skip-link-focus-fix.js?ver=20141010 HTTP/1.1" 304 0 "http://foldinggatebanten.com/" "Serf/1.1.0 mod_pagespeed/1.9.32.3-4448"
128.199.122.79 - - [13/Mar/2015:16:33:12 +0000] "GET /wp-content/themes/twentyfifteen/js/functions.js?ver=20141212 HTTP/1.1" 304 0 "http://foldinggatebanten.com/" "Serf/1.1.0 mod_pagespeed/1.9.32.3-4448"
128.199.122.79 - - [13/Mar/2015:16:33:12 +0000] "GET /wp-includes/js/jquery/jquery.js?ver=1.11.1 HTTP/1.1" 304 0 "http://foldinggatebanten.com/" "Serf/1.1.0 mod_pagespeed/1.9.32.3-4448"
128.199.122.79 - - [13/Mar/2015:16:44:41 +0000] "GET /wp-content/themes/twentyfifteen/genericons/genericons.css?ver=3.2 HTTP/1.1" 304 0 "http://foldinggatebanten.com/" "Serf/1.1.0 mod_pagespeed/1.9.32.3-4448"
128.199.122.79 - - [13/Mar/2015:16:44:41 +0000] "GET /wp-content/themes/twentyfifteen/style.css?ver=4.1.1 HTTP/1.1" 304 0 "http://foldinggatebanten.com/" "Serf/1.1.0 mod_pagespeed/1.9.32.3-4448"
128.199.122.79 - - [13/Mar/2015:16:44:41 +0000] "GET /wp-includes/js/jquery/jquery-migrate.min.js?ver=1.2.1 HTTP/1.1" 304 0 "http://foldinggatebanten.com/" "Serf/1.1.0 mod_pagespeed/1.9.32.3-4448"
128.199.122.79 - - [13/Mar/2015:16:44:41 +0000] "GET /wp-content/themes/twentyfifteen/js/skip-link-focus-fix.js?ver=20141010 HTTP/1.1" 304 0 "http://foldinggatebanten.com/" "Serf/1.1.0 mod_pagespeed/1.9.32.3-4448"
128.199.122.79 - - [13/Mar/2015:16:44:41 +0000] "GET /wp-content/themes/twentyfifteen/js/functions.js?ver=20141212 HTTP/1.1" 304 0 "http://foldinggatebanten.com/" "Serf/1.1.0 mod_pagespeed/1.9.32.3-4448"
128.199.122.79 - - [13/Mar/2015:16:44:41 +0000] "GET /wp-includes/js/jquery/jquery.js?ver=1.11.1 HTTP/1.1" 304 0 "http://foldinggatebanten.com/" "Serf/1.1.0 mod_pagespeed/1.9.32.3-4448"
123.125.71.91 - - [13/Mar/2015:16:44:46 +0000] "GET / HTTP/1.1" 200 2147 "-" "Mozilla/5.0 (Windows NT 5.1; rv:6.0.2) Gecko/20100101 Firefox/6.0.2"
123.125.71.80 - - [13/Mar/2015:16:45:01 +0000] "GET / HTTP/1.1" 200 6802 "-" "Mozilla/5.0 (Windows NT 5.1; rv:6.0.2) Gecko/20100101 Firefox/6.0.2"
220.181.108.113 - - [13/Mar/2015:16:48:45 +0000] "GET / HTTP/1.1" 200 2271 "-" "Mozilla/5.0 (Windows NT 5.1; rv:6.0.2) Gecko/20100101 Firefox/6.0.2"
180.76.6.40 - - [13/Mar/2015:17:08:19 +0000] "GET /robots.txt HTTP/1.1" 404 1806 "-" "Mozilla/5.0 (Windows NT 5.1; rv:6.0.2) Gecko/20100101 Firefox/6.0.2"
180.76.6.134 - - [13/Mar/2015:17:09:04 +0000] "GET /produk/folding-gate-terbaik/feed/ HTTP/1.1" 301 5 "-" "Mozilla/5.0 (compatible; Baiduspider/2.0; +http://www.baidu.com/search/spider.html)"
128.199.122.79 - - [13/Mar/2015:17:09:04 +0000] "GET /wp-content/themes/twentyfifteen/genericons/genericons.css?ver=3.2 HTTP/1.1" 304 0 "http://foldinggatebanten.com/produk/folding-gate-terbaik/feed/" "Serf/1.1.0 mod_pagespeed/1.9.32.3-4448"
128.199.122.79 - - [13/Mar/2015:17:09:04 +0000] "GET /wp-content/themes/twentyfifteen/style.css?ver=4.1.1 HTTP/1.1" 304 0 "http://foldinggatebanten.com/produk/folding-gate-terbaik/feed/" "Serf/1.1.0 mod_pagespeed/1.9.32.3-4448"
180.76.5.169 - - [13/Mar/2015:17:09:04 +0000] "GET /produk/folding-gate-terbaik/feed/ HTTP/1.1" 200 2127 "-" "Mozilla/5.0 (compatible; Baiduspider/2.0; +http://www.baidu.com/search/spider.html)"
128.199.122.79 - - [13/Mar/2015:17:09:04 +0000] "GET /wp-includes/js/jquery/jquery-migrate.min.js?ver=1.2.1 HTTP/1.1" 304 0 "http://foldinggatebanten.com/produk/folding-gate-terbaik/feed/" "Serf/1.1.0 mod_pagespeed/1.9.32.3-4448"
128.199.122.79 - - [13/Mar/2015:17:09:04 +0000] "GET /wp-content/themes/twentyfifteen/js/skip-link-focus-fix.js?ver=20141010 HTTP/1.1" 304 0 "http://foldinggatebanten.com/produk/folding-gate-terbaik/feed/" "Serf/1.1.0 mod_pagespeed/1.9.32.3-4448"
128.199.122.79 - - [13/Mar/2015:17:09:04 +0000] "GET /wp-content/themes/twentyfifteen/js/functions.js?ver=20141212 HTTP/1.1" 304 0 "http://foldinggatebanten.com/produk/folding-gate-terbaik/feed/" "Serf/1.1.0 mod_pagespeed/1.9.32.3-4448"
128.199.122.79 - - [13/Mar/2015:17:09:04 +0000] "GET /wp-includes/js/jquery/jquery.js?ver=1.11.1 HTTP/1.1" 304 0 "http://foldinggatebanten.com/produk/folding-gate-terbaik/feed/" "Serf/1.1.0 mod_pagespeed/1.9.32.3-4448"
114.121.159.239 - - [13/Mar/2015:17:17:26 +0000] "GET /wp-content/uploads/folding-gate-12-545x308.jpg HTTP/1.1" 301 5 "http://bikinpagarteraliskanopiserangcilegon.blogspot.com/?m=1" "Mozilla/5.0 (Linux; U; Android 4.2.2; id-id; ADVAN S5E Build/JDQ39) AppleWebKit/534.30 (KHTML, like Gecko) Version/4.0 Mobile Safari/534.30"
128.199.122.79 - - [13/Mar/2015:17:17:32 +0000] "GET /wp-content/themes/twentyfifteen/genericons/genericons.css?ver=3.2 HTTP/1.1" 304 0 "http://foldinggatebanten.com/wp-content/uploads/folding-gate-12-545x308.jpg/" "Serf/1.1.0 mod_pagespeed/1.9.32.3-4448"
128.199.122.79 - - [13/Mar/2015:17:17:32 +0000] "GET /wp-content/themes/twentyfifteen/style.css?ver=4.1.1 HTTP/1.1" 304 0 "http://foldinggatebanten.com/wp-content/uploads/folding-gate-12-545x308.jpg/" "Serf/1.1.0 mod_pagespeed/1.9.32.3-4448"
128.199.122.79 - - [13/Mar/2015:17:17:32 +0000] "GET /wp-includes/js/jquery/jquery-migrate.min.js?ver=1.2.1 HTTP/1.1" 304 0 "http://foldinggatebanten.com/wp-content/uploads/folding-gate-12-545x308.jpg/" "Serf/1.1.0 mod_pagespeed/1.9.32.3-4448"
114.121.159.239 - - [13/Mar/2015:17:17:32 +0000] "GET /wp-content/uploads/folding-gate-12-545x308.jpg/ HTTP/1.1" 200 2118 "http://bikinpagarteraliskanopiserangcilegon.blogspot.com/?m=1" "Mozilla/5.0 (Linux; U; Android 4.2.2; id-id; ADVAN S5E Build/JDQ39) AppleWebKit/534.30 (KHTML, like Gecko) Version/4.0 Mobile Safari/534.30"
128.199.122.79 - - [13/Mar/2015:17:17:32 +0000] "GET /wp-content/themes/twentyfifteen/js/skip-link-focus-fix.js?ver=20141010 HTTP/1.1" 304 0 "http://foldinggatebanten.com/wp-content/uploads/folding-gate-12-545x308.jpg/" "Serf/1.1.0 mod_pagespeed/1.9.32.3-4448"
128.199.122.79 - - [13/Mar/2015:17:17:32 +0000] "GET /wp-content/themes/twentyfifteen/js/functions.js?ver=20141212 HTTP/1.1" 304 0 "http://foldinggatebanten.com/wp-content/uploads/folding-gate-12-545x308.jpg/" "Serf/1.1.0 mod_pagespeed/1.9.32.3-4448"
128.199.122.79 - - [13/Mar/2015:17:17:32 +0000] "GET /wp-includes/js/jquery/jquery.js?ver=1.11.1 HTTP/1.1" 304 0 "http://foldinggatebanten.com/wp-content/uploads/folding-gate-12-545x308.jpg/" "Serf/1.1.0 mod_pagespeed/1.9.32.3-4448"
128.199.122.79 - - [13/Mar/2015:17:56:11 +0000] "GET /wp-content/themes/twentyfifteen/genericons/genericons.css?ver=3.2 HTTP/1.1" 304 0 "http://foldinggatebanten.com/?m=201411" "Serf/1.1.0 mod_pagespeed/1.9.32.3-4448"
66.249.67.40 - - [13/Mar/2015:17:56:11 +0000] "GET /?m=201411 HTTP/1.1" 200 2147 "-" "Mozilla/5.0 (compatible; Googlebot/2.1; +http://www.google.com/bot.html)"
128.199.122.79 - - [13/Mar/2015:17:56:11 +0000] "GET /wp-content/themes/twentyfifteen/style.css?ver=4.1.1 HTTP/1.1" 304 0 "http://foldinggatebanten.com/?m=201411" "Serf/1.1.0 mod_pagespeed/1.9.32.3-4448"
128.199.122.79 - - [13/Mar/2015:17:56:11 +0000] "GET /wp-includes/js/jquery/jquery-migrate.min.js?ver=1.2.1 HTTP/1.1" 304 0 "http://foldinggatebanten.com/?m=201411" "Serf/1.1.0 mod_pagespeed/1.9.32.3-4448"
128.199.122.79 - - [13/Mar/2015:17:56:11 +0000] "GET /wp-content/themes/twentyfifteen/js/skip-link-focus-fix.js?ver=20141010 HTTP/1.1" 304 0 "http://foldinggatebanten.com/?m=201411" "Serf/1.1.0 mod_pagespeed/1.9.32.3-4448"
128.199.122.79 - - [13/Mar/2015:17:56:11 +0000] "GET /wp-content/themes/twentyfifteen/js/functions.js?ver=20141212 HTTP/1.1" 304 0 "http://foldinggatebanten.com/?m=201411" "Serf/1.1.0 mod_pagespeed/1.9.32.3-4448"
128.199.122.79 - - [13/Mar/2015:17:56:11 +0000] "GET /wp-includes/js/jquery/jquery.js?ver=1.11.1 HTTP/1.1" 304 0 "http://foldinggatebanten.com/?m=201411" "Serf/1.1.0 mod_pagespeed/1.9.32.3-4448"
66.249.71.68 - - [13/Mar/2015:18:12:55 +0000] "GET /wp-includes/css/dashicons.min.css?ver=4.1.1 HTTP/1.1" 200 27270 "http://foldinggatebanten.com/wp-login.php" "Mozilla/5.0 (compatible; Googlebot/2.1; +http://www.google.com/bot.html)"
66.249.71.102 - - [13/Mar/2015:18:12:56 +0000] "GET /wp-includes/css/buttons.min.css?ver=4.1.1 HTTP/1.1" 200 5979 "http://foldinggatebanten.com/wp-login.php" "Mozilla/5.0 (compatible; Googlebot/2.1; +http://www.google.com/bot.html)"
66.249.71.68 - - [13/Mar/2015:18:12:57 +0000] "GET /wp-admin/css/login.min.css?ver=4.1.1 HTTP/1.1" 200 4886 "http://foldinggatebanten.com/wp-login.php" "Mozilla/5.0 (compatible; Googlebot/2.1; +http://www.google.com/bot.html)"
157.55.39.180 - - [13/Mar/2015:18:21:33 +0000] "GET /robots.txt HTTP/1.1" 404 1806 "-" "Mozilla/5.0 (compatible; bingbot/2.0; +http://www.bing.com/bingbot.htm)"
5.255.253.92 - - [13/Mar/2015:19:31:36 +0000] "GET /robots.txt HTTP/1.1" 404 1806 "-" "Mozilla/5.0 (compatible; YandexBot/3.0; +http://yandex.com/bots)"
128.199.122.79 - - [13/Mar/2015:19:33:42 +0000] "GET /wp-content/themes/twentyfifteen/genericons/genericons.css?ver=3.2 HTTP/1.1" 304 0 "http://foldinggatebanten.com/produk/pagar-stainless/" "Serf/1.1.0 mod_pagespeed/1.9.32.3-4448"
128.199.122.79 - - [13/Mar/2015:19:33:42 +0000] "GET /wp-content/themes/twentyfifteen/style.css?ver=4.1.1 HTTP/1.1" 304 0 "http://foldinggatebanten.com/produk/pagar-stainless/" "Serf/1.1.0 mod_pagespeed/1.9.32.3-4448"
128.199.122.79 - - [13/Mar/2015:19:33:42 +0000] "GET /wp-includes/js/jquery/jquery-migrate.min.js?ver=1.2.1 HTTP/1.1" 304 0 "http://foldinggatebanten.com/produk/pagar-stainless/" "Serf/1.1.0 mod_pagespeed/1.9.32.3-4448"
128.199.122.79 - - [13/Mar/2015:19:33:42 +0000] "GET /wp-content/themes/twentyfifteen/js/skip-link-focus-fix.js?ver=20141010 HTTP/1.1" 304 0 "http://foldinggatebanten.com/produk/pagar-stainless/" "Serf/1.1.0 mod_pagespeed/1.9.32.3-4448"
128.199.122.79 - - [13/Mar/2015:19:33:42 +0000] "GET /wp-content/themes/twentyfifteen/js/functions.js?ver=20141212 HTTP/1.1" 304 0 "http://foldinggatebanten.com/produk/pagar-stainless/" "Serf/1.1.0 mod_pagespeed/1.9.32.3-4448"
128.199.122.79 - - [13/Mar/2015:19:33:42 +0000] "GET /wp-includes/js/jquery/jquery.js?ver=1.11.1 HTTP/1.1" 304 0 "http://foldinggatebanten.com/produk/pagar-stainless/" "Serf/1.1.0 mod_pagespeed/1.9.32.3-4448"
180.76.5.144 - - [13/Mar/2015:19:33:42 +0000] "GET /produk/pagar-stainless/ HTTP/1.1" 200 2127 "-" "Mozilla/5.0 (compatible; Baiduspider/2.0; +http://www.baidu.com/search/spider.html)"
128.199.122.79 - - [13/Mar/2015:19:42:05 +0000] "POST /wp-cron.php?doing_wp_cron=1426275724.9873309135437011718750 HTTP/1.0" 200 20 "-" "WordPress/4.1.1; http://foldinggatebanten.com"
128.199.122.79 - - [13/Mar/2015:19:42:05 +0000] "GET /wp-content/themes/twentyfifteen/genericons/genericons.css?ver=3.2 HTTP/1.1" 304 0 "http://foldinggatebanten.com/" "Serf/1.1.0 mod_pagespeed/1.9.32.3-4448"
128.199.122.79 - - [13/Mar/2015:19:42:05 +0000] "GET /wp-content/themes/twentyfifteen/style.css?ver=4.1.1 HTTP/1.1" 304 0 "http://foldinggatebanten.com/" "Serf/1.1.0 mod_pagespeed/1.9.32.3-4448"
128.199.122.79 - - [13/Mar/2015:19:42:05 +0000] "GET /wp-includes/js/jquery/jquery-migrate.min.js?ver=1.2.1 HTTP/1.1" 304 0 "http://foldinggatebanten.com/" "Serf/1.1.0 mod_pagespeed/1.9.32.3-4448"
92.63.110.237 - - [13/Mar/2015:19:42:05 +0000] "GET / HTTP/1.1" 200 2147 "http://addictedtodesign.com/wp-content/themes/dejavu/lib/scripts/dl-skin.php" "Mozilla/5.0 (Windows NT 6.1) AppleWebKit/534.24 (KHTML, like Gecko) Chrome/12.0.702.0 Safari/534.24"
128.199.122.79 - - [13/Mar/2015:19:42:05 +0000] "GET /wp-content/themes/twentyfifteen/js/skip-link-focus-fix.js?ver=20141010 HTTP/1.1" 304 0 "http://foldinggatebanten.com/" "Serf/1.1.0 mod_pagespeed/1.9.32.3-4448"
128.199.122.79 - - [13/Mar/2015:19:42:05 +0000] "GET /wp-content/themes/twentyfifteen/js/functions.js?ver=20141212 HTTP/1.1" 304 0 "http://foldinggatebanten.com/" "Serf/1.1.0 mod_pagespeed/1.9.32.3-4448"
128.199.122.79 - - [13/Mar/2015:19:42:05 +0000] "GET /wp-includes/js/jquery/jquery.js?ver=1.11.1 HTTP/1.1" 304 0 "http://foldinggatebanten.com/" "Serf/1.1.0 mod_pagespeed/1.9.32.3-4448"
128.199.122.79 - - [13/Mar/2015:19:42:05 +0000] "POST /wp-cron.php?doing_wp_cron=1426275724.9756720066070556640625 HTTP/1.0" 200 20 "-" "WordPress/4.1.1; http://foldinggatebanten.com"
92.63.110.237 - - [13/Mar/2015:19:42:05 +0000] "GET / HTTP/1.1" 200 2271 "http://3damigas.com/wp-content/themes/echelon/lib/scripts/dl-skin.php" "Mozilla/5.0 (Macintosh; U; Intel Mac OS X 10_6_2; en-US) AppleWebKit/534.16 (KHTML, like Gecko) Chrome/10.0.648.133 Safari/534.16"
92.63.110.237 - - [13/Mar/2015:19:42:06 +0000] "GET /wp-admin/admin-ajax.php?action=revslider_show_image&img=../wp-config.php HTTP/1.1" 200 32 "http://foldinggatebanten.com" "Mozilla/5.0 (Macintosh; U; Intel Mac OS X 10_6_2; en-US) AppleWebKit/534.16 (KHTML, like Gecko) Chrome/10.0.648.133 Safari/534.16"
92.63.110.237 - - [13/Mar/2015:19:42:06 +0000] "GET /wp-admin/admin-ajax.php?action=revslider_show_image&img=../wp-config.php HTTP/1.1" 200 32 "http://foldinggatebanten.com" "Mozilla/5.0 (Windows NT 6.1) AppleWebKit/534.24 (KHTML, like Gecko) Chrome/12.0.702.0 Safari/534.24"
92.63.110.237 - - [13/Mar/2015:19:42:06 +0000] "POST /wp-content/themes/infocus/lib/scripts/dl-skin.php HTTP/1.1" 404 1806 "http://foldinggatebanten.com/wp-admin/admin-ajax.php?action=revslider_show_image&img=../wp-config.php" "Mozilla/5.0 (Windows NT 6.1) AppleWebKit/534.24 (KHTML, like Gecko) Chrome/12.0.702.0 Safari/534.24"
92.63.110.237 - - [13/Mar/2015:19:42:06 +0000] "POST /wp-content/themes/infocus/lib/scripts/dl-skin.php HTTP/1.1" 404 1806 "http://foldinggatebanten.com/wp-admin/admin-ajax.php?action=revslider_show_image&img=../wp-config.php" "Mozilla/5.0 (Macintosh; U; Intel Mac OS X 10_6_2; en-US) AppleWebKit/534.16 (KHTML, like Gecko) Chrome/10.0.648.133 Safari/534.16"
92.63.110.237 - - [13/Mar/2015:19:42:06 +0000] "GET /wp-content/plugins/google-mp3-audio-player/direct_download.php?file=../../../wp-config.php HTTP/1.1" 404 1806 "http://foldinggatebanten.com/wp-content/themes/infocus/lib/scripts/dl-skin.php" "Mozilla/5.0 (Macintosh; U; Intel Mac OS X 10_6_2; en-US) AppleWebKit/534.16 (KHTML, like Gecko) Chrome/10.0.648.133 Safari/534.16"
92.63.110.237 - - [13/Mar/2015:19:42:07 +0000] "GET /wp-content/plugins/google-mp3-audio-player/direct_download.php?file=../../../wp-config.php HTTP/1.1" 404 1806 "http://foldinggatebanten.com/wp-content/themes/infocus/lib/scripts/dl-skin.php" "Mozilla/5.0 (Windows NT 6.1) AppleWebKit/534.24 (KHTML, like Gecko) Chrome/12.0.702.0 Safari/534.24"
92.63.110.237 - - [13/Mar/2015:19:42:07 +0000] "POST /wp-content/themes/awake/lib/scripts/dl-skin.php HTTP/1.1" 404 1806 "http://foldinggatebanten.com/wp-content/plugins/google-mp3-audio-player/direct_download.php?file=../../../wp-config.php" "Mozilla/5.0 (Macintosh; U; Intel Mac OS X 10_6_2; en-US) AppleWebKit/534.16 (KHTML, like Gecko) Chrome/10.0.648.133 Safari/534.16"
92.63.110.237 - - [13/Mar/2015:19:42:07 +0000] "POST /wp-content/themes/awake/lib/scripts/dl-skin.php HTTP/1.1" 404 1806 "http://foldinggatebanten.com/wp-content/plugins/google-mp3-audio-player/direct_download.php?file=../../../wp-config.php" "Mozilla/5.0 (Windows NT 6.1) AppleWebKit/534.24 (KHTML, like Gecko) Chrome/12.0.702.0 Safari/534.24"
92.63.110.237 - - [13/Mar/2015:19:42:07 +0000] "POST /wp-content/themes/echelon/lib/scripts/dl-skin.php HTTP/1.1" 404 1806 "http://foldinggatebanten.com/wp-content/themes/awake/lib/scripts/dl-skin.php" "Mozilla/5.0 (Macintosh; U; Intel Mac OS X 10_6_2; en-US) AppleWebKit/534.16 (KHTML, like Gecko) Chrome/10.0.648.133 Safari/534.16"
92.63.110.237 - - [13/Mar/2015:19:42:08 +0000] "POST /wp-content/themes/echelon/lib/scripts/dl-skin.php HTTP/1.1" 404 1806 "http://foldinggatebanten.com/wp-content/themes/awake/lib/scripts/dl-skin.php" "Mozilla/5.0 (Windows NT 6.1) AppleWebKit/534.24 (KHTML, like Gecko) Chrome/12.0.702.0 Safari/534.24"
92.63.110.237 - - [13/Mar/2015:19:42:08 +0000] "GET /wp-admin/admin-ajax.php?action=getfile&/../../wp-config.php HTTP/1.1" 200 32 "http://foldinggatebanten.com/wp-content/themes/echelon/lib/scripts/dl-skin.php" "Mozilla/5.0 (Macintosh; U; Intel Mac OS X 10_6_2; en-US) AppleWebKit/534.16 (KHTML, like Gecko) Chrome/10.0.648.133 Safari/534.16"
92.63.110.237 - - [13/Mar/2015:19:42:08 +0000] "POST /wp-content/themes/dejavu/lib/scripts/dl-skin.php HTTP/1.1" 404 1806 "http://foldinggatebanten.com/wp-admin/admin-ajax.php?action=getfile&/../../wp-config.php" "Mozilla/5.0 (Macintosh; U; Intel Mac OS X 10_6_2; en-US) AppleWebKit/534.16 (KHTML, like Gecko) Chrome/10.0.648.133 Safari/534.16"
92.63.110.237 - - [13/Mar/2015:19:42:08 +0000] "GET /wp-admin/admin-ajax.php?action=getfile&/../../wp-config.php HTTP/1.1" 200 32 "http://foldinggatebanten.com/wp-content/themes/echelon/lib/scripts/dl-skin.php" "Mozilla/5.0 (Windows NT 6.1) AppleWebKit/534.24 (KHTML, like Gecko) Chrome/12.0.702.0 Safari/534.24"
