123.125.71.31 - - [14/Mar/2015:00:00:14 +0000] "GET / HTTP/1.1" 301 5 "-" "Mozilla/5.0 (Windows NT 5.1; rv:6.0.2) Gecko/20100101 Firefox/6.0.2"
128.199.122.79 - - [14/Mar/2015:00:00:25 +0000] "GET /wp-content/themes/twentyfifteen/genericons/genericons.css?ver=3.2 HTTP/1.1" 304 0 "http://foldinggatebanten.com/" "Serf/1.1.0 mod_pagespeed/1.9.32.3-4448"
128.199.122.79 - - [14/Mar/2015:00:00:25 +0000] "GET /wp-content/themes/twentyfifteen/style.css?ver=4.1.1 HTTP/1.1" 304 0 "http://foldinggatebanten.com/" "Serf/1.1.0 mod_pagespeed/1.9.32.3-4448"
128.199.122.79 - - [14/Mar/2015:00:00:25 +0000] "GET /wp-includes/js/jquery/jquery-migrate.min.js?ver=1.2.1 HTTP/1.1" 304 0 "http://foldinggatebanten.com/" "Serf/1.1.0 mod_pagespeed/1.9.32.3-4448"
128.199.122.79 - - [14/Mar/2015:00:00:25 +0000] "GET /wp-content/themes/twentyfifteen/js/skip-link-focus-fix.js?ver=20141010 HTTP/1.1" 304 0 "http://foldinggatebanten.com/" "Serf/1.1.0 mod_pagespeed/1.9.32.3-4448"
128.199.122.79 - - [14/Mar/2015:00:00:25 +0000] "GET /wp-content/themes/twentyfifteen/js/functions.js?ver=20141212 HTTP/1.1" 304 0 "http://foldinggatebanten.com/" "Serf/1.1.0 mod_pagespeed/1.9.32.3-4448"
128.199.122.79 - - [14/Mar/2015:00:00:25 +0000] "GET /wp-includes/js/jquery/jquery.js?ver=1.11.1 HTTP/1.1" 304 0 "http://foldinggatebanten.com/" "Serf/1.1.0 mod_pagespeed/1.9.32.3-4448"
123.125.71.36 - - [14/Mar/2015:00:00:30 +0000] "GET / HTTP/1.1" 200 2118 "-" "Mozilla/5.0 (Windows NT 5.1; rv:6.0.2) Gecko/20100101 Firefox/6.0.2"
123.125.71.31 - - [14/Mar/2015:00:00:47 +0000] "GET / HTTP/1.1" 200 6802 "-" "Mozilla/5.0 (Windows NT 5.1; rv:6.0.2) Gecko/20100101 Firefox/6.0.2"
220.181.108.167 - - [14/Mar/2015:00:04:39 +0000] "GET / HTTP/1.1" 301 5 "-" "Mozilla/5.0 (Windows NT 5.1; rv:6.0.2) Gecko/20100101 Firefox/6.0.2"
128.199.122.79 - - [14/Mar/2015:00:04:54 +0000] "GET /wp-content/themes/twentyfifteen/genericons/genericons.css?ver=3.2 HTTP/1.1" 304 0 "http://foldinggatebanten.com/" "Serf/1.1.0 mod_pagespeed/1.9.32.3-4448"
128.199.122.79 - - [14/Mar/2015:00:04:54 +0000] "GET /wp-content/themes/twentyfifteen/style.css?ver=4.1.1 HTTP/1.1" 304 0 "http://foldinggatebanten.com/" "Serf/1.1.0 mod_pagespeed/1.9.32.3-4448"
128.199.122.79 - - [14/Mar/2015:00:04:54 +0000] "GET /wp-includes/js/jquery/jquery-migrate.min.js?ver=1.2.1 HTTP/1.1" 304 0 "http://foldinggatebanten.com/" "Serf/1.1.0 mod_pagespeed/1.9.32.3-4448"
128.199.122.79 - - [14/Mar/2015:00:04:54 +0000] "GET /wp-content/themes/twentyfifteen/js/skip-link-focus-fix.js?ver=20141010 HTTP/1.1" 304 0 "http://foldinggatebanten.com/" "Serf/1.1.0 mod_pagespeed/1.9.32.3-4448"
128.199.122.79 - - [14/Mar/2015:00:04:54 +0000] "GET /wp-includes/js/jquery/jquery.js?ver=1.11.1 HTTP/1.1" 304 0 "http://foldinggatebanten.com/" "Serf/1.1.0 mod_pagespeed/1.9.32.3-4448"
128.199.122.79 - - [14/Mar/2015:00:04:54 +0000] "GET /wp-content/themes/twentyfifteen/js/functions.js?ver=20141212 HTTP/1.1" 304 0 "http://foldinggatebanten.com/" "Serf/1.1.0 mod_pagespeed/1.9.32.3-4448"
220.181.108.184 - - [14/Mar/2015:00:04:59 +0000] "GET / HTTP/1.1" 200 2271 "-" "Mozilla/5.0 (Windows NT 5.1; rv:6.0.2) Gecko/20100101 Firefox/6.0.2"
220.181.108.187 - - [14/Mar/2015:00:05:21 +0000] "GET / HTTP/1.1" 200 6802 "-" "Mozilla/5.0 (Windows NT 5.1; rv:6.0.2) Gecko/20100101 Firefox/6.0.2"
123.125.71.116 - - [14/Mar/2015:00:25:08 +0000] "GET /xmlrpc.php HTTP/1.1" 200 71 "-" "Mozilla/5.0 (compatible; Baiduspider/2.0; +http://www.baidu.com/search/spider.html)"
157.55.39.180 - - [14/Mar/2015:00:46:24 +0000] "GET /robots.txt HTTP/1.1" 404 1806 "-" "Mozilla/5.0 (compatible; bingbot/2.0; +http://www.bing.com/bingbot.htm)"
66.249.71.70 - - [14/Mar/2015:00:49:20 +0000] "GET / HTTP/1.1" 301 5 "-" "Mozilla/5.0 (compatible; Googlebot/2.1; +http://www.google.com/bot.html)"
180.76.5.66 - - [14/Mar/2015:00:50:10 +0000] "GET /produk/spesialis-folding-gate-di-tangerang/feed/ HTTP/1.1" 301 5 "-" "Mozilla/5.0 (compatible; Baiduspider/2.0; +http://www.baidu.com/search/spider.html)"
128.199.122.79 - - [14/Mar/2015:00:50:11 +0000] "GET /wp-content/themes/twentyfifteen/genericons/genericons.css?ver=3.2 HTTP/1.1" 304 0 "http://foldinggatebanten.com/produk/spesialis-folding-gate-di-tangerang/feed/" "Serf/1.1.0 mod_pagespeed/1.9.32.3-4448"
128.199.122.79 - - [14/Mar/2015:00:50:11 +0000] "GET /wp-content/themes/twentyfifteen/style.css?ver=4.1.1 HTTP/1.1" 304 0 "http://foldinggatebanten.com/produk/spesialis-folding-gate-di-tangerang/feed/" "Serf/1.1.0 mod_pagespeed/1.9.32.3-4448"
128.199.122.79 - - [14/Mar/2015:00:50:11 +0000] "GET /wp-includes/js/jquery/jquery-migrate.min.js?ver=1.2.1 HTTP/1.1" 304 0 "http://foldinggatebanten.com/produk/spesialis-folding-gate-di-tangerang/feed/" "Serf/1.1.0 mod_pagespeed/1.9.32.3-4448"
128.199.122.79 - - [14/Mar/2015:00:50:11 +0000] "GET /wp-content/themes/twentyfifteen/js/skip-link-focus-fix.js?ver=20141010 HTTP/1.1" 304 0 "http://foldinggatebanten.com/produk/spesialis-folding-gate-di-tangerang/feed/" "Serf/1.1.0 mod_pagespeed/1.9.32.3-4448"
128.199.122.79 - - [14/Mar/2015:00:50:11 +0000] "GET /wp-content/themes/twentyfifteen/js/functions.js?ver=20141212 HTTP/1.1" 304 0 "http://foldinggatebanten.com/produk/spesialis-folding-gate-di-tangerang/feed/" "Serf/1.1.0 mod_pagespeed/1.9.32.3-4448"
128.199.122.79 - - [14/Mar/2015:00:50:11 +0000] "GET /wp-includes/js/jquery/jquery.js?ver=1.11.1 HTTP/1.1" 304 0 "http://foldinggatebanten.com/produk/spesialis-folding-gate-di-tangerang/feed/" "Serf/1.1.0 mod_pagespeed/1.9.32.3-4448"
180.76.5.94 - - [14/Mar/2015:00:50:11 +0000] "GET /produk/spesialis-folding-gate-di-tangerang/feed/ HTTP/1.1" 200 2147 "-" "Mozilla/5.0 (compatible; Baiduspider/2.0; +http://www.baidu.com/search/spider.html)"
128.199.122.79 - - [14/Mar/2015:01:01:53 +0000] "GET /wp-content/themes/twentyfifteen/genericons/genericons.css?ver=3.2 HTTP/1.1" 304 0 "http://foldinggatebanten.com/" "Serf/1.1.0 mod_pagespeed/1.9.32.3-4448"
128.199.122.79 - - [14/Mar/2015:01:01:54 +0000] "GET /wp-content/themes/twentyfifteen/style.css?ver=4.1.1 HTTP/1.1" 304 0 "http://foldinggatebanten.com/" "Serf/1.1.0 mod_pagespeed/1.9.32.3-4448"
128.199.122.79 - - [14/Mar/2015:01:01:54 +0000] "GET /wp-includes/js/jquery/jquery-migrate.min.js?ver=1.2.1 HTTP/1.1" 304 0 "http://foldinggatebanten.com/" "Serf/1.1.0 mod_pagespeed/1.9.32.3-4448"
128.199.122.79 - - [14/Mar/2015:01:01:54 +0000] "GET /wp-content/themes/twentyfifteen/js/skip-link-focus-fix.js?ver=20141010 HTTP/1.1" 304 0 "http://foldinggatebanten.com/" "Serf/1.1.0 mod_pagespeed/1.9.32.3-4448"
128.199.122.79 - - [14/Mar/2015:01:01:54 +0000] "GET /wp-content/themes/twentyfifteen/js/functions.js?ver=20141212 HTTP/1.1" 304 0 "http://foldinggatebanten.com/" "Serf/1.1.0 mod_pagespeed/1.9.32.3-4448"
128.199.122.79 - - [14/Mar/2015:01:01:54 +0000] "GET /wp-includes/js/jquery/jquery.js?ver=1.11.1 HTTP/1.1" 304 0 "http://foldinggatebanten.com/" "Serf/1.1.0 mod_pagespeed/1.9.32.3-4448"
123.125.71.12 - - [14/Mar/2015:01:01:59 +0000] "GET / HTTP/1.1" 200 2118 "-" "Mozilla/5.0 (Windows NT 5.1; rv:6.0.2) Gecko/20100101 Firefox/6.0.2"
123.125.71.19 - - [14/Mar/2015:01:02:16 +0000] "GET / HTTP/1.1" 200 6802 "-" "Mozilla/5.0 (Windows NT 5.1; rv:6.0.2) Gecko/20100101 Firefox/6.0.2"
220.181.108.95 - - [14/Mar/2015:01:05:06 +0000] "GET / HTTP/1.1" 200 2271 "-" "Mozilla/5.0 (Windows NT 5.1; rv:6.0.2) Gecko/20100101 Firefox/6.0.2"
220.181.108.91 - - [14/Mar/2015:01:05:28 +0000] "GET / HTTP/1.1" 200 6802 "-" "Mozilla/5.0 (Windows NT 5.1; rv:6.0.2) Gecko/20100101 Firefox/6.0.2"
66.249.71.68 - - [14/Mar/2015:01:21:29 +0000] "GET /?cat=1 HTTP/1.1" 200 2169 "-" "Mozilla/5.0 (compatible; Googlebot/2.1; +http://www.google.com/bot.html)"
128.199.122.79 - - [14/Mar/2015:01:21:29 +0000] "GET /wp-content/themes/twentyfifteen/genericons/genericons.css?ver=3.2 HTTP/1.1" 304 0 "http://foldinggatebanten.com/?cat=1" "Serf/1.1.0 mod_pagespeed/1.9.32.3-4448"
128.199.122.79 - - [14/Mar/2015:01:21:29 +0000] "GET /wp-content/themes/twentyfifteen/style.css?ver=4.1.1 HTTP/1.1" 304 0 "http://foldinggatebanten.com/?cat=1" "Serf/1.1.0 mod_pagespeed/1.9.32.3-4448"
128.199.122.79 - - [14/Mar/2015:01:21:29 +0000] "GET /wp-includes/js/jquery/jquery-migrate.min.js?ver=1.2.1 HTTP/1.1" 304 0 "http://foldinggatebanten.com/?cat=1" "Serf/1.1.0 mod_pagespeed/1.9.32.3-4448"
128.199.122.79 - - [14/Mar/2015:01:21:29 +0000] "GET /wp-content/themes/twentyfifteen/js/skip-link-focus-fix.js?ver=20141010 HTTP/1.1" 304 0 "http://foldinggatebanten.com/?cat=1" "Serf/1.1.0 mod_pagespeed/1.9.32.3-4448"
128.199.122.79 - - [14/Mar/2015:01:21:29 +0000] "GET /wp-content/themes/twentyfifteen/js/functions.js?ver=20141212 HTTP/1.1" 304 0 "http://foldinggatebanten.com/?cat=1" "Serf/1.1.0 mod_pagespeed/1.9.32.3-4448"
128.199.122.79 - - [14/Mar/2015:01:21:29 +0000] "GET /wp-includes/js/jquery/jquery.js?ver=1.11.1 HTTP/1.1" 304 0 "http://foldinggatebanten.com/?cat=1" "Serf/1.1.0 mod_pagespeed/1.9.32.3-4448"
128.199.122.79 - - [14/Mar/2015:02:28:02 +0000] "GET /wp-content/themes/twentyfifteen/genericons/genericons.css?ver=3.2 HTTP/1.1" 304 0 "http://foldinggatebanten.com/" "Serf/1.1.0 mod_pagespeed/1.9.32.3-4448"
187.106.21.156 - - [14/Mar/2015:02:28:02 +0000] "GET / HTTP/1.1" 200 2118 "http://semalt.semalt.com/crawler.php?u=http://foldinggatebanten.com" "Mozilla/5.0 (Windows NT 6.1; WOW64) AppleWebKit/537.36 (KHTML, like Gecko) Chrome/36.0.1985.143 Safari/537.36"
128.199.122.79 - - [14/Mar/2015:02:28:02 +0000] "GET /wp-content/themes/twentyfifteen/style.css?ver=4.1.1 HTTP/1.1" 304 0 "http://foldinggatebanten.com/" "Serf/1.1.0 mod_pagespeed/1.9.32.3-4448"
128.199.122.79 - - [14/Mar/2015:02:28:02 +0000] "GET /wp-includes/js/jquery/jquery-migrate.min.js?ver=1.2.1 HTTP/1.1" 304 0 "http://foldinggatebanten.com/" "Serf/1.1.0 mod_pagespeed/1.9.32.3-4448"
128.199.122.79 - - [14/Mar/2015:02:28:02 +0000] "GET /wp-content/themes/twentyfifteen/js/skip-link-focus-fix.js?ver=20141010 HTTP/1.1" 304 0 "http://foldinggatebanten.com/" "Serf/1.1.0 mod_pagespeed/1.9.32.3-4448"
128.199.122.79 - - [14/Mar/2015:02:28:02 +0000] "GET /wp-content/themes/twentyfifteen/js/functions.js?ver=20141212 HTTP/1.1" 304 0 "http://foldinggatebanten.com/" "Serf/1.1.0 mod_pagespeed/1.9.32.3-4448"
128.199.122.79 - - [14/Mar/2015:02:28:02 +0000] "GET /wp-includes/js/jquery/jquery.js?ver=1.11.1 HTTP/1.1" 304 0 "http://foldinggatebanten.com/" "Serf/1.1.0 mod_pagespeed/1.9.32.3-4448"
187.106.21.156 - - [14/Mar/2015:02:28:03 +0000] "GET /wp-content/themes/twentyfifteen/genericons/genericons.css?ver=3.2 HTTP/1.1" 200 16418 "http://foldinggatebanten.com/" "Mozilla/5.0 (Windows NT 6.1; WOW64) AppleWebKit/537.36 (KHTML, like Gecko) Chrome/36.0.1985.143 Safari/537.36"
187.106.21.156 - - [14/Mar/2015:02:28:03 +0000] "GET /wp-content/themes/twentyfifteen/style.css?ver=4.1.1 HTTP/1.1" 200 13409 "http://foldinggatebanten.com/" "Mozilla/5.0 (Windows NT 6.1; WOW64) AppleWebKit/537.36 (KHTML, like Gecko) Chrome/36.0.1985.143 Safari/537.36"
187.106.21.156 - - [14/Mar/2015:02:28:03 +0000] "GET /wp-includes/js/jquery/jquery.js?ver=1.11.1 HTTP/1.1" 200 33221 "http://foldinggatebanten.com/" "Mozilla/5.0 (Windows NT 6.1; WOW64) AppleWebKit/537.36 (KHTML, like Gecko) Chrome/36.0.1985.143 Safari/537.36"
187.106.21.156 - - [14/Mar/2015:02:28:03 +0000] "GET /wp-includes/js/jquery/jquery-migrate.min.js?ver=1.2.1 HTTP/1.1" 200 7200 "http://foldinggatebanten.com/" "Mozilla/5.0 (Windows NT 6.1; WOW64) AppleWebKit/537.36 (KHTML, like Gecko) Chrome/36.0.1985.143 Safari/537.36"
187.106.21.156 - - [14/Mar/2015:02:28:03 +0000] "GET /wp-content/themes/twentyfifteen/js/skip-link-focus-fix.js?ver=20141010 HTTP/1.1" 200 727 "http://foldinggatebanten.com/" "Mozilla/5.0 (Windows NT 6.1; WOW64) AppleWebKit/537.36 (KHTML, like Gecko) Chrome/36.0.1985.143 Safari/537.36"
187.106.21.156 - - [14/Mar/2015:02:28:03 +0000] "GET /wp-content/themes/twentyfifteen/js/functions.js?ver=20141212 HTTP/1.1" 200 4072 "http://foldinggatebanten.com/" "Mozilla/5.0 (Windows NT 6.1; WOW64) AppleWebKit/537.36 (KHTML, like Gecko) Chrome/36.0.1985.143 Safari/537.36"
187.106.21.156 - - [14/Mar/2015:02:28:04 +0000] "GET /wp-content/themes/twentyfifteen/genericons/Genericons.ttf HTTP/1.1" 200 22576 "http://foldinggatebanten.com/" "Mozilla/5.0 (Windows NT 6.1; WOW64) AppleWebKit/537.36 (KHTML, like Gecko) Chrome/36.0.1985.143 Safari/537.36"
187.106.21.156 - - [14/Mar/2015:02:28:04 +0000] "GET /wp-content/themes/twentyfifteen/genericons/Genericons.svg HTTP/1.1" 200 78913 "http://foldinggatebanten.com/" "Mozilla/5.0 (Windows NT 6.1; WOW64) AppleWebKit/537.36 (KHTML, like Gecko) Chrome/36.0.1985.143 Safari/537.36"
180.76.5.146 - - [14/Mar/2015:02:36:00 +0000] "GET / HTTP/1.1" 301 5 "-" "Mozilla/5.0 (compatible; Baiduspider/2.0; +http://www.baidu.com/search/spider.html)"
128.199.122.79 - - [14/Mar/2015:02:36:00 +0000] "GET /wp-content/themes/twentyfifteen/genericons/genericons.css?ver=3.2 HTTP/1.1" 304 0 "http://foldinggatebanten.com/" "Serf/1.1.0 mod_pagespeed/1.9.32.3-4448"
128.199.122.79 - - [14/Mar/2015:02:36:00 +0000] "GET /wp-content/themes/twentyfifteen/style.css?ver=4.1.1 HTTP/1.1" 304 0 "http://foldinggatebanten.com/" "Serf/1.1.0 mod_pagespeed/1.9.32.3-4448"
128.199.122.79 - - [14/Mar/2015:02:36:00 +0000] "GET /wp-includes/js/jquery/jquery-migrate.min.js?ver=1.2.1 HTTP/1.1" 304 0 "http://foldinggatebanten.com/" "Serf/1.1.0 mod_pagespeed/1.9.32.3-4448"
128.199.122.79 - - [14/Mar/2015:02:36:00 +0000] "GET /wp-content/themes/twentyfifteen/js/skip-link-focus-fix.js?ver=20141010 HTTP/1.1" 304 0 "http://foldinggatebanten.com/" "Serf/1.1.0 mod_pagespeed/1.9.32.3-4448"
128.199.122.79 - - [14/Mar/2015:02:36:00 +0000] "GET /wp-content/themes/twentyfifteen/js/functions.js?ver=20141212 HTTP/1.1" 304 0 "http://foldinggatebanten.com/" "Serf/1.1.0 mod_pagespeed/1.9.32.3-4448"
128.199.122.79 - - [14/Mar/2015:02:36:00 +0000] "GET /wp-includes/js/jquery/jquery.js?ver=1.11.1 HTTP/1.1" 304 0 "http://foldinggatebanten.com/" "Serf/1.1.0 mod_pagespeed/1.9.32.3-4448"
180.76.5.66 - - [14/Mar/2015:02:36:00 +0000] "GET / HTTP/1.1" 200 2244 "-" "Mozilla/5.0 (compatible; Baiduspider/2.0; +http://www.baidu.com/search/spider.html)"
177.136.162.225 - - [14/Mar/2015:02:36:55 +0000] "GET / HTTP/1.1" 200 2271 "http://semalt.semalt.com/crawler.php?u=http://foldinggatebanten.com" "Mozilla/5.0 (Windows NT 6.1; WOW64) AppleWebKit/537.36 (KHTML, like Gecko) Chrome/32.0.1700.107 Safari/537.36"
177.136.162.225 - - [14/Mar/2015:02:36:55 +0000] "GET /wp-content/themes/twentyfifteen/genericons/A.genericons.css,qver=3.2.pagespeed.cf.NPz-yIFsxm.css HTTP/1.1" 200 16159 "http://foldinggatebanten.com/" "Mozilla/5.0 (Windows NT 6.1; WOW64) AppleWebKit/537.36 (KHTML, like Gecko) Chrome/32.0.1700.107 Safari/537.36"
177.136.162.225 - - [14/Mar/2015:02:36:56 +0000] "GET /wp-content/themes/twentyfifteen/A.style.css,qver=4.1.1.pagespeed.cf.nOC4iv4fcA.css HTTP/1.1" 200 10381 "http://foldinggatebanten.com/" "Mozilla/5.0 (Windows NT 6.1; WOW64) AppleWebKit/537.36 (KHTML, like Gecko) Chrome/32.0.1700.107 Safari/537.36"
177.136.162.225 - - [14/Mar/2015:02:36:56 +0000] "GET /wp-content/themes/twentyfifteen/js/functions.js,qver=20141212.pagespeed.jm.wOkevS8LmJ.js HTTP/1.1" 200 2969 "http://foldinggatebanten.com/" "Mozilla/5.0 (Windows NT 6.1; WOW64) AppleWebKit/537.36 (KHTML, like Gecko) Chrome/32.0.1700.107 Safari/537.36"
177.136.162.225 - - [14/Mar/2015:02:36:56 +0000] "GET /wp-includes,_js,_jquery,_jquery-migrate.min.js,qver==1.2.1+wp-content,_themes,_twentyfifteen,_js,_skip-link-focus-fix.js,qver==20141010.pagespeed.jc.xomP_YAhaD.js HTTP/1.1" 200 7747 "http://foldinggatebanten.com/" "Mozilla/5.0 (Windows NT 6.1; WOW64) AppleWebKit/537.36 (KHTML, like Gecko) Chrome/32.0.1700.107 Safari/537.36"
177.136.162.225 - - [14/Mar/2015:02:36:56 +0000] "GET /wp-includes/js/jquery/jquery.js,qver=1.11.1.pagespeed.jm.z9hb-Gxqf6.js HTTP/1.1" 200 33158 "http://foldinggatebanten.com/" "Mozilla/5.0 (Windows NT 6.1; WOW64) AppleWebKit/537.36 (KHTML, like Gecko) Chrome/32.0.1700.107 Safari/537.36"
177.136.162.225 - - [14/Mar/2015:02:37:00 +0000] "GET /wp-content/themes/twentyfifteen/genericons/Genericons.ttf HTTP/1.1" 200 22576 "http://foldinggatebanten.com/" "Mozilla/5.0 (Windows NT 6.1; WOW64) AppleWebKit/537.36 (KHTML, like Gecko) Chrome/32.0.1700.107 Safari/537.36"
177.136.162.225 - - [14/Mar/2015:02:37:02 +0000] "GET /wp-content/themes/twentyfifteen/genericons/Genericons.svg HTTP/1.1" 200 66001 "http://foldinggatebanten.com/" "Mozilla/5.0 (Windows NT 6.1; WOW64) AppleWebKit/537.36 (KHTML, like Gecko) Chrome/32.0.1700.107 Safari/537.36"
217.73.208.26 - - [14/Mar/2015:02:38:05 +0000] "GET / HTTP/1.1" 301 5 "-" "Mozilla/5.0 (X11; Linux i686; rv:13.0) Gecko/20100101 Firefox/13.0.1"
217.73.208.27 - - [14/Mar/2015:02:38:07 +0000] "GET / HTTP/1.1" 200 6802 "-" "Mozilla/5.0 (X11; Linux i686; rv:13.0) Gecko/20100101 Firefox/13.0.1"
66.249.67.36 - - [14/Mar/2015:02:38:08 +0000] "GET / HTTP/1.1" 301 5 "-" "DoCoMo/2.0 N905i(c100;TB;W24H16) (compatible; Googlebot-Mobile/2.1; +http://www.google.com/bot.html)"
66.249.71.85 - - [14/Mar/2015:02:38:10 +0000] "GET /robots.txt HTTP/1.1" 404 1806 "-" "Mozilla/5.0 (compatible; Googlebot/2.1; +http://www.google.com/bot.html)"
66.249.67.48 - - [14/Mar/2015:02:38:11 +0000] "GET / HTTP/1.1" 200 2236 "-" "DoCoMo/2.0 N905i(c100;TB;W24H16) (compatible; Googlebot-Mobile/2.1; +http://www.google.com/bot.html)"
66.249.71.36 - - [14/Mar/2015:02:39:43 +0000] "GET / HTTP/1.1" 301 5 "-" "SAMSUNG-SGH-E250/1.0 Profile/MIDP-2.0 Configuration/CLDC-1.1 UP.Browser/6.2.3.3.c.1.101 (GUI) MMP/2.0 (compatible; Googlebot-Mobile/2.1; +http://www.google.com/bot.html)"
66.249.71.85 - - [14/Mar/2015:02:39:44 +0000] "GET / HTTP/1.1" 200 2271 "-" "SAMSUNG-SGH-E250/1.0 Profile/MIDP-2.0 Configuration/CLDC-1.1 UP.Browser/6.2.3.3.c.1.101 (GUI) MMP/2.0 (compatible; Googlebot-Mobile/2.1; +http://www.google.com/bot.html)"
128.199.122.79 - - [14/Mar/2015:03:19:16 +0000] "GET /wp-content/themes/twentyfifteen/genericons/genericons.css?ver=3.2 HTTP/1.1" 304 0 "http://foldinggatebanten.com/" "Serf/1.1.0 mod_pagespeed/1.9.32.3-4448"
66.249.71.85 - - [14/Mar/2015:03:19:16 +0000] "GET / HTTP/1.1" 200 2118 "-" "Mozilla/5.0 (compatible; Googlebot/2.1; +http://www.google.com/bot.html)"
128.199.122.79 - - [14/Mar/2015:03:19:16 +0000] "GET /wp-content/themes/twentyfifteen/style.css?ver=4.1.1 HTTP/1.1" 304 0 "http://foldinggatebanten.com/" "Serf/1.1.0 mod_pagespeed/1.9.32.3-4448"
128.199.122.79 - - [14/Mar/2015:03:19:16 +0000] "GET /wp-includes/js/jquery/jquery-migrate.min.js?ver=1.2.1 HTTP/1.1" 304 0 "http://foldinggatebanten.com/" "Serf/1.1.0 mod_pagespeed/1.9.32.3-4448"
128.199.122.79 - - [14/Mar/2015:03:19:16 +0000] "GET /wp-content/themes/twentyfifteen/js/skip-link-focus-fix.js?ver=20141010 HTTP/1.1" 304 0 "http://foldinggatebanten.com/" "Serf/1.1.0 mod_pagespeed/1.9.32.3-4448"
128.199.122.79 - - [14/Mar/2015:03:19:16 +0000] "GET /wp-content/themes/twentyfifteen/js/functions.js?ver=20141212 HTTP/1.1" 304 0 "http://foldinggatebanten.com/" "Serf/1.1.0 mod_pagespeed/1.9.32.3-4448"
128.199.122.79 - - [14/Mar/2015:03:19:17 +0000] "GET /wp-includes/js/jquery/jquery.js?ver=1.11.1 HTTP/1.1" 304 0 "http://foldinggatebanten.com/" "Serf/1.1.0 mod_pagespeed/1.9.32.3-4448"
42.156.137.105 - - [14/Mar/2015:03:32:43 +0000] "GET / HTTP/1.1" 301 5 "-" "YisouSpider"
128.199.122.79 - - [14/Mar/2015:03:32:45 +0000] "GET /wp-content/themes/twentyfifteen/genericons/genericons.css?ver=3.2 HTTP/1.1" 304 0 "http://foldinggatebanten.com/" "Serf/1.1.0 mod_pagespeed/1.9.32.3-4448"
128.199.122.79 - - [14/Mar/2015:03:32:45 +0000] "GET /wp-content/themes/twentyfifteen/style.css?ver=4.1.1 HTTP/1.1" 304 0 "http://foldinggatebanten.com/" "Serf/1.1.0 mod_pagespeed/1.9.32.3-4448"
42.156.137.105 - - [14/Mar/2015:03:32:45 +0000] "GET / HTTP/1.1" 200 2147 "-" "YisouSpider"
128.199.122.79 - - [14/Mar/2015:03:32:45 +0000] "GET /wp-includes/js/jquery/jquery-migrate.min.js?ver=1.2.1 HTTP/1.1" 304 0 "http://foldinggatebanten.com/" "Serf/1.1.0 mod_pagespeed/1.9.32.3-4448"
128.199.122.79 - - [14/Mar/2015:03:32:45 +0000] "GET /wp-content/themes/twentyfifteen/js/skip-link-focus-fix.js?ver=20141010 HTTP/1.1" 304 0 "http://foldinggatebanten.com/" "Serf/1.1.0 mod_pagespeed/1.9.32.3-4448"
128.199.122.79 - - [14/Mar/2015:03:32:45 +0000] "GET /wp-content/themes/twentyfifteen/js/functions.js?ver=20141212 HTTP/1.1" 304 0 "http://foldinggatebanten.com/" "Serf/1.1.0 mod_pagespeed/1.9.32.3-4448"
128.199.122.79 - - [14/Mar/2015:03:32:45 +0000] "GET /wp-includes/js/jquery/jquery.js?ver=1.11.1 HTTP/1.1" 304 0 "http://foldinggatebanten.com/" "Serf/1.1.0 mod_pagespeed/1.9.32.3-4448"
128.199.122.79 - - [14/Mar/2015:03:44:02 +0000] "GET /wp-content/themes/twentyfifteen/genericons/genericons.css?ver=3.2 HTTP/1.1" 304 0 "http://foldinggatebanten.com/" "Serf/1.1.0 mod_pagespeed/1.9.32.3-4448"
128.199.122.79 - - [14/Mar/2015:03:44:02 +0000] "GET /wp-content/themes/twentyfifteen/style.css?ver=4.1.1 HTTP/1.1" 304 0 "http://foldinggatebanten.com/" "Serf/1.1.0 mod_pagespeed/1.9.32.3-4448"
128.199.122.79 - - [14/Mar/2015:03:44:02 +0000] "GET /wp-includes/js/jquery/jquery-migrate.min.js?ver=1.2.1 HTTP/1.1" 304 0 "http://foldinggatebanten.com/" "Serf/1.1.0 mod_pagespeed/1.9.32.3-4448"
128.199.122.79 - - [14/Mar/2015:03:44:02 +0000] "GET /wp-content/themes/twentyfifteen/js/skip-link-focus-fix.js?ver=20141010 HTTP/1.1" 304 0 "http://foldinggatebanten.com/" "Serf/1.1.0 mod_pagespeed/1.9.32.3-4448"
128.199.122.79 - - [14/Mar/2015:03:44:02 +0000] "GET /wp-content/themes/twentyfifteen/js/functions.js?ver=20141212 HTTP/1.1" 304 0 "http://foldinggatebanten.com/" "Serf/1.1.0 mod_pagespeed/1.9.32.3-4448"
180.214.232.92 - - [14/Mar/2015:03:44:02 +0000] "GET / HTTP/1.1" 200 2244 "http://www.google.com/url?sa=t&rct=j&q=&esrc=s&source=web&cd=2&ved=0CCgQFjAB&url=http%3A%2F%2Ffoldinggatebanten.com%2F&ei=TK4DVaOTKseeuQTh34GgDw&usg=AFQjCNHqFoIr13_kdY8nYrujKCXZ2ovsNA&bvm=bv.88198703,d.c2E" "Mozilla/5.0 (Windows NT 6.2; WOW64; rv:35.0) Gecko/20100101 Firefox/35.0"
128.199.122.79 - - [14/Mar/2015:03:44:02 +0000] "GET /wp-includes/js/jquery/jquery.js?ver=1.11.1 HTTP/1.1" 304 0 "http://foldinggatebanten.com/" "Serf/1.1.0 mod_pagespeed/1.9.32.3-4448"
180.214.232.92 - - [14/Mar/2015:03:44:03 +0000] "GET /wp-content/themes/twentyfifteen/genericons/A.genericons.css,qver=3.2.pagespeed.cf.NPz-yIFsxm.css HTTP/1.1" 200 16159 "http://foldinggatebanten.com/" "Mozilla/5.0 (Windows NT 6.2; WOW64; rv:35.0) Gecko/20100101 Firefox/35.0"
180.214.232.92 - - [14/Mar/2015:03:44:04 +0000] "GET /wp-content/themes/twentyfifteen/A.style.css,qver=4.1.1.pagespeed.cf.nOC4iv4fcA.css HTTP/1.1" 200 10381 "http://foldinggatebanten.com/" "Mozilla/5.0 (Windows NT 6.2; WOW64; rv:35.0) Gecko/20100101 Firefox/35.0"
180.214.232.92 - - [14/Mar/2015:03:44:05 +0000] "GET /wp-includes/js/jquery/jquery.js?ver=1.11.1 HTTP/1.1" 200 33221 "http://foldinggatebanten.com/" "Mozilla/5.0 (Windows NT 6.2; WOW64; rv:35.0) Gecko/20100101 Firefox/35.0"
180.214.232.92 - - [14/Mar/2015:03:44:05 +0000] "GET /wp-includes,_js,_jquery,_jquery-migrate.min.js,qver==1.2.1+wp-content,_themes,_twentyfifteen,_js,_skip-link-focus-fix.js,qver==20141010.pagespeed.jc.xomP_YAhaD.js HTTP/1.1" 200 7747 "http://foldinggatebanten.com/" "Mozilla/5.0 (Windows NT 6.2; WOW64; rv:35.0) Gecko/20100101 Firefox/35.0"
180.214.232.92 - - [14/Mar/2015:03:44:05 +0000] "GET /wp-content/themes/twentyfifteen/js/functions.js?ver=20141212 HTTP/1.1" 200 4072 "http://foldinggatebanten.com/" "Mozilla/5.0 (Windows NT 6.2; WOW64; rv:35.0) Gecko/20100101 Firefox/35.0"
180.214.232.92 - - [14/Mar/2015:03:44:10 +0000] "GET /favicon.ico HTTP/1.1" 404 1806 "-" "Mozilla/5.0 (Windows NT 6.2; WOW64; rv:35.0) Gecko/20100101 Firefox/35.0"
180.214.232.92 - - [14/Mar/2015:03:44:10 +0000] "GET /favicon.ico HTTP/1.1" 404 1806 "-" "Mozilla/5.0 (Windows NT 6.2; WOW64; rv:35.0) Gecko/20100101 Firefox/35.0"
123.125.71.55 - - [14/Mar/2015:03:45:19 +0000] "GET / HTTP/1.1" 200 2271 "-" "Mozilla/5.0 (Windows NT 5.1; rv:6.0.2) Gecko/20100101 Firefox/6.0.2"
123.125.71.47 - - [14/Mar/2015:03:45:33 +0000] "GET / HTTP/1.1" 200 6802 "-" "Mozilla/5.0 (Windows NT 5.1; rv:6.0.2) Gecko/20100101 Firefox/6.0.2"
128.199.122.79 - - [14/Mar/2015:03:49:33 +0000] "GET /wp-content/themes/twentyfifteen/genericons/genericons.css?ver=3.2 HTTP/1.1" 304 0 "http://foldinggatebanten.com/" "Serf/1.1.0 mod_pagespeed/1.9.32.3-4448"
128.199.122.79 - - [14/Mar/2015:03:49:33 +0000] "GET /wp-content/themes/twentyfifteen/style.css?ver=4.1.1 HTTP/1.1" 304 0 "http://foldinggatebanten.com/" "Serf/1.1.0 mod_pagespeed/1.9.32.3-4448"
128.199.122.79 - - [14/Mar/2015:03:49:33 +0000] "GET /wp-includes/js/jquery/jquery-migrate.min.js?ver=1.2.1 HTTP/1.1" 304 0 "http://foldinggatebanten.com/" "Serf/1.1.0 mod_pagespeed/1.9.32.3-4448"
128.199.122.79 - - [14/Mar/2015:03:49:33 +0000] "GET /wp-content/themes/twentyfifteen/js/skip-link-focus-fix.js?ver=20141010 HTTP/1.1" 304 0 "http://foldinggatebanten.com/" "Serf/1.1.0 mod_pagespeed/1.9.32.3-4448"
128.199.122.79 - - [14/Mar/2015:03:49:33 +0000] "GET /wp-content/themes/twentyfifteen/js/functions.js?ver=20141212 HTTP/1.1" 304 0 "http://foldinggatebanten.com/" "Serf/1.1.0 mod_pagespeed/1.9.32.3-4448"
128.199.122.79 - - [14/Mar/2015:03:49:33 +0000] "GET /wp-includes/js/jquery/jquery.js?ver=1.11.1 HTTP/1.1" 304 0 "http://foldinggatebanten.com/" "Serf/1.1.0 mod_pagespeed/1.9.32.3-4448"
220.181.108.92 - - [14/Mar/2015:03:49:38 +0000] "GET / HTTP/1.1" 200 2162 "-" "Mozilla/5.0 (Windows NT 5.1; rv:6.0.2) Gecko/20100101 Firefox/6.0.2"
128.199.122.79 - - [14/Mar/2015:03:54:04 +0000] "GET /wp-content/themes/twentyfifteen/genericons/genericons.css?ver=3.2 HTTP/1.1" 304 0 "http://foldinggatebanten.com/?m=201411" "Serf/1.1.0 mod_pagespeed/1.9.32.3-4448"
128.199.122.79 - - [14/Mar/2015:03:54:04 +0000] "GET /wp-content/themes/twentyfifteen/style.css?ver=4.1.1 HTTP/1.1" 304 0 "http://foldinggatebanten.com/?m=201411" "Serf/1.1.0 mod_pagespeed/1.9.32.3-4448"
66.249.71.85 - - [14/Mar/2015:03:54:04 +0000] "GET /?m=201411 HTTP/1.1" 200 2297 "-" "Mozilla/5.0 (compatible; Googlebot/2.1; +http://www.google.com/bot.html)"
128.199.122.79 - - [14/Mar/2015:03:54:04 +0000] "GET /wp-includes/js/jquery/jquery-migrate.min.js?ver=1.2.1 HTTP/1.1" 304 0 "http://foldinggatebanten.com/?m=201411" "Serf/1.1.0 mod_pagespeed/1.9.32.3-4448"
128.199.122.79 - - [14/Mar/2015:03:54:04 +0000] "GET /wp-content/themes/twentyfifteen/js/skip-link-focus-fix.js?ver=20141010 HTTP/1.1" 304 0 "http://foldinggatebanten.com/?m=201411" "Serf/1.1.0 mod_pagespeed/1.9.32.3-4448"
128.199.122.79 - - [14/Mar/2015:03:54:04 +0000] "GET /wp-includes/js/jquery/jquery.js?ver=1.11.1 HTTP/1.1" 304 0 "http://foldinggatebanten.com/?m=201411" "Serf/1.1.0 mod_pagespeed/1.9.32.3-4448"
128.199.122.79 - - [14/Mar/2015:03:54:04 +0000] "GET /wp-content/themes/twentyfifteen/js/functions.js?ver=20141212 HTTP/1.1" 304 0 "http://foldinggatebanten.com/?m=201411" "Serf/1.1.0 mod_pagespeed/1.9.32.3-4448"
128.199.122.79 - - [14/Mar/2015:04:32:57 +0000] "GET /wp-content/themes/twentyfifteen/genericons/genericons.css?ver=3.2 HTTP/1.1" 304 0 "http://foldinggatebanten.com/" "Serf/1.1.0 mod_pagespeed/1.9.32.3-4448"
128.199.122.79 - - [14/Mar/2015:04:32:57 +0000] "GET /wp-content/themes/twentyfifteen/style.css?ver=4.1.1 HTTP/1.1" 304 0 "http://foldinggatebanten.com/" "Serf/1.1.0 mod_pagespeed/1.9.32.3-4448"
128.199.122.79 - - [14/Mar/2015:04:32:57 +0000] "GET /wp-includes/js/jquery/jquery-migrate.min.js?ver=1.2.1 HTTP/1.1" 304 0 "http://foldinggatebanten.com/" "Serf/1.1.0 mod_pagespeed/1.9.32.3-4448"
128.199.122.79 - - [14/Mar/2015:04:32:57 +0000] "GET /wp-content/themes/twentyfifteen/js/skip-link-focus-fix.js?ver=20141010 HTTP/1.1" 304 0 "http://foldinggatebanten.com/" "Serf/1.1.0 mod_pagespeed/1.9.32.3-4448"
128.199.122.79 - - [14/Mar/2015:04:32:57 +0000] "GET /wp-content/themes/twentyfifteen/js/functions.js?ver=20141212 HTTP/1.1" 304 0 "http://foldinggatebanten.com/" "Serf/1.1.0 mod_pagespeed/1.9.32.3-4448"
36.84.243.44 - - [14/Mar/2015:04:32:57 +0000] "GET / HTTP/1.1" 200 6633 "-" "Mozilla/5.0 (X11; Ubuntu; Linux x86_64; rv:36.0) Gecko/20100101 Firefox/36.0"
128.199.122.79 - - [14/Mar/2015:04:32:57 +0000] "GET /wp-includes/js/jquery/jquery.js?ver=1.11.1 HTTP/1.1" 304 0 "http://foldinggatebanten.com/" "Serf/1.1.0 mod_pagespeed/1.9.32.3-4448"
36.84.243.44 - - [14/Mar/2015:04:32:57 +0000] "GET /wp-content/themes/twentyfifteen/genericons/A.genericons.css,qver=3.2.pagespeed.cf.NPz-yIFsxm.css HTTP/1.1" 304 0 "http://foldinggatebanten.com/" "Mozilla/5.0 (X11; Ubuntu; Linux x86_64; rv:36.0) Gecko/20100101 Firefox/36.0"
36.84.243.44 - - [14/Mar/2015:04:32:57 +0000] "GET /wp-includes/js/jquery/jquery-migrate.min.js?ver=1.2.1 HTTP/1.1" 200 7200 "http://foldinggatebanten.com/" "Mozilla/5.0 (X11; Ubuntu; Linux x86_64; rv:36.0) Gecko/20100101 Firefox/36.0"
36.84.243.44 - - [14/Mar/2015:04:32:57 +0000] "GET /wp-content/themes/twentyfifteen/js/skip-link-focus-fix.js?ver=20141010 HTTP/1.1" 200 727 "http://foldinggatebanten.com/" "Mozilla/5.0 (X11; Ubuntu; Linux x86_64; rv:36.0) Gecko/20100101 Firefox/36.0"
36.84.243.44 - - [14/Mar/2015:04:32:57 +0000] "GET /wp-content/themes/twentyfifteen/style.css?ver=4.1.1 HTTP/1.1" 200 92356 "http://foldinggatebanten.com/" "Mozilla/5.0 (X11; Ubuntu; Linux x86_64; rv:36.0) Gecko/20100101 Firefox/36.0"
36.84.243.44 - - [14/Mar/2015:04:32:57 +0000] "GET /wp-includes/js/jquery/jquery.js?ver=1.11.1 HTTP/1.1" 200 95807 "http://foldinggatebanten.com/" "Mozilla/5.0 (X11; Ubuntu; Linux x86_64; rv:36.0) Gecko/20100101 Firefox/36.0"
36.84.243.44 - - [14/Mar/2015:04:33:17 +0000] "GET /wp-content/themes/twentyfifteen/js/functions.js?ver=20141212 HTTP/1.1" 200 4072 "http://foldinggatebanten.com/" "Mozilla/5.0 (X11; Ubuntu; Linux x86_64; rv:36.0) Gecko/20100101 Firefox/36.0"
157.55.39.180 - - [14/Mar/2015:05:00:50 +0000] "GET /robots.txt HTTP/1.1" 404 1806 "-" "Mozilla/5.0 (compatible; bingbot/2.0; +http://www.bing.com/bingbot.htm)"
128.199.122.79 - - [14/Mar/2015:05:22:56 +0000] "GET /wp-content/themes/twentyfifteen/genericons/genericons.css?ver=3.2 HTTP/1.1" 200 27519 "http://foldinggatebanten.com/" "Serf/1.1.0 mod_pagespeed/1.9.32.3-4448"
128.199.122.79 - - [14/Mar/2015:05:22:56 +0000] "GET /wp-content/themes/twentyfifteen/style.css?ver=4.1.1 HTTP/1.1" 200 92356 "http://foldinggatebanten.com/" "Serf/1.1.0 mod_pagespeed/1.9.32.3-4448"
128.199.122.79 - - [14/Mar/2015:05:22:56 +0000] "GET /wp-includes/js/jquery/jquery.js?ver=1.11.1 HTTP/1.1" 200 95807 "http://foldinggatebanten.com/" "Serf/1.1.0 mod_pagespeed/1.9.32.3-4448"
128.199.122.79 - - [14/Mar/2015:05:22:56 +0000] "GET /wp-includes/js/jquery/jquery-migrate.min.js?ver=1.2.1 HTTP/1.1" 200 7200 "http://foldinggatebanten.com/" "Serf/1.1.0 mod_pagespeed/1.9.32.3-4448"
128.199.122.79 - - [14/Mar/2015:05:22:56 +0000] "GET /wp-content/themes/twentyfifteen/js/skip-link-focus-fix.js?ver=20141010 HTTP/1.1" 200 727 "http://foldinggatebanten.com/" "Serf/1.1.0 mod_pagespeed/1.9.32.3-4448"
128.199.122.79 - - [14/Mar/2015:05:22:56 +0000] "GET /wp-content/themes/twentyfifteen/js/functions.js?ver=20141212 HTTP/1.1" 200 4072 "http://foldinggatebanten.com/" "Serf/1.1.0 mod_pagespeed/1.9.32.3-4448"
180.76.5.191 - - [14/Mar/2015:05:22:57 +0000] "GET / HTTP/1.1" 200 2147 "-" "Mozilla/5.0 (compatible; Baiduspider/2.0; +http://www.baidu.com/search/spider.html)"
66.249.71.53 - - [14/Mar/2015:05:26:11 +0000] "GET /wp-content/uploads/canopy-5-530x530.jpg HTTP/1.1" 301 5 "-" "Googlebot-Image/1.0"
66.249.71.85 - - [14/Mar/2015:05:26:11 +0000] "GET /wp-content/uploads/canopy-5-530x530.jpg/ HTTP/1.1" 200 2271 "-" "Googlebot-Image/1.0"
128.199.122.79 - - [14/Mar/2015:05:37:56 +0000] "GET /wp-content/themes/twentyfifteen/genericons/genericons.css?ver=3.2 HTTP/1.1" 304 0 "http://foldinggatebanten.com/produk/folding-gate-gudang/" "Serf/1.1.0 mod_pagespeed/1.9.32.3-4448"
128.199.122.79 - - [14/Mar/2015:05:37:56 +0000] "GET /wp-content/themes/twentyfifteen/style.css?ver=4.1.1 HTTP/1.1" 304 0 "http://foldinggatebanten.com/produk/folding-gate-gudang/" "Serf/1.1.0 mod_pagespeed/1.9.32.3-4448"
128.199.122.79 - - [14/Mar/2015:05:37:56 +0000] "GET /wp-includes/js/jquery/jquery-migrate.min.js?ver=1.2.1 HTTP/1.1" 304 0 "http://foldinggatebanten.com/produk/folding-gate-gudang/" "Serf/1.1.0 mod_pagespeed/1.9.32.3-4448"
128.199.122.79 - - [14/Mar/2015:05:37:56 +0000] "GET /wp-content/themes/twentyfifteen/js/skip-link-focus-fix.js?ver=20141010 HTTP/1.1" 304 0 "http://foldinggatebanten.com/produk/folding-gate-gudang/" "Serf/1.1.0 mod_pagespeed/1.9.32.3-4448"
128.199.122.79 - - [14/Mar/2015:05:37:56 +0000] "GET /wp-content/themes/twentyfifteen/js/functions.js?ver=20141212 HTTP/1.1" 304 0 "http://foldinggatebanten.com/produk/folding-gate-gudang/" "Serf/1.1.0 mod_pagespeed/1.9.32.3-4448"
128.199.122.79 - - [14/Mar/2015:05:37:56 +0000] "GET /wp-includes/js/jquery/jquery.js?ver=1.11.1 HTTP/1.1" 304 0 "http://foldinggatebanten.com/produk/folding-gate-gudang/" "Serf/1.1.0 mod_pagespeed/1.9.32.3-4448"
180.76.5.75 - - [14/Mar/2015:05:37:56 +0000] "GET /produk/folding-gate-gudang/ HTTP/1.1" 200 2155 "-" "Mozilla/5.0 (compatible; Baiduspider/2.0; +http://www.baidu.com/search/spider.html)"
128.199.122.79 - - [14/Mar/2015:05:45:55 +0000] "GET /wp-content/themes/twentyfifteen/genericons/genericons.css?ver=3.2 HTTP/1.1" 304 0 "http://foldinggatebanten.com/" "Serf/1.1.0 mod_pagespeed/1.9.32.3-4448"
128.199.122.79 - - [14/Mar/2015:05:45:55 +0000] "GET /wp-content/themes/twentyfifteen/style.css?ver=4.1.1 HTTP/1.1" 304 0 "http://foldinggatebanten.com/" "Serf/1.1.0 mod_pagespeed/1.9.32.3-4448"
128.199.122.79 - - [14/Mar/2015:05:45:55 +0000] "GET /wp-includes/js/jquery/jquery-migrate.min.js?ver=1.2.1 HTTP/1.1" 304 0 "http://foldinggatebanten.com/" "Serf/1.1.0 mod_pagespeed/1.9.32.3-4448"
128.199.122.79 - - [14/Mar/2015:05:45:55 +0000] "GET /wp-content/themes/twentyfifteen/js/skip-link-focus-fix.js?ver=20141010 HTTP/1.1" 304 0 "http://foldinggatebanten.com/" "Serf/1.1.0 mod_pagespeed/1.9.32.3-4448"
128.199.122.79 - - [14/Mar/2015:05:45:55 +0000] "GET /wp-content/themes/twentyfifteen/js/functions.js?ver=20141212 HTTP/1.1" 304 0 "http://foldinggatebanten.com/" "Serf/1.1.0 mod_pagespeed/1.9.32.3-4448"
128.199.122.79 - - [14/Mar/2015:05:45:55 +0000] "GET /wp-includes/js/jquery/jquery.js?ver=1.11.1 HTTP/1.1" 304 0 "http://foldinggatebanten.com/" "Serf/1.1.0 mod_pagespeed/1.9.32.3-4448"
72.52.179.235 - - [14/Mar/2015:05:45:55 +0000] "GET / HTTP/1.1" 200 6633 "-" "Python-urllib/2.7"
180.76.6.146 - - [14/Mar/2015:05:50:45 +0000] "GET /produk/pembuatan-folding-gate-di-pandeglang/feed/ HTTP/1.1" 301 5 "-" "Mozilla/5.0 (compatible; Baiduspider/2.0; +http://www.baidu.com/search/spider.html)"
128.199.122.79 - - [14/Mar/2015:05:50:45 +0000] "GET /wp-content/themes/twentyfifteen/genericons/genericons.css?ver=3.2 HTTP/1.1" 304 0 "http://foldinggatebanten.com/produk/pembuatan-folding-gate-di-pandeglang/feed/" "Serf/1.1.0 mod_pagespeed/1.9.32.3-4448"
128.199.122.79 - - [14/Mar/2015:05:50:45 +0000] "GET /wp-content/themes/twentyfifteen/style.css?ver=4.1.1 HTTP/1.1" 304 0 "http://foldinggatebanten.com/produk/pembuatan-folding-gate-di-pandeglang/feed/" "Serf/1.1.0 mod_pagespeed/1.9.32.3-4448"
128.199.122.79 - - [14/Mar/2015:05:50:45 +0000] "GET /wp-includes/js/jquery/jquery-migrate.min.js?ver=1.2.1 HTTP/1.1" 304 0 "http://foldinggatebanten.com/produk/pembuatan-folding-gate-di-pandeglang/feed/" "Serf/1.1.0 mod_pagespeed/1.9.32.3-4448"
128.199.122.79 - - [14/Mar/2015:05:50:45 +0000] "GET /wp-content/themes/twentyfifteen/js/skip-link-focus-fix.js?ver=20141010 HTTP/1.1" 304 0 "http://foldinggatebanten.com/produk/pembuatan-folding-gate-di-pandeglang/feed/" "Serf/1.1.0 mod_pagespeed/1.9.32.3-4448"
128.199.122.79 - - [14/Mar/2015:05:50:45 +0000] "GET /wp-includes/js/jquery/jquery.js?ver=1.11.1 HTTP/1.1" 304 0 "http://foldinggatebanten.com/produk/pembuatan-folding-gate-di-pandeglang/feed/" "Serf/1.1.0 mod_pagespeed/1.9.32.3-4448"
128.199.122.79 - - [14/Mar/2015:05:50:45 +0000] "GET /wp-content/themes/twentyfifteen/js/functions.js?ver=20141212 HTTP/1.1" 304 0 "http://foldinggatebanten.com/produk/pembuatan-folding-gate-di-pandeglang/feed/" "Serf/1.1.0 mod_pagespeed/1.9.32.3-4448"
180.76.5.77 - - [14/Mar/2015:05:50:45 +0000] "GET /produk/pembuatan-folding-gate-di-pandeglang/feed/ HTTP/1.1" 200 2279 "-" "Mozilla/5.0 (compatible; Baiduspider/2.0; +http://www.baidu.com/search/spider.html)"
180.76.6.151 - - [14/Mar/2015:05:52:59 +0000] "GET /produk/pabrikasi-folding-gate-di-pandeglang/ HTTP/1.1" 200 2271 "-" "Mozilla/5.0 (compatible; Baiduspider/2.0; +http://www.baidu.com/search/spider.html)"
123.125.71.71 - - [14/Mar/2015:06:03:57 +0000] "GET / HTTP/1.1" 301 5 "-" "Mozilla/5.0 (Windows NT 5.1; rv:6.0.2) Gecko/20100101 Firefox/6.0.2"
128.199.122.79 - - [14/Mar/2015:06:04:09 +0000] "GET /wp-content/themes/twentyfifteen/genericons/genericons.css?ver=3.2 HTTP/1.1" 304 0 "http://foldinggatebanten.com/" "Serf/1.1.0 mod_pagespeed/1.9.32.3-4448"
128.199.122.79 - - [14/Mar/2015:06:04:10 +0000] "GET /wp-content/themes/twentyfifteen/style.css?ver=4.1.1 HTTP/1.1" 304 0 "http://foldinggatebanten.com/" "Serf/1.1.0 mod_pagespeed/1.9.32.3-4448"
128.199.122.79 - - [14/Mar/2015:06:04:10 +0000] "GET /wp-includes/js/jquery/jquery-migrate.min.js?ver=1.2.1 HTTP/1.1" 304 0 "http://foldinggatebanten.com/" "Serf/1.1.0 mod_pagespeed/1.9.32.3-4448"
128.199.122.79 - - [14/Mar/2015:06:04:10 +0000] "GET /wp-content/themes/twentyfifteen/js/skip-link-focus-fix.js?ver=20141010 HTTP/1.1" 304 0 "http://foldinggatebanten.com/" "Serf/1.1.0 mod_pagespeed/1.9.32.3-4448"
128.199.122.79 - - [14/Mar/2015:06:04:10 +0000] "GET /wp-content/themes/twentyfifteen/js/functions.js?ver=20141212 HTTP/1.1" 304 0 "http://foldinggatebanten.com/" "Serf/1.1.0 mod_pagespeed/1.9.32.3-4448"
128.199.122.79 - - [14/Mar/2015:06:04:10 +0000] "GET /wp-includes/js/jquery/jquery.js?ver=1.11.1 HTTP/1.1" 304 0 "http://foldinggatebanten.com/" "Serf/1.1.0 mod_pagespeed/1.9.32.3-4448"
123.125.71.100 - - [14/Mar/2015:06:04:15 +0000] "GET / HTTP/1.1" 200 2147 "-" "Mozilla/5.0 (Windows NT 5.1; rv:6.0.2) Gecko/20100101 Firefox/6.0.2"
123.125.71.72 - - [14/Mar/2015:06:04:33 +0000] "GET / HTTP/1.1" 200 6802 "-" "Mozilla/5.0 (Windows NT 5.1; rv:6.0.2) Gecko/20100101 Firefox/6.0.2"
66.249.71.68 - - [14/Mar/2015:06:06:27 +0000] "GET /?cat=1 HTTP/1.1" 200 2321 "-" "Mozilla/5.0 (compatible; Googlebot/2.1; +http://www.google.com/bot.html)"
220.181.108.102 - - [14/Mar/2015:06:08:26 +0000] "GET / HTTP/1.1" 301 5 "-" "Mozilla/5.0 (Windows NT 5.1; rv:6.0.2) Gecko/20100101 Firefox/6.0.2"
128.199.122.79 - - [14/Mar/2015:06:08:40 +0000] "GET /wp-content/themes/twentyfifteen/genericons/genericons.css?ver=3.2 HTTP/1.1" 304 0 "http://foldinggatebanten.com/" "Serf/1.1.0 mod_pagespeed/1.9.32.3-4448"
128.199.122.79 - - [14/Mar/2015:06:08:40 +0000] "GET /wp-content/themes/twentyfifteen/style.css?ver=4.1.1 HTTP/1.1" 304 0 "http://foldinggatebanten.com/" "Serf/1.1.0 mod_pagespeed/1.9.32.3-4448"
128.199.122.79 - - [14/Mar/2015:06:08:40 +0000] "GET /wp-includes/js/jquery/jquery-migrate.min.js?ver=1.2.1 HTTP/1.1" 304 0 "http://foldinggatebanten.com/" "Serf/1.1.0 mod_pagespeed/1.9.32.3-4448"
128.199.122.79 - - [14/Mar/2015:06:08:40 +0000] "GET /wp-content/themes/twentyfifteen/js/skip-link-focus-fix.js?ver=20141010 HTTP/1.1" 304 0 "http://foldinggatebanten.com/" "Serf/1.1.0 mod_pagespeed/1.9.32.3-4448"
128.199.122.79 - - [14/Mar/2015:06:08:40 +0000] "GET /wp-includes/js/jquery/jquery.js?ver=1.11.1 HTTP/1.1" 304 0 "http://foldinggatebanten.com/" "Serf/1.1.0 mod_pagespeed/1.9.32.3-4448"
128.199.122.79 - - [14/Mar/2015:06:08:40 +0000] "GET /wp-content/themes/twentyfifteen/js/functions.js?ver=20141212 HTTP/1.1" 304 0 "http://foldinggatebanten.com/" "Serf/1.1.0 mod_pagespeed/1.9.32.3-4448"
220.181.108.84 - - [14/Mar/2015:06:08:45 +0000] "GET / HTTP/1.1" 200 2271 "-" "Mozilla/5.0 (Windows NT 5.1; rv:6.0.2) Gecko/20100101 Firefox/6.0.2"
220.181.108.78 - - [14/Mar/2015:06:09:07 +0000] "GET / HTTP/1.1" 200 6802 "-" "Mozilla/5.0 (Windows NT 5.1; rv:6.0.2) Gecko/20100101 Firefox/6.0.2"
128.199.122.79 - - [14/Mar/2015:06:22:56 +0000] "GET /wp-content/themes/twentyfifteen/genericons/genericons.css?ver=3.2 HTTP/1.1" 304 0 "http://foldinggatebanten.com/produk/harga-plafon-pvc/feed/" "Serf/1.1.0 mod_pagespeed/1.9.32.3-4448"
128.199.122.79 - - [14/Mar/2015:06:22:56 +0000] "GET /wp-content/themes/twentyfifteen/style.css?ver=4.1.1 HTTP/1.1" 304 0 "http://foldinggatebanten.com/produk/harga-plafon-pvc/feed/" "Serf/1.1.0 mod_pagespeed/1.9.32.3-4448"
128.199.122.79 - - [14/Mar/2015:06:22:56 +0000] "GET /wp-includes/js/jquery/jquery-migrate.min.js?ver=1.2.1 HTTP/1.1" 304 0 "http://foldinggatebanten.com/produk/harga-plafon-pvc/feed/" "Serf/1.1.0 mod_pagespeed/1.9.32.3-4448"
128.199.122.79 - - [14/Mar/2015:06:22:56 +0000] "GET /wp-content/themes/twentyfifteen/js/skip-link-focus-fix.js?ver=20141010 HTTP/1.1" 304 0 "http://foldinggatebanten.com/produk/harga-plafon-pvc/feed/" "Serf/1.1.0 mod_pagespeed/1.9.32.3-4448"
128.199.122.79 - - [14/Mar/2015:06:22:56 +0000] "GET /wp-content/themes/twentyfifteen/js/functions.js?ver=20141212 HTTP/1.1" 304 0 "http://foldinggatebanten.com/produk/harga-plafon-pvc/feed/" "Serf/1.1.0 mod_pagespeed/1.9.32.3-4448"
128.199.122.79 - - [14/Mar/2015:06:22:56 +0000] "GET /wp-includes/js/jquery/jquery.js?ver=1.11.1 HTTP/1.1" 304 0 "http://foldinggatebanten.com/produk/harga-plafon-pvc/feed/" "Serf/1.1.0 mod_pagespeed/1.9.32.3-4448"
180.76.6.37 - - [14/Mar/2015:06:22:56 +0000] "GET /produk/harga-plafon-pvc/feed/ HTTP/1.1" 200 2147 "-" "Mozilla/5.0 (compatible; Baiduspider/2.0; +http://www.baidu.com/search/spider.html)"
157.55.39.180 - - [14/Mar/2015:07:01:40 +0000] "GET / HTTP/1.1" 301 5 "-" "Mozilla/5.0 (compatible; bingbot/2.0; +http://www.bing.com/bingbot.htm)"
128.199.122.79 - - [14/Mar/2015:07:03:35 +0000] "GET /wp-content/themes/twentyfifteen/genericons/genericons.css?ver=3.2 HTTP/1.1" 304 0 "http://foldinggatebanten.com/" "Serf/1.1.0 mod_pagespeed/1.9.32.3-4448"
128.199.122.79 - - [14/Mar/2015:07:03:35 +0000] "GET /wp-content/themes/twentyfifteen/style.css?ver=4.1.1 HTTP/1.1" 304 0 "http://foldinggatebanten.com/" "Serf/1.1.0 mod_pagespeed/1.9.32.3-4448"
128.199.122.79 - - [14/Mar/2015:07:03:35 +0000] "GET /wp-includes/js/jquery/jquery-migrate.min.js?ver=1.2.1 HTTP/1.1" 304 0 "http://foldinggatebanten.com/" "Serf/1.1.0 mod_pagespeed/1.9.32.3-4448"
128.199.122.79 - - [14/Mar/2015:07:03:35 +0000] "GET /wp-content/themes/twentyfifteen/js/skip-link-focus-fix.js?ver=20141010 HTTP/1.1" 304 0 "http://foldinggatebanten.com/" "Serf/1.1.0 mod_pagespeed/1.9.32.3-4448"
128.199.122.79 - - [14/Mar/2015:07:03:35 +0000] "GET /wp-content/themes/twentyfifteen/js/functions.js?ver=20141212 HTTP/1.1" 304 0 "http://foldinggatebanten.com/" "Serf/1.1.0 mod_pagespeed/1.9.32.3-4448"
128.199.122.79 - - [14/Mar/2015:07:03:35 +0000] "GET /wp-includes/js/jquery/jquery.js?ver=1.11.1 HTTP/1.1" 304 0 "http://foldinggatebanten.com/" "Serf/1.1.0 mod_pagespeed/1.9.32.3-4448"
180.76.4.237 - - [14/Mar/2015:07:03:35 +0000] "GET / HTTP/1.1" 200 6633 "-" "Mozilla/4.0 (compatible; MSIE 7.0; Windows NT 6.0)"
128.199.122.79 - - [14/Mar/2015:07:13:36 +0000] "GET /wp-content/themes/twentyfifteen/genericons/genericons.css?ver=3.2 HTTP/1.1" 304 0 "http://foldinggatebanten.com/?m=201411" "Serf/1.1.0 mod_pagespeed/1.9.32.3-4448"
128.199.122.79 - - [14/Mar/2015:07:13:36 +0000] "GET /wp-content/themes/twentyfifteen/style.css?ver=4.1.1 HTTP/1.1" 304 0 "http://foldinggatebanten.com/?m=201411" "Serf/1.1.0 mod_pagespeed/1.9.32.3-4448"
128.199.122.79 - - [14/Mar/2015:07:13:36 +0000] "GET /wp-includes/js/jquery/jquery-migrate.min.js?ver=1.2.1 HTTP/1.1" 304 0 "http://foldinggatebanten.com/?m=201411" "Serf/1.1.0 mod_pagespeed/1.9.32.3-4448"
128.199.122.79 - - [14/Mar/2015:07:13:36 +0000] "GET /wp-content/themes/twentyfifteen/js/skip-link-focus-fix.js?ver=20141010 HTTP/1.1" 304 0 "http://foldinggatebanten.com/?m=201411" "Serf/1.1.0 mod_pagespeed/1.9.32.3-4448"
128.199.122.79 - - [14/Mar/2015:07:13:36 +0000] "GET /wp-content/themes/twentyfifteen/js/functions.js?ver=20141212 HTTP/1.1" 304 0 "http://foldinggatebanten.com/?m=201411" "Serf/1.1.0 mod_pagespeed/1.9.32.3-4448"
66.249.71.102 - - [14/Mar/2015:07:13:36 +0000] "GET /?m=201411 HTTP/1.1" 200 2272 "-" "Mozilla/5.0 (compatible; Googlebot/2.1; +http://www.google.com/bot.html)"
128.199.122.79 - - [14/Mar/2015:07:13:36 +0000] "GET /wp-includes/js/jquery/jquery.js?ver=1.11.1 HTTP/1.1" 304 0 "http://foldinggatebanten.com/?m=201411" "Serf/1.1.0 mod_pagespeed/1.9.32.3-4448"
66.249.71.53 - - [14/Mar/2015:07:28:09 +0000] "GET /halaman-contoh/ HTTP/1.1" 301 5 "-" "Mozilla/5.0 (compatible; Googlebot/2.1; +http://www.google.com/bot.html)"
128.199.122.79 - - [14/Mar/2015:07:28:10 +0000] "GET /wp-content/themes/twentyfifteen/genericons/genericons.css?ver=3.2 HTTP/1.1" 304 0 "http://foldinggatebanten.com/halaman-contoh/" "Serf/1.1.0 mod_pagespeed/1.9.32.3-4448"
128.199.122.79 - - [14/Mar/2015:07:28:10 +0000] "GET /wp-content/themes/twentyfifteen/style.css?ver=4.1.1 HTTP/1.1" 304 0 "http://foldinggatebanten.com/halaman-contoh/" "Serf/1.1.0 mod_pagespeed/1.9.32.3-4448"
128.199.122.79 - - [14/Mar/2015:07:28:10 +0000] "GET /wp-includes/js/jquery/jquery-migrate.min.js?ver=1.2.1 HTTP/1.1" 304 0 "http://foldinggatebanten.com/halaman-contoh/" "Serf/1.1.0 mod_pagespeed/1.9.32.3-4448"
128.199.122.79 - - [14/Mar/2015:07:28:10 +0000] "GET /wp-content/themes/twentyfifteen/js/skip-link-focus-fix.js?ver=20141010 HTTP/1.1" 304 0 "http://foldinggatebanten.com/halaman-contoh/" "Serf/1.1.0 mod_pagespeed/1.9.32.3-4448"
128.199.122.79 - - [14/Mar/2015:07:28:10 +0000] "GET /wp-content/themes/twentyfifteen/js/functions.js?ver=20141212 HTTP/1.1" 304 0 "http://foldinggatebanten.com/halaman-contoh/" "Serf/1.1.0 mod_pagespeed/1.9.32.3-4448"
66.249.71.68 - - [14/Mar/2015:07:28:10 +0000] "GET /halaman-contoh/ HTTP/1.1" 200 2162 "-" "Mozilla/5.0 (compatible; Googlebot/2.1; +http://www.google.com/bot.html)"
128.199.122.79 - - [14/Mar/2015:07:28:10 +0000] "GET /wp-includes/js/jquery/jquery.js?ver=1.11.1 HTTP/1.1" 304 0 "http://foldinggatebanten.com/halaman-contoh/" "Serf/1.1.0 mod_pagespeed/1.9.32.3-4448"
180.76.5.187 - - [14/Mar/2015:07:31:55 +0000] "GET /produk/plafon-pvc-di-serang/feed/ HTTP/1.1" 200 2271 "-" "Mozilla/5.0 (compatible; Baiduspider/2.0; +http://www.baidu.com/search/spider.html)"
128.199.122.79 - - [14/Mar/2015:07:42:18 +0000] "POST /wp-cron.php?doing_wp_cron=1426318938.7404229640960693359375 HTTP/1.0" 200 20 "-" "WordPress/4.1.1; http://foldinggatebanten.com"
128.199.122.79 - - [14/Mar/2015:07:42:18 +0000] "GET /wp-content/themes/twentyfifteen/genericons/genericons.css?ver=3.2 HTTP/1.1" 304 0 "http://foldinggatebanten.com/" "Serf/1.1.0 mod_pagespeed/1.9.32.3-4448"
128.199.122.79 - - [14/Mar/2015:07:42:18 +0000] "GET /wp-content/themes/twentyfifteen/style.css?ver=4.1.1 HTTP/1.1" 304 0 "http://foldinggatebanten.com/" "Serf/1.1.0 mod_pagespeed/1.9.32.3-4448"
128.199.122.79 - - [14/Mar/2015:07:42:18 +0000] "GET /wp-includes/js/jquery/jquery-migrate.min.js?ver=1.2.1 HTTP/1.1" 304 0 "http://foldinggatebanten.com/" "Serf/1.1.0 mod_pagespeed/1.9.32.3-4448"
128.199.122.79 - - [14/Mar/2015:07:42:18 +0000] "GET /wp-content/themes/twentyfifteen/js/skip-link-focus-fix.js?ver=20141010 HTTP/1.1" 304 0 "http://foldinggatebanten.com/" "Serf/1.1.0 mod_pagespeed/1.9.32.3-4448"
128.199.122.79 - - [14/Mar/2015:07:42:18 +0000] "GET /wp-content/themes/twentyfifteen/js/functions.js?ver=20141212 HTTP/1.1" 304 0 "http://foldinggatebanten.com/" "Serf/1.1.0 mod_pagespeed/1.9.32.3-4448"
66.249.71.85 - - [14/Mar/2015:07:42:18 +0000] "GET / HTTP/1.1" 200 2118 "-" "Mozilla/5.0 (iPhone; CPU iPhone OS 6_0 like Mac OS X) AppleWebKit/536.26 (KHTML, like Gecko) Version/6.0 Mobile/10A5376e Safari/8536.25 (compatible; Googlebot/2.1; +http://www.google.com/bot.html)"
128.199.122.79 - - [14/Mar/2015:07:42:18 +0000] "GET /wp-includes/js/jquery/jquery.js?ver=1.11.1 HTTP/1.1" 304 0 "http://foldinggatebanten.com/" "Serf/1.1.0 mod_pagespeed/1.9.32.3-4448"
66.249.71.85 - - [14/Mar/2015:07:47:26 +0000] "GET /wp-content/themes/twentyfifteen/style.css?ver=4.1.1 HTTP/1.1" 200 13409 "http://foldinggatebanten.com/" "Mozilla/5.0 (compatible; Googlebot/2.1; +http://www.google.com/bot.html)"
180.76.5.61 - - [14/Mar/2015:07:56:52 +0000] "GET /produk/folding-gate-cilegon/feed/ HTTP/1.1" 301 5 "-" "Mozilla/5.0 (compatible; Baiduspider/2.0; +http://www.baidu.com/search/spider.html)"
128.199.122.79 - - [14/Mar/2015:07:56:52 +0000] "GET /wp-content/themes/twentyfifteen/genericons/genericons.css?ver=3.2 HTTP/1.1" 304 0 "http://foldinggatebanten.com/produk/folding-gate-cilegon/feed/" "Serf/1.1.0 mod_pagespeed/1.9.32.3-4448"
128.199.122.79 - - [14/Mar/2015:07:56:52 +0000] "GET /wp-content/themes/twentyfifteen/style.css?ver=4.1.1 HTTP/1.1" 200 92356 "http://foldinggatebanten.com/produk/folding-gate-cilegon/feed/" "Serf/1.1.0 mod_pagespeed/1.9.32.3-4448"
128.199.122.79 - - [14/Mar/2015:07:56:52 +0000] "GET /wp-includes/js/jquery/jquery-migrate.min.js?ver=1.2.1 HTTP/1.1" 304 0 "http://foldinggatebanten.com/produk/folding-gate-cilegon/feed/" "Serf/1.1.0 mod_pagespeed/1.9.32.3-4448"
128.199.122.79 - - [14/Mar/2015:07:56:52 +0000] "GET /wp-content/themes/twentyfifteen/js/skip-link-focus-fix.js?ver=20141010 HTTP/1.1" 304 0 "http://foldinggatebanten.com/produk/folding-gate-cilegon/feed/" "Serf/1.1.0 mod_pagespeed/1.9.32.3-4448"
128.199.122.79 - - [14/Mar/2015:07:56:52 +0000] "GET /wp-content/themes/twentyfifteen/js/functions.js?ver=20141212 HTTP/1.1" 304 0 "http://foldinggatebanten.com/produk/folding-gate-cilegon/feed/" "Serf/1.1.0 mod_pagespeed/1.9.32.3-4448"
128.199.122.79 - - [14/Mar/2015:07:56:52 +0000] "GET /wp-includes/js/jquery/jquery.js?ver=1.11.1 HTTP/1.1" 304 0 "http://foldinggatebanten.com/produk/folding-gate-cilegon/feed/" "Serf/1.1.0 mod_pagespeed/1.9.32.3-4448"
180.76.5.153 - - [14/Mar/2015:07:56:52 +0000] "GET /produk/folding-gate-cilegon/feed/ HTTP/1.1" 200 2162 "-" "Mozilla/5.0 (compatible; Baiduspider/2.0; +http://www.baidu.com/search/spider.html)"
