180.76.6.143 - - [14/Mar/2015:14:13:59 +0000] "GET /folding-door-pvc/ HTTP/1.1" 200 2147 "-" "Mozilla/5.0 (compatible; Baiduspider/2.0; +http://www.baidu.com/search/spider.html)"
128.199.122.79 - - [14/Mar/2015:14:39:24 +0000] "GET /wp-content/themes/twentyfifteen/genericons/genericons.css?ver=3.2 HTTP/1.1" 304 0 "http://foldinggatebanten.com/" "Serf/1.1.0 mod_pagespeed/1.9.32.3-4448"
128.199.122.79 - - [14/Mar/2015:14:39:24 +0000] "GET /wp-content/themes/twentyfifteen/style.css?ver=4.1.1 HTTP/1.1" 304 0 "http://foldinggatebanten.com/" "Serf/1.1.0 mod_pagespeed/1.9.32.3-4448"
128.199.122.79 - - [14/Mar/2015:14:39:24 +0000] "GET /wp-includes/js/jquery/jquery-migrate.min.js?ver=1.2.1 HTTP/1.1" 304 0 "http://foldinggatebanten.com/" "Serf/1.1.0 mod_pagespeed/1.9.32.3-4448"
128.199.122.79 - - [14/Mar/2015:14:39:24 +0000] "GET /wp-content/themes/twentyfifteen/js/skip-link-focus-fix.js?ver=20141010 HTTP/1.1" 304 0 "http://foldinggatebanten.com/" "Serf/1.1.0 mod_pagespeed/1.9.32.3-4448"
128.199.122.79 - - [14/Mar/2015:14:39:24 +0000] "GET /wp-content/themes/twentyfifteen/js/functions.js?ver=20141212 HTTP/1.1" 304 0 "http://foldinggatebanten.com/" "Serf/1.1.0 mod_pagespeed/1.9.32.3-4448"
128.199.122.79 - - [14/Mar/2015:14:39:24 +0000] "GET /wp-includes/js/jquery/jquery.js?ver=1.11.1 HTTP/1.1" 304 0 "http://foldinggatebanten.com/" "Serf/1.1.0 mod_pagespeed/1.9.32.3-4448"
66.249.64.192 - - [14/Mar/2015:14:39:24 +0000] "GET / HTTP/1.1" 200 2244 "-" "Mozilla/5.0 (compatible; Googlebot/2.1; +http://www.google.com/bot.html)"
123.125.71.53 - - [14/Mar/2015:14:44:07 +0000] "GET / HTTP/1.1" 301 5 "-" "Mozilla/5.0 (Windows NT 5.1; rv:6.0.2) Gecko/20100101 Firefox/6.0.2"
128.199.122.79 - - [14/Mar/2015:14:44:24 +0000] "GET /wp-content/themes/twentyfifteen/genericons/genericons.css?ver=3.2 HTTP/1.1" 304 0 "http://foldinggatebanten.com/" "Serf/1.1.0 mod_pagespeed/1.9.32.3-4448"
128.199.122.79 - - [14/Mar/2015:14:44:24 +0000] "GET /wp-content/themes/twentyfifteen/style.css?ver=4.1.1 HTTP/1.1" 304 0 "http://foldinggatebanten.com/" "Serf/1.1.0 mod_pagespeed/1.9.32.3-4448"
128.199.122.79 - - [14/Mar/2015:14:44:25 +0000] "GET /wp-includes/js/jquery/jquery-migrate.min.js?ver=1.2.1 HTTP/1.1" 304 0 "http://foldinggatebanten.com/" "Serf/1.1.0 mod_pagespeed/1.9.32.3-4448"
128.199.122.79 - - [14/Mar/2015:14:44:25 +0000] "GET /wp-content/themes/twentyfifteen/js/skip-link-focus-fix.js?ver=20141010 HTTP/1.1" 304 0 "http://foldinggatebanten.com/" "Serf/1.1.0 mod_pagespeed/1.9.32.3-4448"
128.199.122.79 - - [14/Mar/2015:14:44:25 +0000] "GET /wp-content/themes/twentyfifteen/js/functions.js?ver=20141212 HTTP/1.1" 304 0 "http://foldinggatebanten.com/" "Serf/1.1.0 mod_pagespeed/1.9.32.3-4448"
128.199.122.79 - - [14/Mar/2015:14:44:25 +0000] "GET /wp-includes/js/jquery/jquery.js?ver=1.11.1 HTTP/1.1" 304 0 "http://foldinggatebanten.com/" "Serf/1.1.0 mod_pagespeed/1.9.32.3-4448"
123.125.71.17 - - [14/Mar/2015:14:44:30 +0000] "GET / HTTP/1.1" 200 2244 "-" "Mozilla/5.0 (Windows NT 5.1; rv:6.0.2) Gecko/20100101 Firefox/6.0.2"
123.125.71.23 - - [14/Mar/2015:14:44:47 +0000] "GET / HTTP/1.1" 200 6802 "-" "Mozilla/5.0 (Windows NT 5.1; rv:6.0.2) Gecko/20100101 Firefox/6.0.2"
220.181.108.87 - - [14/Mar/2015:14:48:13 +0000] "GET / HTTP/1.1" 301 5 "-" "Mozilla/5.0 (Windows NT 5.1; rv:6.0.2) Gecko/20100101 Firefox/6.0.2"
128.199.122.79 - - [14/Mar/2015:14:48:30 +0000] "GET /wp-content/themes/twentyfifteen/genericons/genericons.css?ver=3.2 HTTP/1.1" 304 0 "http://foldinggatebanten.com/" "Serf/1.1.0 mod_pagespeed/1.9.32.3-4448"
128.199.122.79 - - [14/Mar/2015:14:48:30 +0000] "GET /wp-content/themes/twentyfifteen/style.css?ver=4.1.1 HTTP/1.1" 304 0 "http://foldinggatebanten.com/" "Serf/1.1.0 mod_pagespeed/1.9.32.3-4448"
128.199.122.79 - - [14/Mar/2015:14:48:30 +0000] "GET /wp-includes/js/jquery/jquery-migrate.min.js?ver=1.2.1 HTTP/1.1" 304 0 "http://foldinggatebanten.com/" "Serf/1.1.0 mod_pagespeed/1.9.32.3-4448"
128.199.122.79 - - [14/Mar/2015:14:48:30 +0000] "GET /wp-content/themes/twentyfifteen/js/skip-link-focus-fix.js?ver=20141010 HTTP/1.1" 304 0 "http://foldinggatebanten.com/" "Serf/1.1.0 mod_pagespeed/1.9.32.3-4448"
128.199.122.79 - - [14/Mar/2015:14:48:30 +0000] "GET /wp-includes/js/jquery/jquery.js?ver=1.11.1 HTTP/1.1" 304 0 "http://foldinggatebanten.com/" "Serf/1.1.0 mod_pagespeed/1.9.32.3-4448"
128.199.122.79 - - [14/Mar/2015:14:48:30 +0000] "GET /wp-content/themes/twentyfifteen/js/functions.js?ver=20141212 HTTP/1.1" 304 0 "http://foldinggatebanten.com/" "Serf/1.1.0 mod_pagespeed/1.9.32.3-4448"
220.181.108.104 - - [14/Mar/2015:14:48:35 +0000] "GET / HTTP/1.1" 200 2271 "-" "Mozilla/5.0 (Windows NT 5.1; rv:6.0.2) Gecko/20100101 Firefox/6.0.2"
220.181.108.163 - - [14/Mar/2015:14:48:55 +0000] "GET / HTTP/1.1" 200 6802 "-" "Mozilla/5.0 (Windows NT 5.1; rv:6.0.2) Gecko/20100101 Firefox/6.0.2"
157.55.39.180 - - [14/Mar/2015:14:52:20 +0000] "GET / HTTP/1.1" 200 2271 "-" "Mozilla/5.0 (compatible; bingbot/2.0; +http://www.bing.com/bingbot.htm)"
199.30.24.13 - - [14/Mar/2015:14:52:26 +0000] "GET /wp-content/themes/twentyfifteen/A.style.css,qver=4.1.1.pagespeed.cf.nOC4iv4fcA.css HTTP/1.1" 200 13409 "http://foldinggatebanten.com/" "Mozilla/5.0 (Windows NT 6.1; WOW64) AppleWebKit/534+ (KHTML, like Gecko) BingPreview/1.0b"
199.30.24.13 - - [14/Mar/2015:14:52:26 +0000] "GET /wp-content/themes/twentyfifteen/genericons/A.genericons.css,qver=3.2.pagespeed.cf.NPz-yIFsxm.css HTTP/1.1" 200 16159 "http://foldinggatebanten.com/" "Mozilla/5.0 (Windows NT 6.1; WOW64) AppleWebKit/534+ (KHTML, like Gecko) BingPreview/1.0b"
199.30.24.13 - - [14/Mar/2015:14:52:26 +0000] "GET /wp-includes/js/jquery/jquery.js,qver=1.11.1.pagespeed.jm.z9hb-Gxqf6.js HTTP/1.1" 200 33221 "http://foldinggatebanten.com/" "Mozilla/5.0 (Windows NT 6.1; WOW64) AppleWebKit/534+ (KHTML, like Gecko) BingPreview/1.0b"
199.30.24.13 - - [14/Mar/2015:14:52:27 +0000] "GET /wp-includes,_js,_jquery,_jquery-migrate.min.js,qver==1.2.1+wp-content,_themes,_twentyfifteen,_js,_skip-link-focus-fix.js,qver==20141010.pagespeed.jc.xomP_YAhaD.js HTTP/1.1" 200 7747 "http://foldinggatebanten.com/" "Mozilla/5.0 (Windows NT 6.1; WOW64) AppleWebKit/534+ (KHTML, like Gecko) BingPreview/1.0b"
199.30.24.13 - - [14/Mar/2015:14:52:28 +0000] "GET /wp-content/themes/twentyfifteen/js/functions.js,qver=20141212.pagespeed.jm.wOkevS8LmJ.js HTTP/1.1" 200 2969 "http://foldinggatebanten.com/" "Mozilla/5.0 (Windows NT 6.1; WOW64) AppleWebKit/534+ (KHTML, like Gecko) BingPreview/1.0b"
199.30.24.13 - - [14/Mar/2015:14:52:28 +0000] "GET /wp-content/themes/twentyfifteen/genericons/Genericons.ttf HTTP/1.1" 200 22576 "http://foldinggatebanten.com/" "Mozilla/5.0 (Windows NT 6.1; WOW64) AppleWebKit/534+ (KHTML, like Gecko) BingPreview/1.0b"
199.30.24.13 - - [14/Mar/2015:14:52:28 +0000] "GET /wp-content/themes/twentyfifteen/genericons/Genericons.svg HTTP/1.1" 200 78913 "http://foldinggatebanten.com/" "Mozilla/5.0 (Windows NT 6.1; WOW64) AppleWebKit/534+ (KHTML, like Gecko) BingPreview/1.0b"
207.46.13.103 - - [14/Mar/2015:15:02:56 +0000] "GET /produk/folding-gate-di-serang/ HTTP/1.1" 301 5 "-" "Mozilla/5.0 (compatible; bingbot/2.0; +http://www.bing.com/bingbot.htm)"
128.199.122.79 - - [14/Mar/2015:15:11:02 +0000] "GET /wp-content/themes/twentyfifteen/genericons/genericons.css?ver=3.2 HTTP/1.1" 304 0 "http://foldinggatebanten.com/produk/pagar-untuk-taman/" "Serf/1.1.0 mod_pagespeed/1.9.32.3-4448"
128.199.122.79 - - [14/Mar/2015:15:11:02 +0000] "GET /wp-content/themes/twentyfifteen/style.css?ver=4.1.1 HTTP/1.1" 304 0 "http://foldinggatebanten.com/produk/pagar-untuk-taman/" "Serf/1.1.0 mod_pagespeed/1.9.32.3-4448"
128.199.122.79 - - [14/Mar/2015:15:11:02 +0000] "GET /wp-includes/js/jquery/jquery-migrate.min.js?ver=1.2.1 HTTP/1.1" 304 0 "http://foldinggatebanten.com/produk/pagar-untuk-taman/" "Serf/1.1.0 mod_pagespeed/1.9.32.3-4448"
128.199.122.79 - - [14/Mar/2015:15:11:02 +0000] "GET /wp-content/themes/twentyfifteen/js/skip-link-focus-fix.js?ver=20141010 HTTP/1.1" 304 0 "http://foldinggatebanten.com/produk/pagar-untuk-taman/" "Serf/1.1.0 mod_pagespeed/1.9.32.3-4448"
128.199.122.79 - - [14/Mar/2015:15:11:02 +0000] "GET /wp-content/themes/twentyfifteen/js/functions.js?ver=20141212 HTTP/1.1" 304 0 "http://foldinggatebanten.com/produk/pagar-untuk-taman/" "Serf/1.1.0 mod_pagespeed/1.9.32.3-4448"
128.199.122.79 - - [14/Mar/2015:15:11:02 +0000] "GET /wp-includes/js/jquery/jquery.js?ver=1.11.1 HTTP/1.1" 304 0 "http://foldinggatebanten.com/produk/pagar-untuk-taman/" "Serf/1.1.0 mod_pagespeed/1.9.32.3-4448"
185.10.104.131 - - [14/Mar/2015:15:11:02 +0000] "GET /produk/pagar-untuk-taman/ HTTP/1.1" 200 2244 "-" "Mozilla/5.0 (compatible; Baiduspider/2.0; +http://www.baidu.com/search/spider.html)"
66.249.64.80 - - [14/Mar/2015:15:12:07 +0000] "GET /robots.txt HTTP/1.1" 404 1806 "-" "Mozilla/5.0 (compatible; Googlebot/2.1; +http://www.google.com/bot.html)"
66.249.64.84 - - [14/Mar/2015:15:12:08 +0000] "GET / HTTP/1.1" 301 5 "-" "Mozilla/5.0 (compatible; Googlebot/2.1; +http://www.google.com/bot.html)"
180.76.5.148 - - [14/Mar/2015:16:03:07 +0000] "GET /produk/pabrikasi-folding-gate-di-pandeglang/feed/ HTTP/1.1" 301 5 "-" "Mozilla/5.0 (compatible; Baiduspider/2.0; +http://www.baidu.com/search/spider.html)"
128.199.122.79 - - [14/Mar/2015:16:03:07 +0000] "GET /wp-content/themes/twentyfifteen/genericons/genericons.css?ver=3.2 HTTP/1.1" 304 0 "http://foldinggatebanten.com/produk/pabrikasi-folding-gate-di-pandeglang/feed/" "Serf/1.1.0 mod_pagespeed/1.9.32.3-4448"
128.199.122.79 - - [14/Mar/2015:16:03:07 +0000] "GET /wp-content/themes/twentyfifteen/style.css?ver=4.1.1 HTTP/1.1" 304 0 "http://foldinggatebanten.com/produk/pabrikasi-folding-gate-di-pandeglang/feed/" "Serf/1.1.0 mod_pagespeed/1.9.32.3-4448"
128.199.122.79 - - [14/Mar/2015:16:03:07 +0000] "GET /wp-includes/js/jquery/jquery-migrate.min.js?ver=1.2.1 HTTP/1.1" 304 0 "http://foldinggatebanten.com/produk/pabrikasi-folding-gate-di-pandeglang/feed/" "Serf/1.1.0 mod_pagespeed/1.9.32.3-4448"
128.199.122.79 - - [14/Mar/2015:16:03:07 +0000] "GET /wp-content/themes/twentyfifteen/js/skip-link-focus-fix.js?ver=20141010 HTTP/1.1" 304 0 "http://foldinggatebanten.com/produk/pabrikasi-folding-gate-di-pandeglang/feed/" "Serf/1.1.0 mod_pagespeed/1.9.32.3-4448"
128.199.122.79 - - [14/Mar/2015:16:03:07 +0000] "GET /wp-content/themes/twentyfifteen/js/functions.js?ver=20141212 HTTP/1.1" 304 0 "http://foldinggatebanten.com/produk/pabrikasi-folding-gate-di-pandeglang/feed/" "Serf/1.1.0 mod_pagespeed/1.9.32.3-4448"
128.199.122.79 - - [14/Mar/2015:16:03:07 +0000] "GET /wp-includes/js/jquery/jquery.js?ver=1.11.1 HTTP/1.1" 304 0 "http://foldinggatebanten.com/produk/pabrikasi-folding-gate-di-pandeglang/feed/" "Serf/1.1.0 mod_pagespeed/1.9.32.3-4448"
180.76.5.19 - - [14/Mar/2015:16:03:07 +0000] "GET /produk/pabrikasi-folding-gate-di-pandeglang/feed/ HTTP/1.1" 200 2162 "-" "Mozilla/5.0 (compatible; Baiduspider/2.0; +http://www.baidu.com/search/spider.html)"
180.76.5.149 - - [14/Mar/2015:16:18:07 +0000] "GET /produk/harga-folding-gate-murah/feed/ HTTP/1.1" 301 5 "-" "Mozilla/5.0 (compatible; Baiduspider/2.0; +http://www.baidu.com/search/spider.html)"
128.199.122.79 - - [14/Mar/2015:16:18:07 +0000] "GET /wp-content/themes/twentyfifteen/genericons/genericons.css?ver=3.2 HTTP/1.1" 304 0 "http://foldinggatebanten.com/produk/harga-folding-gate-murah/feed/" "Serf/1.1.0 mod_pagespeed/1.9.32.3-4448"
128.199.122.79 - - [14/Mar/2015:16:18:07 +0000] "GET /wp-content/themes/twentyfifteen/style.css?ver=4.1.1 HTTP/1.1" 304 0 "http://foldinggatebanten.com/produk/harga-folding-gate-murah/feed/" "Serf/1.1.0 mod_pagespeed/1.9.32.3-4448"
128.199.122.79 - - [14/Mar/2015:16:18:07 +0000] "GET /wp-includes/js/jquery/jquery-migrate.min.js?ver=1.2.1 HTTP/1.1" 304 0 "http://foldinggatebanten.com/produk/harga-folding-gate-murah/feed/" "Serf/1.1.0 mod_pagespeed/1.9.32.3-4448"
128.199.122.79 - - [14/Mar/2015:16:18:07 +0000] "GET /wp-content/themes/twentyfifteen/js/skip-link-focus-fix.js?ver=20141010 HTTP/1.1" 304 0 "http://foldinggatebanten.com/produk/harga-folding-gate-murah/feed/" "Serf/1.1.0 mod_pagespeed/1.9.32.3-4448"
128.199.122.79 - - [14/Mar/2015:16:18:07 +0000] "GET /wp-content/themes/twentyfifteen/js/functions.js?ver=20141212 HTTP/1.1" 304 0 "http://foldinggatebanten.com/produk/harga-folding-gate-murah/feed/" "Serf/1.1.0 mod_pagespeed/1.9.32.3-4448"
128.199.122.79 - - [14/Mar/2015:16:18:07 +0000] "GET /wp-includes/js/jquery/jquery.js?ver=1.11.1 HTTP/1.1" 304 0 "http://foldinggatebanten.com/produk/harga-folding-gate-murah/feed/" "Serf/1.1.0 mod_pagespeed/1.9.32.3-4448"
180.76.6.29 - - [14/Mar/2015:16:18:07 +0000] "GET /produk/harga-folding-gate-murah/feed/ HTTP/1.1" 200 2162 "-" "Mozilla/5.0 (compatible; Baiduspider/2.0; +http://www.baidu.com/search/spider.html)"
128.199.122.79 - - [14/Mar/2015:16:46:39 +0000] "GET /wp-content/themes/twentyfifteen/genericons/genericons.css?ver=3.2 HTTP/1.1" 304 0 "http://foldinggatebanten.com/" "Serf/1.1.0 mod_pagespeed/1.9.32.3-4448"
128.199.122.79 - - [14/Mar/2015:16:46:39 +0000] "GET /wp-content/themes/twentyfifteen/style.css?ver=4.1.1 HTTP/1.1" 304 0 "http://foldinggatebanten.com/" "Serf/1.1.0 mod_pagespeed/1.9.32.3-4448"
128.199.122.79 - - [14/Mar/2015:16:46:39 +0000] "GET /wp-includes/js/jquery/jquery-migrate.min.js?ver=1.2.1 HTTP/1.1" 304 0 "http://foldinggatebanten.com/" "Serf/1.1.0 mod_pagespeed/1.9.32.3-4448"
128.199.122.79 - - [14/Mar/2015:16:46:39 +0000] "GET /wp-content/themes/twentyfifteen/js/skip-link-focus-fix.js?ver=20141010 HTTP/1.1" 304 0 "http://foldinggatebanten.com/" "Serf/1.1.0 mod_pagespeed/1.9.32.3-4448"
128.199.122.79 - - [14/Mar/2015:16:46:39 +0000] "GET /wp-content/themes/twentyfifteen/js/functions.js?ver=20141212 HTTP/1.1" 304 0 "http://foldinggatebanten.com/" "Serf/1.1.0 mod_pagespeed/1.9.32.3-4448"
128.199.122.79 - - [14/Mar/2015:16:46:39 +0000] "GET /wp-includes/js/jquery/jquery.js?ver=1.11.1 HTTP/1.1" 304 0 "http://foldinggatebanten.com/" "Serf/1.1.0 mod_pagespeed/1.9.32.3-4448"
123.125.71.40 - - [14/Mar/2015:16:46:44 +0000] "GET / HTTP/1.1" 200 2147 "-" "Mozilla/5.0 (Windows NT 5.1; rv:6.0.2) Gecko/20100101 Firefox/6.0.2"
123.125.71.58 - - [14/Mar/2015:16:47:00 +0000] "GET / HTTP/1.1" 200 6802 "-" "Mozilla/5.0 (Windows NT 5.1; rv:6.0.2) Gecko/20100101 Firefox/6.0.2"
128.199.122.79 - - [14/Mar/2015:16:50:52 +0000] "GET /wp-content/themes/twentyfifteen/genericons/genericons.css?ver=3.2 HTTP/1.1" 304 0 "http://foldinggatebanten.com/" "Serf/1.1.0 mod_pagespeed/1.9.32.3-4448"
128.199.122.79 - - [14/Mar/2015:16:50:52 +0000] "GET /wp-content/themes/twentyfifteen/style.css?ver=4.1.1 HTTP/1.1" 304 0 "http://foldinggatebanten.com/" "Serf/1.1.0 mod_pagespeed/1.9.32.3-4448"
128.199.122.79 - - [14/Mar/2015:16:50:52 +0000] "GET /wp-includes/js/jquery/jquery-migrate.min.js?ver=1.2.1 HTTP/1.1" 304 0 "http://foldinggatebanten.com/" "Serf/1.1.0 mod_pagespeed/1.9.32.3-4448"
128.199.122.79 - - [14/Mar/2015:16:50:52 +0000] "GET /wp-content/themes/twentyfifteen/js/skip-link-focus-fix.js?ver=20141010 HTTP/1.1" 304 0 "http://foldinggatebanten.com/" "Serf/1.1.0 mod_pagespeed/1.9.32.3-4448"
128.199.122.79 - - [14/Mar/2015:16:50:52 +0000] "GET /wp-includes/js/jquery/jquery.js?ver=1.11.1 HTTP/1.1" 304 0 "http://foldinggatebanten.com/" "Serf/1.1.0 mod_pagespeed/1.9.32.3-4448"
128.199.122.79 - - [14/Mar/2015:16:50:52 +0000] "GET /wp-content/themes/twentyfifteen/js/functions.js?ver=20141212 HTTP/1.1" 304 0 "http://foldinggatebanten.com/" "Serf/1.1.0 mod_pagespeed/1.9.32.3-4448"
220.181.108.158 - - [14/Mar/2015:16:50:54 +0000] "GET / HTTP/1.1" 200 2271 "-" "Mozilla/5.0 (Windows NT 5.1; rv:6.0.2) Gecko/20100101 Firefox/6.0.2"
220.181.108.172 - - [14/Mar/2015:16:51:13 +0000] "GET / HTTP/1.1" 200 6802 "-" "Mozilla/5.0 (Windows NT 5.1; rv:6.0.2) Gecko/20100101 Firefox/6.0.2"
114.79.3.205 - - [14/Mar/2015:17:00:43 +0000] "GET / HTTP/1.1" 301 5 "http://m.forum.detik.com/folding-gate-di-serang-cilegon-tangerang-banten-t920280.html" "Mozilla/5.0 (Linux; Android 4.1.2; Andromax AD687G Build/JZO54K) AppleWebKit/537.36 (KHTML, like Gecko) Chrome/28.0.1500.94 Mobile Safari/537.36"
114.79.3.205 - - [14/Mar/2015:17:00:44 +0000] "GET / HTTP/1.1" 200 2118 "http://m.forum.detik.com/folding-gate-di-serang-cilegon-tangerang-banten-t920280.html" "Mozilla/5.0 (Linux; Android 4.1.2; Andromax AD687G Build/JZO54K) AppleWebKit/537.36 (KHTML, like Gecko) Chrome/28.0.1500.94 Mobile Safari/537.36"
128.199.122.79 - - [14/Mar/2015:17:00:44 +0000] "GET /wp-content/themes/twentyfifteen/genericons/genericons.css?ver=3.2 HTTP/1.1" 304 0 "http://foldinggatebanten.com/" "Serf/1.1.0 mod_pagespeed/1.9.32.3-4448"
128.199.122.79 - - [14/Mar/2015:17:00:44 +0000] "GET /wp-content/themes/twentyfifteen/style.css?ver=4.1.1 HTTP/1.1" 304 0 "http://foldinggatebanten.com/" "Serf/1.1.0 mod_pagespeed/1.9.32.3-4448"
128.199.122.79 - - [14/Mar/2015:17:00:44 +0000] "GET /wp-includes/js/jquery/jquery-migrate.min.js?ver=1.2.1 HTTP/1.1" 304 0 "http://foldinggatebanten.com/" "Serf/1.1.0 mod_pagespeed/1.9.32.3-4448"
128.199.122.79 - - [14/Mar/2015:17:00:44 +0000] "GET /wp-content/themes/twentyfifteen/js/skip-link-focus-fix.js?ver=20141010 HTTP/1.1" 304 0 "http://foldinggatebanten.com/" "Serf/1.1.0 mod_pagespeed/1.9.32.3-4448"
128.199.122.79 - - [14/Mar/2015:17:00:44 +0000] "GET /wp-content/themes/twentyfifteen/js/functions.js?ver=20141212 HTTP/1.1" 304 0 "http://foldinggatebanten.com/" "Serf/1.1.0 mod_pagespeed/1.9.32.3-4448"
128.199.122.79 - - [14/Mar/2015:17:00:44 +0000] "GET /wp-includes/js/jquery/jquery.js?ver=1.11.1 HTTP/1.1" 304 0 "http://foldinggatebanten.com/" "Serf/1.1.0 mod_pagespeed/1.9.32.3-4448"
114.79.3.205 - - [14/Mar/2015:17:00:44 +0000] "GET /wp-content/themes/twentyfifteen/genericons/genericons.css?ver=3.2 HTTP/1.1" 200 16418 "http://foldinggatebanten.com/" "Mozilla/5.0 (Linux; Android 4.1.2; Andromax AD687G Build/JZO54K) AppleWebKit/537.36 (KHTML, like Gecko) Chrome/28.0.1500.94 Mobile Safari/537.36"
114.79.3.205 - - [14/Mar/2015:17:00:44 +0000] "GET /wp-content/themes/twentyfifteen/style.css?ver=4.1.1 HTTP/1.1" 200 13409 "http://foldinggatebanten.com/" "Mozilla/5.0 (Linux; Android 4.1.2; Andromax AD687G Build/JZO54K) AppleWebKit/537.36 (KHTML, like Gecko) Chrome/28.0.1500.94 Mobile Safari/537.36"
114.79.3.205 - - [14/Mar/2015:17:00:44 +0000] "GET /wp-includes/js/jquery/jquery.js?ver=1.11.1 HTTP/1.1" 200 33221 "http://foldinggatebanten.com/" "Mozilla/5.0 (Linux; Android 4.1.2; Andromax AD687G Build/JZO54K) AppleWebKit/537.36 (KHTML, like Gecko) Chrome/28.0.1500.94 Mobile Safari/537.36"
114.79.3.205 - - [14/Mar/2015:17:00:45 +0000] "GET /wp-content/themes/twentyfifteen/js/functions.js?ver=20141212 HTTP/1.1" 200 4072 "http://foldinggatebanten.com/" "Mozilla/5.0 (Linux; Android 4.1.2; Andromax AD687G Build/JZO54K) AppleWebKit/537.36 (KHTML, like Gecko) Chrome/28.0.1500.94 Mobile Safari/537.36"
114.79.3.205 - - [14/Mar/2015:17:00:45 +0000] "GET /wp-includes/js/jquery/jquery-migrate.min.js?ver=1.2.1 HTTP/1.1" 200 7200 "http://foldinggatebanten.com/" "Mozilla/5.0 (Linux; Android 4.1.2; Andromax AD687G Build/JZO54K) AppleWebKit/537.36 (KHTML, like Gecko) Chrome/28.0.1500.94 Mobile Safari/537.36"
114.79.3.205 - - [14/Mar/2015:17:00:45 +0000] "GET /wp-content/themes/twentyfifteen/js/skip-link-focus-fix.js?ver=20141010 HTTP/1.1" 200 727 "http://foldinggatebanten.com/" "Mozilla/5.0 (Linux; Android 4.1.2; Andromax AD687G Build/JZO54K) AppleWebKit/537.36 (KHTML, like Gecko) Chrome/28.0.1500.94 Mobile Safari/537.36"
114.79.3.205 - - [14/Mar/2015:17:00:53 +0000] "GET /wp-content/themes/twentyfifteen/genericons/Genericons.svg HTTP/1.1" 200 63505 "http://foldinggatebanten.com/" "Mozilla/5.0 (Linux; Android 4.1.2; Andromax AD687G Build/JZO54K) AppleWebKit/537.36 (KHTML, like Gecko) Chrome/28.0.1500.94 Mobile Safari/537.36"
114.79.3.205 - - [14/Mar/2015:17:01:11 +0000] "GET /favicon.ico HTTP/1.1" 404 1806 "-" "Mozilla/5.0 (Linux; Android 4.1.2; Andromax AD687G Build/JZO54K) AppleWebKit/537.36 (KHTML, like Gecko) Chrome/28.0.1500.94 Mobile Safari/537.36"
114.79.3.205 - - [14/Mar/2015:17:01:11 +0000] "GET /apple-touch-icon-precomposed.png HTTP/1.1" 301 5 "-" "Mozilla/5.0 (Linux; Android 4.1.2; Andromax AD687G Build/JZO54K) AppleWebKit/537.36 (KHTML, like Gecko) Chrome/28.0.1500.94 Mobile Safari/537.36"
114.79.3.205 - - [14/Mar/2015:17:01:13 +0000] "GET /apple-touch-icon-precomposed.png/ HTTP/1.1" 200 2271 "-" "Mozilla/5.0 (Linux; Android 4.1.2; Andromax AD687G Build/JZO54K) AppleWebKit/537.36 (KHTML, like Gecko) Chrome/28.0.1500.94 Mobile Safari/537.36"
114.79.3.205 - - [14/Mar/2015:17:01:13 +0000] "GET /apple-touch-icon.png HTTP/1.1" 301 5 "-" "Mozilla/5.0 (Linux; Android 4.1.2; Andromax AD687G Build/JZO54K) AppleWebKit/537.36 (KHTML, like Gecko) Chrome/28.0.1500.94 Mobile Safari/537.36"
114.79.3.205 - - [14/Mar/2015:17:01:13 +0000] "GET /apple-touch-icon.png/ HTTP/1.1" 200 2271 "-" "Mozilla/5.0 (Linux; Android 4.1.2; Andromax AD687G Build/JZO54K) AppleWebKit/537.36 (KHTML, like Gecko) Chrome/28.0.1500.94 Mobile Safari/537.36"
66.249.64.196 - - [14/Mar/2015:17:01:42 +0000] "GET /?m=201411 HTTP/1.1" 200 2297 "-" "Mozilla/5.0 (compatible; Googlebot/2.1; +http://www.google.com/bot.html)"
157.55.39.180 - - [14/Mar/2015:17:29:10 +0000] "GET /robots.txt HTTP/1.1" 404 1806 "-" "Mozilla/5.0 (compatible; bingbot/2.0; +http://www.bing.com/bingbot.htm)"
180.76.6.54 - - [14/Mar/2015:18:42:06 +0000] "GET /produk/harga-folding-gate-di-tangerang/ HTTP/1.1" 301 5 "-" "Mozilla/5.0 (compatible; Baiduspider/2.0; +http://www.baidu.com/search/spider.html)"
128.199.122.79 - - [14/Mar/2015:18:42:06 +0000] "GET /wp-content/themes/twentyfifteen/genericons/genericons.css?ver=3.2 HTTP/1.1" 304 0 "http://foldinggatebanten.com/produk/harga-folding-gate-di-tangerang/" "Serf/1.1.0 mod_pagespeed/1.9.32.3-4448"
128.199.122.79 - - [14/Mar/2015:18:42:06 +0000] "GET /wp-content/themes/twentyfifteen/style.css?ver=4.1.1 HTTP/1.1" 304 0 "http://foldinggatebanten.com/produk/harga-folding-gate-di-tangerang/" "Serf/1.1.0 mod_pagespeed/1.9.32.3-4448"
128.199.122.79 - - [14/Mar/2015:18:42:06 +0000] "GET /wp-includes/js/jquery/jquery-migrate.min.js?ver=1.2.1 HTTP/1.1" 304 0 "http://foldinggatebanten.com/produk/harga-folding-gate-di-tangerang/" "Serf/1.1.0 mod_pagespeed/1.9.32.3-4448"
128.199.122.79 - - [14/Mar/2015:18:42:06 +0000] "GET /wp-content/themes/twentyfifteen/js/skip-link-focus-fix.js?ver=20141010 HTTP/1.1" 304 0 "http://foldinggatebanten.com/produk/harga-folding-gate-di-tangerang/" "Serf/1.1.0 mod_pagespeed/1.9.32.3-4448"
128.199.122.79 - - [14/Mar/2015:18:42:06 +0000] "GET /wp-content/themes/twentyfifteen/js/functions.js?ver=20141212 HTTP/1.1" 304 0 "http://foldinggatebanten.com/produk/harga-folding-gate-di-tangerang/" "Serf/1.1.0 mod_pagespeed/1.9.32.3-4448"
128.199.122.79 - - [14/Mar/2015:18:42:06 +0000] "GET /wp-includes/js/jquery/jquery.js?ver=1.11.1 HTTP/1.1" 304 0 "http://foldinggatebanten.com/produk/harga-folding-gate-di-tangerang/" "Serf/1.1.0 mod_pagespeed/1.9.32.3-4448"
180.76.5.167 - - [14/Mar/2015:18:42:06 +0000] "GET /produk/harga-folding-gate-di-tangerang/ HTTP/1.1" 200 2162 "-" "Mozilla/5.0 (compatible; Baiduspider/2.0; +http://www.baidu.com/search/spider.html)"
128.199.122.79 - - [14/Mar/2015:18:53:34 +0000] "GET /wp-content/themes/twentyfifteen/genericons/genericons.css?ver=3.2 HTTP/1.1" 304 0 "http://foldinggatebanten.com/" "Serf/1.1.0 mod_pagespeed/1.9.32.3-4448"
128.199.122.79 - - [14/Mar/2015:18:53:34 +0000] "GET /wp-content/themes/twentyfifteen/style.css?ver=4.1.1 HTTP/1.1" 304 0 "http://foldinggatebanten.com/" "Serf/1.1.0 mod_pagespeed/1.9.32.3-4448"
128.199.122.79 - - [14/Mar/2015:18:53:34 +0000] "GET /wp-includes/js/jquery/jquery-migrate.min.js?ver=1.2.1 HTTP/1.1" 304 0 "http://foldinggatebanten.com/" "Serf/1.1.0 mod_pagespeed/1.9.32.3-4448"
128.199.122.79 - - [14/Mar/2015:18:53:34 +0000] "GET /wp-content/themes/twentyfifteen/js/skip-link-focus-fix.js?ver=20141010 HTTP/1.1" 304 0 "http://foldinggatebanten.com/" "Serf/1.1.0 mod_pagespeed/1.9.32.3-4448"
66.249.64.192 - - [14/Mar/2015:18:53:34 +0000] "GET / HTTP/1.1" 200 2244 "-" "Mozilla/5.0 (compatible; Googlebot/2.1; +http://www.google.com/bot.html)"
128.199.122.79 - - [14/Mar/2015:18:53:34 +0000] "GET /wp-content/themes/twentyfifteen/js/functions.js?ver=20141212 HTTP/1.1" 304 0 "http://foldinggatebanten.com/" "Serf/1.1.0 mod_pagespeed/1.9.32.3-4448"
128.199.122.79 - - [14/Mar/2015:18:53:34 +0000] "GET /wp-includes/js/jquery/jquery.js?ver=1.11.1 HTTP/1.1" 304 0 "http://foldinggatebanten.com/" "Serf/1.1.0 mod_pagespeed/1.9.32.3-4448"
128.199.122.79 - - [14/Mar/2015:19:20:02 +0000] "GET /wp-content/themes/twentyfifteen/genericons/genericons.css?ver=3.2 HTTP/1.1" 304 0 "http://foldinggatebanten.com/folding-gate-di-kota-cilegon/" "Serf/1.1.0 mod_pagespeed/1.9.32.3-4448"
128.199.122.79 - - [14/Mar/2015:19:20:02 +0000] "GET /wp-content/themes/twentyfifteen/style.css?ver=4.1.1 HTTP/1.1" 304 0 "http://foldinggatebanten.com/folding-gate-di-kota-cilegon/" "Serf/1.1.0 mod_pagespeed/1.9.32.3-4448"
128.199.122.79 - - [14/Mar/2015:19:20:02 +0000] "GET /wp-includes/js/jquery/jquery-migrate.min.js?ver=1.2.1 HTTP/1.1" 304 0 "http://foldinggatebanten.com/folding-gate-di-kota-cilegon/" "Serf/1.1.0 mod_pagespeed/1.9.32.3-4448"
128.199.122.79 - - [14/Mar/2015:19:20:02 +0000] "GET /wp-content/themes/twentyfifteen/js/skip-link-focus-fix.js?ver=20141010 HTTP/1.1" 304 0 "http://foldinggatebanten.com/folding-gate-di-kota-cilegon/" "Serf/1.1.0 mod_pagespeed/1.9.32.3-4448"
128.199.122.79 - - [14/Mar/2015:19:20:03 +0000] "GET /wp-content/themes/twentyfifteen/js/functions.js?ver=20141212 HTTP/1.1" 304 0 "http://foldinggatebanten.com/folding-gate-di-kota-cilegon/" "Serf/1.1.0 mod_pagespeed/1.9.32.3-4448"
128.199.122.79 - - [14/Mar/2015:19:20:03 +0000] "GET /wp-includes/js/jquery/jquery.js?ver=1.11.1 HTTP/1.1" 304 0 "http://foldinggatebanten.com/folding-gate-di-kota-cilegon/" "Serf/1.1.0 mod_pagespeed/1.9.32.3-4448"
180.76.6.50 - - [14/Mar/2015:19:20:03 +0000] "GET /folding-gate-di-kota-cilegon/ HTTP/1.1" 200 2155 "-" "Mozilla/5.0 (compatible; Baiduspider/2.0; +http://www.baidu.com/search/spider.html)"
128.199.122.79 - - [14/Mar/2015:19:41:34 +0000] "POST /wp-cron.php?doing_wp_cron=1426362094.1062378883361816406250 HTTP/1.0" 200 20 "-" "WordPress/4.1.1; http://foldinggatebanten.com"
128.199.122.79 - - [14/Mar/2015:19:41:34 +0000] "GET /wp-content/themes/twentyfifteen/genericons/genericons.css?ver=3.2 HTTP/1.1" 304 0 "http://foldinggatebanten.com/?cat=1" "Serf/1.1.0 mod_pagespeed/1.9.32.3-4448"
128.199.122.79 - - [14/Mar/2015:19:41:34 +0000] "GET /wp-content/themes/twentyfifteen/style.css?ver=4.1.1 HTTP/1.1" 304 0 "http://foldinggatebanten.com/?cat=1" "Serf/1.1.0 mod_pagespeed/1.9.32.3-4448"
128.199.122.79 - - [14/Mar/2015:19:41:34 +0000] "GET /wp-includes/js/jquery/jquery-migrate.min.js?ver=1.2.1 HTTP/1.1" 304 0 "http://foldinggatebanten.com/?cat=1" "Serf/1.1.0 mod_pagespeed/1.9.32.3-4448"
128.199.122.79 - - [14/Mar/2015:19:41:34 +0000] "GET /wp-content/themes/twentyfifteen/js/skip-link-focus-fix.js?ver=20141010 HTTP/1.1" 304 0 "http://foldinggatebanten.com/?cat=1" "Serf/1.1.0 mod_pagespeed/1.9.32.3-4448"
128.199.122.79 - - [14/Mar/2015:19:41:34 +0000] "GET /wp-content/themes/twentyfifteen/js/functions.js?ver=20141212 HTTP/1.1" 304 0 "http://foldinggatebanten.com/?cat=1" "Serf/1.1.0 mod_pagespeed/1.9.32.3-4448"
128.199.122.79 - - [14/Mar/2015:19:41:34 +0000] "GET /wp-includes/js/jquery/jquery.js?ver=1.11.1 HTTP/1.1" 304 0 "http://foldinggatebanten.com/?cat=1" "Serf/1.1.0 mod_pagespeed/1.9.32.3-4448"
66.249.64.192 - - [14/Mar/2015:19:41:34 +0000] "GET /?cat=1 HTTP/1.1" 200 2296 "-" "Mozilla/5.0 (compatible; Googlebot/2.1; +http://www.google.com/bot.html)"
123.125.71.21 - - [14/Mar/2015:19:44:28 +0000] "GET / HTTP/1.1" 301 5 "-" "Mozilla/5.0 (Windows NT 5.1; rv:6.0.2) Gecko/20100101 Firefox/6.0.2"
123.125.71.23 - - [14/Mar/2015:19:44:29 +0000] "GET / HTTP/1.1" 200 2271 "-" "Mozilla/5.0 (Windows NT 5.1; rv:6.0.2) Gecko/20100101 Firefox/6.0.2"
123.125.71.43 - - [14/Mar/2015:19:44:29 +0000] "GET / HTTP/1.1" 200 6802 "-" "Mozilla/5.0 (Windows NT 5.1; rv:6.0.2) Gecko/20100101 Firefox/6.0.2"
220.181.108.103 - - [14/Mar/2015:19:44:47 +0000] "GET / HTTP/1.1" 301 5 "-" "Mozilla/5.0 (Windows NT 5.1; rv:6.0.2) Gecko/20100101 Firefox/6.0.2"
220.181.108.96 - - [14/Mar/2015:19:44:49 +0000] "GET / HTTP/1.1" 200 2271 "-" "Mozilla/5.0 (Windows NT 5.1; rv:6.0.2) Gecko/20100101 Firefox/6.0.2"
220.181.108.84 - - [14/Mar/2015:19:44:50 +0000] "GET / HTTP/1.1" 200 6802 "-" "Mozilla/5.0 (Windows NT 5.1; rv:6.0.2) Gecko/20100101 Firefox/6.0.2"
128.199.122.79 - - [14/Mar/2015:20:10:33 +0000] "GET /wp-content/themes/twentyfifteen/genericons/genericons.css?ver=3.2 HTTP/1.1" 304 0 "http://foldinggatebanten.com/produk/harga-railing-tangga/" "Serf/1.1.0 mod_pagespeed/1.9.32.3-4448"
128.199.122.79 - - [14/Mar/2015:20:10:33 +0000] "GET /wp-content/themes/twentyfifteen/style.css?ver=4.1.1 HTTP/1.1" 304 0 "http://foldinggatebanten.com/produk/harga-railing-tangga/" "Serf/1.1.0 mod_pagespeed/1.9.32.3-4448"
128.199.122.79 - - [14/Mar/2015:20:10:33 +0000] "GET /wp-includes/js/jquery/jquery-migrate.min.js?ver=1.2.1 HTTP/1.1" 304 0 "http://foldinggatebanten.com/produk/harga-railing-tangga/" "Serf/1.1.0 mod_pagespeed/1.9.32.3-4448"
128.199.122.79 - - [14/Mar/2015:20:10:33 +0000] "GET /wp-content/themes/twentyfifteen/js/skip-link-focus-fix.js?ver=20141010 HTTP/1.1" 304 0 "http://foldinggatebanten.com/produk/harga-railing-tangga/" "Serf/1.1.0 mod_pagespeed/1.9.32.3-4448"
128.199.122.79 - - [14/Mar/2015:20:10:33 +0000] "GET /wp-content/themes/twentyfifteen/js/functions.js?ver=20141212 HTTP/1.1" 304 0 "http://foldinggatebanten.com/produk/harga-railing-tangga/" "Serf/1.1.0 mod_pagespeed/1.9.32.3-4448"
128.199.122.79 - - [14/Mar/2015:20:10:33 +0000] "GET /wp-includes/js/jquery/jquery.js?ver=1.11.1 HTTP/1.1" 304 0 "http://foldinggatebanten.com/produk/harga-railing-tangga/" "Serf/1.1.0 mod_pagespeed/1.9.32.3-4448"
180.76.6.148 - - [14/Mar/2015:20:10:33 +0000] "GET /produk/harga-railing-tangga/ HTTP/1.1" 200 2162 "-" "Mozilla/5.0 (compatible; Baiduspider/2.0; +http://www.baidu.com/search/spider.html)"
128.199.122.79 - - [14/Mar/2015:20:39:56 +0000] "POST /wp-cron.php?doing_wp_cron=1426365595.5586059093475341796875 HTTP/1.0" 499 0 "-" "WordPress/4.1.1; http://foldinggatebanten.com"
128.199.122.79 - - [14/Mar/2015:20:39:56 +0000] "GET /wp-content/themes/twentyfifteen/genericons/genericons.css?ver=3.2 HTTP/1.1" 304 0 "http://foldinggatebanten.com/2014/11/" "Serf/1.1.0 mod_pagespeed/1.9.32.3-4448"
128.199.122.79 - - [14/Mar/2015:20:39:56 +0000] "GET /wp-content/themes/twentyfifteen/style.css?ver=4.1.1 HTTP/1.1" 304 0 "http://foldinggatebanten.com/2014/11/" "Serf/1.1.0 mod_pagespeed/1.9.32.3-4448"
128.199.122.79 - - [14/Mar/2015:20:39:56 +0000] "GET /wp-includes/js/jquery/jquery-migrate.min.js?ver=1.2.1 HTTP/1.1" 304 0 "http://foldinggatebanten.com/2014/11/" "Serf/1.1.0 mod_pagespeed/1.9.32.3-4448"
128.199.122.79 - - [14/Mar/2015:20:39:56 +0000] "GET /wp-content/themes/twentyfifteen/js/skip-link-focus-fix.js?ver=20141010 HTTP/1.1" 304 0 "http://foldinggatebanten.com/2014/11/" "Serf/1.1.0 mod_pagespeed/1.9.32.3-4448"
128.199.122.79 - - [14/Mar/2015:20:39:56 +0000] "GET /wp-content/themes/twentyfifteen/js/functions.js?ver=20141212 HTTP/1.1" 304 0 "http://foldinggatebanten.com/2014/11/" "Serf/1.1.0 mod_pagespeed/1.9.32.3-4448"
128.199.122.79 - - [14/Mar/2015:20:39:56 +0000] "GET /wp-includes/js/jquery/jquery.js?ver=1.11.1 HTTP/1.1" 304 0 "http://foldinggatebanten.com/2014/11/" "Serf/1.1.0 mod_pagespeed/1.9.32.3-4448"
123.125.71.84 - - [14/Mar/2015:20:39:56 +0000] "GET /2014/11/ HTTP/1.1" 200 2170 "-" "Mozilla/5.0 (compatible; Baiduspider/2.0; +http://www.baidu.com/search/spider.html)"
123.125.71.103 - - [14/Mar/2015:20:43:33 +0000] "GET /wp-content/themes/twentyfifteen/genericons/A.genericons.css,qver=3.2.pagespeed.cf.NPz-yIFsxm.css HTTP/1.1" 200 26192 "http://foldinggatebanten.com/2014/11/" "Mozilla/5.0 (compatible; Baiduspider/2.0; +http://www.baidu.com/search/spider.html)"
123.125.71.87 - - [14/Mar/2015:20:43:33 +0000] "GET /wp-includes/js/jquery/jquery.js?ver=1.11.1 HTTP/1.1" 200 95807 "http://foldinggatebanten.com/2014/11/" "Mozilla/5.0 (compatible; Baiduspider/2.0; +http://www.baidu.com/search/spider.html)"
123.125.71.112 - - [14/Mar/2015:20:43:35 +0000] "GET /wp-content/themes/twentyfifteen/A.style.css,qver=4.1.1.pagespeed.cf.nOC4iv4fcA.css HTTP/1.1" 200 65453 "http://foldinggatebanten.com/2014/11/" "Mozilla/5.0 (compatible; Baiduspider/2.0; +http://www.baidu.com/search/spider.html)"
123.125.71.108 - - [14/Mar/2015:20:43:37 +0000] "GET /wp-includes/js/jquery/jquery-migrate.min.js?ver=1.2.1 HTTP/1.1" 200 7200 "http://foldinggatebanten.com/2014/11/" "Mozilla/5.0 (compatible; Baiduspider/2.0; +http://www.baidu.com/search/spider.html)"
123.125.71.77 - - [14/Mar/2015:20:43:37 +0000] "GET /wp-content/themes/twentyfifteen/js/skip-link-focus-fix.js?ver=20141010 HTTP/1.1" 200 727 "http://foldinggatebanten.com/2014/11/" "Mozilla/5.0 (compatible; Baiduspider/2.0; +http://www.baidu.com/search/spider.html)"
123.125.71.96 - - [14/Mar/2015:20:43:37 +0000] "GET /wp-content/themes/twentyfifteen/js/functions.js?ver=20141212 HTTP/1.1" 200 4072 "http://foldinggatebanten.com/2014/11/" "Mozilla/5.0 (compatible; Baiduspider/2.0; +http://www.baidu.com/search/spider.html)"
