180.250.27.197 - - [13/Mar/2015:14:15:25 +0000] "GET /themes,_bits,_assets,_js,_wow.min.js+modules,_system,_assets,_js,_framework.js+modules,_system,_assets,_js,_framework.extras.js.pagespeed.jc.HdJz3aFRJ-.js HTTP/1.1" 200 0 "https://bits.co.id/" "Mozilla/5.0 (Windows NT 6.3; rv:35.0) Gecko/20100101 Firefox/35.0"
180.250.27.197 - - [13/Mar/2015:14:15:27 +0000] "GET /themes/bits/assets/js/jquery.js.pagespeed.jm.ZzSiN_5Whq.js HTTP/1.1" 200 32695 "https://bits.co.id/" "Mozilla/5.0 (Windows NT 6.3; rv:35.0) Gecko/20100101 Firefox/35.0"
180.250.27.197 - - [13/Mar/2015:14:15:28 +0000] "GET /themes/bits/assets/js/bootstrap.min.js+jquery.prettyPhoto.js+jquery.isotope.min.js+main.js.pagespeed.jc.dUphfFRc9N.js HTTP/1.1" 200 17928 "https://bits.co.id/" "Mozilla/5.0 (Windows NT 6.3; rv:35.0) Gecko/20100101 Firefox/35.0"
180.250.27.197 - - [13/Mar/2015:14:15:28 +0000] "GET /themes/bits/assets/js/plugins.js.pagespeed.jm.1dSug2Tlta.js HTTP/1.1" 200 24298 "https://bits.co.id/" "Mozilla/5.0 (Windows NT 6.3; rv:35.0) Gecko/20100101 Firefox/35.0"
180.250.27.197 - - [13/Mar/2015:14:15:28 +0000] "GET /themes,_bits,_assets,_js,_wow.min.js+modules,_system,_assets,_js,_framework.js+modules,_system,_assets,_js,_framework.extras.js.pagespeed.jc.HdJz3aFRJ-.js HTTP/1.1" 200 4466 "https://bits.co.id/" "Mozilla/5.0 (Windows NT 6.3; rv:35.0) Gecko/20100101 Firefox/35.0"
74.86.158.110 - - [13/Mar/2015:14:20:21 +0000] "HEAD / HTTP/1.1" 200 0 "-" "Mozilla/5.0+(compatible; UptimeRobot/2.0; http://www.uptimerobot.com/)"
74.86.158.110 - - [13/Mar/2015:14:25:20 +0000] "HEAD / HTTP/1.1" 200 0 "-" "Mozilla/5.0+(compatible; UptimeRobot/2.0; http://www.uptimerobot.com/)"
74.86.158.110 - - [13/Mar/2015:14:30:21 +0000] "HEAD / HTTP/1.1" 200 0 "-" "Mozilla/5.0+(compatible; UptimeRobot/2.0; http://www.uptimerobot.com/)"
74.86.158.110 - - [13/Mar/2015:14:35:20 +0000] "HEAD / HTTP/1.1" 200 0 "-" "Mozilla/5.0+(compatible; UptimeRobot/2.0; http://www.uptimerobot.com/)"
67.228.177.17 - - [13/Mar/2015:14:37:48 +0000] "GET / HTTP/1.0" 301 178 "-" "Mozilla/5.0 (compatible; www.monitor.us - free monitoring service; http://www.monitor.us)"
37.252.229.58 - - [13/Mar/2015:14:37:48 +0000] "GET / HTTP/1.0" 301 178 "-" "Mozilla/5.0 (compatible; www.monitor.us - free monitoring service; http://www.monitor.us)"
67.228.177.17 - - [13/Mar/2015:14:37:50 +0000] "GET / HTTP/1.0" 200 6860 "-" "Mozilla/5.0 (compatible; www.monitor.us - free monitoring service; http://www.monitor.us)"
37.252.229.58 - - [13/Mar/2015:14:37:50 +0000] "GET / HTTP/1.0" 200 6876 "-" "Mozilla/5.0 (compatible; www.monitor.us - free monitoring service; http://www.monitor.us)"
128.199.122.79 - - [13/Mar/2015:14:37:51 +0000] "GET /combine/736dd6176a61768d9cf06737c97fd2d4-1422939978 HTTP/1.1" 200 266194 "https://bits.co.id/" "Serf/1.1.0 mod_pagespeed/1.9.32.3-4448"
128.199.122.79 - - [13/Mar/2015:14:37:52 +0000] "GET /combine/736dd6176a61768d9cf06737c97fd2d4-1422939978 HTTP/1.1" 200 266194 "https://bits.co.id/" "Serf/1.1.0 mod_pagespeed/1.9.32.3-4448"
74.86.158.110 - - [13/Mar/2015:14:40:20 +0000] "HEAD / HTTP/1.1" 200 0 "-" "Mozilla/5.0+(compatible; UptimeRobot/2.0; http://www.uptimerobot.com/)"
74.86.158.110 - - [13/Mar/2015:14:45:21 +0000] "HEAD / HTTP/1.1" 200 0 "-" "Mozilla/5.0+(compatible; UptimeRobot/2.0; http://www.uptimerobot.com/)"
74.86.158.110 - - [13/Mar/2015:14:50:20 +0000] "HEAD / HTTP/1.1" 200 0 "-" "Mozilla/5.0+(compatible; UptimeRobot/2.0; http://www.uptimerobot.com/)"
66.249.71.28 - - [13/Mar/2015:14:52:22 +0000] "GET /filemanager/_.pagespeed.jo.BYE9LrEFPY.js HTTP/1.1" 404 5 "https://bits.co.id/filemanager/" "Mozilla/5.0 (compatible; Googlebot/2.1; +http://www.google.com/bot.html)"
74.86.158.110 - - [13/Mar/2015:14:55:20 +0000] "HEAD / HTTP/1.1" 200 0 "-" "Mozilla/5.0+(compatible; UptimeRobot/2.0; http://www.uptimerobot.com/)"
74.86.158.110 - - [13/Mar/2015:15:00:20 +0000] "HEAD / HTTP/1.1" 200 0 "-" "Mozilla/5.0+(compatible; UptimeRobot/2.0; http://www.uptimerobot.com/)"
74.86.158.110 - - [13/Mar/2015:15:05:20 +0000] "HEAD / HTTP/1.1" 200 0 "-" "Mozilla/5.0+(compatible; UptimeRobot/2.0; http://www.uptimerobot.com/)"
37.252.229.58 - - [13/Mar/2015:15:07:47 +0000] "GET / HTTP/1.0" 301 178 "-" "Mozilla/5.0 (compatible; www.monitor.us - free monitoring service; http://www.monitor.us)"
67.228.177.17 - - [13/Mar/2015:15:07:47 +0000] "GET / HTTP/1.0" 301 178 "-" "Mozilla/5.0 (compatible; www.monitor.us - free monitoring service; http://www.monitor.us)"
37.252.229.58 - - [13/Mar/2015:15:07:48 +0000] "GET / HTTP/1.0" 200 6860 "-" "Mozilla/5.0 (compatible; www.monitor.us - free monitoring service; http://www.monitor.us)"
128.199.122.79 - - [13/Mar/2015:15:07:48 +0000] "GET /combine/736dd6176a61768d9cf06737c97fd2d4-1422939978 HTTP/1.1" 200 266194 "https://bits.co.id/" "Serf/1.1.0 mod_pagespeed/1.9.32.3-4448"
67.228.177.17 - - [13/Mar/2015:15:07:48 +0000] "GET / HTTP/1.0" 200 6876 "-" "Mozilla/5.0 (compatible; www.monitor.us - free monitoring service; http://www.monitor.us)"
74.86.158.110 - - [13/Mar/2015:15:10:21 +0000] "HEAD / HTTP/1.1" 200 0 "-" "Mozilla/5.0+(compatible; UptimeRobot/2.0; http://www.uptimerobot.com/)"
74.86.158.110 - - [13/Mar/2015:15:15:20 +0000] "HEAD / HTTP/1.1" 200 0 "-" "Mozilla/5.0+(compatible; UptimeRobot/2.0; http://www.uptimerobot.com/)"
74.86.158.110 - - [13/Mar/2015:15:20:20 +0000] "HEAD / HTTP/1.1" 200 0 "-" "Mozilla/5.0+(compatible; UptimeRobot/2.0; http://www.uptimerobot.com/)"
37.252.229.58 - - [13/Mar/2015:15:21:17 +0000] "GET / HTTP/1.0" 301 178 "-" "Mozilla/5.0 (compatible; www.monitor.us - free monitoring service; http://www.monitor.us)"
37.252.229.58 - - [13/Mar/2015:15:21:18 +0000] "GET / HTTP/1.0" 200 6860 "-" "Mozilla/5.0 (compatible; www.monitor.us - free monitoring service; http://www.monitor.us)"
128.199.122.79 - - [13/Mar/2015:15:21:18 +0000] "GET /combine/736dd6176a61768d9cf06737c97fd2d4-1422939978 HTTP/1.1" 200 266187 "https://bits.co.id/" "Serf/1.1.0 mod_pagespeed/1.9.32.3-4448"
74.86.158.110 - - [13/Mar/2015:15:25:21 +0000] "HEAD / HTTP/1.1" 200 0 "-" "Mozilla/5.0+(compatible; UptimeRobot/2.0; http://www.uptimerobot.com/)"
74.86.158.110 - - [13/Mar/2015:15:30:21 +0000] "HEAD / HTTP/1.1" 200 0 "-" "Mozilla/5.0+(compatible; UptimeRobot/2.0; http://www.uptimerobot.com/)"
74.86.158.110 - - [13/Mar/2015:15:35:20 +0000] "HEAD / HTTP/1.1" 200 0 "-" "Mozilla/5.0+(compatible; UptimeRobot/2.0; http://www.uptimerobot.com/)"
37.252.229.58 - - [13/Mar/2015:15:37:47 +0000] "GET / HTTP/1.0" 301 178 "-" "Mozilla/5.0 (compatible; www.monitor.us - free monitoring service; http://www.monitor.us)"
67.228.177.17 - - [13/Mar/2015:15:37:48 +0000] "GET / HTTP/1.0" 301 178 "-" "Mozilla/5.0 (compatible; www.monitor.us - free monitoring service; http://www.monitor.us)"
37.252.229.58 - - [13/Mar/2015:15:37:48 +0000] "GET / HTTP/1.0" 200 6860 "-" "Mozilla/5.0 (compatible; www.monitor.us - free monitoring service; http://www.monitor.us)"
128.199.122.79 - - [13/Mar/2015:15:37:48 +0000] "GET /combine/736dd6176a61768d9cf06737c97fd2d4-1422939978 HTTP/1.1" 200 266194 "https://bits.co.id/" "Serf/1.1.0 mod_pagespeed/1.9.32.3-4448"
67.228.177.17 - - [13/Mar/2015:15:37:49 +0000] "GET / HTTP/1.0" 200 6876 "-" "Mozilla/5.0 (compatible; www.monitor.us - free monitoring service; http://www.monitor.us)"
74.86.158.110 - - [13/Mar/2015:15:40:21 +0000] "HEAD / HTTP/1.1" 200 0 "-" "Mozilla/5.0+(compatible; UptimeRobot/2.0; http://www.uptimerobot.com/)"
74.86.158.110 - - [13/Mar/2015:15:45:21 +0000] "HEAD / HTTP/1.1" 200 0 "-" "Mozilla/5.0+(compatible; UptimeRobot/2.0; http://www.uptimerobot.com/)"
74.86.158.110 - - [13/Mar/2015:15:50:21 +0000] "HEAD / HTTP/1.1" 200 0 "-" "Mozilla/5.0+(compatible; UptimeRobot/2.0; http://www.uptimerobot.com/)"
37.252.229.58 - - [13/Mar/2015:15:51:17 +0000] "GET / HTTP/1.0" 301 178 "-" "Mozilla/5.0 (compatible; www.monitor.us - free monitoring service; http://www.monitor.us)"
37.252.229.58 - - [13/Mar/2015:15:51:19 +0000] "GET / HTTP/1.0" 200 6860 "-" "Mozilla/5.0 (compatible; www.monitor.us - free monitoring service; http://www.monitor.us)"
128.199.122.79 - - [13/Mar/2015:15:51:19 +0000] "GET /combine/736dd6176a61768d9cf06737c97fd2d4-1422939978 HTTP/1.1" 200 266194 "https://bits.co.id/" "Serf/1.1.0 mod_pagespeed/1.9.32.3-4448"
74.86.158.110 - - [13/Mar/2015:15:55:21 +0000] "HEAD / HTTP/1.1" 200 0 "-" "Mozilla/5.0+(compatible; UptimeRobot/2.0; http://www.uptimerobot.com/)"
74.86.158.110 - - [13/Mar/2015:16:00:20 +0000] "HEAD / HTTP/1.1" 200 0 "-" "Mozilla/5.0+(compatible; UptimeRobot/2.0; http://www.uptimerobot.com/)"
74.86.158.110 - - [13/Mar/2015:16:05:21 +0000] "HEAD / HTTP/1.1" 200 0 "-" "Mozilla/5.0+(compatible; UptimeRobot/2.0; http://www.uptimerobot.com/)"
37.252.229.58 - - [13/Mar/2015:16:07:47 +0000] "GET / HTTP/1.0" 301 178 "-" "Mozilla/5.0 (compatible; www.monitor.us - free monitoring service; http://www.monitor.us)"
67.228.177.17 - - [13/Mar/2015:16:07:47 +0000] "GET / HTTP/1.0" 301 178 "-" "Mozilla/5.0 (compatible; www.monitor.us - free monitoring service; http://www.monitor.us)"
37.252.229.58 - - [13/Mar/2015:16:07:48 +0000] "GET / HTTP/1.0" 200 6860 "-" "Mozilla/5.0 (compatible; www.monitor.us - free monitoring service; http://www.monitor.us)"
128.199.122.79 - - [13/Mar/2015:16:07:48 +0000] "GET /combine/736dd6176a61768d9cf06737c97fd2d4-1422939978 HTTP/1.1" 200 266194 "https://bits.co.id/" "Serf/1.1.0 mod_pagespeed/1.9.32.3-4448"
67.228.177.17 - - [13/Mar/2015:16:07:48 +0000] "GET / HTTP/1.0" 200 6876 "-" "Mozilla/5.0 (compatible; www.monitor.us - free monitoring service; http://www.monitor.us)"
74.86.158.110 - - [13/Mar/2015:16:10:22 +0000] "HEAD / HTTP/1.1" 200 0 "-" "Mozilla/5.0+(compatible; UptimeRobot/2.0; http://www.uptimerobot.com/)"
74.86.158.110 - - [13/Mar/2015:16:15:21 +0000] "HEAD / HTTP/1.1" 200 0 "-" "Mozilla/5.0+(compatible; UptimeRobot/2.0; http://www.uptimerobot.com/)"
74.86.158.110 - - [13/Mar/2015:16:20:22 +0000] "HEAD / HTTP/1.1" 200 0 "-" "Mozilla/5.0+(compatible; UptimeRobot/2.0; http://www.uptimerobot.com/)"
37.252.229.58 - - [13/Mar/2015:16:21:17 +0000] "GET / HTTP/1.0" 301 178 "-" "Mozilla/5.0 (compatible; www.monitor.us - free monitoring service; http://www.monitor.us)"
37.252.229.58 - - [13/Mar/2015:16:21:17 +0000] "GET / HTTP/1.0" 200 6860 "-" "Mozilla/5.0 (compatible; www.monitor.us - free monitoring service; http://www.monitor.us)"
128.199.122.79 - - [13/Mar/2015:16:21:17 +0000] "GET /combine/736dd6176a61768d9cf06737c97fd2d4-1422939978 HTTP/1.1" 200 266194 "https://bits.co.id/" "Serf/1.1.0 mod_pagespeed/1.9.32.3-4448"
74.86.158.110 - - [13/Mar/2015:16:25:22 +0000] "HEAD / HTTP/1.1" 200 0 "-" "Mozilla/5.0+(compatible; UptimeRobot/2.0; http://www.uptimerobot.com/)"
74.86.158.110 - - [13/Mar/2015:16:30:20 +0000] "HEAD / HTTP/1.1" 200 0 "-" "Mozilla/5.0+(compatible; UptimeRobot/2.0; http://www.uptimerobot.com/)"
74.86.158.110 - - [13/Mar/2015:16:35:21 +0000] "HEAD / HTTP/1.1" 200 0 "-" "Mozilla/5.0+(compatible; UptimeRobot/2.0; http://www.uptimerobot.com/)"
37.252.229.58 - - [13/Mar/2015:16:37:47 +0000] "GET / HTTP/1.0" 301 178 "-" "Mozilla/5.0 (compatible; www.monitor.us - free monitoring service; http://www.monitor.us)"
67.228.177.17 - - [13/Mar/2015:16:37:48 +0000] "GET / HTTP/1.0" 301 178 "-" "Mozilla/5.0 (compatible; www.monitor.us - free monitoring service; http://www.monitor.us)"
37.252.229.58 - - [13/Mar/2015:16:37:49 +0000] "GET / HTTP/1.0" 200 6860 "-" "Mozilla/5.0 (compatible; www.monitor.us - free monitoring service; http://www.monitor.us)"
128.199.122.79 - - [13/Mar/2015:16:37:49 +0000] "GET /combine/736dd6176a61768d9cf06737c97fd2d4-1422939978 HTTP/1.1" 200 266194 "https://bits.co.id/" "Serf/1.1.0 mod_pagespeed/1.9.32.3-4448"
67.228.177.17 - - [13/Mar/2015:16:37:50 +0000] "GET / HTTP/1.0" 200 6876 "-" "Mozilla/5.0 (compatible; www.monitor.us - free monitoring service; http://www.monitor.us)"
187.59.238.139 - - [13/Mar/2015:16:38:07 +0000] "GET / HTTP/1.1" 301 178 "http://buttons-for-website.com" "Mozilla/5.0 (Windows NT 6.1; WOW64) AppleWebKit/537.36 (KHTML, like Gecko) Chrome/36.0.1985.143 Safari/537.36"
187.59.238.139 - - [13/Mar/2015:16:38:10 +0000] "GET / HTTP/1.1" 200 8213 "http://buttons-for-website.com" "Mozilla/5.0 (Windows NT 6.1; WOW64) AppleWebKit/537.36 (KHTML, like Gecko) Chrome/36.0.1985.143 Safari/537.36"
187.59.238.139 - - [13/Mar/2015:16:38:11 +0000] "GET /combine/736dd6176a61768d9cf06737c97fd2d4-1422939978 HTTP/1.1" 200 41077 "https://bits.co.id/" "Mozilla/5.0 (Windows NT 6.1; WOW64) AppleWebKit/537.36 (KHTML, like Gecko) Chrome/36.0.1985.143 Safari/537.36"
187.59.238.139 - - [13/Mar/2015:16:38:12 +0000] "GET /modules/system/assets/css/A.framework.extras.css.pagespeed.cf.xsVGGnGfkl.css HTTP/1.1" 200 3236 "https://bits.co.id/" "Mozilla/5.0 (Windows NT 6.1; WOW64) AppleWebKit/537.36 (KHTML, like Gecko) Chrome/36.0.1985.143 Safari/537.36"
187.59.238.139 - - [13/Mar/2015:16:38:12 +0000] "GET /_,Mjo.ESjZGfHtB9.js.pagespeed.jm.snvySLaCx0.js HTTP/1.1" 200 3157 "https://bits.co.id/" "Mozilla/5.0 (Windows NT 6.1; WOW64) AppleWebKit/537.36 (KHTML, like Gecko) Chrome/36.0.1985.143 Safari/537.36"
187.59.238.139 - - [13/Mar/2015:16:38:12 +0000] "GET /themes/bits/assets/js/html5shiv.js+respond.min.js.pagespeed.jc.44EGFUtx_q.js HTTP/1.1" 200 6160 "https://bits.co.id/" "Mozilla/5.0 (Windows NT 6.1; WOW64) AppleWebKit/537.36 (KHTML, like Gecko) Chrome/36.0.1985.143 Safari/537.36"
187.59.238.139 - - [13/Mar/2015:16:38:12 +0000] "GET /themes/bits/assets/js/jquery.js.pagespeed.jm.ZzSiN_5Whq.js HTTP/1.1" 200 32708 "https://bits.co.id/" "Mozilla/5.0 (Windows NT 6.1; WOW64) AppleWebKit/537.36 (KHTML, like Gecko) Chrome/36.0.1985.143 Safari/537.36"
187.59.238.139 - - [13/Mar/2015:16:38:12 +0000] "GET /themes/bits/assets/js/bootstrap.min.js+jquery.prettyPhoto.js+jquery.isotope.min.js+main.js.pagespeed.jc.dUphfFRc9N.js HTTP/1.1" 200 17941 "https://bits.co.id/" "Mozilla/5.0 (Windows NT 6.1; WOW64) AppleWebKit/537.36 (KHTML, like Gecko) Chrome/36.0.1985.143 Safari/537.36"
187.59.238.139 - - [13/Mar/2015:16:38:12 +0000] "GET /themes/bits/assets/js/plugins.js.pagespeed.jm.1dSug2Tlta.js HTTP/1.1" 200 24311 "https://bits.co.id/" "Mozilla/5.0 (Windows NT 6.1; WOW64) AppleWebKit/537.36 (KHTML, like Gecko) Chrome/36.0.1985.143 Safari/537.36"
187.59.238.139 - - [13/Mar/2015:16:38:12 +0000] "GET /themes,_bits,_assets,_js,_wow.min.js+modules,_system,_assets,_js,_framework.js+modules,_system,_assets,_js,_framework.extras.js.pagespeed.jc.HdJz3aFRJ-.js HTTP/1.1" 200 4479 "https://bits.co.id/" "Mozilla/5.0 (Windows NT 6.1; WOW64) AppleWebKit/537.36 (KHTML, like Gecko) Chrome/36.0.1985.143 Safari/537.36"
187.59.238.139 - - [13/Mar/2015:16:38:12 +0000] "GET /themes/bits/assets/images/xlogo.png.pagespeed.ic.wqKt8NwrSB.png HTTP/1.1" 200 6707 "https://bits.co.id/" "Mozilla/5.0 (Windows NT 6.1; WOW64) AppleWebKit/537.36 (KHTML, like Gecko) Chrome/36.0.1985.143 Safari/537.36"
187.59.238.139 - - [13/Mar/2015:16:38:12 +0000] "GET /themes/bits/assets/images/xslide1.jpg.pagespeed.ic.QoXc3eFVso.jpg HTTP/1.1" 200 42646 "https://bits.co.id/" "Mozilla/5.0 (Windows NT 6.1; WOW64) AppleWebKit/537.36 (KHTML, like Gecko) Chrome/36.0.1985.143 Safari/537.36"
187.59.238.139 - - [13/Mar/2015:16:38:13 +0000] "GET /themes/bits/assets/images/xslide3.jpg.pagespeed.ic.ECL4btzwE2.jpg HTTP/1.1" 200 38370 "https://bits.co.id/" "Mozilla/5.0 (Windows NT 6.1; WOW64) AppleWebKit/537.36 (KHTML, like Gecko) Chrome/36.0.1985.143 Safari/537.36"
187.59.238.139 - - [13/Mar/2015:16:38:13 +0000] "GET /themes/bits/assets/images/xslide2.jpg.pagespeed.ic.gjtEYNjFDF.jpg HTTP/1.1" 200 45662 "https://bits.co.id/" "Mozilla/5.0 (Windows NT 6.1; WOW64) AppleWebKit/537.36 (KHTML, like Gecko) Chrome/36.0.1985.143 Safari/537.36"
187.59.238.139 - - [13/Mar/2015:16:38:13 +0000] "GET /themes/bits/assets/images/xmain-feature.png.pagespeed.ic.Rs04LZqWl1.png HTTP/1.1" 200 74891 "https://bits.co.id/" "Mozilla/5.0 (Windows NT 6.1; WOW64) AppleWebKit/537.36 (KHTML, like Gecko) Chrome/36.0.1985.143 Safari/537.36"
187.59.238.139 - - [13/Mar/2015:16:38:13 +0000] "GET /themes/bits/assets/images/team/x01.jpg.pagespeed.ic.R-JbeMfd36.jpg HTTP/1.1" 200 10486 "https://bits.co.id/" "Mozilla/5.0 (Windows NT 6.1; WOW64) AppleWebKit/537.36 (KHTML, like Gecko) Chrome/36.0.1985.143 Safari/537.36"
187.59.238.139 - - [13/Mar/2015:16:38:13 +0000] "GET /themes/bits/assets/images/team/x02.jpg.pagespeed.ic.723R3SrEAT.jpg HTTP/1.1" 200 7474 "https://bits.co.id/" "Mozilla/5.0 (Windows NT 6.1; WOW64) AppleWebKit/537.36 (KHTML, like Gecko) Chrome/36.0.1985.143 Safari/537.36"
187.59.238.139 - - [13/Mar/2015:16:38:13 +0000] "GET /themes/bits/assets/images/team/x03.jpg.pagespeed.ic.G_aiN32ZMC.jpg HTTP/1.1" 200 15272 "https://bits.co.id/" "Mozilla/5.0 (Windows NT 6.1; WOW64) AppleWebKit/537.36 (KHTML, like Gecko) Chrome/36.0.1985.143 Safari/537.36"
187.59.238.139 - - [13/Mar/2015:16:38:13 +0000] "GET /themes/bits/assets/images/team/x04.jpg.pagespeed.ic.gj5t2xY6Bz.jpg HTTP/1.1" 200 14717 "https://bits.co.id/" "Mozilla/5.0 (Windows NT 6.1; WOW64) AppleWebKit/537.36 (KHTML, like Gecko) Chrome/36.0.1985.143 Safari/537.36"
187.59.238.139 - - [13/Mar/2015:16:38:14 +0000] "GET /themes/bits/assets/images/portfolio/400x346x1.jpg.pagespeed.ic.IJHjOeASws.jpg HTTP/1.1" 200 38545 "https://bits.co.id/" "Mozilla/5.0 (Windows NT 6.1; WOW64) AppleWebKit/537.36 (KHTML, like Gecko) Chrome/36.0.1985.143 Safari/537.36"
187.59.238.139 - - [13/Mar/2015:16:38:14 +0000] "GET /themes/bits/assets/images/portfolio/400x346x2.jpg.pagespeed.ic.2VmVeV7QiG.jpg HTTP/1.1" 200 33453 "https://bits.co.id/" "Mozilla/5.0 (Windows NT 6.1; WOW64) AppleWebKit/537.36 (KHTML, like Gecko) Chrome/36.0.1985.143 Safari/537.36"
187.59.238.139 - - [13/Mar/2015:16:38:14 +0000] "GET /themes/bits/assets/images/portfolio/400x346x3.jpg.pagespeed.ic.T1sNAhmVBf.jpg HTTP/1.1" 200 36592 "https://bits.co.id/" "Mozilla/5.0 (Windows NT 6.1; WOW64) AppleWebKit/537.36 (KHTML, like Gecko) Chrome/36.0.1985.143 Safari/537.36"
187.59.238.139 - - [13/Mar/2015:16:38:14 +0000] "GET /themes/bits/assets/images/portfolio/400x346x4.jpg.pagespeed.ic.xVG_9Z7uRK.jpg HTTP/1.1" 200 30037 "https://bits.co.id/" "Mozilla/5.0 (Windows NT 6.1; WOW64) AppleWebKit/537.36 (KHTML, like Gecko) Chrome/36.0.1985.143 Safari/537.36"
187.59.238.139 - - [13/Mar/2015:16:38:14 +0000] "GET /themes/bits/assets/images/portfolio/400x346x5.jpg.pagespeed.ic.ag76W5WVJS.jpg HTTP/1.1" 200 25753 "https://bits.co.id/" "Mozilla/5.0 (Windows NT 6.1; WOW64) AppleWebKit/537.36 (KHTML, like Gecko) Chrome/36.0.1985.143 Safari/537.36"
187.59.238.139 - - [13/Mar/2015:16:38:14 +0000] "GET /themes/bits/assets/images/portfolio/400x346x6.jpg.pagespeed.ic.UpBYW133US.jpg HTTP/1.1" 200 41742 "https://bits.co.id/" "Mozilla/5.0 (Windows NT 6.1; WOW64) AppleWebKit/537.36 (KHTML, like Gecko) Chrome/36.0.1985.143 Safari/537.36"
187.59.238.139 - - [13/Mar/2015:16:38:14 +0000] "GET /themes/bits/assets/images/clients/xclient01.png.pagespeed.ic.zwwkYMsvye.png HTTP/1.1" 200 20125 "https://bits.co.id/" "Mozilla/5.0 (Windows NT 6.1; WOW64) AppleWebKit/537.36 (KHTML, like Gecko) Chrome/36.0.1985.143 Safari/537.36"
187.59.238.139 - - [13/Mar/2015:16:38:14 +0000] "GET /themes/bits/assets/images/clients/xclient02.png.pagespeed.ic.A9wKnbuWY9.png HTTP/1.1" 200 12814 "https://bits.co.id/" "Mozilla/5.0 (Windows NT 6.1; WOW64) AppleWebKit/537.36 (KHTML, like Gecko) Chrome/36.0.1985.143 Safari/537.36"
187.59.238.139 - - [13/Mar/2015:16:38:15 +0000] "GET /themes/bits/assets/images/clients/xclient03.png.pagespeed.ic.MFGoUj009_.png HTTP/1.1" 200 22221 "https://bits.co.id/" "Mozilla/5.0 (Windows NT 6.1; WOW64) AppleWebKit/537.36 (KHTML, like Gecko) Chrome/36.0.1985.143 Safari/537.36"
187.59.238.139 - - [13/Mar/2015:16:38:15 +0000] "GET /themes/bits/assets/images/clients/xclient04.png.pagespeed.ic.gYVLyC8vRi.png HTTP/1.1" 200 11789 "https://bits.co.id/" "Mozilla/5.0 (Windows NT 6.1; WOW64) AppleWebKit/537.36 (KHTML, like Gecko) Chrome/36.0.1985.143 Safari/537.36"
187.59.238.139 - - [13/Mar/2015:16:38:15 +0000] "GET /themes/bits/assets/images/testimonial/x01.jpg.pagespeed.ic.yJrf9WZxvZ.jpg HTTP/1.1" 200 4020 "https://bits.co.id/" "Mozilla/5.0 (Windows NT 6.1; WOW64) AppleWebKit/537.36 (KHTML, like Gecko) Chrome/36.0.1985.143 Safari/537.36"
187.59.238.139 - - [13/Mar/2015:16:38:15 +0000] "GET /combine/736dd6176a61768d9cf06737c97fd2d4-1422939978 HTTP/1.1" 200 41077 "https://bits.co.id/" "Mozilla/5.0 (Windows NT 6.1; WOW64) AppleWebKit/537.36 (KHTML, like Gecko) Chrome/36.0.1985.143 Safari/537.36"
187.59.238.139 - - [13/Mar/2015:16:38:17 +0000] "GET /modules/system/assets/css/A.framework.extras.css.pagespeed.cf.xsVGGnGfkl.css HTTP/1.1" 200 3236 "https://bits.co.id/" "Mozilla/5.0 (Windows NT 6.1; WOW64) AppleWebKit/537.36 (KHTML, like Gecko) Chrome/36.0.1985.143 Safari/537.36"
74.86.158.110 - - [13/Mar/2015:16:40:21 +0000] "HEAD / HTTP/1.1" 200 0 "-" "Mozilla/5.0+(compatible; UptimeRobot/2.0; http://www.uptimerobot.com/)"
74.86.158.110 - - [13/Mar/2015:16:47:24 +0000] "HEAD / HTTP/1.1" 200 0 "-" "Mozilla/5.0+(compatible; UptimeRobot/2.0; http://www.uptimerobot.com/)"
37.252.229.58 - - [13/Mar/2015:16:51:17 +0000] "GET / HTTP/1.0" 301 178 "-" "Mozilla/5.0 (compatible; www.monitor.us - free monitoring service; http://www.monitor.us)"
37.252.229.58 - - [13/Mar/2015:16:51:18 +0000] "GET / HTTP/1.0" 200 6860 "-" "Mozilla/5.0 (compatible; www.monitor.us - free monitoring service; http://www.monitor.us)"
128.199.122.79 - - [13/Mar/2015:16:51:18 +0000] "GET /combine/736dd6176a61768d9cf06737c97fd2d4-1422939978 HTTP/1.1" 200 266202 "https://bits.co.id/" "Serf/1.1.0 mod_pagespeed/1.9.32.3-4448"
74.86.158.110 - - [13/Mar/2015:16:52:24 +0000] "HEAD / HTTP/1.1" 200 0 "-" "Mozilla/5.0+(compatible; UptimeRobot/2.0; http://www.uptimerobot.com/)"
66.249.71.15 - - [13/Mar/2015:17:00:15 +0000] "GET /robots.txt HTTP/1.1" 301 178 "-" "Mozilla/5.0 (compatible; Googlebot/2.1; +http://www.google.com/bot.html)"
66.249.71.15 - - [13/Mar/2015:17:00:15 +0000] "GET / HTTP/1.1" 301 178 "-" "Mozilla/5.0 (compatible; Googlebot/2.1; +http://www.google.com/bot.html)"
66.249.71.28 - - [13/Mar/2015:17:00:17 +0000] "GET / HTTP/1.1" 200 6873 "-" "Mozilla/5.0 (compatible; Googlebot/2.1; +http://www.google.com/bot.html)"
128.199.122.79 - - [13/Mar/2015:17:00:17 +0000] "GET /combine/736dd6176a61768d9cf06737c97fd2d4-1422939978 HTTP/1.1" 200 266194 "https://bits.co.id/" "Serf/1.1.0 mod_pagespeed/1.9.32.3-4448"
37.252.229.58 - - [13/Mar/2015:17:07:47 +0000] "GET / HTTP/1.0" 301 178 "-" "Mozilla/5.0 (compatible; www.monitor.us - free monitoring service; http://www.monitor.us)"
67.228.177.17 - - [13/Mar/2015:17:07:47 +0000] "GET / HTTP/1.0" 301 178 "-" "Mozilla/5.0 (compatible; www.monitor.us - free monitoring service; http://www.monitor.us)"
37.252.229.58 - - [13/Mar/2015:17:07:49 +0000] "GET / HTTP/1.0" 200 6860 "-" "Mozilla/5.0 (compatible; www.monitor.us - free monitoring service; http://www.monitor.us)"
67.228.177.17 - - [13/Mar/2015:17:07:49 +0000] "GET / HTTP/1.0" 200 6876 "-" "Mozilla/5.0 (compatible; www.monitor.us - free monitoring service; http://www.monitor.us)"
128.199.122.79 - - [13/Mar/2015:17:07:50 +0000] "GET /combine/736dd6176a61768d9cf06737c97fd2d4-1422939978 HTTP/1.1" 200 266194 "https://bits.co.id/" "Serf/1.1.0 mod_pagespeed/1.9.32.3-4448"
74.86.158.110 - - [13/Mar/2015:17:08:37 +0000] "HEAD / HTTP/1.1" 200 0 "-" "Mozilla/5.0+(compatible; UptimeRobot/2.0; http://www.uptimerobot.com/)"
74.86.158.110 - - [13/Mar/2015:17:13:32 +0000] "HEAD / HTTP/1.1" 200 0 "-" "Mozilla/5.0+(compatible; UptimeRobot/2.0; http://www.uptimerobot.com/)"
74.86.158.110 - - [13/Mar/2015:17:18:39 +0000] "HEAD / HTTP/1.1" 200 0 "-" "Mozilla/5.0+(compatible; UptimeRobot/2.0; http://www.uptimerobot.com/)"
37.252.229.58 - - [13/Mar/2015:17:21:17 +0000] "GET / HTTP/1.0" 301 178 "-" "Mozilla/5.0 (compatible; www.monitor.us - free monitoring service; http://www.monitor.us)"
37.252.229.58 - - [13/Mar/2015:17:21:18 +0000] "GET / HTTP/1.0" 200 6860 "-" "Mozilla/5.0 (compatible; www.monitor.us - free monitoring service; http://www.monitor.us)"
128.199.122.79 - - [13/Mar/2015:17:21:18 +0000] "GET /combine/736dd6176a61768d9cf06737c97fd2d4-1422939978 HTTP/1.1" 200 266194 "https://bits.co.id/" "Serf/1.1.0 mod_pagespeed/1.9.32.3-4448"
74.86.158.110 - - [13/Mar/2015:17:23:38 +0000] "HEAD / HTTP/1.1" 200 0 "-" "Mozilla/5.0+(compatible; UptimeRobot/2.0; http://www.uptimerobot.com/)"
74.86.158.110 - - [13/Mar/2015:17:28:47 +0000] "HEAD / HTTP/1.1" 200 0 "-" "Mozilla/5.0+(compatible; UptimeRobot/2.0; http://www.uptimerobot.com/)"
74.86.158.110 - - [13/Mar/2015:17:33:40 +0000] "HEAD / HTTP/1.1" 200 0 "-" "Mozilla/5.0+(compatible; UptimeRobot/2.0; http://www.uptimerobot.com/)"
37.252.229.58 - - [13/Mar/2015:17:37:01 +0000] "GET / HTTP/1.0" 301 178 "-" "Mozilla/5.0 (compatible; www.monitor.us - free monitoring service; http://www.monitor.us)"
37.252.229.58 - - [13/Mar/2015:17:37:02 +0000] "GET / HTTP/1.0" 200 6860 "-" "Mozilla/5.0 (compatible; www.monitor.us - free monitoring service; http://www.monitor.us)"
128.199.122.79 - - [13/Mar/2015:17:37:03 +0000] "GET /combine/736dd6176a61768d9cf06737c97fd2d4-1422939978 HTTP/1.1" 200 266179 "https://bits.co.id/" "Serf/1.1.0 mod_pagespeed/1.9.32.3-4448"
67.228.177.17 - - [13/Mar/2015:17:37:48 +0000] "GET / HTTP/1.0" 301 178 "-" "Mozilla/5.0 (compatible; www.monitor.us - free monitoring service; http://www.monitor.us)"
67.228.177.17 - - [13/Mar/2015:17:37:49 +0000] "GET / HTTP/1.0" 200 6876 "-" "Mozilla/5.0 (compatible; www.monitor.us - free monitoring service; http://www.monitor.us)"
74.86.158.110 - - [13/Mar/2015:17:38:50 +0000] "HEAD / HTTP/1.1" 200 0 "-" "Mozilla/5.0+(compatible; UptimeRobot/2.0; http://www.uptimerobot.com/)"
74.86.158.110 - - [13/Mar/2015:17:43:41 +0000] "HEAD / HTTP/1.1" 200 0 "-" "Mozilla/5.0+(compatible; UptimeRobot/2.0; http://www.uptimerobot.com/)"
74.86.158.110 - - [13/Mar/2015:17:48:41 +0000] "HEAD / HTTP/1.1" 200 0 "-" "Mozilla/5.0+(compatible; UptimeRobot/2.0; http://www.uptimerobot.com/)"
74.86.158.110 - - [13/Mar/2015:17:53:42 +0000] "HEAD / HTTP/1.1" 200 0 "-" "Mozilla/5.0+(compatible; UptimeRobot/2.0; http://www.uptimerobot.com/)"
74.86.158.110 - - [13/Mar/2015:17:58:41 +0000] "HEAD / HTTP/1.1" 200 0 "-" "Mozilla/5.0+(compatible; UptimeRobot/2.0; http://www.uptimerobot.com/)"
74.86.158.110 - - [13/Mar/2015:18:03:41 +0000] "HEAD / HTTP/1.1" 200 0 "-" "Mozilla/5.0+(compatible; UptimeRobot/2.0; http://www.uptimerobot.com/)"
37.252.229.58 - - [13/Mar/2015:18:07:01 +0000] "GET / HTTP/1.0" 301 178 "-" "Mozilla/5.0 (compatible; www.monitor.us - free monitoring service; http://www.monitor.us)"
37.252.229.58 - - [13/Mar/2015:18:07:05 +0000] "GET / HTTP/1.0" 200 6860 "-" "Mozilla/5.0 (compatible; www.monitor.us - free monitoring service; http://www.monitor.us)"
128.199.122.79 - - [13/Mar/2015:18:07:06 +0000] "GET /combine/736dd6176a61768d9cf06737c97fd2d4-1422939978 HTTP/1.1" 200 266179 "https://bits.co.id/" "Serf/1.1.0 mod_pagespeed/1.9.32.3-4448"
67.228.177.17 - - [13/Mar/2015:18:07:47 +0000] "GET / HTTP/1.0" 301 178 "-" "Mozilla/5.0 (compatible; www.monitor.us - free monitoring service; http://www.monitor.us)"
67.228.177.17 - - [13/Mar/2015:18:07:50 +0000] "GET / HTTP/1.0" 200 6876 "-" "Mozilla/5.0 (compatible; www.monitor.us - free monitoring service; http://www.monitor.us)"
74.86.158.110 - - [13/Mar/2015:18:08:41 +0000] "HEAD / HTTP/1.1" 200 0 "-" "Mozilla/5.0+(compatible; UptimeRobot/2.0; http://www.uptimerobot.com/)"
74.86.158.110 - - [13/Mar/2015:18:13:41 +0000] "HEAD / HTTP/1.1" 200 0 "-" "Mozilla/5.0+(compatible; UptimeRobot/2.0; http://www.uptimerobot.com/)"
74.86.158.110 - - [13/Mar/2015:18:18:42 +0000] "HEAD / HTTP/1.1" 200 0 "-" "Mozilla/5.0+(compatible; UptimeRobot/2.0; http://www.uptimerobot.com/)"
74.86.158.110 - - [13/Mar/2015:18:23:41 +0000] "HEAD / HTTP/1.1" 200 0 "-" "Mozilla/5.0+(compatible; UptimeRobot/2.0; http://www.uptimerobot.com/)"
74.86.158.110 - - [13/Mar/2015:18:28:41 +0000] "HEAD / HTTP/1.1" 200 0 "-" "Mozilla/5.0+(compatible; UptimeRobot/2.0; http://www.uptimerobot.com/)"
74.86.158.110 - - [13/Mar/2015:18:33:41 +0000] "HEAD / HTTP/1.1" 200 0 "-" "Mozilla/5.0+(compatible; UptimeRobot/2.0; http://www.uptimerobot.com/)"
37.252.229.58 - - [13/Mar/2015:18:37:01 +0000] "GET / HTTP/1.0" 301 178 "-" "Mozilla/5.0 (compatible; www.monitor.us - free monitoring service; http://www.monitor.us)"
37.252.229.58 - - [13/Mar/2015:18:37:02 +0000] "GET / HTTP/1.0" 200 6860 "-" "Mozilla/5.0 (compatible; www.monitor.us - free monitoring service; http://www.monitor.us)"
128.199.122.79 - - [13/Mar/2015:18:37:02 +0000] "GET /combine/736dd6176a61768d9cf06737c97fd2d4-1422939978 HTTP/1.1" 200 266202 "https://bits.co.id/" "Serf/1.1.0 mod_pagespeed/1.9.32.3-4448"
67.228.177.17 - - [13/Mar/2015:18:37:48 +0000] "GET / HTTP/1.0" 301 178 "-" "Mozilla/5.0 (compatible; www.monitor.us - free monitoring service; http://www.monitor.us)"
67.228.177.17 - - [13/Mar/2015:18:37:49 +0000] "GET / HTTP/1.0" 200 6876 "-" "Mozilla/5.0 (compatible; www.monitor.us - free monitoring service; http://www.monitor.us)"
74.86.158.110 - - [13/Mar/2015:18:38:41 +0000] "HEAD / HTTP/1.1" 200 0 "-" "Mozilla/5.0+(compatible; UptimeRobot/2.0; http://www.uptimerobot.com/)"
74.86.158.110 - - [13/Mar/2015:18:43:41 +0000] "HEAD / HTTP/1.1" 200 0 "-" "Mozilla/5.0+(compatible; UptimeRobot/2.0; http://www.uptimerobot.com/)"
74.86.158.110 - - [13/Mar/2015:18:48:41 +0000] "HEAD / HTTP/1.1" 200 0 "-" "Mozilla/5.0+(compatible; UptimeRobot/2.0; http://www.uptimerobot.com/)"
74.86.158.110 - - [13/Mar/2015:18:53:41 +0000] "HEAD / HTTP/1.1" 200 0 "-" "Mozilla/5.0+(compatible; UptimeRobot/2.0; http://www.uptimerobot.com/)"
66.249.71.236 - - [13/Mar/2015:18:56:08 +0000] "GET /robots.txt HTTP/1.1" 301 178 "-" "Mozilla/5.0 (compatible; Googlebot/2.1; +http://www.google.com/bot.html)"
66.249.71.236 - - [13/Mar/2015:18:56:08 +0000] "GET / HTTP/1.1" 301 178 "-" "Mozilla/5.0 (compatible; Googlebot/2.1; +http://www.google.com/bot.html)"
66.249.71.251 - - [13/Mar/2015:18:56:10 +0000] "GET / HTTP/1.1" 200 6873 "-" "Mozilla/5.0 (compatible; Googlebot/2.1; +http://www.google.com/bot.html)"
128.199.122.79 - - [13/Mar/2015:18:56:10 +0000] "GET /combine/736dd6176a61768d9cf06737c97fd2d4-1422939978 HTTP/1.1" 200 266179 "https://bits.co.id/" "Serf/1.1.0 mod_pagespeed/1.9.32.3-4448"
74.86.158.110 - - [13/Mar/2015:18:58:41 +0000] "HEAD / HTTP/1.1" 200 0 "-" "Mozilla/5.0+(compatible; UptimeRobot/2.0; http://www.uptimerobot.com/)"
74.86.158.110 - - [13/Mar/2015:19:03:41 +0000] "HEAD / HTTP/1.1" 200 0 "-" "Mozilla/5.0+(compatible; UptimeRobot/2.0; http://www.uptimerobot.com/)"
37.252.229.58 - - [13/Mar/2015:19:07:01 +0000] "GET / HTTP/1.0" 301 178 "-" "Mozilla/5.0 (compatible; www.monitor.us - free monitoring service; http://www.monitor.us)"
37.252.229.58 - - [13/Mar/2015:19:07:02 +0000] "GET / HTTP/1.0" 200 6860 "-" "Mozilla/5.0 (compatible; www.monitor.us - free monitoring service; http://www.monitor.us)"
128.199.122.79 - - [13/Mar/2015:19:07:02 +0000] "GET /combine/736dd6176a61768d9cf06737c97fd2d4-1422939978 HTTP/1.1" 200 266202 "https://bits.co.id/" "Serf/1.1.0 mod_pagespeed/1.9.32.3-4448"
67.228.177.17 - - [13/Mar/2015:19:07:47 +0000] "GET / HTTP/1.0" 301 178 "-" "Mozilla/5.0 (compatible; www.monitor.us - free monitoring service; http://www.monitor.us)"
67.228.177.17 - - [13/Mar/2015:19:07:48 +0000] "GET / HTTP/1.0" 200 6876 "-" "Mozilla/5.0 (compatible; www.monitor.us - free monitoring service; http://www.monitor.us)"
74.86.158.110 - - [13/Mar/2015:19:08:41 +0000] "HEAD / HTTP/1.1" 200 0 "-" "Mozilla/5.0+(compatible; UptimeRobot/2.0; http://www.uptimerobot.com/)"
158.58.187.6 - - [13/Mar/2015:19:11:37 +0000] "GET / HTTP/1.0" 301 178 "-" "Mozilla/5.0 (Windows NT 6.1; WOW64; rv:11.0) Gecko Firefox/11.0"
158.58.187.6 - - [13/Mar/2015:19:11:40 +0000] "GET / HTTP/1.0" 200 35402 "-" "Mozilla/5.0 (Windows NT 6.1; WOW64; rv:11.0) Gecko Firefox/11.0"
74.86.158.110 - - [13/Mar/2015:19:13:41 +0000] "HEAD / HTTP/1.1" 200 0 "-" "Mozilla/5.0+(compatible; UptimeRobot/2.0; http://www.uptimerobot.com/)"
74.86.158.110 - - [13/Mar/2015:19:18:42 +0000] "HEAD / HTTP/1.1" 200 0 "-" "Mozilla/5.0+(compatible; UptimeRobot/2.0; http://www.uptimerobot.com/)"
74.86.158.110 - - [13/Mar/2015:19:23:41 +0000] "HEAD / HTTP/1.1" 200 0 "-" "Mozilla/5.0+(compatible; UptimeRobot/2.0; http://www.uptimerobot.com/)"
74.86.158.110 - - [13/Mar/2015:19:28:42 +0000] "HEAD / HTTP/1.1" 200 0 "-" "Mozilla/5.0+(compatible; UptimeRobot/2.0; http://www.uptimerobot.com/)"
74.86.158.110 - - [13/Mar/2015:19:33:42 +0000] "HEAD / HTTP/1.1" 200 0 "-" "Mozilla/5.0+(compatible; UptimeRobot/2.0; http://www.uptimerobot.com/)"
37.252.229.58 - - [13/Mar/2015:19:37:01 +0000] "GET / HTTP/1.0" 301 178 "-" "Mozilla/5.0 (compatible; www.monitor.us - free monitoring service; http://www.monitor.us)"
37.252.229.58 - - [13/Mar/2015:19:37:02 +0000] "GET / HTTP/1.0" 200 6860 "-" "Mozilla/5.0 (compatible; www.monitor.us - free monitoring service; http://www.monitor.us)"
128.199.122.79 - - [13/Mar/2015:19:37:02 +0000] "GET /combine/736dd6176a61768d9cf06737c97fd2d4-1422939978 HTTP/1.1" 200 266187 "https://bits.co.id/" "Serf/1.1.0 mod_pagespeed/1.9.32.3-4448"
67.228.177.17 - - [13/Mar/2015:19:37:47 +0000] "GET / HTTP/1.0" 301 178 "-" "Mozilla/5.0 (compatible; www.monitor.us - free monitoring service; http://www.monitor.us)"
67.228.177.17 - - [13/Mar/2015:19:37:48 +0000] "GET / HTTP/1.0" 200 6876 "-" "Mozilla/5.0 (compatible; www.monitor.us - free monitoring service; http://www.monitor.us)"
74.86.158.110 - - [13/Mar/2015:19:38:41 +0000] "HEAD / HTTP/1.1" 200 0 "-" "Mozilla/5.0+(compatible; UptimeRobot/2.0; http://www.uptimerobot.com/)"
74.86.158.110 - - [13/Mar/2015:19:43:42 +0000] "HEAD / HTTP/1.1" 200 0 "-" "Mozilla/5.0+(compatible; UptimeRobot/2.0; http://www.uptimerobot.com/)"
74.86.158.110 - - [13/Mar/2015:19:48:41 +0000] "HEAD / HTTP/1.1" 200 0 "-" "Mozilla/5.0+(compatible; UptimeRobot/2.0; http://www.uptimerobot.com/)"
157.55.39.141 - - [13/Mar/2015:19:49:07 +0000] "GET /error HTTP/1.1" 200 2406 "-" "Mozilla/5.0 (compatible; bingbot/2.0; +http://www.bing.com/bingbot.htm)"
128.199.122.79 - - [13/Mar/2015:19:49:08 +0000] "GET /combine/736dd6176a61768d9cf06737c97fd2d4-1422939978 HTTP/1.1" 200 266187 "https://bits.co.id/error" "Serf/1.1.0 mod_pagespeed/1.9.32.3-4448"
74.86.158.110 - - [13/Mar/2015:19:53:42 +0000] "HEAD / HTTP/1.1" 200 0 "-" "Mozilla/5.0+(compatible; UptimeRobot/2.0; http://www.uptimerobot.com/)"
66.249.71.11 - - [13/Mar/2015:19:57:04 +0000] "GET /hubungi-kami HTTP/1.1" 200 3131 "-" "Mozilla/5.0 (compatible; Googlebot/2.1; +http://www.google.com/bot.html)"
128.199.122.79 - - [13/Mar/2015:19:57:04 +0000] "GET /combine/736dd6176a61768d9cf06737c97fd2d4-1422939978 HTTP/1.1" 200 266202 "https://bits.co.id/hubungi-kami" "Serf/1.1.0 mod_pagespeed/1.9.32.3-4448"
74.86.158.110 - - [13/Mar/2015:19:58:41 +0000] "HEAD / HTTP/1.1" 200 0 "-" "Mozilla/5.0+(compatible; UptimeRobot/2.0; http://www.uptimerobot.com/)"
74.86.158.110 - - [13/Mar/2015:20:03:42 +0000] "HEAD / HTTP/1.1" 200 0 "-" "Mozilla/5.0+(compatible; UptimeRobot/2.0; http://www.uptimerobot.com/)"
37.252.229.58 - - [13/Mar/2015:20:07:01 +0000] "GET / HTTP/1.0" 301 178 "-" "Mozilla/5.0 (compatible; www.monitor.us - free monitoring service; http://www.monitor.us)"
37.252.229.58 - - [13/Mar/2015:20:07:02 +0000] "GET / HTTP/1.0" 200 6860 "-" "Mozilla/5.0 (compatible; www.monitor.us - free monitoring service; http://www.monitor.us)"
128.199.122.79 - - [13/Mar/2015:20:07:03 +0000] "GET /combine/736dd6176a61768d9cf06737c97fd2d4-1422939978 HTTP/1.1" 200 266194 "https://bits.co.id/" "Serf/1.1.0 mod_pagespeed/1.9.32.3-4448"
67.228.177.17 - - [13/Mar/2015:20:07:47 +0000] "GET / HTTP/1.0" 301 178 "-" "Mozilla/5.0 (compatible; www.monitor.us - free monitoring service; http://www.monitor.us)"
67.228.177.17 - - [13/Mar/2015:20:07:49 +0000] "GET / HTTP/1.0" 200 6876 "-" "Mozilla/5.0 (compatible; www.monitor.us - free monitoring service; http://www.monitor.us)"
74.86.158.110 - - [13/Mar/2015:20:08:41 +0000] "HEAD / HTTP/1.1" 200 0 "-" "Mozilla/5.0+(compatible; UptimeRobot/2.0; http://www.uptimerobot.com/)"
74.86.158.110 - - [13/Mar/2015:20:13:41 +0000] "HEAD / HTTP/1.1" 200 0 "-" "Mozilla/5.0+(compatible; UptimeRobot/2.0; http://www.uptimerobot.com/)"
74.86.158.110 - - [13/Mar/2015:20:18:42 +0000] "HEAD / HTTP/1.1" 200 0 "-" "Mozilla/5.0+(compatible; UptimeRobot/2.0; http://www.uptimerobot.com/)"
74.86.158.110 - - [13/Mar/2015:20:23:42 +0000] "HEAD / HTTP/1.1" 200 0 "-" "Mozilla/5.0+(compatible; UptimeRobot/2.0; http://www.uptimerobot.com/)"
74.86.158.110 - - [13/Mar/2015:20:28:42 +0000] "HEAD / HTTP/1.1" 200 0 "-" "Mozilla/5.0+(compatible; UptimeRobot/2.0; http://www.uptimerobot.com/)"
74.86.158.110 - - [13/Mar/2015:20:33:42 +0000] "HEAD / HTTP/1.1" 200 0 "-" "Mozilla/5.0+(compatible; UptimeRobot/2.0; http://www.uptimerobot.com/)"
37.252.229.58 - - [13/Mar/2015:20:37:01 +0000] "GET / HTTP/1.0" 301 178 "-" "Mozilla/5.0 (compatible; www.monitor.us - free monitoring service; http://www.monitor.us)"
37.252.229.58 - - [13/Mar/2015:20:37:02 +0000] "GET / HTTP/1.0" 200 6860 "-" "Mozilla/5.0 (compatible; www.monitor.us - free monitoring service; http://www.monitor.us)"
128.199.122.79 - - [13/Mar/2015:20:37:02 +0000] "GET /combine/736dd6176a61768d9cf06737c97fd2d4-1422939978 HTTP/1.1" 200 266187 "https://bits.co.id/" "Serf/1.1.0 mod_pagespeed/1.9.32.3-4448"
67.228.177.17 - - [13/Mar/2015:20:37:48 +0000] "GET / HTTP/1.0" 301 178 "-" "Mozilla/5.0 (compatible; www.monitor.us - free monitoring service; http://www.monitor.us)"
67.228.177.17 - - [13/Mar/2015:20:37:49 +0000] "GET / HTTP/1.0" 200 6876 "-" "Mozilla/5.0 (compatible; www.monitor.us - free monitoring service; http://www.monitor.us)"
74.86.158.110 - - [13/Mar/2015:20:38:41 +0000] "HEAD / HTTP/1.1" 200 0 "-" "Mozilla/5.0+(compatible; UptimeRobot/2.0; http://www.uptimerobot.com/)"
74.86.158.110 - - [13/Mar/2015:20:43:42 +0000] "HEAD / HTTP/1.1" 200 0 "-" "Mozilla/5.0+(compatible; UptimeRobot/2.0; http://www.uptimerobot.com/)"
74.86.158.110 - - [13/Mar/2015:20:48:42 +0000] "HEAD / HTTP/1.1" 200 0 "-" "Mozilla/5.0+(compatible; UptimeRobot/2.0; http://www.uptimerobot.com/)"
74.86.158.110 - - [13/Mar/2015:20:53:41 +0000] "HEAD / HTTP/1.1" 200 0 "-" "Mozilla/5.0+(compatible; UptimeRobot/2.0; http://www.uptimerobot.com/)"
74.86.158.110 - - [13/Mar/2015:20:58:41 +0000] "HEAD / HTTP/1.1" 200 0 "-" "Mozilla/5.0+(compatible; UptimeRobot/2.0; http://www.uptimerobot.com/)"
74.86.158.110 - - [13/Mar/2015:21:03:42 +0000] "HEAD / HTTP/1.1" 200 0 "-" "Mozilla/5.0+(compatible; UptimeRobot/2.0; http://www.uptimerobot.com/)"
37.252.229.58 - - [13/Mar/2015:21:07:01 +0000] "GET / HTTP/1.0" 301 178 "-" "Mozilla/5.0 (compatible; www.monitor.us - free monitoring service; http://www.monitor.us)"
37.252.229.58 - - [13/Mar/2015:21:07:04 +0000] "GET / HTTP/1.0" 200 6860 "-" "Mozilla/5.0 (compatible; www.monitor.us - free monitoring service; http://www.monitor.us)"
128.199.122.79 - - [13/Mar/2015:21:07:05 +0000] "GET /combine/736dd6176a61768d9cf06737c97fd2d4-1422939978 HTTP/1.1" 200 266187 "https://bits.co.id/" "Serf/1.1.0 mod_pagespeed/1.9.32.3-4448"
67.228.177.17 - - [13/Mar/2015:21:07:47 +0000] "GET / HTTP/1.0" 301 178 "-" "Mozilla/5.0 (compatible; www.monitor.us - free monitoring service; http://www.monitor.us)"
67.228.177.17 - - [13/Mar/2015:21:07:48 +0000] "GET / HTTP/1.0" 200 6876 "-" "Mozilla/5.0 (compatible; www.monitor.us - free monitoring service; http://www.monitor.us)"
74.86.158.110 - - [13/Mar/2015:21:08:42 +0000] "HEAD / HTTP/1.1" 200 0 "-" "Mozilla/5.0+(compatible; UptimeRobot/2.0; http://www.uptimerobot.com/)"
74.86.158.110 - - [13/Mar/2015:21:13:42 +0000] "HEAD / HTTP/1.1" 200 0 "-" "Mozilla/5.0+(compatible; UptimeRobot/2.0; http://www.uptimerobot.com/)"
74.86.158.110 - - [13/Mar/2015:21:18:42 +0000] "HEAD / HTTP/1.1" 200 0 "-" "Mozilla/5.0+(compatible; UptimeRobot/2.0; http://www.uptimerobot.com/)"
74.86.158.110 - - [13/Mar/2015:21:23:42 +0000] "HEAD / HTTP/1.1" 200 0 "-" "Mozilla/5.0+(compatible; UptimeRobot/2.0; http://www.uptimerobot.com/)"
74.86.158.110 - - [13/Mar/2015:21:28:43 +0000] "HEAD / HTTP/1.1" 200 0 "-" "Mozilla/5.0+(compatible; UptimeRobot/2.0; http://www.uptimerobot.com/)"
74.86.158.110 - - [13/Mar/2015:21:33:42 +0000] "HEAD / HTTP/1.1" 200 0 "-" "Mozilla/5.0+(compatible; UptimeRobot/2.0; http://www.uptimerobot.com/)"
37.252.229.58 - - [13/Mar/2015:21:37:01 +0000] "GET / HTTP/1.0" 301 178 "-" "Mozilla/5.0 (compatible; www.monitor.us - free monitoring service; http://www.monitor.us)"
37.252.229.58 - - [13/Mar/2015:21:37:05 +0000] "GET / HTTP/1.0" 200 6860 "-" "Mozilla/5.0 (compatible; www.monitor.us - free monitoring service; http://www.monitor.us)"
128.199.122.79 - - [13/Mar/2015:21:37:05 +0000] "GET /combine/736dd6176a61768d9cf06737c97fd2d4-1422939978 HTTP/1.1" 200 266194 "https://bits.co.id/" "Serf/1.1.0 mod_pagespeed/1.9.32.3-4448"
66.249.71.244 - - [13/Mar/2015:21:37:06 +0000] "GET /robots.txt HTTP/1.1" 301 178 "-" "Mozilla/5.0 (compatible; Googlebot/2.1; +http://www.google.com/bot.html)"
66.249.71.236 - - [13/Mar/2015:21:37:06 +0000] "GET / HTTP/1.1" 301 178 "-" "Mozilla/5.0 (iPhone; CPU iPhone OS 6_0 like Mac OS X) AppleWebKit/536.26 (KHTML, like Gecko) Version/6.0 Mobile/10A5376e Safari/8536.25 (compatible; Googlebot/2.1; +http://www.google.com/bot.html)"
66.249.71.251 - - [13/Mar/2015:21:37:13 +0000] "GET / HTTP/1.1" 200 10699 "-" "Mozilla/5.0 (iPhone; CPU iPhone OS 6_0 like Mac OS X) AppleWebKit/536.26 (KHTML, like Gecko) Version/6.0 Mobile/10A5376e Safari/8536.25 (compatible; Googlebot/2.1; +http://www.google.com/bot.html)"
67.228.177.17 - - [13/Mar/2015:21:37:48 +0000] "GET / HTTP/1.0" 301 178 "-" "Mozilla/5.0 (compatible; www.monitor.us - free monitoring service; http://www.monitor.us)"
67.228.177.17 - - [13/Mar/2015:21:37:49 +0000] "GET / HTTP/1.0" 200 6876 "-" "Mozilla/5.0 (compatible; www.monitor.us - free monitoring service; http://www.monitor.us)"
74.86.158.110 - - [13/Mar/2015:21:38:41 +0000] "HEAD / HTTP/1.1" 200 0 "-" "Mozilla/5.0+(compatible; UptimeRobot/2.0; http://www.uptimerobot.com/)"
74.86.158.110 - - [13/Mar/2015:21:43:42 +0000] "HEAD / HTTP/1.1" 200 0 "-" "Mozilla/5.0+(compatible; UptimeRobot/2.0; http://www.uptimerobot.com/)"
74.86.158.110 - - [13/Mar/2015:21:48:42 +0000] "HEAD / HTTP/1.1" 200 0 "-" "Mozilla/5.0+(compatible; UptimeRobot/2.0; http://www.uptimerobot.com/)"
74.86.158.110 - - [13/Mar/2015:21:53:42 +0000] "HEAD / HTTP/1.1" 200 0 "-" "Mozilla/5.0+(compatible; UptimeRobot/2.0; http://www.uptimerobot.com/)"
74.86.158.110 - - [13/Mar/2015:21:58:42 +0000] "HEAD / HTTP/1.1" 200 0 "-" "Mozilla/5.0+(compatible; UptimeRobot/2.0; http://www.uptimerobot.com/)"
74.86.158.110 - - [13/Mar/2015:22:03:42 +0000] "HEAD / HTTP/1.1" 200 0 "-" "Mozilla/5.0+(compatible; UptimeRobot/2.0; http://www.uptimerobot.com/)"
37.252.229.58 - - [13/Mar/2015:22:07:01 +0000] "GET / HTTP/1.0" 301 178 "-" "Mozilla/5.0 (compatible; www.monitor.us - free monitoring service; http://www.monitor.us)"
37.252.229.58 - - [13/Mar/2015:22:07:02 +0000] "GET / HTTP/1.0" 200 6860 "-" "Mozilla/5.0 (compatible; www.monitor.us - free monitoring service; http://www.monitor.us)"
128.199.122.79 - - [13/Mar/2015:22:07:02 +0000] "GET /combine/736dd6176a61768d9cf06737c97fd2d4-1422939978 HTTP/1.1" 200 266187 "https://bits.co.id/" "Serf/1.1.0 mod_pagespeed/1.9.32.3-4448"
67.228.177.17 - - [13/Mar/2015:22:07:47 +0000] "GET / HTTP/1.0" 301 178 "-" "Mozilla/5.0 (compatible; www.monitor.us - free monitoring service; http://www.monitor.us)"
67.228.177.17 - - [13/Mar/2015:22:07:48 +0000] "GET / HTTP/1.0" 200 6876 "-" "Mozilla/5.0 (compatible; www.monitor.us - free monitoring service; http://www.monitor.us)"
74.86.158.110 - - [13/Mar/2015:22:08:42 +0000] "HEAD / HTTP/1.1" 200 0 "-" "Mozilla/5.0+(compatible; UptimeRobot/2.0; http://www.uptimerobot.com/)"
74.86.158.110 - - [13/Mar/2015:22:13:42 +0000] "HEAD / HTTP/1.1" 200 0 "-" "Mozilla/5.0+(compatible; UptimeRobot/2.0; http://www.uptimerobot.com/)"
74.86.158.110 - - [13/Mar/2015:22:18:42 +0000] "HEAD / HTTP/1.1" 200 0 "-" "Mozilla/5.0+(compatible; UptimeRobot/2.0; http://www.uptimerobot.com/)"
74.86.158.110 - - [13/Mar/2015:22:23:42 +0000] "HEAD / HTTP/1.1" 200 0 "-" "Mozilla/5.0+(compatible; UptimeRobot/2.0; http://www.uptimerobot.com/)"
74.86.158.110 - - [13/Mar/2015:22:28:42 +0000] "HEAD / HTTP/1.1" 200 0 "-" "Mozilla/5.0+(compatible; UptimeRobot/2.0; http://www.uptimerobot.com/)"
74.86.158.110 - - [13/Mar/2015:22:33:42 +0000] "HEAD / HTTP/1.1" 200 0 "-" "Mozilla/5.0+(compatible; UptimeRobot/2.0; http://www.uptimerobot.com/)"
37.252.229.58 - - [13/Mar/2015:22:37:01 +0000] "GET / HTTP/1.0" 301 178 "-" "Mozilla/5.0 (compatible; www.monitor.us - free monitoring service; http://www.monitor.us)"
37.252.229.58 - - [13/Mar/2015:22:37:02 +0000] "GET / HTTP/1.0" 200 6860 "-" "Mozilla/5.0 (compatible; www.monitor.us - free monitoring service; http://www.monitor.us)"
128.199.122.79 - - [13/Mar/2015:22:37:03 +0000] "GET /combine/736dd6176a61768d9cf06737c97fd2d4-1422939978 HTTP/1.1" 200 266187 "https://bits.co.id/" "Serf/1.1.0 mod_pagespeed/1.9.32.3-4448"
67.228.177.17 - - [13/Mar/2015:22:37:48 +0000] "GET / HTTP/1.0" 301 178 "-" "Mozilla/5.0 (compatible; www.monitor.us - free monitoring service; http://www.monitor.us)"
67.228.177.17 - - [13/Mar/2015:22:37:50 +0000] "GET / HTTP/1.0" 200 6876 "-" "Mozilla/5.0 (compatible; www.monitor.us - free monitoring service; http://www.monitor.us)"
74.86.158.110 - - [13/Mar/2015:22:38:42 +0000] "HEAD / HTTP/1.1" 200 0 "-" "Mozilla/5.0+(compatible; UptimeRobot/2.0; http://www.uptimerobot.com/)"
74.86.158.110 - - [13/Mar/2015:22:43:42 +0000] "HEAD / HTTP/1.1" 200 0 "-" "Mozilla/5.0+(compatible; UptimeRobot/2.0; http://www.uptimerobot.com/)"
74.86.158.110 - - [13/Mar/2015:22:48:42 +0000] "HEAD / HTTP/1.1" 200 0 "-" "Mozilla/5.0+(compatible; UptimeRobot/2.0; http://www.uptimerobot.com/)"
74.86.158.110 - - [13/Mar/2015:22:53:42 +0000] "HEAD / HTTP/1.1" 200 0 "-" "Mozilla/5.0+(compatible; UptimeRobot/2.0; http://www.uptimerobot.com/)"
74.86.158.110 - - [13/Mar/2015:22:58:42 +0000] "HEAD / HTTP/1.1" 200 0 "-" "Mozilla/5.0+(compatible; UptimeRobot/2.0; http://www.uptimerobot.com/)"
74.86.158.110 - - [13/Mar/2015:23:03:42 +0000] "HEAD / HTTP/1.1" 200 0 "-" "Mozilla/5.0+(compatible; UptimeRobot/2.0; http://www.uptimerobot.com/)"
37.252.229.58 - - [13/Mar/2015:23:07:01 +0000] "GET / HTTP/1.0" 301 178 "-" "Mozilla/5.0 (compatible; www.monitor.us - free monitoring service; http://www.monitor.us)"
37.252.229.58 - - [13/Mar/2015:23:07:02 +0000] "GET / HTTP/1.0" 200 6860 "-" "Mozilla/5.0 (compatible; www.monitor.us - free monitoring service; http://www.monitor.us)"
128.199.122.79 - - [13/Mar/2015:23:07:02 +0000] "GET /combine/736dd6176a61768d9cf06737c97fd2d4-1422939978 HTTP/1.1" 200 266202 "https://bits.co.id/" "Serf/1.1.0 mod_pagespeed/1.9.32.3-4448"
67.228.177.17 - - [13/Mar/2015:23:07:47 +0000] "GET / HTTP/1.0" 301 178 "-" "Mozilla/5.0 (compatible; www.monitor.us - free monitoring service; http://www.monitor.us)"
67.228.177.17 - - [13/Mar/2015:23:07:48 +0000] "GET / HTTP/1.0" 200 6876 "-" "Mozilla/5.0 (compatible; www.monitor.us - free monitoring service; http://www.monitor.us)"
74.86.158.110 - - [13/Mar/2015:23:08:42 +0000] "HEAD / HTTP/1.1" 200 0 "-" "Mozilla/5.0+(compatible; UptimeRobot/2.0; http://www.uptimerobot.com/)"
74.86.158.110 - - [13/Mar/2015:23:13:42 +0000] "HEAD / HTTP/1.1" 200 0 "-" "Mozilla/5.0+(compatible; UptimeRobot/2.0; http://www.uptimerobot.com/)"
74.86.158.110 - - [13/Mar/2015:23:18:42 +0000] "HEAD / HTTP/1.1" 200 0 "-" "Mozilla/5.0+(compatible; UptimeRobot/2.0; http://www.uptimerobot.com/)"
74.86.158.110 - - [13/Mar/2015:23:23:42 +0000] "HEAD / HTTP/1.1" 200 0 "-" "Mozilla/5.0+(compatible; UptimeRobot/2.0; http://www.uptimerobot.com/)"
50.112.23.103 - - [13/Mar/2015:23:27:12 +0000] "HEAD / HTTP/1.1" 301 0 "-" "Mechanize/2.7.2 Ruby/2.0.0p481 (http://github.com/sparklemotion/mechanize/)"
50.112.23.103 - - [13/Mar/2015:23:27:14 +0000] "HEAD / HTTP/1.1" 200 0 "-" "Mechanize/2.7.2 Ruby/2.0.0p481 (http://github.com/sparklemotion/mechanize/)"
74.86.158.110 - - [13/Mar/2015:23:28:42 +0000] "HEAD / HTTP/1.1" 200 0 "-" "Mozilla/5.0+(compatible; UptimeRobot/2.0; http://www.uptimerobot.com/)"
74.86.158.110 - - [13/Mar/2015:23:33:42 +0000] "HEAD / HTTP/1.1" 200 0 "-" "Mozilla/5.0+(compatible; UptimeRobot/2.0; http://www.uptimerobot.com/)"
37.252.229.58 - - [13/Mar/2015:23:37:01 +0000] "GET / HTTP/1.0" 301 178 "-" "Mozilla/5.0 (compatible; www.monitor.us - free monitoring service; http://www.monitor.us)"
37.252.229.58 - - [13/Mar/2015:23:37:02 +0000] "GET / HTTP/1.0" 200 6860 "-" "Mozilla/5.0 (compatible; www.monitor.us - free monitoring service; http://www.monitor.us)"
128.199.122.79 - - [13/Mar/2015:23:37:02 +0000] "GET /combine/736dd6176a61768d9cf06737c97fd2d4-1422939978 HTTP/1.1" 200 266194 "https://bits.co.id/" "Serf/1.1.0 mod_pagespeed/1.9.32.3-4448"
67.228.177.17 - - [13/Mar/2015:23:37:48 +0000] "GET / HTTP/1.0" 301 178 "-" "Mozilla/5.0 (compatible; www.monitor.us - free monitoring service; http://www.monitor.us)"
67.228.177.17 - - [13/Mar/2015:23:37:48 +0000] "GET / HTTP/1.0" 200 6876 "-" "Mozilla/5.0 (compatible; www.monitor.us - free monitoring service; http://www.monitor.us)"
74.86.158.110 - - [13/Mar/2015:23:38:42 +0000] "HEAD / HTTP/1.1" 200 0 "-" "Mozilla/5.0+(compatible; UptimeRobot/2.0; http://www.uptimerobot.com/)"
74.86.158.110 - - [13/Mar/2015:23:43:42 +0000] "HEAD / HTTP/1.1" 200 0 "-" "Mozilla/5.0+(compatible; UptimeRobot/2.0; http://www.uptimerobot.com/)"
74.86.158.110 - - [13/Mar/2015:23:48:42 +0000] "HEAD / HTTP/1.1" 200 0 "-" "Mozilla/5.0+(compatible; UptimeRobot/2.0; http://www.uptimerobot.com/)"
66.249.71.11 - - [13/Mar/2015:23:52:15 +0000] "GET /vendor/laravel/framework/src/Illuminate/Routing/Route.php HTTP/1.1" 200 31 "-" "Mozilla/5.0 (iPhone; CPU iPhone OS 6_0 like Mac OS X) AppleWebKit/536.26 (KHTML, like Gecko) Version/6.0 Mobile/10A5376e Safari/8536.25 (compatible; Googlebot/2.1; +http://www.google.com/bot.html)"
