36.84.243.110 - - [13/Mar/2015:08:17:37 +0000] "POST /phpmyadmin/index.php HTTP/1.1" 302 0 "https://bits.co.id/phpmyadmin/index.php" "Mozilla/5.0 (X11; Ubuntu; Linux x86_64; rv:36.0) Gecko/20100101 Firefox/36.0"
36.84.243.110 - - [13/Mar/2015:08:17:38 +0000] "GET /phpmyadmin/index.php?token=6bb82c6dc3ed11a275fbe6190bab964b HTTP/1.1" 200 14685 "https://bits.co.id/phpmyadmin/index.php" "Mozilla/5.0 (X11; Ubuntu; Linux x86_64; rv:36.0) Gecko/20100101 Firefox/36.0"
128.199.122.79 - - [13/Mar/2015:08:17:38 +0000] "GET /phpmyadmin/phpmyadmin.css.php?server=1&token=6bb82c6dc3ed11a275fbe6190bab964b&nocache=5693914531ltr HTTP/1.1" 200 109786 "https://bits.co.id/phpmyadmin/index.php?token=6bb82c6dc3ed11a275fbe6190bab964b" "Serf/1.1.0 mod_pagespeed/1.9.32.3-4448"
36.84.243.110 - - [13/Mar/2015:08:17:38 +0000] "GET /phpmyadmin/_,Mjo.i81LynTiDy.js.pagespeed.jm.kzIPeEgqC1.js HTTP/1.1" 200 3216 "https://bits.co.id/phpmyadmin/index.php?token=6bb82c6dc3ed11a275fbe6190bab964b" "Mozilla/5.0 (X11; Ubuntu; Linux x86_64; rv:36.0) Gecko/20100101 Firefox/36.0"
36.84.243.110 - - [13/Mar/2015:08:17:38 +0000] "GET /phpmyadmin/js/get_scripts.js.php,qscripts,P5B,P5D=codemirror,_lib,_codemirror.js,ascripts,P5B,P5D=codemirror,_mode,_sql,_sql.js,ascripts,P5B,P5D=codemirror,_addon,_runmode,_runmode.js,ascripts,P5B,P5D=codemirror,_addon,_hint,_show-hint.js,ascripts,P5B,P5D=codemirror,_addon,_hint,_sql-hint.js,ascripts,P5B,P5D=console.js.pagespeed.jm.yYoqjBpuhk.js HTTP/1.1" 200 67721 "https://bits.co.id/phpmyadmin/index.php?token=6bb82c6dc3ed11a275fbe6190bab964b" "Mozilla/5.0 (X11; Ubuntu; Linux x86_64; rv:36.0) Gecko/20100101 Firefox/36.0"
36.84.243.110 - - [13/Mar/2015:08:17:38 +0000] "GET /phpmyadmin/phpmyadmin.css.php?server=1&token=6bb82c6dc3ed11a275fbe6190bab964b&nocache=5693914531ltr HTTP/1.1" 200 20849 "https://bits.co.id/phpmyadmin/index.php?token=6bb82c6dc3ed11a275fbe6190bab964b" "Mozilla/5.0 (X11; Ubuntu; Linux x86_64; rv:36.0) Gecko/20100101 Firefox/36.0"
36.84.243.110 - - [13/Mar/2015:08:17:39 +0000] "POST /phpmyadmin/db_structure.php?ajax_request=1&favorite_table=1&sync_favorite_tables=1&token=6bb82c6dc3ed11a275fbe6190bab964b HTTP/1.1" 200 1313 "https://bits.co.id/phpmyadmin/index.php?token=6bb82c6dc3ed11a275fbe6190bab964b" "Mozilla/5.0 (X11; Ubuntu; Linux x86_64; rv:36.0) Gecko/20100101 Firefox/36.0"
36.84.243.110 - - [13/Mar/2015:08:17:39 +0000] "POST /ngx_pagespeed_beacon?url=https%3A%2F%2Fbits.co.id%2Fphpmyadmin%2Findex.php%3Ftoken%3D6bb82c6dc3ed11a275fbe6190bab964b HTTP/1.1" 204 0 "https://bits.co.id/phpmyadmin/index.php?token=6bb82c6dc3ed11a275fbe6190bab964b" "Mozilla/5.0 (X11; Ubuntu; Linux x86_64; rv:36.0) Gecko/20100101 Firefox/36.0"
36.84.243.110 - - [13/Mar/2015:08:17:39 +0000] "GET /phpmyadmin/version_check.php?&_nocache=1426234663379642541 HTTP/1.1" 200 61 "https://bits.co.id/phpmyadmin/index.php?token=6bb82c6dc3ed11a275fbe6190bab964b" "Mozilla/5.0 (X11; Ubuntu; Linux x86_64; rv:36.0) Gecko/20100101 Firefox/36.0"
36.84.243.110 - - [13/Mar/2015:08:17:41 +0000] "GET /phpmyadmin/db_structure.php?server=1&db=c17fkwt&token=6bb82c6dc3ed11a275fbe6190bab964b&ajax_request=true&ajax_page_request=true&menuHashes=40b950d8&_nocache=1426234665518340676 HTTP/1.1" 200 1668 "https://bits.co.id/phpmyadmin/index.php?token=6bb82c6dc3ed11a275fbe6190bab964b" "Mozilla/5.0 (X11; Ubuntu; Linux x86_64; rv:36.0) Gecko/20100101 Firefox/36.0"
36.84.243.110 - - [13/Mar/2015:08:17:42 +0000] "GET /phpmyadmin/js/get_scripts.js.php?scripts%5B%5D=db_structure.js&scripts%5B%5D=tbl_change.js&call_done=1 HTTP/1.1" 200 11429 "https://bits.co.id/phpmyadmin/index.php?token=6bb82c6dc3ed11a275fbe6190bab964b" "Mozilla/5.0 (X11; Ubuntu; Linux x86_64; rv:36.0) Gecko/20100101 Firefox/36.0"
36.84.243.110 - - [13/Mar/2015:08:17:42 +0000] "GET /phpmyadmin/navigation.php?ajax_request=1&token=6bb82c6dc3ed11a275fbe6190bab964b&aPath=cm9vdA%3D%3D.YzE3Zmt3dA%3D%3D&vPath=cm9vdA%3D%3D.YzE3Zmt3dA%3D%3D&pos=0&pos2_name=&pos2_value=&searchClause=&searchClause2=&_nocache=1426234666404941210 HTTP/1.1" 200 1258 "https://bits.co.id/phpmyadmin/index.php?token=6bb82c6dc3ed11a275fbe6190bab964b" "Mozilla/5.0 (X11; Ubuntu; Linux x86_64; rv:36.0) Gecko/20100101 Firefox/36.0"
36.84.243.110 - - [13/Mar/2015:08:17:45 +0000] "GET /phpmyadmin/server_privileges.php?db=c17fkwt&token=6bb82c6dc3ed11a275fbe6190bab964b&checkprivsdb=c17fkwt&viewing_mode=db&ajax_request=true&ajax_page_request=true&menuHashes=40b950d8-96da3199&_nocache=1426234669363145869 HTTP/1.1" 200 1970 "https://bits.co.id/phpmyadmin/index.php?token=6bb82c6dc3ed11a275fbe6190bab964b" "Mozilla/5.0 (X11; Ubuntu; Linux x86_64; rv:36.0) Gecko/20100101 Firefox/36.0"
36.84.243.110 - - [13/Mar/2015:08:17:45 +0000] "GET /phpmyadmin/js/get_scripts.js.php?scripts%5B%5D=server_privileges.js&call_done=1 HTTP/1.1" 200 3694 "https://bits.co.id/phpmyadmin/index.php?token=6bb82c6dc3ed11a275fbe6190bab964b" "Mozilla/5.0 (X11; Ubuntu; Linux x86_64; rv:36.0) Gecko/20100101 Firefox/36.0"
36.84.243.110 - - [13/Mar/2015:08:17:54 +0000] "GET /phpmyadmin/server_privileges.php?username=c17fkwt&hostname=localhost&dbname=c17fkwt&tablename=&token=6bb82c6dc3ed11a275fbe6190bab964b&ajax_request=true&ajax_page_request=true&menuHashes=40b950d8-96da3199-7bdd0ab2&_nocache=1426234679177638446 HTTP/1.1" 200 2827 "https://bits.co.id/phpmyadmin/index.php?token=6bb82c6dc3ed11a275fbe6190bab964b" "Mozilla/5.0 (X11; Ubuntu; Linux x86_64; rv:36.0) Gecko/20100101 Firefox/36.0"
36.84.243.110 - - [13/Mar/2015:08:18:01 +0000] "POST /phpmyadmin/server_privileges.php HTTP/1.1" 200 2768 "https://bits.co.id/phpmyadmin/index.php?token=6bb82c6dc3ed11a275fbe6190bab964b" "Mozilla/5.0 (X11; Ubuntu; Linux x86_64; rv:36.0) Gecko/20100101 Firefox/36.0"
36.84.243.110 - - [13/Mar/2015:08:18:06 +0000] "GET /phpmyadmin/server_privileges.php?db=&token=6bb82c6dc3ed11a275fbe6190bab964b&viewing_mode=server&ajax_request=true&ajax_page_request=true&menuHashes=40b950d8-96da3199-7bdd0ab2-6da17b7f&_nocache=1426234689920343823 HTTP/1.1" 200 2576 "https://bits.co.id/phpmyadmin/index.php?token=6bb82c6dc3ed11a275fbe6190bab964b" "Mozilla/5.0 (X11; Ubuntu; Linux x86_64; rv:36.0) Gecko/20100101 Firefox/36.0"
36.84.243.110 - - [13/Mar/2015:08:18:21 +0000] "GET /phpmyadmin/db_structure.php?server=1&db=c17fkwt&token=6bb82c6dc3ed11a275fbe6190bab964b&ajax_request=true&ajax_page_request=true&menuHashes=40b950d8-96da3199-7bdd0ab2-6da17b7f&_nocache=1426234705427681942 HTTP/1.1" 200 1084 "https://bits.co.id/phpmyadmin/index.php?token=6bb82c6dc3ed11a275fbe6190bab964b" "Mozilla/5.0 (X11; Ubuntu; Linux x86_64; rv:36.0) Gecko/20100101 Firefox/36.0"
36.84.243.110 - - [13/Mar/2015:08:18:25 +0000] "GET /phpmyadmin/server_privileges.php?db=c17fkwt&token=6bb82c6dc3ed11a275fbe6190bab964b&checkprivsdb=c17fkwt&viewing_mode=db&ajax_request=true&ajax_page_request=true&menuHashes=40b950d8-96da3199-7bdd0ab2-6da17b7f&_nocache=1426234708913665588 HTTP/1.1" 200 1415 "https://bits.co.id/phpmyadmin/index.php?token=6bb82c6dc3ed11a275fbe6190bab964b" "Mozilla/5.0 (X11; Ubuntu; Linux x86_64; rv:36.0) Gecko/20100101 Firefox/36.0"
36.84.243.110 - - [13/Mar/2015:08:18:29 +0000] "POST /webmail/?/Ajax/ HTTP/1.1" 200 182 "https://bits.co.id/webmail/" "Mozilla/5.0 (X11; Ubuntu; Linux x86_64; rv:36.0) Gecko/20100101 Firefox/36.0"
36.84.243.110 - - [13/Mar/2015:08:18:32 +0000] "GET /phpmyadmin/db_structure.php?server=1&db=c11aps1&token=6bb82c6dc3ed11a275fbe6190bab964b&ajax_request=true&ajax_page_request=true&menuHashes=40b950d8-96da3199-7bdd0ab2-6da17b7f&_nocache=1426234716208995716 HTTP/1.1" 200 4967 "https://bits.co.id/phpmyadmin/index.php?token=6bb82c6dc3ed11a275fbe6190bab964b" "Mozilla/5.0 (X11; Ubuntu; Linux x86_64; rv:36.0) Gecko/20100101 Firefox/36.0"
36.84.243.110 - - [13/Mar/2015:08:18:32 +0000] "GET /phpmyadmin/navigation.php?ajax_request=1&token=6bb82c6dc3ed11a275fbe6190bab964b&aPath=cm9vdA%3D%3D.YzExYXBzMQ%3D%3D&vPath=cm9vdA%3D%3D.YzExYXBzMQ%3D%3D&pos=0&pos2_name=&pos2_value=&searchClause=&searchClause2=&_nocache=1426234716534629745 HTTP/1.1" 200 2083 "https://bits.co.id/phpmyadmin/index.php?token=6bb82c6dc3ed11a275fbe6190bab964b" "Mozilla/5.0 (X11; Ubuntu; Linux x86_64; rv:36.0) Gecko/20100101 Firefox/36.0"
36.84.243.110 - - [13/Mar/2015:08:18:35 +0000] "GET /phpmyadmin/db_operations.php?db=c11aps1&token=6bb82c6dc3ed11a275fbe6190bab964b&ajax_request=true&ajax_page_request=true&menuHashes=40b950d8-96da3199-7bdd0ab2-6da17b7f-dd85d274&_nocache=1426234719665191993 HTTP/1.1" 200 5410 "https://bits.co.id/phpmyadmin/index.php?token=6bb82c6dc3ed11a275fbe6190bab964b" "Mozilla/5.0 (X11; Ubuntu; Linux x86_64; rv:36.0) Gecko/20100101 Firefox/36.0"
36.84.243.110 - - [13/Mar/2015:08:18:35 +0000] "GET /phpmyadmin/js/get_scripts.js.php?scripts%5B%5D=db_operations.js&call_done=1 HTTP/1.1" 200 1200 "https://bits.co.id/phpmyadmin/index.php?token=6bb82c6dc3ed11a275fbe6190bab964b" "Mozilla/5.0 (X11; Ubuntu; Linux x86_64; rv:36.0) Gecko/20100101 Firefox/36.0"
36.84.243.110 - - [13/Mar/2015:08:18:37 +0000] "GET /phpmyadmin/server_privileges.php?db=c11aps1&token=6bb82c6dc3ed11a275fbe6190bab964b&checkprivsdb=c11aps1&viewing_mode=db&ajax_request=true&ajax_page_request=true&menuHashes=40b950d8-96da3199-7bdd0ab2-6da17b7f-dd85d274-9a53ccaa&_nocache=1426234721698624135 HTTP/1.1" 200 1970 "https://bits.co.id/phpmyadmin/index.php?token=6bb82c6dc3ed11a275fbe6190bab964b" "Mozilla/5.0 (X11; Ubuntu; Linux x86_64; rv:36.0) Gecko/20100101 Firefox/36.0"
36.84.243.110 - - [13/Mar/2015:08:18:41 +0000] "GET /phpmyadmin/index.php?db=&token=6bb82c6dc3ed11a275fbe6190bab964b&old_usr=root HTTP/1.1" 200 2835 "https://bits.co.id/phpmyadmin/index.php?token=6bb82c6dc3ed11a275fbe6190bab964b" "Mozilla/5.0 (X11; Ubuntu; Linux x86_64; rv:36.0) Gecko/20100101 Firefox/36.0"
128.199.122.79 - - [13/Mar/2015:08:18:41 +0000] "GET /phpmyadmin/phpmyadmin.css.php?server=1&token=7d28414cdc3bec0dc8927b4fd3e9d8d9&nocache=4270098220ltr HTTP/1.1" 200 109786 "https://bits.co.id/phpmyadmin/index.php?db=&token=6bb82c6dc3ed11a275fbe6190bab964b&old_usr=root" "Serf/1.1.0 mod_pagespeed/1.9.32.3-4448"
128.199.122.79 - - [13/Mar/2015:08:18:41 +0000] "GET /phpmyadmin/js/whitelist.php?lang=en&db=&token=7d28414cdc3bec0dc8927b4fd3e9d8d9 HTTP/1.1" 200 2197 "https://bits.co.id/phpmyadmin/index.php?db=&token=6bb82c6dc3ed11a275fbe6190bab964b&old_usr=root" "Serf/1.1.0 mod_pagespeed/1.9.32.3-4448"
128.199.122.79 - - [13/Mar/2015:08:18:41 +0000] "GET /phpmyadmin/js/messages.php?lang=en&db=&token=7d28414cdc3bec0dc8927b4fd3e9d8d9 HTTP/1.1" 200 24079 "https://bits.co.id/phpmyadmin/index.php?db=&token=6bb82c6dc3ed11a275fbe6190bab964b&old_usr=root" "Serf/1.1.0 mod_pagespeed/1.9.32.3-4448"
36.84.243.110 - - [13/Mar/2015:08:18:41 +0000] "GET /phpmyadmin/phpmyadmin.css.php?server=1&token=7d28414cdc3bec0dc8927b4fd3e9d8d9&nocache=4270098220ltr HTTP/1.1" 200 20849 "https://bits.co.id/phpmyadmin/index.php?db=&token=6bb82c6dc3ed11a275fbe6190bab964b&old_usr=root" "Mozilla/5.0 (X11; Ubuntu; Linux x86_64; rv:36.0) Gecko/20100101 Firefox/36.0"
36.84.243.110 - - [13/Mar/2015:08:18:41 +0000] "GET /phpmyadmin/js/whitelist.php?lang=en&db=&token=7d28414cdc3bec0dc8927b4fd3e9d8d9 HTTP/1.1" 200 498 "https://bits.co.id/phpmyadmin/index.php?db=&token=6bb82c6dc3ed11a275fbe6190bab964b&old_usr=root" "Mozilla/5.0 (X11; Ubuntu; Linux x86_64; rv:36.0) Gecko/20100101 Firefox/36.0"
36.84.243.110 - - [13/Mar/2015:08:18:41 +0000] "GET /phpmyadmin/_.pagespeed.jo.8uo4WOyzBe.js HTTP/1.1" 200 3240 "https://bits.co.id/phpmyadmin/index.php?db=&token=6bb82c6dc3ed11a275fbe6190bab964b&old_usr=root" "Mozilla/5.0 (X11; Ubuntu; Linux x86_64; rv:36.0) Gecko/20100101 Firefox/36.0"
36.84.243.110 - - [13/Mar/2015:08:18:41 +0000] "GET /phpmyadmin/themes/pmahomme/img/logo_right.png.pagespeed.ce.mQyFeAMpeY.png HTTP/1.1" 200 4548 "https://bits.co.id/phpmyadmin/index.php?db=&token=6bb82c6dc3ed11a275fbe6190bab964b&old_usr=root" "Mozilla/5.0 (X11; Ubuntu; Linux x86_64; rv:36.0) Gecko/20100101 Firefox/36.0"
36.84.243.110 - - [13/Mar/2015:08:18:41 +0000] "GET /phpmyadmin/js/messages.php?lang=en&db=&token=7d28414cdc3bec0dc8927b4fd3e9d8d9 HTTP/1.1" 200 7140 "https://bits.co.id/phpmyadmin/index.php?db=&token=6bb82c6dc3ed11a275fbe6190bab964b&old_usr=root" "Mozilla/5.0 (X11; Ubuntu; Linux x86_64; rv:36.0) Gecko/20100101 Firefox/36.0"
36.84.243.110 - - [13/Mar/2015:08:18:41 +0000] "POST /ngx_pagespeed_beacon?url=https%3A%2F%2Fbits.co.id%2Fphpmyadmin%2Findex.php%3Fdb%3D%26token%3D6bb82c6dc3ed11a275fbe6190bab964b%26old_usr%3Droot HTTP/1.1" 204 0 "https://bits.co.id/phpmyadmin/index.php?db=&token=6bb82c6dc3ed11a275fbe6190bab964b&old_usr=root" "Mozilla/5.0 (X11; Ubuntu; Linux x86_64; rv:36.0) Gecko/20100101 Firefox/36.0"
36.84.243.110 - - [13/Mar/2015:08:18:46 +0000] "POST /phpmyadmin/index.php HTTP/1.1" 200 2768 "https://bits.co.id/phpmyadmin/index.php?db=&token=6bb82c6dc3ed11a275fbe6190bab964b&old_usr=root" "Mozilla/5.0 (X11; Ubuntu; Linux x86_64; rv:36.0) Gecko/20100101 Firefox/36.0"
128.199.122.79 - - [13/Mar/2015:08:18:46 +0000] "GET /phpmyadmin/phpmyadmin.css.php?server=1&token=36ebaff18d68e30995ec230c986b6a69&nocache=4270098220ltr HTTP/1.1" 200 109786 "https://bits.co.id/phpmyadmin/index.php" "Serf/1.1.0 mod_pagespeed/1.9.32.3-4448"
128.199.122.79 - - [13/Mar/2015:08:18:46 +0000] "GET /phpmyadmin/js/whitelist.php?lang=en&db=&token=36ebaff18d68e30995ec230c986b6a69 HTTP/1.1" 200 2197 "https://bits.co.id/phpmyadmin/index.php" "Serf/1.1.0 mod_pagespeed/1.9.32.3-4448"
36.84.243.110 - - [13/Mar/2015:08:18:46 +0000] "GET /phpmyadmin/phpmyadmin.css.php?server=1&token=36ebaff18d68e30995ec230c986b6a69&nocache=4270098220ltr HTTP/1.1" 200 20849 "https://bits.co.id/phpmyadmin/index.php" "Mozilla/5.0 (X11; Ubuntu; Linux x86_64; rv:36.0) Gecko/20100101 Firefox/36.0"
36.84.243.110 - - [13/Mar/2015:08:18:46 +0000] "GET /phpmyadmin/js/whitelist.php?lang=en&db=&token=36ebaff18d68e30995ec230c986b6a69 HTTP/1.1" 200 498 "https://bits.co.id/phpmyadmin/index.php" "Mozilla/5.0 (X11; Ubuntu; Linux x86_64; rv:36.0) Gecko/20100101 Firefox/36.0"
36.84.243.110 - - [13/Mar/2015:08:18:46 +0000] "GET /phpmyadmin/js/messages.php?lang=en&db=&token=36ebaff18d68e30995ec230c986b6a69 HTTP/1.1" 200 7140 "https://bits.co.id/phpmyadmin/index.php" "Mozilla/5.0 (X11; Ubuntu; Linux x86_64; rv:36.0) Gecko/20100101 Firefox/36.0"
128.199.122.79 - - [13/Mar/2015:08:18:46 +0000] "GET /phpmyadmin/js/messages.php?lang=en&db=&token=36ebaff18d68e30995ec230c986b6a69 HTTP/1.1" 200 24079 "https://bits.co.id/phpmyadmin/index.php" "Serf/1.1.0 mod_pagespeed/1.9.32.3-4448"
36.84.243.110 - - [13/Mar/2015:08:18:47 +0000] "GET /phpmyadmin/themes/pmahomme/img/logo_right.png.pagespeed.ce.mQyFeAMpeY.png HTTP/1.1" 200 4548 "https://bits.co.id/phpmyadmin/index.php" "Mozilla/5.0 (X11; Ubuntu; Linux x86_64; rv:36.0) Gecko/20100101 Firefox/36.0"
36.84.243.110 - - [13/Mar/2015:08:19:08 +0000] "POST /webmail/?/Ajax/ HTTP/1.1" 200 277 "https://bits.co.id/webmail/" "Mozilla/5.0 (X11; Ubuntu; Linux x86_64; rv:36.0) Gecko/20100101 Firefox/36.0"
36.84.243.110 - - [13/Mar/2015:08:19:52 +0000] "POST /webmail/?/Ajax/ HTTP/1.1" 200 487 "https://bits.co.id/webmail/" "Mozilla/5.0 (X11; Ubuntu; Linux x86_64; rv:36.0) Gecko/20100101 Firefox/36.0"
36.84.243.110 - - [13/Mar/2015:08:19:52 +0000] "POST /webmail/?/Ajax/ HTTP/1.1" 200 488 "https://bits.co.id/webmail/" "Mozilla/5.0 (X11; Ubuntu; Linux x86_64; rv:36.0) Gecko/20100101 Firefox/36.0"
36.84.243.110 - - [13/Mar/2015:08:19:59 +0000] "POST /webmail/?/Ajax/ HTTP/1.1" 200 461 "https://bits.co.id/webmail/" "Mozilla/5.0 (X11; Ubuntu; Linux x86_64; rv:36.0) Gecko/20100101 Firefox/36.0"
36.84.243.110 - - [13/Mar/2015:08:19:59 +0000] "POST /webmail/?/Ajax/ HTTP/1.1" 200 461 "https://bits.co.id/webmail/" "Mozilla/5.0 (X11; Ubuntu; Linux x86_64; rv:36.0) Gecko/20100101 Firefox/36.0"
36.84.243.110 - - [13/Mar/2015:08:20:01 +0000] "POST /webmail/?/Ajax/ HTTP/1.1" 200 488 "https://bits.co.id/webmail/" "Mozilla/5.0 (X11; Ubuntu; Linux x86_64; rv:36.0) Gecko/20100101 Firefox/36.0"
36.84.243.110 - - [13/Mar/2015:08:20:01 +0000] "POST /webmail/?/Ajax/ HTTP/1.1" 200 487 "https://bits.co.id/webmail/" "Mozilla/5.0 (X11; Ubuntu; Linux x86_64; rv:36.0) Gecko/20100101 Firefox/36.0"
36.84.243.110 - - [13/Mar/2015:08:20:04 +0000] "POST /webmail/?/Ajax/ HTTP/1.1" 200 464 "https://bits.co.id/webmail/" "Mozilla/5.0 (X11; Ubuntu; Linux x86_64; rv:36.0) Gecko/20100101 Firefox/36.0"
36.84.243.110 - - [13/Mar/2015:08:20:04 +0000] "POST /webmail/?/Ajax/ HTTP/1.1" 200 463 "https://bits.co.id/webmail/" "Mozilla/5.0 (X11; Ubuntu; Linux x86_64; rv:36.0) Gecko/20100101 Firefox/36.0"
36.84.243.110 - - [13/Mar/2015:08:20:08 +0000] "POST /webmail/?/Ajax/ HTTP/1.1" 200 467 "https://bits.co.id/webmail/" "Mozilla/5.0 (X11; Ubuntu; Linux x86_64; rv:36.0) Gecko/20100101 Firefox/36.0"
36.84.243.110 - - [13/Mar/2015:08:20:08 +0000] "POST /webmail/?/Ajax/ HTTP/1.1" 200 467 "https://bits.co.id/webmail/" "Mozilla/5.0 (X11; Ubuntu; Linux x86_64; rv:36.0) Gecko/20100101 Firefox/36.0"
36.84.243.110 - - [13/Mar/2015:08:20:09 +0000] "POST /webmail/?/Ajax/ HTTP/1.1" 200 276 "https://bits.co.id/webmail/" "Mozilla/5.0 (X11; Ubuntu; Linux x86_64; rv:36.0) Gecko/20100101 Firefox/36.0"
36.84.243.110 - - [13/Mar/2015:08:20:11 +0000] "POST /webmail/?/Ajax/ HTTP/1.1" 200 472 "https://bits.co.id/webmail/" "Mozilla/5.0 (X11; Ubuntu; Linux x86_64; rv:36.0) Gecko/20100101 Firefox/36.0"
36.84.243.110 - - [13/Mar/2015:08:20:11 +0000] "POST /webmail/?/Ajax/ HTTP/1.1" 200 472 "https://bits.co.id/webmail/" "Mozilla/5.0 (X11; Ubuntu; Linux x86_64; rv:36.0) Gecko/20100101 Firefox/36.0"
36.84.243.110 - - [13/Mar/2015:08:20:13 +0000] "GET /webmail/?/Raw/Thumbnail/2/mFzGWWobsOnLwo2QPrfa5tz8wzwRQXyPa37yrZBN1bio8-9kF8QTAE5BrsAzg0rEZTJcTj-ZZ2aoYip7LtjqrAlGiwx5NTUumMdjgtu4PshKplFvPQgcz5cmHdJ8hugSbMviLIIjfRwtIuBcw7R-p0XbOxECjMm5QPtz-f0YahcKO_IuINFu2G49aRY8h5CBs1LOnmPfnrTePzcZC3rhpwHcsRJ7p58Cm7nlJP3oOzmzTe_Yj--hPgFjjCEjQBcB8rOn9OFQKrm9MapWtap-fck4p51l0mpvzQmxQxhszCAHv45HYoXvdfdj90ThAqk5cULt_AEyemNdrfdcEFs_RTqAqHXNEETNfVu0tYKUGyo./0 HTTP/1.1" 200 24121 "https://bits.co.id/webmail/" "Mozilla/5.0 (X11; Ubuntu; Linux x86_64; rv:36.0) Gecko/20100101 Firefox/36.0"
36.84.243.110 - - [13/Mar/2015:08:20:14 +0000] "GET /webmail/?/Raw/Thumbnail/2/_m0aNfcbvTp9Rh9Qz6f092cA5ae4O9a0gZCvJYMd6l5XFWtJaUFB8AFEKv4jSZBh8_ILK85VntyPQ3jo5WxudyckwRsnLYki-IiheKoWRXkE8LL5GDZu4mmjlt5OvBUtkrLHwQ9rCtNXvx1snG7uKnvN4PcXbHxMVc-4wCSEezAeGOfkUIYD12uNA9_X9Q_wt_G-yWCEo3aQpriVHzGvyeP_jfXlmtbDiB4LrjizPCclX6gMT_kiNGOX92YNCdkY1Rj94jTjn0gx6Ch04ntq7LzbA_1m5rWe1JbrT7v_FGehOF8qmrx7DT5mHYqkWoXg4pu85MZFSO6pbiNwz0fO0565gYzrAdyz5BfLcTIT2No./0 HTTP/1.1" 200 17642 "https://bits.co.id/webmail/" "Mozilla/5.0 (X11; Ubuntu; Linux x86_64; rv:36.0) Gecko/20100101 Firefox/36.0"
36.84.243.110 - - [13/Mar/2015:08:20:16 +0000] "GET /webmail/?/Raw/Thumbnail/2/EYId0VF9caYws_uu1SC22TY8Uu_WVQiAMLUtQ091TXoeykhh4_Zz8W69sRCxZWZOaktC1cKQfo6BEch57qr3OuCNDWMiLL9TI2CRF-uMw9s6TGbr6GYAmAGeKa3jzQQ6F6TjC16d7Aqm6w7E6yfW8-SIKBzSILL3n7s0eVkmbidhM-zpSRC3xu_5kF-nhyDxf1t5XnahFK-boGNXfm4qATLRsH568sBNoWRHysbUd5FvmOTmpSXFUcxwiTjAvUjDBMCI3e3Zii1lkbm6Ppb7wweOUxfGzWw1hzNyy9M-remzwKFmdleu57ZSUGHGargKfJgS9w29slmsN7O6zcOqSck_jw5sh2NBFcgH940CxFg./0 HTTP/1.1" 200 23548 "https://bits.co.id/webmail/" "Mozilla/5.0 (X11; Ubuntu; Linux x86_64; rv:36.0) Gecko/20100101 Firefox/36.0"
36.84.243.110 - - [13/Mar/2015:08:20:16 +0000] "GET /webmail/?/Raw/Thumbnail/2/74gPVTseHCy8HTfCquNBFjWcfwK8dhaj-wL1ExsBHFBwwBX3C7s6TX4S0Qh2Mw4-SW4olHqQnEEbaMbtQzzd-gIdpElz-ff6gUNpAwmlM3y8S9xiqek4UDLz2DEOdx4VDq23BGpfZ79iFWnPqG_he1BYt0n5YmUGHLD_gQjeama3wnoQmv2ncK-9ocGwrld83ei2fI_iArjal7PLlQlsJRJJARgCLiyUSj8L-RJoCyjXOIvomGpfTTA8ahlrNCBLW0d2si863StFimcjMKvpMg5jNMcLp4ubvL0V6ZyN0B_CZCSDes0MTPcG3PdK_5k0gWfxqRdlB7greJeUajdn_Jo7MZmVJDcXrQPI47ZiKs8./0 HTTP/1.1" 200 26095 "https://bits.co.id/webmail/" "Mozilla/5.0 (X11; Ubuntu; Linux x86_64; rv:36.0) Gecko/20100101 Firefox/36.0"
36.84.243.110 - - [13/Mar/2015:08:20:59 +0000] "POST /webmail/?/Ajax/ HTTP/1.1" 200 481 "https://bits.co.id/webmail/" "Mozilla/5.0 (X11; Ubuntu; Linux x86_64; rv:36.0) Gecko/20100101 Firefox/36.0"
36.84.243.110 - - [13/Mar/2015:08:20:59 +0000] "POST /webmail/?/Ajax/ HTTP/1.1" 200 479 "https://bits.co.id/webmail/" "Mozilla/5.0 (X11; Ubuntu; Linux x86_64; rv:36.0) Gecko/20100101 Firefox/36.0"
36.84.243.110 - - [13/Mar/2015:08:21:01 +0000] "GET /webmail/?/Raw/Thumbnail/2/vKNSPva8bJrC7NOiWMQ4WBpvsA4aLBGFBBNGfu9O2J66xpQR2UCUQJHnWQQRIAU9IAFvbrefYWisSEUnrwhaLiRXLiexlPrmNgBiDIFIyrg8LoCKEV66ICJA-f52DAJf1Tp6HSDANUzBfJOCkQeH3181tCD2jOlnwsaZXYB0G90D-Zd3RAu-srWqGBYiyfCU0E_FzUE5y1Csy7C6Si5Ox9y0s8xCfSV-vCzSEA../0 HTTP/1.1" 200 5725 "https://bits.co.id/webmail/" "Mozilla/5.0 (X11; Ubuntu; Linux x86_64; rv:36.0) Gecko/20100101 Firefox/36.0"
36.84.243.110 - - [13/Mar/2015:08:21:03 +0000] "GET /webmail/?/Raw/Thumbnail/2/sO1RVJksC6oNJpRZoqQyFjFN6G3ZoWwuedE_kQvdwvWwais0spCuiEoVeYHUB34L5b65hYtERApMLVjWg20kHRy-lI5cyI34YwOZEJwWsE5H2aaRPReoPS1iyZWqS1fYiwE7XeaoG04FgxHDWYx-jS_GIDf3N8V29xwy2ZAhck0hJw3AT_5U1dGjKaeoIsuvGlGj0wKO4Sbwlxec1iKpyLUeOWwnc1HMEfQMAb8m5QKiFfQEE2Cz4EEuxfmoINArj_dBUjlyTCh4RdGsv1VnkjIGcRkewCN7wuh6OS3-j4PG28Sr0MPUC3HNjutKxECnuG7Qjc7MVCScdl0C0KF97acgPDzayPxMyytbaEkJo2M./0 HTTP/1.1" 200 21303 "https://bits.co.id/webmail/" "Mozilla/5.0 (X11; Ubuntu; Linux x86_64; rv:36.0) Gecko/20100101 Firefox/36.0"
36.84.243.110 - - [13/Mar/2015:08:21:03 +0000] "GET /webmail/?/Raw/Thumbnail/2/4mLUkmenDmykf_Qhna0rVsXdPL7ffJZuKfk4o_nYlxrNhClwq23IuBF7rBXq5KV_Pd7cQuQWlyhjs70ELrfh1k3EVgP03uCaG3yPufve-RpfqBkRG9BtgNmN0nyEEkZFMTW4NYhonlQD31rDnogvvX-j1zhPJ9V9FT9jGMyXr2VKBT1x9CqSURC3HCR9dewp-ZlVHg1Iopg3YZwvjD9SvbQJxk2c0-rB-8heBWQrXXnKHQCD9ZebdqcvrDvnl3Q_2T2V5MHEfAcdLm306DK-DNblsmsrXZlUqb0UNWKDpNsJ4hXKA3mnaCjWiayXwT0imj-5lJs2lV6FmFWQbSxkpsuoEyAKl64bjtgK1em82Lo./0 HTTP/1.1" 200 22954 "https://bits.co.id/webmail/" "Mozilla/5.0 (X11; Ubuntu; Linux x86_64; rv:36.0) Gecko/20100101 Firefox/36.0"
36.84.243.110 - - [13/Mar/2015:08:21:09 +0000] "POST /webmail/?/Ajax/ HTTP/1.1" 200 275 "https://bits.co.id/webmail/" "Mozilla/5.0 (X11; Ubuntu; Linux x86_64; rv:36.0) Gecko/20100101 Firefox/36.0"
74.86.158.110 - - [13/Mar/2015:08:21:11 +0000] "HEAD / HTTP/1.1" 200 0 "-" "Mozilla/5.0+(compatible; UptimeRobot/2.0; http://www.uptimerobot.com/)"
36.84.243.110 - - [13/Mar/2015:08:21:58 +0000] "POST /webmail/?/Ajax/ HTTP/1.1" 200 465 "https://bits.co.id/webmail/" "Mozilla/5.0 (X11; Ubuntu; Linux x86_64; rv:36.0) Gecko/20100101 Firefox/36.0"
36.84.243.110 - - [13/Mar/2015:08:21:58 +0000] "POST /webmail/?/Ajax/ HTTP/1.1" 200 465 "https://bits.co.id/webmail/" "Mozilla/5.0 (X11; Ubuntu; Linux x86_64; rv:36.0) Gecko/20100101 Firefox/36.0"
36.84.243.110 - - [13/Mar/2015:08:22:09 +0000] "POST /webmail/?/Ajax/ HTTP/1.1" 200 274 "https://bits.co.id/webmail/" "Mozilla/5.0 (X11; Ubuntu; Linux x86_64; rv:36.0) Gecko/20100101 Firefox/36.0"
36.84.243.110 - - [13/Mar/2015:08:23:10 +0000] "POST /webmail/?/Ajax/ HTTP/1.1" 200 276 "https://bits.co.id/webmail/" "Mozilla/5.0 (X11; Ubuntu; Linux x86_64; rv:36.0) Gecko/20100101 Firefox/36.0"
36.84.243.110 - - [13/Mar/2015:08:23:11 +0000] "POST /phpmyadmin/index.php HTTP/1.1" 302 0 "https://bits.co.id/phpmyadmin/index.php" "Mozilla/5.0 (X11; Ubuntu; Linux x86_64; rv:36.0) Gecko/20100101 Firefox/36.0"
36.84.243.110 - - [13/Mar/2015:08:23:12 +0000] "GET /phpmyadmin/index.php?token=36ebaff18d68e30995ec230c986b6a69 HTTP/1.1" 200 14686 "https://bits.co.id/phpmyadmin/index.php" "Mozilla/5.0 (X11; Ubuntu; Linux x86_64; rv:36.0) Gecko/20100101 Firefox/36.0"
128.199.122.79 - - [13/Mar/2015:08:23:12 +0000] "GET /phpmyadmin/phpmyadmin.css.php?server=1&token=36ebaff18d68e30995ec230c986b6a69&nocache=5693914531ltr HTTP/1.1" 200 109786 "https://bits.co.id/phpmyadmin/index.php?token=36ebaff18d68e30995ec230c986b6a69" "Serf/1.1.0 mod_pagespeed/1.9.32.3-4448"
128.199.122.79 - - [13/Mar/2015:08:23:12 +0000] "GET /phpmyadmin/js/get_image.js.php?theme=pmahomme HTTP/1.1" 200 6656 "https://bits.co.id/phpmyadmin/index.php?token=36ebaff18d68e30995ec230c986b6a69" "Serf/1.1.0 mod_pagespeed/1.9.32.3-4448"
36.84.243.110 - - [13/Mar/2015:08:23:12 +0000] "GET /phpmyadmin/_,Mjo.36grWMCl5B.js.pagespeed.jm.X6zxgqjgyw.js HTTP/1.1" 200 3216 "https://bits.co.id/phpmyadmin/index.php?token=36ebaff18d68e30995ec230c986b6a69" "Mozilla/5.0 (X11; Ubuntu; Linux x86_64; rv:36.0) Gecko/20100101 Firefox/36.0"
36.84.243.110 - - [13/Mar/2015:08:23:12 +0000] "GET /phpmyadmin/phpmyadmin.css.php?server=1&token=36ebaff18d68e30995ec230c986b6a69&nocache=5693914531ltr HTTP/1.1" 200 20849 "https://bits.co.id/phpmyadmin/index.php?token=36ebaff18d68e30995ec230c986b6a69" "Mozilla/5.0 (X11; Ubuntu; Linux x86_64; rv:36.0) Gecko/20100101 Firefox/36.0"
36.84.243.110 - - [13/Mar/2015:08:23:12 +0000] "GET /phpmyadmin/js/get_scripts.js.php,qscripts,P5B,P5D=codemirror,_lib,_codemirror.js,ascripts,P5B,P5D=codemirror,_mode,_sql,_sql.js,ascripts,P5B,P5D=codemirror,_addon,_runmode,_runmode.js,ascripts,P5B,P5D=codemirror,_addon,_hint,_show-hint.js,ascripts,P5B,P5D=codemirror,_addon,_hint,_sql-hint.js,ascripts,P5B,P5D=console.js.pagespeed.jm.yYoqjBpuhk.js HTTP/1.1" 200 67721 "https://bits.co.id/phpmyadmin/index.php?token=36ebaff18d68e30995ec230c986b6a69" "Mozilla/5.0 (X11; Ubuntu; Linux x86_64; rv:36.0) Gecko/20100101 Firefox/36.0"
36.84.243.110 - - [13/Mar/2015:08:23:13 +0000] "POST /phpmyadmin/db_structure.php?ajax_request=1&favorite_table=1&sync_favorite_tables=1&token=36ebaff18d68e30995ec230c986b6a69 HTTP/1.1" 200 1313 "https://bits.co.id/phpmyadmin/index.php?token=36ebaff18d68e30995ec230c986b6a69" "Mozilla/5.0 (X11; Ubuntu; Linux x86_64; rv:36.0) Gecko/20100101 Firefox/36.0"
36.84.243.110 - - [13/Mar/2015:08:23:13 +0000] "GET /phpmyadmin/version_check.php?&_nocache=142623499736540027 HTTP/1.1" 200 61 "https://bits.co.id/phpmyadmin/index.php?token=36ebaff18d68e30995ec230c986b6a69" "Mozilla/5.0 (X11; Ubuntu; Linux x86_64; rv:36.0) Gecko/20100101 Firefox/36.0"
36.84.243.110 - - [13/Mar/2015:08:23:13 +0000] "POST /ngx_pagespeed_beacon?url=https%3A%2F%2Fbits.co.id%2Fphpmyadmin%2Findex.php%3Ftoken%3D36ebaff18d68e30995ec230c986b6a69 HTTP/1.1" 204 0 "https://bits.co.id/phpmyadmin/index.php?token=36ebaff18d68e30995ec230c986b6a69" "Mozilla/5.0 (X11; Ubuntu; Linux x86_64; rv:36.0) Gecko/20100101 Firefox/36.0"
36.84.243.110 - - [13/Mar/2015:08:23:18 +0000] "GET /phpmyadmin/server_privileges.php?db=&token=36ebaff18d68e30995ec230c986b6a69&viewing_mode=server&ajax_request=true&ajax_page_request=true&menuHashes=6335733e&_nocache=142623500252646551 HTTP/1.1" 200 2967 "https://bits.co.id/phpmyadmin/index.php?token=36ebaff18d68e30995ec230c986b6a69" "Mozilla/5.0 (X11; Ubuntu; Linux x86_64; rv:36.0) Gecko/20100101 Firefox/36.0"
36.84.243.110 - - [13/Mar/2015:08:24:10 +0000] "POST /webmail/?/Ajax/ HTTP/1.1" 200 277 "https://bits.co.id/webmail/" "Mozilla/5.0 (X11; Ubuntu; Linux x86_64; rv:36.0) Gecko/20100101 Firefox/36.0"
36.84.243.110 - - [13/Mar/2015:08:25:11 +0000] "POST /webmail/?/Ajax/ HTTP/1.1" 200 276 "https://bits.co.id/webmail/" "Mozilla/5.0 (X11; Ubuntu; Linux x86_64; rv:36.0) Gecko/20100101 Firefox/36.0"
74.86.158.110 - - [13/Mar/2015:08:26:10 +0000] "HEAD / HTTP/1.1" 200 0 "-" "Mozilla/5.0+(compatible; UptimeRobot/2.0; http://www.uptimerobot.com/)"
36.84.243.110 - - [13/Mar/2015:08:26:11 +0000] "POST /webmail/?/Ajax/ HTTP/1.1" 200 276 "https://bits.co.id/webmail/" "Mozilla/5.0 (X11; Ubuntu; Linux x86_64; rv:36.0) Gecko/20100101 Firefox/36.0"
36.84.243.110 - - [13/Mar/2015:08:27:12 +0000] "POST /webmail/?/Ajax/ HTTP/1.1" 200 277 "https://bits.co.id/webmail/" "Mozilla/5.0 (X11; Ubuntu; Linux x86_64; rv:36.0) Gecko/20100101 Firefox/36.0"
36.84.243.110 - - [13/Mar/2015:08:28:12 +0000] "POST /webmail/?/Ajax/ HTTP/1.1" 200 277 "https://bits.co.id/webmail/" "Mozilla/5.0 (X11; Ubuntu; Linux x86_64; rv:36.0) Gecko/20100101 Firefox/36.0"
36.84.243.110 - - [13/Mar/2015:08:29:13 +0000] "POST /webmail/?/Ajax/ HTTP/1.1" 200 276 "https://bits.co.id/webmail/" "Mozilla/5.0 (X11; Ubuntu; Linux x86_64; rv:36.0) Gecko/20100101 Firefox/36.0"
36.84.243.110 - - [13/Mar/2015:08:29:15 +0000] "GET /phpmyadmin/index.php?db=&token=36ebaff18d68e30995ec230c986b6a69&ajax_request=true&ajax_page_request=true&menuHashes=6335733e-fbc2daaa&_nocache=1426235359317219702 HTTP/1.1" 200 5817 "https://bits.co.id/phpmyadmin/index.php?token=36ebaff18d68e30995ec230c986b6a69" "Mozilla/5.0 (X11; Ubuntu; Linux x86_64; rv:36.0) Gecko/20100101 Firefox/36.0"
36.84.243.110 - - [13/Mar/2015:08:29:15 +0000] "GET /phpmyadmin/version_check.php?&_nocache=1426235359653128342 HTTP/1.1" 200 61 "https://bits.co.id/phpmyadmin/index.php?token=36ebaff18d68e30995ec230c986b6a69" "Mozilla/5.0 (X11; Ubuntu; Linux x86_64; rv:36.0) Gecko/20100101 Firefox/36.0"
36.84.243.110 - - [13/Mar/2015:08:29:18 +0000] "GET /phpmyadmin/server_privileges.php?db=&token=36ebaff18d68e30995ec230c986b6a69&viewing_mode=server&ajax_request=true&ajax_page_request=true&menuHashes=6335733e-fbc2daaa&_nocache=1426235362015136389 HTTP/1.1" 200 2576 "https://bits.co.id/phpmyadmin/index.php?token=36ebaff18d68e30995ec230c986b6a69" "Mozilla/5.0 (X11; Ubuntu; Linux x86_64; rv:36.0) Gecko/20100101 Firefox/36.0"
36.84.243.110 - - [13/Mar/2015:08:29:29 +0000] "GET /phpmyadmin/db_structure.php?server=1&db=c17fkwt&token=36ebaff18d68e30995ec230c986b6a69&ajax_request=true&ajax_page_request=true&menuHashes=6335733e-fbc2daaa&_nocache=14262353735584202 HTTP/1.1" 200 1671 "https://bits.co.id/phpmyadmin/index.php?token=36ebaff18d68e30995ec230c986b6a69" "Mozilla/5.0 (X11; Ubuntu; Linux x86_64; rv:36.0) Gecko/20100101 Firefox/36.0"
36.84.243.110 - - [13/Mar/2015:08:29:29 +0000] "GET /phpmyadmin/navigation.php?ajax_request=1&token=36ebaff18d68e30995ec230c986b6a69&aPath=cm9vdA%3D%3D.YzE3Zmt3dA%3D%3D&vPath=cm9vdA%3D%3D.YzE3Zmt3dA%3D%3D&pos=0&pos2_name=&pos2_value=&searchClause=&searchClause2=&_nocache=1426235373828852131 HTTP/1.1" 200 1259 "https://bits.co.id/phpmyadmin/index.php?token=36ebaff18d68e30995ec230c986b6a69" "Mozilla/5.0 (X11; Ubuntu; Linux x86_64; rv:36.0) Gecko/20100101 Firefox/36.0"
36.84.243.110 - - [13/Mar/2015:08:29:34 +0000] "GET /phpmyadmin/server_privileges.php?db=c17fkwt&token=36ebaff18d68e30995ec230c986b6a69&checkprivsdb=c17fkwt&viewing_mode=db&ajax_request=true&ajax_page_request=true&menuHashes=6335733e-fbc2daaa-6b37c136&_nocache=1426235378104260303 HTTP/1.1" 200 1967 "https://bits.co.id/phpmyadmin/index.php?token=36ebaff18d68e30995ec230c986b6a69" "Mozilla/5.0 (X11; Ubuntu; Linux x86_64; rv:36.0) Gecko/20100101 Firefox/36.0"
36.84.243.110 - - [13/Mar/2015:08:29:39 +0000] "POST /phpmyadmin/navigation.php?ajax_request=1&token=36ebaff18d68e30995ec230c986b6a69 HTTP/1.1" 200 2435 "https://bits.co.id/phpmyadmin/index.php?token=36ebaff18d68e30995ec230c986b6a69" "Mozilla/5.0 (X11; Ubuntu; Linux x86_64; rv:36.0) Gecko/20100101 Firefox/36.0"
36.84.243.110 - - [13/Mar/2015:08:29:42 +0000] "GET /phpmyadmin/index.php?db=&token=36ebaff18d68e30995ec230c986b6a69&old_usr=root HTTP/1.1" 200 2834 "https://bits.co.id/phpmyadmin/index.php?token=36ebaff18d68e30995ec230c986b6a69" "Mozilla/5.0 (X11; Ubuntu; Linux x86_64; rv:36.0) Gecko/20100101 Firefox/36.0"
128.199.122.79 - - [13/Mar/2015:08:29:42 +0000] "GET /phpmyadmin/phpmyadmin.css.php?server=1&token=c25405befc14886bb02a3e36c9ef1f74&nocache=4270098220ltr HTTP/1.1" 200 109786 "https://bits.co.id/phpmyadmin/index.php?db=&token=36ebaff18d68e30995ec230c986b6a69&old_usr=root" "Serf/1.1.0 mod_pagespeed/1.9.32.3-4448"
128.199.122.79 - - [13/Mar/2015:08:29:42 +0000] "GET /phpmyadmin/js/whitelist.php?lang=en&db=&token=c25405befc14886bb02a3e36c9ef1f74 HTTP/1.1" 200 2197 "https://bits.co.id/phpmyadmin/index.php?db=&token=36ebaff18d68e30995ec230c986b6a69&old_usr=root" "Serf/1.1.0 mod_pagespeed/1.9.32.3-4448"
128.199.122.79 - - [13/Mar/2015:08:29:42 +0000] "GET /phpmyadmin/js/messages.php?lang=en&db=&token=c25405befc14886bb02a3e36c9ef1f74 HTTP/1.1" 200 24079 "https://bits.co.id/phpmyadmin/index.php?db=&token=36ebaff18d68e30995ec230c986b6a69&old_usr=root" "Serf/1.1.0 mod_pagespeed/1.9.32.3-4448"
128.199.122.79 - - [13/Mar/2015:08:29:42 +0000] "GET /phpmyadmin/js/get_image.js.php?theme=pmahomme HTTP/1.1" 200 6656 "https://bits.co.id/phpmyadmin/index.php?db=&token=36ebaff18d68e30995ec230c986b6a69&old_usr=root" "Serf/1.1.0 mod_pagespeed/1.9.32.3-4448"
36.84.243.110 - - [13/Mar/2015:08:29:42 +0000] "GET /phpmyadmin/phpmyadmin.css.php?server=1&token=c25405befc14886bb02a3e36c9ef1f74&nocache=4270098220ltr HTTP/1.1" 200 20849 "https://bits.co.id/phpmyadmin/index.php?db=&token=36ebaff18d68e30995ec230c986b6a69&old_usr=root" "Mozilla/5.0 (X11; Ubuntu; Linux x86_64; rv:36.0) Gecko/20100101 Firefox/36.0"
36.84.243.110 - - [13/Mar/2015:08:29:42 +0000] "GET /phpmyadmin/_.pagespeed.jo.oua9WnWaxH.js HTTP/1.1" 200 3240 "https://bits.co.id/phpmyadmin/index.php?db=&token=36ebaff18d68e30995ec230c986b6a69&old_usr=root" "Mozilla/5.0 (X11; Ubuntu; Linux x86_64; rv:36.0) Gecko/20100101 Firefox/36.0"
36.84.243.110 - - [13/Mar/2015:08:29:43 +0000] "GET /phpmyadmin/js/whitelist.php?lang=en&db=&token=c25405befc14886bb02a3e36c9ef1f74 HTTP/1.1" 200 498 "https://bits.co.id/phpmyadmin/index.php?db=&token=36ebaff18d68e30995ec230c986b6a69&old_usr=root" "Mozilla/5.0 (X11; Ubuntu; Linux x86_64; rv:36.0) Gecko/20100101 Firefox/36.0"
36.84.243.110 - - [13/Mar/2015:08:29:43 +0000] "GET /phpmyadmin/js/messages.php?lang=en&db=&token=c25405befc14886bb02a3e36c9ef1f74 HTTP/1.1" 200 7140 "https://bits.co.id/phpmyadmin/index.php?db=&token=36ebaff18d68e30995ec230c986b6a69&old_usr=root" "Mozilla/5.0 (X11; Ubuntu; Linux x86_64; rv:36.0) Gecko/20100101 Firefox/36.0"
36.84.243.110 - - [13/Mar/2015:08:29:43 +0000] "GET /phpmyadmin/themes/pmahomme/img/logo_right.png.pagespeed.ce.mQyFeAMpeY.png HTTP/1.1" 200 4548 "https://bits.co.id/phpmyadmin/index.php?db=&token=36ebaff18d68e30995ec230c986b6a69&old_usr=root" "Mozilla/5.0 (X11; Ubuntu; Linux x86_64; rv:36.0) Gecko/20100101 Firefox/36.0"
36.84.243.110 - - [13/Mar/2015:08:29:43 +0000] "POST /ngx_pagespeed_beacon?url=https%3A%2F%2Fbits.co.id%2Fphpmyadmin%2Findex.php%3Fdb%3D%26token%3D36ebaff18d68e30995ec230c986b6a69%26old_usr%3Droot HTTP/1.1" 204 0 "https://bits.co.id/phpmyadmin/index.php?db=&token=36ebaff18d68e30995ec230c986b6a69&old_usr=root" "Mozilla/5.0 (X11; Ubuntu; Linux x86_64; rv:36.0) Gecko/20100101 Firefox/36.0"
36.84.243.110 - - [13/Mar/2015:08:29:47 +0000] "POST /phpmyadmin/index.php HTTP/1.1" 200 2871 "https://bits.co.id/phpmyadmin/index.php?db=&token=36ebaff18d68e30995ec230c986b6a69&old_usr=root" "Mozilla/5.0 (X11; Ubuntu; Linux x86_64; rv:36.0) Gecko/20100101 Firefox/36.0"
128.199.122.79 - - [13/Mar/2015:08:29:47 +0000] "GET /phpmyadmin/phpmyadmin.css.php?server=1&token=8ab3fd9d58176105abcb8466519831ea&nocache=4270098220ltr HTTP/1.1" 200 109786 "https://bits.co.id/phpmyadmin/index.php" "Serf/1.1.0 mod_pagespeed/1.9.32.3-4448"
128.199.122.79 - - [13/Mar/2015:08:29:47 +0000] "GET /phpmyadmin/js/whitelist.php?lang=en&db=&token=8ab3fd9d58176105abcb8466519831ea HTTP/1.1" 200 2197 "https://bits.co.id/phpmyadmin/index.php" "Serf/1.1.0 mod_pagespeed/1.9.32.3-4448"
36.84.243.110 - - [13/Mar/2015:08:29:48 +0000] "GET /phpmyadmin/phpmyadmin.css.php?server=1&token=8ab3fd9d58176105abcb8466519831ea&nocache=4270098220ltr HTTP/1.1" 200 20849 "https://bits.co.id/phpmyadmin/index.php" "Mozilla/5.0 (X11; Ubuntu; Linux x86_64; rv:36.0) Gecko/20100101 Firefox/36.0"
36.84.243.110 - - [13/Mar/2015:08:29:48 +0000] "GET /phpmyadmin/js/whitelist.php?lang=en&db=&token=8ab3fd9d58176105abcb8466519831ea HTTP/1.1" 200 498 "https://bits.co.id/phpmyadmin/index.php" "Mozilla/5.0 (X11; Ubuntu; Linux x86_64; rv:36.0) Gecko/20100101 Firefox/36.0"
36.84.243.110 - - [13/Mar/2015:08:29:48 +0000] "GET /phpmyadmin/_.pagespeed.jo.RUFwnCaH_m.js HTTP/1.1" 200 3184 "https://bits.co.id/phpmyadmin/index.php" "Mozilla/5.0 (X11; Ubuntu; Linux x86_64; rv:36.0) Gecko/20100101 Firefox/36.0"
36.84.243.110 - - [13/Mar/2015:08:29:48 +0000] "GET /phpmyadmin/js/messages.php?lang=en&db=&token=8ab3fd9d58176105abcb8466519831ea HTTP/1.1" 200 7140 "https://bits.co.id/phpmyadmin/index.php" "Mozilla/5.0 (X11; Ubuntu; Linux x86_64; rv:36.0) Gecko/20100101 Firefox/36.0"
128.199.122.79 - - [13/Mar/2015:08:29:48 +0000] "GET /phpmyadmin/js/messages.php?lang=en&db=&token=8ab3fd9d58176105abcb8466519831ea HTTP/1.1" 200 24079 "https://bits.co.id/phpmyadmin/index.php" "Serf/1.1.0 mod_pagespeed/1.9.32.3-4448"
36.84.243.110 - - [13/Mar/2015:08:29:48 +0000] "GET /phpmyadmin/themes/pmahomme/img/logo_right.png.pagespeed.ce.mQyFeAMpeY.png HTTP/1.1" 200 4548 "https://bits.co.id/phpmyadmin/index.php" "Mozilla/5.0 (X11; Ubuntu; Linux x86_64; rv:36.0) Gecko/20100101 Firefox/36.0"
36.84.243.110 - - [13/Mar/2015:08:29:48 +0000] "POST /ngx_pagespeed_beacon?url=https%3A%2F%2Fbits.co.id%2Fphpmyadmin%2Findex.php HTTP/1.1" 204 0 "https://bits.co.id/phpmyadmin/index.php" "Mozilla/5.0 (X11; Ubuntu; Linux x86_64; rv:36.0) Gecko/20100101 Firefox/36.0"
36.84.243.110 - - [13/Mar/2015:08:30:13 +0000] "POST /webmail/?/Ajax/ HTTP/1.1" 200 277 "https://bits.co.id/webmail/" "Mozilla/5.0 (X11; Ubuntu; Linux x86_64; rv:36.0) Gecko/20100101 Firefox/36.0"
36.84.243.110 - - [13/Mar/2015:08:31:14 +0000] "POST /webmail/?/Ajax/ HTTP/1.1" 200 276 "https://bits.co.id/webmail/" "Mozilla/5.0 (X11; Ubuntu; Linux x86_64; rv:36.0) Gecko/20100101 Firefox/36.0"
36.84.243.110 - - [13/Mar/2015:08:32:14 +0000] "POST /webmail/?/Ajax/ HTTP/1.1" 200 276 "https://bits.co.id/webmail/" "Mozilla/5.0 (X11; Ubuntu; Linux x86_64; rv:36.0) Gecko/20100101 Firefox/36.0"
74.86.158.110 - - [13/Mar/2015:08:33:12 +0000] "HEAD / HTTP/1.1" 200 0 "-" "Mozilla/5.0+(compatible; UptimeRobot/2.0; http://www.uptimerobot.com/)"
36.84.243.110 - - [13/Mar/2015:08:33:15 +0000] "POST /webmail/?/Ajax/ HTTP/1.1" 200 275 "https://bits.co.id/webmail/" "Mozilla/5.0 (X11; Ubuntu; Linux x86_64; rv:36.0) Gecko/20100101 Firefox/36.0"
36.84.243.110 - - [13/Mar/2015:08:34:16 +0000] "POST /webmail/?/Ajax/ HTTP/1.1" 200 275 "https://bits.co.id/webmail/" "Mozilla/5.0 (X11; Ubuntu; Linux x86_64; rv:36.0) Gecko/20100101 Firefox/36.0"
36.84.243.110 - - [13/Mar/2015:08:35:17 +0000] "POST /webmail/?/Ajax/ HTTP/1.1" 200 274 "https://bits.co.id/webmail/" "Mozilla/5.0 (X11; Ubuntu; Linux x86_64; rv:36.0) Gecko/20100101 Firefox/36.0"
36.84.243.110 - - [13/Mar/2015:08:36:18 +0000] "POST /webmail/?/Ajax/ HTTP/1.1" 200 276 "https://bits.co.id/webmail/" "Mozilla/5.0 (X11; Ubuntu; Linux x86_64; rv:36.0) Gecko/20100101 Firefox/36.0"
36.84.243.110 - - [13/Mar/2015:08:37:18 +0000] "POST /webmail/?/Ajax/ HTTP/1.1" 200 277 "https://bits.co.id/webmail/" "Mozilla/5.0 (X11; Ubuntu; Linux x86_64; rv:36.0) Gecko/20100101 Firefox/36.0"
37.252.229.58 - - [13/Mar/2015:08:37:47 +0000] "GET / HTTP/1.0" 301 178 "-" "Mozilla/5.0 (compatible; www.monitor.us - free monitoring service; http://www.monitor.us)"
67.228.177.17 - - [13/Mar/2015:08:37:47 +0000] "GET / HTTP/1.0" 301 178 "-" "Mozilla/5.0 (compatible; www.monitor.us - free monitoring service; http://www.monitor.us)"
37.252.229.58 - - [13/Mar/2015:08:37:48 +0000] "GET / HTTP/1.0" 200 6860 "-" "Mozilla/5.0 (compatible; www.monitor.us - free monitoring service; http://www.monitor.us)"
128.199.122.79 - - [13/Mar/2015:08:37:48 +0000] "GET /combine/736dd6176a61768d9cf06737c97fd2d4-1422939978 HTTP/1.1" 200 266194 "https://bits.co.id/" "Serf/1.1.0 mod_pagespeed/1.9.32.3-4448"
67.228.177.17 - - [13/Mar/2015:08:37:48 +0000] "GET / HTTP/1.0" 200 6876 "-" "Mozilla/5.0 (compatible; www.monitor.us - free monitoring service; http://www.monitor.us)"
74.86.158.110 - - [13/Mar/2015:08:38:11 +0000] "HEAD / HTTP/1.1" 200 0 "-" "Mozilla/5.0+(compatible; UptimeRobot/2.0; http://www.uptimerobot.com/)"
36.84.243.110 - - [13/Mar/2015:08:38:19 +0000] "POST /webmail/?/Ajax/ HTTP/1.1" 200 276 "https://bits.co.id/webmail/" "Mozilla/5.0 (X11; Ubuntu; Linux x86_64; rv:36.0) Gecko/20100101 Firefox/36.0"
36.84.243.110 - - [13/Mar/2015:08:39:20 +0000] "POST /webmail/?/Ajax/ HTTP/1.1" 200 277 "https://bits.co.id/webmail/" "Mozilla/5.0 (X11; Ubuntu; Linux x86_64; rv:36.0) Gecko/20100101 Firefox/36.0"
36.84.243.110 - - [13/Mar/2015:08:40:22 +0000] "POST /webmail/?/Ajax/ HTTP/1.1" 200 276 "https://bits.co.id/webmail/" "Mozilla/5.0 (X11; Ubuntu; Linux x86_64; rv:36.0) Gecko/20100101 Firefox/36.0"
36.84.243.110 - - [13/Mar/2015:08:41:22 +0000] "POST /webmail/?/Ajax/ HTTP/1.1" 200 275 "https://bits.co.id/webmail/" "Mozilla/5.0 (X11; Ubuntu; Linux x86_64; rv:36.0) Gecko/20100101 Firefox/36.0"
36.84.243.110 - - [13/Mar/2015:08:42:22 +0000] "POST /webmail/?/Ajax/ HTTP/1.1" 200 277 "https://bits.co.id/webmail/" "Mozilla/5.0 (X11; Ubuntu; Linux x86_64; rv:36.0) Gecko/20100101 Firefox/36.0"
74.86.158.110 - - [13/Mar/2015:08:43:11 +0000] "HEAD / HTTP/1.1" 200 0 "-" "Mozilla/5.0+(compatible; UptimeRobot/2.0; http://www.uptimerobot.com/)"
36.84.243.110 - - [13/Mar/2015:08:43:23 +0000] "POST /webmail/?/Ajax/ HTTP/1.1" 200 275 "https://bits.co.id/webmail/" "Mozilla/5.0 (X11; Ubuntu; Linux x86_64; rv:36.0) Gecko/20100101 Firefox/36.0"
36.84.243.110 - - [13/Mar/2015:08:44:23 +0000] "POST /webmail/?/Ajax/ HTTP/1.1" 200 275 "https://bits.co.id/webmail/" "Mozilla/5.0 (X11; Ubuntu; Linux x86_64; rv:36.0) Gecko/20100101 Firefox/36.0"
36.84.243.110 - - [13/Mar/2015:08:45:24 +0000] "POST /webmail/?/Ajax/ HTTP/1.1" 200 276 "https://bits.co.id/webmail/" "Mozilla/5.0 (X11; Ubuntu; Linux x86_64; rv:36.0) Gecko/20100101 Firefox/36.0"
36.84.243.110 - - [13/Mar/2015:08:46:11 +0000] "POST /phpmyadmin/index.php HTTP/1.1" 200 2867 "https://bits.co.id/phpmyadmin/index.php" "Mozilla/5.0 (X11; Ubuntu; Linux x86_64; rv:36.0) Gecko/20100101 Firefox/36.0"
36.84.243.110 - - [13/Mar/2015:08:46:11 +0000] "GET /phpmyadmin/_.pagespeed.jo.uvJCKnb9si.js HTTP/1.1" 200 3184 "https://bits.co.id/phpmyadmin/index.php" "Mozilla/5.0 (X11; Ubuntu; Linux x86_64; rv:36.0) Gecko/20100101 Firefox/36.0"
36.84.243.110 - - [13/Mar/2015:08:46:11 +0000] "GET /phpmyadmin/themes/pmahomme/img/logo_right.png.pagespeed.ce.mQyFeAMpeY.png HTTP/1.1" 200 4548 "https://bits.co.id/phpmyadmin/index.php" "Mozilla/5.0 (X11; Ubuntu; Linux x86_64; rv:36.0) Gecko/20100101 Firefox/36.0"
128.199.122.79 - - [13/Mar/2015:08:46:11 +0000] "GET /phpmyadmin/phpmyadmin.css.php?server=1&token=8ab3fd9d58176105abcb8466519831ea&nocache=4270098220ltr HTTP/1.1" 200 109786 "https://bits.co.id/phpmyadmin/index.php" "Serf/1.1.0 mod_pagespeed/1.9.32.3-4448"
36.84.243.110 - - [13/Mar/2015:08:46:11 +0000] "POST /ngx_pagespeed_beacon?url=https%3A%2F%2Fbits.co.id%2Fphpmyadmin%2Findex.php HTTP/1.1" 204 0 "https://bits.co.id/phpmyadmin/index.php" "Mozilla/5.0 (X11; Ubuntu; Linux x86_64; rv:36.0) Gecko/20100101 Firefox/36.0"
128.199.122.79 - - [13/Mar/2015:08:46:12 +0000] "GET /phpmyadmin/js/whitelist.php?lang=en&db=&token=8ab3fd9d58176105abcb8466519831ea HTTP/1.1" 200 2197 "https://bits.co.id/phpmyadmin/index.php" "Serf/1.1.0 mod_pagespeed/1.9.32.3-4448"
128.199.122.79 - - [13/Mar/2015:08:46:12 +0000] "GET /phpmyadmin/js/messages.php?lang=en&db=&token=8ab3fd9d58176105abcb8466519831ea HTTP/1.1" 200 24079 "https://bits.co.id/phpmyadmin/index.php" "Serf/1.1.0 mod_pagespeed/1.9.32.3-4448"
128.199.122.79 - - [13/Mar/2015:08:46:12 +0000] "GET /phpmyadmin/js/get_image.js.php?theme=pmahomme HTTP/1.1" 200 6656 "https://bits.co.id/phpmyadmin/index.php" "Serf/1.1.0 mod_pagespeed/1.9.32.3-4448"
36.84.243.110 - - [13/Mar/2015:08:46:13 +0000] "POST /phpmyadmin/index.php HTTP/1.1" 302 0 "https://bits.co.id/phpmyadmin/index.php" "Mozilla/5.0 (X11; Ubuntu; Linux x86_64; rv:36.0) Gecko/20100101 Firefox/36.0"
36.84.243.110 - - [13/Mar/2015:08:46:14 +0000] "GET /phpmyadmin/index.php?token=8ab3fd9d58176105abcb8466519831ea HTTP/1.1" 200 14684 "https://bits.co.id/phpmyadmin/index.php" "Mozilla/5.0 (X11; Ubuntu; Linux x86_64; rv:36.0) Gecko/20100101 Firefox/36.0"
128.199.122.79 - - [13/Mar/2015:08:46:14 +0000] "GET /phpmyadmin/phpmyadmin.css.php?server=1&token=8ab3fd9d58176105abcb8466519831ea&nocache=5693914531ltr HTTP/1.1" 200 109786 "https://bits.co.id/phpmyadmin/index.php?token=8ab3fd9d58176105abcb8466519831ea" "Serf/1.1.0 mod_pagespeed/1.9.32.3-4448"
36.84.243.110 - - [13/Mar/2015:08:46:15 +0000] "GET /phpmyadmin/_,Mjo.O9JHtUGdXO.js.pagespeed.jm.A0AtJMThMX.js HTTP/1.1" 200 3216 "https://bits.co.id/phpmyadmin/index.php?token=8ab3fd9d58176105abcb8466519831ea" "Mozilla/5.0 (X11; Ubuntu; Linux x86_64; rv:36.0) Gecko/20100101 Firefox/36.0"
36.84.243.110 - - [13/Mar/2015:08:46:15 +0000] "GET /phpmyadmin/js/get_scripts.js.php,qscripts,P5B,P5D=codemirror,_lib,_codemirror.js,ascripts,P5B,P5D=codemirror,_mode,_sql,_sql.js,ascripts,P5B,P5D=codemirror,_addon,_runmode,_runmode.js,ascripts,P5B,P5D=codemirror,_addon,_hint,_show-hint.js,ascripts,P5B,P5D=codemirror,_addon,_hint,_sql-hint.js,ascripts,P5B,P5D=console.js.pagespeed.jm.yYoqjBpuhk.js HTTP/1.1" 200 67721 "https://bits.co.id/phpmyadmin/index.php?token=8ab3fd9d58176105abcb8466519831ea" "Mozilla/5.0 (X11; Ubuntu; Linux x86_64; rv:36.0) Gecko/20100101 Firefox/36.0"
36.84.243.110 - - [13/Mar/2015:08:46:15 +0000] "GET /phpmyadmin/phpmyadmin.css.php?server=1&token=8ab3fd9d58176105abcb8466519831ea&nocache=5693914531ltr HTTP/1.1" 200 20849 "https://bits.co.id/phpmyadmin/index.php?token=8ab3fd9d58176105abcb8466519831ea" "Mozilla/5.0 (X11; Ubuntu; Linux x86_64; rv:36.0) Gecko/20100101 Firefox/36.0"
36.84.243.110 - - [13/Mar/2015:08:46:16 +0000] "POST /phpmyadmin/db_structure.php?ajax_request=1&favorite_table=1&sync_favorite_tables=1&token=8ab3fd9d58176105abcb8466519831ea HTTP/1.1" 200 1313 "https://bits.co.id/phpmyadmin/index.php?token=8ab3fd9d58176105abcb8466519831ea" "Mozilla/5.0 (X11; Ubuntu; Linux x86_64; rv:36.0) Gecko/20100101 Firefox/36.0"
36.84.243.110 - - [13/Mar/2015:08:46:17 +0000] "POST /ngx_pagespeed_beacon?url=https%3A%2F%2Fbits.co.id%2Fphpmyadmin%2Findex.php%3Ftoken%3D8ab3fd9d58176105abcb8466519831ea HTTP/1.1" 204 0 "https://bits.co.id/phpmyadmin/index.php?token=8ab3fd9d58176105abcb8466519831ea" "Mozilla/5.0 (X11; Ubuntu; Linux x86_64; rv:36.0) Gecko/20100101 Firefox/36.0"
36.84.243.110 - - [13/Mar/2015:08:46:17 +0000] "GET /phpmyadmin/version_check.php?&_nocache=1426236380796403898 HTTP/1.1" 200 61 "https://bits.co.id/phpmyadmin/index.php?token=8ab3fd9d58176105abcb8466519831ea" "Mozilla/5.0 (X11; Ubuntu; Linux x86_64; rv:36.0) Gecko/20100101 Firefox/36.0"
36.84.243.110 - - [13/Mar/2015:08:46:18 +0000] "GET /phpmyadmin/server_privileges.php?db=&token=8ab3fd9d58176105abcb8466519831ea&viewing_mode=server&ajax_request=true&ajax_page_request=true&menuHashes=0631cab5&_nocache=1426236382204813420 HTTP/1.1" 200 2969 "https://bits.co.id/phpmyadmin/index.php?token=8ab3fd9d58176105abcb8466519831ea" "Mozilla/5.0 (X11; Ubuntu; Linux x86_64; rv:36.0) Gecko/20100101 Firefox/36.0"
36.84.243.110 - - [13/Mar/2015:08:46:25 +0000] "GET /phpmyadmin/server_privileges.php?username=c17fkwt&hostname=localhost&dbname=&tablename=&token=8ab3fd9d58176105abcb8466519831ea&ajax_request=true&ajax_page_request=true&menuHashes=0631cab5-f820752a&_nocache=1426236389233693618 HTTP/1.1" 200 4796 "https://bits.co.id/phpmyadmin/index.php?token=8ab3fd9d58176105abcb8466519831ea" "Mozilla/5.0 (X11; Ubuntu; Linux x86_64; rv:36.0) Gecko/20100101 Firefox/36.0"
36.84.243.110 - - [13/Mar/2015:08:46:25 +0000] "POST /webmail/?/Ajax/ HTTP/1.1" 200 277 "https://bits.co.id/webmail/" "Mozilla/5.0 (X11; Ubuntu; Linux x86_64; rv:36.0) Gecko/20100101 Firefox/36.0"
36.84.243.110 - - [13/Mar/2015:08:46:28 +0000] "GET /phpmyadmin/server_privileges.php?ajax_request=true&token=8ab3fd9d58176105abcb8466519831ea&server=1&validate_username=true&username=c17fkwt&_nocache=1426236391711424600 HTTP/1.1" 200 1338 "https://bits.co.id/phpmyadmin/index.php?token=8ab3fd9d58176105abcb8466519831ea" "Mozilla/5.0 (X11; Ubuntu; Linux x86_64; rv:36.0) Gecko/20100101 Firefox/36.0"
36.84.243.110 - - [13/Mar/2015:08:46:34 +0000] "GET /phpmyadmin/server_privileges.php?db=&token=8ab3fd9d58176105abcb8466519831ea&viewing_mode=server&ajax_request=true&ajax_page_request=true&menuHashes=0631cab5-f820752a&_nocache=1426236397959963656 HTTP/1.1" 200 2578 "https://bits.co.id/phpmyadmin/index.php?token=8ab3fd9d58176105abcb8466519831ea" "Mozilla/5.0 (X11; Ubuntu; Linux x86_64; rv:36.0) Gecko/20100101 Firefox/36.0"
36.84.243.110 - - [13/Mar/2015:08:46:37 +0000] "GET /phpmyadmin/server_privileges.php?username=c17fkwt&hostname=localhost&dbname=&tablename=&token=8ab3fd9d58176105abcb8466519831ea&ajax_request=true&ajax_page_request=true&menuHashes=0631cab5-f820752a&_nocache=142623640099496328 HTTP/1.1" 200 4796 "https://bits.co.id/phpmyadmin/index.php?token=8ab3fd9d58176105abcb8466519831ea" "Mozilla/5.0 (X11; Ubuntu; Linux x86_64; rv:36.0) Gecko/20100101 Firefox/36.0"
36.84.243.110 - - [13/Mar/2015:08:46:42 +0000] "GET /phpmyadmin/server_privileges.php?ajax_request=true&token=8ab3fd9d58176105abcb8466519831ea&server=1&validate_username=true&username=c17fkwt&_nocache=142623640610319189 HTTP/1.1" 200 1338 "https://bits.co.id/phpmyadmin/index.php?token=8ab3fd9d58176105abcb8466519831ea" "Mozilla/5.0 (X11; Ubuntu; Linux x86_64; rv:36.0) Gecko/20100101 Firefox/36.0"
36.84.243.110 - - [13/Mar/2015:08:47:13 +0000] "POST /phpmyadmin/server_privileges.php HTTP/1.1" 200 4861 "https://bits.co.id/phpmyadmin/index.php?token=8ab3fd9d58176105abcb8466519831ea" "Mozilla/5.0 (X11; Ubuntu; Linux x86_64; rv:36.0) Gecko/20100101 Firefox/36.0"
36.84.243.110 - - [13/Mar/2015:08:47:17 +0000] "GET /phpmyadmin/server_privileges.php?ajax_request=true&token=8ab3fd9d58176105abcb8466519831ea&server=1&validate_username=true&username=c17fkwt&_nocache=1426236441410705475 HTTP/1.1" 499 0 "https://bits.co.id/phpmyadmin/index.php?token=8ab3fd9d58176105abcb8466519831ea" "Mozilla/5.0 (X11; Ubuntu; Linux x86_64; rv:36.0) Gecko/20100101 Firefox/36.0"
36.84.243.110 - - [13/Mar/2015:08:47:17 +0000] "GET /phpmyadmin/index.php?db=&token=8ab3fd9d58176105abcb8466519831ea&old_usr=root HTTP/1.1" 200 2834 "https://bits.co.id/phpmyadmin/index.php?token=8ab3fd9d58176105abcb8466519831ea" "Mozilla/5.0 (X11; Ubuntu; Linux x86_64; rv:36.0) Gecko/20100101 Firefox/36.0"
36.84.243.110 - - [13/Mar/2015:08:47:18 +0000] "GET /phpmyadmin/_.pagespeed.jo.gBVSN1stwA.js HTTP/1.1" 200 3240 "https://bits.co.id/phpmyadmin/index.php?db=&token=8ab3fd9d58176105abcb8466519831ea&old_usr=root" "Mozilla/5.0 (X11; Ubuntu; Linux x86_64; rv:36.0) Gecko/20100101 Firefox/36.0"
