74.86.158.110 - - [13/Mar/2015:00:04:56 +0000] "HEAD / HTTP/1.1" 200 0 "-" "Mozilla/5.0+(compatible; UptimeRobot/2.0; http://www.uptimerobot.com/)"
37.252.229.58 - - [13/Mar/2015:00:07:47 +0000] "GET / HTTP/1.0" 301 178 "-" "Mozilla/5.0 (compatible; www.monitor.us - free monitoring service; http://www.monitor.us)"
67.228.177.17 - - [13/Mar/2015:00:07:47 +0000] "GET / HTTP/1.0" 301 178 "-" "Mozilla/5.0 (compatible; www.monitor.us - free monitoring service; http://www.monitor.us)"
37.252.229.58 - - [13/Mar/2015:00:07:47 +0000] "GET / HTTP/1.0" 200 6860 "-" "Mozilla/5.0 (compatible; www.monitor.us - free monitoring service; http://www.monitor.us)"
128.199.122.79 - - [13/Mar/2015:00:07:47 +0000] "GET /combine/736dd6176a61768d9cf06737c97fd2d4-1422939978 HTTP/1.1" 200 266194 "https://bits.co.id/" "Serf/1.1.0 mod_pagespeed/1.9.32.3-4448"
67.228.177.17 - - [13/Mar/2015:00:07:48 +0000] "GET / HTTP/1.0" 200 6876 "-" "Mozilla/5.0 (compatible; www.monitor.us - free monitoring service; http://www.monitor.us)"
74.86.158.110 - - [13/Mar/2015:00:09:56 +0000] "HEAD / HTTP/1.1" 200 0 "-" "Mozilla/5.0+(compatible; UptimeRobot/2.0; http://www.uptimerobot.com/)"
74.86.158.110 - - [13/Mar/2015:00:14:56 +0000] "HEAD / HTTP/1.1" 200 0 "-" "Mozilla/5.0+(compatible; UptimeRobot/2.0; http://www.uptimerobot.com/)"
74.86.158.110 - - [13/Mar/2015:00:19:56 +0000] "HEAD / HTTP/1.1" 200 0 "-" "Mozilla/5.0+(compatible; UptimeRobot/2.0; http://www.uptimerobot.com/)"
74.86.158.110 - - [13/Mar/2015:00:24:57 +0000] "HEAD / HTTP/1.1" 200 0 "-" "Mozilla/5.0+(compatible; UptimeRobot/2.0; http://www.uptimerobot.com/)"
74.86.158.110 - - [13/Mar/2015:00:29:57 +0000] "HEAD / HTTP/1.1" 200 0 "-" "Mozilla/5.0+(compatible; UptimeRobot/2.0; http://www.uptimerobot.com/)"
74.86.158.110 - - [13/Mar/2015:00:34:56 +0000] "HEAD / HTTP/1.1" 200 0 "-" "Mozilla/5.0+(compatible; UptimeRobot/2.0; http://www.uptimerobot.com/)"
37.252.229.58 - - [13/Mar/2015:00:37:47 +0000] "GET / HTTP/1.0" 301 178 "-" "Mozilla/5.0 (compatible; www.monitor.us - free monitoring service; http://www.monitor.us)"
67.228.177.17 - - [13/Mar/2015:00:37:47 +0000] "GET / HTTP/1.0" 301 178 "-" "Mozilla/5.0 (compatible; www.monitor.us - free monitoring service; http://www.monitor.us)"
37.252.229.58 - - [13/Mar/2015:00:37:48 +0000] "GET / HTTP/1.0" 200 6860 "-" "Mozilla/5.0 (compatible; www.monitor.us - free monitoring service; http://www.monitor.us)"
128.199.122.79 - - [13/Mar/2015:00:37:48 +0000] "GET /combine/736dd6176a61768d9cf06737c97fd2d4-1422939978 HTTP/1.1" 200 266202 "https://bits.co.id/" "Serf/1.1.0 mod_pagespeed/1.9.32.3-4448"
67.228.177.17 - - [13/Mar/2015:00:37:48 +0000] "GET / HTTP/1.0" 200 6876 "-" "Mozilla/5.0 (compatible; www.monitor.us - free monitoring service; http://www.monitor.us)"
74.86.158.110 - - [13/Mar/2015:00:39:56 +0000] "HEAD / HTTP/1.1" 200 0 "-" "Mozilla/5.0+(compatible; UptimeRobot/2.0; http://www.uptimerobot.com/)"
74.86.158.110 - - [13/Mar/2015:00:44:57 +0000] "HEAD / HTTP/1.1" 200 0 "-" "Mozilla/5.0+(compatible; UptimeRobot/2.0; http://www.uptimerobot.com/)"
74.86.158.110 - - [13/Mar/2015:00:49:56 +0000] "HEAD / HTTP/1.1" 200 0 "-" "Mozilla/5.0+(compatible; UptimeRobot/2.0; http://www.uptimerobot.com/)"
74.86.158.110 - - [13/Mar/2015:00:54:57 +0000] "HEAD / HTTP/1.1" 200 0 "-" "Mozilla/5.0+(compatible; UptimeRobot/2.0; http://www.uptimerobot.com/)"
74.86.158.110 - - [13/Mar/2015:00:59:56 +0000] "HEAD / HTTP/1.1" 200 0 "-" "Mozilla/5.0+(compatible; UptimeRobot/2.0; http://www.uptimerobot.com/)"
74.86.158.110 - - [13/Mar/2015:01:04:56 +0000] "HEAD / HTTP/1.1" 200 0 "-" "Mozilla/5.0+(compatible; UptimeRobot/2.0; http://www.uptimerobot.com/)"
37.252.229.58 - - [13/Mar/2015:01:07:47 +0000] "GET / HTTP/1.0" 301 178 "-" "Mozilla/5.0 (compatible; www.monitor.us - free monitoring service; http://www.monitor.us)"
67.228.177.17 - - [13/Mar/2015:01:07:47 +0000] "GET / HTTP/1.0" 301 178 "-" "Mozilla/5.0 (compatible; www.monitor.us - free monitoring service; http://www.monitor.us)"
37.252.229.58 - - [13/Mar/2015:01:07:47 +0000] "GET / HTTP/1.0" 200 6860 "-" "Mozilla/5.0 (compatible; www.monitor.us - free monitoring service; http://www.monitor.us)"
128.199.122.79 - - [13/Mar/2015:01:07:48 +0000] "GET /combine/736dd6176a61768d9cf06737c97fd2d4-1422939978 HTTP/1.1" 200 266194 "https://bits.co.id/" "Serf/1.1.0 mod_pagespeed/1.9.32.3-4448"
67.228.177.17 - - [13/Mar/2015:01:07:48 +0000] "GET / HTTP/1.0" 200 6876 "-" "Mozilla/5.0 (compatible; www.monitor.us - free monitoring service; http://www.monitor.us)"
74.86.158.110 - - [13/Mar/2015:01:09:56 +0000] "HEAD / HTTP/1.1" 200 0 "-" "Mozilla/5.0+(compatible; UptimeRobot/2.0; http://www.uptimerobot.com/)"
74.86.158.110 - - [13/Mar/2015:01:14:57 +0000] "HEAD / HTTP/1.1" 200 0 "-" "Mozilla/5.0+(compatible; UptimeRobot/2.0; http://www.uptimerobot.com/)"
66.249.71.236 - - [13/Mar/2015:01:15:53 +0000] "GET /robots.txt HTTP/1.1" 301 178 "-" "Mozilla/5.0 (compatible; Googlebot/2.1; +http://www.google.com/bot.html)"
66.249.71.244 - - [13/Mar/2015:01:15:54 +0000] "GET / HTTP/1.1" 301 178 "-" "Mozilla/5.0 (compatible; Googlebot/2.1; +http://www.google.com/bot.html)"
66.249.71.251 - - [13/Mar/2015:01:15:55 +0000] "GET / HTTP/1.1" 200 6873 "-" "Mozilla/5.0 (compatible; Googlebot/2.1; +http://www.google.com/bot.html)"
128.199.122.79 - - [13/Mar/2015:01:15:56 +0000] "GET /combine/736dd6176a61768d9cf06737c97fd2d4-1422939978 HTTP/1.1" 200 266194 "https://bits.co.id/" "Serf/1.1.0 mod_pagespeed/1.9.32.3-4448"
74.86.158.110 - - [13/Mar/2015:01:19:56 +0000] "HEAD / HTTP/1.1" 200 0 "-" "Mozilla/5.0+(compatible; UptimeRobot/2.0; http://www.uptimerobot.com/)"
74.86.158.110 - - [13/Mar/2015:01:24:57 +0000] "HEAD / HTTP/1.1" 200 0 "-" "Mozilla/5.0+(compatible; UptimeRobot/2.0; http://www.uptimerobot.com/)"
74.86.158.110 - - [13/Mar/2015:01:29:57 +0000] "HEAD / HTTP/1.1" 200 0 "-" "Mozilla/5.0+(compatible; UptimeRobot/2.0; http://www.uptimerobot.com/)"
74.86.158.110 - - [13/Mar/2015:01:34:57 +0000] "HEAD / HTTP/1.1" 200 0 "-" "Mozilla/5.0+(compatible; UptimeRobot/2.0; http://www.uptimerobot.com/)"
37.252.229.58 - - [13/Mar/2015:01:37:47 +0000] "GET / HTTP/1.0" 301 178 "-" "Mozilla/5.0 (compatible; www.monitor.us - free monitoring service; http://www.monitor.us)"
37.252.229.58 - - [13/Mar/2015:01:37:48 +0000] "GET / HTTP/1.0" 200 6860 "-" "Mozilla/5.0 (compatible; www.monitor.us - free monitoring service; http://www.monitor.us)"
128.199.122.79 - - [13/Mar/2015:01:37:48 +0000] "GET /combine/736dd6176a61768d9cf06737c97fd2d4-1422939978 HTTP/1.1" 200 266194 "https://bits.co.id/" "Serf/1.1.0 mod_pagespeed/1.9.32.3-4448"
67.228.177.17 - - [13/Mar/2015:01:37:48 +0000] "GET / HTTP/1.0" 301 178 "-" "Mozilla/5.0 (compatible; www.monitor.us - free monitoring service; http://www.monitor.us)"
67.228.177.17 - - [13/Mar/2015:01:37:49 +0000] "GET / HTTP/1.0" 200 6876 "-" "Mozilla/5.0 (compatible; www.monitor.us - free monitoring service; http://www.monitor.us)"
74.86.158.110 - - [13/Mar/2015:01:39:56 +0000] "HEAD / HTTP/1.1" 200 0 "-" "Mozilla/5.0+(compatible; UptimeRobot/2.0; http://www.uptimerobot.com/)"
74.86.158.110 - - [13/Mar/2015:01:44:56 +0000] "HEAD / HTTP/1.1" 200 0 "-" "Mozilla/5.0+(compatible; UptimeRobot/2.0; http://www.uptimerobot.com/)"
74.86.158.110 - - [13/Mar/2015:01:49:56 +0000] "HEAD / HTTP/1.1" 200 0 "-" "Mozilla/5.0+(compatible; UptimeRobot/2.0; http://www.uptimerobot.com/)"
74.86.158.110 - - [13/Mar/2015:01:54:57 +0000] "HEAD / HTTP/1.1" 200 0 "-" "Mozilla/5.0+(compatible; UptimeRobot/2.0; http://www.uptimerobot.com/)"
74.86.158.110 - - [13/Mar/2015:01:59:57 +0000] "HEAD / HTTP/1.1" 200 0 "-" "Mozilla/5.0+(compatible; UptimeRobot/2.0; http://www.uptimerobot.com/)"
74.86.158.110 - - [13/Mar/2015:02:04:57 +0000] "HEAD / HTTP/1.1" 200 0 "-" "Mozilla/5.0+(compatible; UptimeRobot/2.0; http://www.uptimerobot.com/)"
67.228.177.17 - - [13/Mar/2015:02:07:47 +0000] "GET / HTTP/1.0" 301 178 "-" "Mozilla/5.0 (compatible; www.monitor.us - free monitoring service; http://www.monitor.us)"
37.252.229.58 - - [13/Mar/2015:02:07:47 +0000] "GET / HTTP/1.0" 301 178 "-" "Mozilla/5.0 (compatible; www.monitor.us - free monitoring service; http://www.monitor.us)"
37.252.229.58 - - [13/Mar/2015:02:07:48 +0000] "GET / HTTP/1.0" 200 6860 "-" "Mozilla/5.0 (compatible; www.monitor.us - free monitoring service; http://www.monitor.us)"
67.228.177.17 - - [13/Mar/2015:02:07:48 +0000] "GET / HTTP/1.0" 200 6876 "-" "Mozilla/5.0 (compatible; www.monitor.us - free monitoring service; http://www.monitor.us)"
128.199.122.79 - - [13/Mar/2015:02:07:48 +0000] "GET /combine/736dd6176a61768d9cf06737c97fd2d4-1422939978 HTTP/1.1" 200 266194 "https://bits.co.id/" "Serf/1.1.0 mod_pagespeed/1.9.32.3-4448"
128.199.122.79 - - [13/Mar/2015:02:07:49 +0000] "GET /combine/736dd6176a61768d9cf06737c97fd2d4-1422939978 HTTP/1.1" 200 266194 "https://bits.co.id/" "Serf/1.1.0 mod_pagespeed/1.9.32.3-4448"
74.86.158.110 - - [13/Mar/2015:02:09:57 +0000] "HEAD / HTTP/1.1" 200 0 "-" "Mozilla/5.0+(compatible; UptimeRobot/2.0; http://www.uptimerobot.com/)"
74.86.158.110 - - [13/Mar/2015:02:14:57 +0000] "HEAD / HTTP/1.1" 200 0 "-" "Mozilla/5.0+(compatible; UptimeRobot/2.0; http://www.uptimerobot.com/)"
74.86.158.110 - - [13/Mar/2015:02:19:57 +0000] "HEAD / HTTP/1.1" 200 0 "-" "Mozilla/5.0+(compatible; UptimeRobot/2.0; http://www.uptimerobot.com/)"
74.86.158.110 - - [13/Mar/2015:02:24:57 +0000] "HEAD / HTTP/1.1" 200 0 "-" "Mozilla/5.0+(compatible; UptimeRobot/2.0; http://www.uptimerobot.com/)"
74.86.158.110 - - [13/Mar/2015:02:29:57 +0000] "HEAD / HTTP/1.1" 200 0 "-" "Mozilla/5.0+(compatible; UptimeRobot/2.0; http://www.uptimerobot.com/)"
74.86.158.110 - - [13/Mar/2015:02:34:57 +0000] "HEAD / HTTP/1.1" 200 0 "-" "Mozilla/5.0+(compatible; UptimeRobot/2.0; http://www.uptimerobot.com/)"
37.252.229.58 - - [13/Mar/2015:02:37:47 +0000] "GET / HTTP/1.0" 301 178 "-" "Mozilla/5.0 (compatible; www.monitor.us - free monitoring service; http://www.monitor.us)"
67.228.177.17 - - [13/Mar/2015:02:37:48 +0000] "GET / HTTP/1.0" 301 178 "-" "Mozilla/5.0 (compatible; www.monitor.us - free monitoring service; http://www.monitor.us)"
37.252.229.58 - - [13/Mar/2015:02:37:48 +0000] "GET / HTTP/1.0" 200 6860 "-" "Mozilla/5.0 (compatible; www.monitor.us - free monitoring service; http://www.monitor.us)"
128.199.122.79 - - [13/Mar/2015:02:37:48 +0000] "GET /combine/736dd6176a61768d9cf06737c97fd2d4-1422939978 HTTP/1.1" 200 266202 "https://bits.co.id/" "Serf/1.1.0 mod_pagespeed/1.9.32.3-4448"
67.228.177.17 - - [13/Mar/2015:02:37:48 +0000] "GET / HTTP/1.0" 200 6876 "-" "Mozilla/5.0 (compatible; www.monitor.us - free monitoring service; http://www.monitor.us)"
74.86.158.110 - - [13/Mar/2015:02:39:56 +0000] "HEAD / HTTP/1.1" 200 0 "-" "Mozilla/5.0+(compatible; UptimeRobot/2.0; http://www.uptimerobot.com/)"
74.86.158.110 - - [13/Mar/2015:02:44:57 +0000] "HEAD / HTTP/1.1" 200 0 "-" "Mozilla/5.0+(compatible; UptimeRobot/2.0; http://www.uptimerobot.com/)"
74.86.158.110 - - [13/Mar/2015:02:49:57 +0000] "HEAD / HTTP/1.1" 200 0 "-" "Mozilla/5.0+(compatible; UptimeRobot/2.0; http://www.uptimerobot.com/)"
74.86.158.110 - - [13/Mar/2015:02:54:57 +0000] "HEAD / HTTP/1.1" 200 0 "-" "Mozilla/5.0+(compatible; UptimeRobot/2.0; http://www.uptimerobot.com/)"
74.86.158.110 - - [13/Mar/2015:02:59:57 +0000] "HEAD / HTTP/1.1" 200 0 "-" "Mozilla/5.0+(compatible; UptimeRobot/2.0; http://www.uptimerobot.com/)"
74.86.158.110 - - [13/Mar/2015:03:04:56 +0000] "HEAD / HTTP/1.1" 200 0 "-" "Mozilla/5.0+(compatible; UptimeRobot/2.0; http://www.uptimerobot.com/)"
37.252.229.58 - - [13/Mar/2015:03:07:47 +0000] "GET / HTTP/1.0" 301 178 "-" "Mozilla/5.0 (compatible; www.monitor.us - free monitoring service; http://www.monitor.us)"
67.228.177.17 - - [13/Mar/2015:03:07:47 +0000] "GET / HTTP/1.0" 301 178 "-" "Mozilla/5.0 (compatible; www.monitor.us - free monitoring service; http://www.monitor.us)"
37.252.229.58 - - [13/Mar/2015:03:07:48 +0000] "GET / HTTP/1.0" 200 6860 "-" "Mozilla/5.0 (compatible; www.monitor.us - free monitoring service; http://www.monitor.us)"
128.199.122.79 - - [13/Mar/2015:03:07:48 +0000] "GET /combine/736dd6176a61768d9cf06737c97fd2d4-1422939978 HTTP/1.1" 200 266194 "https://bits.co.id/" "Serf/1.1.0 mod_pagespeed/1.9.32.3-4448"
67.228.177.17 - - [13/Mar/2015:03:07:48 +0000] "GET / HTTP/1.0" 200 6876 "-" "Mozilla/5.0 (compatible; www.monitor.us - free monitoring service; http://www.monitor.us)"
74.86.158.110 - - [13/Mar/2015:03:09:56 +0000] "HEAD / HTTP/1.1" 200 0 "-" "Mozilla/5.0+(compatible; UptimeRobot/2.0; http://www.uptimerobot.com/)"
74.86.158.110 - - [13/Mar/2015:03:14:57 +0000] "HEAD / HTTP/1.1" 200 0 "-" "Mozilla/5.0+(compatible; UptimeRobot/2.0; http://www.uptimerobot.com/)"
74.86.158.110 - - [13/Mar/2015:03:19:57 +0000] "HEAD / HTTP/1.1" 200 0 "-" "Mozilla/5.0+(compatible; UptimeRobot/2.0; http://www.uptimerobot.com/)"
74.86.158.110 - - [13/Mar/2015:03:24:57 +0000] "HEAD / HTTP/1.1" 200 0 "-" "Mozilla/5.0+(compatible; UptimeRobot/2.0; http://www.uptimerobot.com/)"
74.86.158.110 - - [13/Mar/2015:03:29:57 +0000] "HEAD / HTTP/1.1" 200 0 "-" "Mozilla/5.0+(compatible; UptimeRobot/2.0; http://www.uptimerobot.com/)"
74.86.158.110 - - [13/Mar/2015:03:34:57 +0000] "HEAD / HTTP/1.1" 200 0 "-" "Mozilla/5.0+(compatible; UptimeRobot/2.0; http://www.uptimerobot.com/)"
37.252.229.58 - - [13/Mar/2015:03:37:47 +0000] "GET / HTTP/1.0" 301 178 "-" "Mozilla/5.0 (compatible; www.monitor.us - free monitoring service; http://www.monitor.us)"
37.252.229.58 - - [13/Mar/2015:03:37:48 +0000] "GET / HTTP/1.0" 200 6860 "-" "Mozilla/5.0 (compatible; www.monitor.us - free monitoring service; http://www.monitor.us)"
67.228.177.17 - - [13/Mar/2015:03:37:48 +0000] "GET / HTTP/1.0" 301 178 "-" "Mozilla/5.0 (compatible; www.monitor.us - free monitoring service; http://www.monitor.us)"
128.199.122.79 - - [13/Mar/2015:03:37:48 +0000] "GET /combine/736dd6176a61768d9cf06737c97fd2d4-1422939978 HTTP/1.1" 200 266194 "https://bits.co.id/" "Serf/1.1.0 mod_pagespeed/1.9.32.3-4448"
67.228.177.17 - - [13/Mar/2015:03:37:49 +0000] "GET / HTTP/1.0" 200 6876 "-" "Mozilla/5.0 (compatible; www.monitor.us - free monitoring service; http://www.monitor.us)"
74.86.158.110 - - [13/Mar/2015:03:39:56 +0000] "HEAD / HTTP/1.1" 200 0 "-" "Mozilla/5.0+(compatible; UptimeRobot/2.0; http://www.uptimerobot.com/)"
74.86.158.110 - - [13/Mar/2015:03:44:57 +0000] "HEAD / HTTP/1.1" 200 0 "-" "Mozilla/5.0+(compatible; UptimeRobot/2.0; http://www.uptimerobot.com/)"
74.86.158.110 - - [13/Mar/2015:03:49:57 +0000] "HEAD / HTTP/1.1" 200 0 "-" "Mozilla/5.0+(compatible; UptimeRobot/2.0; http://www.uptimerobot.com/)"
74.86.158.110 - - [13/Mar/2015:03:54:57 +0000] "HEAD / HTTP/1.1" 200 0 "-" "Mozilla/5.0+(compatible; UptimeRobot/2.0; http://www.uptimerobot.com/)"
74.86.158.110 - - [13/Mar/2015:03:59:57 +0000] "HEAD / HTTP/1.1" 200 0 "-" "Mozilla/5.0+(compatible; UptimeRobot/2.0; http://www.uptimerobot.com/)"
74.86.158.110 - - [13/Mar/2015:04:04:57 +0000] "HEAD / HTTP/1.1" 200 0 "-" "Mozilla/5.0+(compatible; UptimeRobot/2.0; http://www.uptimerobot.com/)"
37.252.229.58 - - [13/Mar/2015:04:07:47 +0000] "GET / HTTP/1.0" 301 178 "-" "Mozilla/5.0 (compatible; www.monitor.us - free monitoring service; http://www.monitor.us)"
67.228.177.17 - - [13/Mar/2015:04:07:48 +0000] "GET / HTTP/1.0" 301 178 "-" "Mozilla/5.0 (compatible; www.monitor.us - free monitoring service; http://www.monitor.us)"
67.228.177.17 - - [13/Mar/2015:04:07:51 +0000] "GET / HTTP/1.0" 200 6860 "-" "Mozilla/5.0 (compatible; www.monitor.us - free monitoring service; http://www.monitor.us)"
37.252.229.58 - - [13/Mar/2015:04:07:52 +0000] "GET / HTTP/1.0" 200 6876 "-" "Mozilla/5.0 (compatible; www.monitor.us - free monitoring service; http://www.monitor.us)"
128.199.122.79 - - [13/Mar/2015:04:07:52 +0000] "GET /combine/736dd6176a61768d9cf06737c97fd2d4-1422939978 HTTP/1.1" 200 266194 "https://bits.co.id/" "Serf/1.1.0 mod_pagespeed/1.9.32.3-4448"
128.199.122.79 - - [13/Mar/2015:04:07:52 +0000] "GET /combine/736dd6176a61768d9cf06737c97fd2d4-1422939978 HTTP/1.1" 200 266194 "https://bits.co.id/" "Serf/1.1.0 mod_pagespeed/1.9.32.3-4448"
74.86.158.110 - - [13/Mar/2015:04:09:57 +0000] "HEAD / HTTP/1.1" 200 0 "-" "Mozilla/5.0+(compatible; UptimeRobot/2.0; http://www.uptimerobot.com/)"
74.86.158.110 - - [13/Mar/2015:04:14:57 +0000] "HEAD / HTTP/1.1" 200 0 "-" "Mozilla/5.0+(compatible; UptimeRobot/2.0; http://www.uptimerobot.com/)"
74.86.158.110 - - [13/Mar/2015:04:19:57 +0000] "HEAD / HTTP/1.1" 200 0 "-" "Mozilla/5.0+(compatible; UptimeRobot/2.0; http://www.uptimerobot.com/)"
74.86.158.110 - - [13/Mar/2015:04:31:11 +0000] "HEAD / HTTP/1.1" 200 0 "-" "Mozilla/5.0+(compatible; UptimeRobot/2.0; http://www.uptimerobot.com/)"
74.86.158.110 - - [13/Mar/2015:04:36:09 +0000] "HEAD / HTTP/1.1" 200 0 "-" "Mozilla/5.0+(compatible; UptimeRobot/2.0; http://www.uptimerobot.com/)"
37.252.229.58 - - [13/Mar/2015:04:37:47 +0000] "GET / HTTP/1.0" 301 178 "-" "Mozilla/5.0 (compatible; www.monitor.us - free monitoring service; http://www.monitor.us)"
37.252.229.58 - - [13/Mar/2015:04:37:47 +0000] "GET / HTTP/1.0" 200 6860 "-" "Mozilla/5.0 (compatible; www.monitor.us - free monitoring service; http://www.monitor.us)"
128.199.122.79 - - [13/Mar/2015:04:37:47 +0000] "GET /combine/736dd6176a61768d9cf06737c97fd2d4-1422939978 HTTP/1.1" 200 266194 "https://bits.co.id/" "Serf/1.1.0 mod_pagespeed/1.9.32.3-4448"
67.228.177.17 - - [13/Mar/2015:04:37:47 +0000] "GET / HTTP/1.0" 301 178 "-" "Mozilla/5.0 (compatible; www.monitor.us - free monitoring service; http://www.monitor.us)"
67.228.177.17 - - [13/Mar/2015:04:37:48 +0000] "GET / HTTP/1.0" 200 6876 "-" "Mozilla/5.0 (compatible; www.monitor.us - free monitoring service; http://www.monitor.us)"
74.86.158.110 - - [13/Mar/2015:04:41:08 +0000] "HEAD / HTTP/1.1" 200 0 "-" "Mozilla/5.0+(compatible; UptimeRobot/2.0; http://www.uptimerobot.com/)"
74.86.158.110 - - [13/Mar/2015:04:46:10 +0000] "HEAD / HTTP/1.1" 200 0 "-" "Mozilla/5.0+(compatible; UptimeRobot/2.0; http://www.uptimerobot.com/)"
74.86.158.110 - - [13/Mar/2015:04:51:08 +0000] "HEAD / HTTP/1.1" 200 0 "-" "Mozilla/5.0+(compatible; UptimeRobot/2.0; http://www.uptimerobot.com/)"
74.86.158.110 - - [13/Mar/2015:04:56:10 +0000] "HEAD / HTTP/1.1" 200 0 "-" "Mozilla/5.0+(compatible; UptimeRobot/2.0; http://www.uptimerobot.com/)"
74.86.158.110 - - [13/Mar/2015:05:01:09 +0000] "HEAD / HTTP/1.1" 200 0 "-" "Mozilla/5.0+(compatible; UptimeRobot/2.0; http://www.uptimerobot.com/)"
66.249.71.15 - - [13/Mar/2015:05:01:21 +0000] "GET /robots.txt HTTP/1.1" 301 178 "-" "Mozilla/5.0 (compatible; Googlebot/2.1; +http://www.google.com/bot.html)"
66.249.71.236 - - [13/Mar/2015:05:01:21 +0000] "GET / HTTP/1.1" 301 178 "-" "Mozilla/5.0 (compatible; Googlebot/2.1; +http://www.google.com/bot.html)"
66.249.71.11 - - [13/Mar/2015:05:01:23 +0000] "GET / HTTP/1.1" 200 6873 "-" "Mozilla/5.0 (compatible; Googlebot/2.1; +http://www.google.com/bot.html)"
128.199.122.79 - - [13/Mar/2015:05:01:23 +0000] "GET /combine/736dd6176a61768d9cf06737c97fd2d4-1422939978 HTTP/1.1" 200 266194 "https://bits.co.id/" "Serf/1.1.0 mod_pagespeed/1.9.32.3-4448"
74.86.158.110 - - [13/Mar/2015:05:06:11 +0000] "HEAD / HTTP/1.1" 200 0 "-" "Mozilla/5.0+(compatible; UptimeRobot/2.0; http://www.uptimerobot.com/)"
37.252.229.58 - - [13/Mar/2015:05:07:47 +0000] "GET / HTTP/1.0" 301 178 "-" "Mozilla/5.0 (compatible; www.monitor.us - free monitoring service; http://www.monitor.us)"
67.228.177.17 - - [13/Mar/2015:05:07:47 +0000] "GET / HTTP/1.0" 301 178 "-" "Mozilla/5.0 (compatible; www.monitor.us - free monitoring service; http://www.monitor.us)"
67.228.177.17 - - [13/Mar/2015:05:07:49 +0000] "GET / HTTP/1.0" 200 6860 "-" "Mozilla/5.0 (compatible; www.monitor.us - free monitoring service; http://www.monitor.us)"
128.199.122.79 - - [13/Mar/2015:05:07:49 +0000] "GET /combine/736dd6176a61768d9cf06737c97fd2d4-1422939978 HTTP/1.1" 200 266187 "https://bits.co.id/" "Serf/1.1.0 mod_pagespeed/1.9.32.3-4448"
37.252.229.58 - - [13/Mar/2015:05:07:49 +0000] "GET / HTTP/1.0" 200 6876 "-" "Mozilla/5.0 (compatible; www.monitor.us - free monitoring service; http://www.monitor.us)"
128.199.122.79 - - [13/Mar/2015:05:07:49 +0000] "GET /combine/736dd6176a61768d9cf06737c97fd2d4-1422939978 HTTP/1.1" 200 266202 "https://bits.co.id/" "Serf/1.1.0 mod_pagespeed/1.9.32.3-4448"
74.86.158.110 - - [13/Mar/2015:05:11:08 +0000] "HEAD / HTTP/1.1" 200 0 "-" "Mozilla/5.0+(compatible; UptimeRobot/2.0; http://www.uptimerobot.com/)"
74.86.158.110 - - [13/Mar/2015:05:16:09 +0000] "HEAD / HTTP/1.1" 200 0 "-" "Mozilla/5.0+(compatible; UptimeRobot/2.0; http://www.uptimerobot.com/)"
74.86.158.110 - - [13/Mar/2015:05:21:09 +0000] "HEAD / HTTP/1.1" 200 0 "-" "Mozilla/5.0+(compatible; UptimeRobot/2.0; http://www.uptimerobot.com/)"
5.255.253.200 - - [13/Mar/2015:05:22:36 +0000] "GET /robots.txt HTTP/1.1" 301 178 "-" "Mozilla/5.0 (compatible; YandexBot/3.0; +http://yandex.com/bots)"
5.255.253.200 - - [13/Mar/2015:05:22:39 +0000] "GET / HTTP/1.1" 301 178 "-" "Mozilla/5.0 (compatible; YandexBot/3.0; +http://yandex.com/bots)"
5.255.253.92 - - [13/Mar/2015:05:22:39 +0000] "GET / HTTP/1.1" 200 6873 "-" "Mozilla/5.0 (compatible; YandexBot/3.0; +http://yandex.com/bots)"
128.199.122.79 - - [13/Mar/2015:05:22:39 +0000] "GET /combine/736dd6176a61768d9cf06737c97fd2d4-1422939978 HTTP/1.1" 200 266194 "https://bits.co.id/" "Serf/1.1.0 mod_pagespeed/1.9.32.3-4448"
5.255.253.92 - - [13/Mar/2015:05:22:43 +0000] "GET / HTTP/1.1" 200 6889 "-" "Mozilla/5.0 (compatible; YandexBot/3.0; +http://yandex.com/bots)"
74.86.158.110 - - [13/Mar/2015:05:26:10 +0000] "HEAD / HTTP/1.1" 200 0 "-" "Mozilla/5.0+(compatible; UptimeRobot/2.0; http://www.uptimerobot.com/)"
74.86.158.110 - - [13/Mar/2015:05:31:11 +0000] "HEAD / HTTP/1.1" 200 0 "-" "Mozilla/5.0+(compatible; UptimeRobot/2.0; http://www.uptimerobot.com/)"
74.86.158.110 - - [13/Mar/2015:05:36:11 +0000] "HEAD / HTTP/1.1" 200 0 "-" "Mozilla/5.0+(compatible; UptimeRobot/2.0; http://www.uptimerobot.com/)"
37.252.229.58 - - [13/Mar/2015:05:37:47 +0000] "GET / HTTP/1.0" 301 178 "-" "Mozilla/5.0 (compatible; www.monitor.us - free monitoring service; http://www.monitor.us)"
37.252.229.58 - - [13/Mar/2015:05:37:47 +0000] "GET / HTTP/1.0" 200 6860 "-" "Mozilla/5.0 (compatible; www.monitor.us - free monitoring service; http://www.monitor.us)"
128.199.122.79 - - [13/Mar/2015:05:37:48 +0000] "GET /combine/736dd6176a61768d9cf06737c97fd2d4-1422939978 HTTP/1.1" 200 266194 "https://bits.co.id/" "Serf/1.1.0 mod_pagespeed/1.9.32.3-4448"
67.228.177.17 - - [13/Mar/2015:05:37:48 +0000] "GET / HTTP/1.0" 301 178 "-" "Mozilla/5.0 (compatible; www.monitor.us - free monitoring service; http://www.monitor.us)"
67.228.177.17 - - [13/Mar/2015:05:37:49 +0000] "GET / HTTP/1.0" 200 6876 "-" "Mozilla/5.0 (compatible; www.monitor.us - free monitoring service; http://www.monitor.us)"
74.86.158.110 - - [13/Mar/2015:05:41:09 +0000] "HEAD / HTTP/1.1" 200 0 "-" "Mozilla/5.0+(compatible; UptimeRobot/2.0; http://www.uptimerobot.com/)"
66.249.71.28 - - [13/Mar/2015:05:41:14 +0000] "GET /404 HTTP/1.1" 200 2390 "-" "Mozilla/5.0 (compatible; Googlebot/2.1; +http://www.google.com/bot.html)"
74.86.158.110 - - [13/Mar/2015:05:46:09 +0000] "HEAD / HTTP/1.1" 200 0 "-" "Mozilla/5.0+(compatible; UptimeRobot/2.0; http://www.uptimerobot.com/)"
198.20.69.98 - - [13/Mar/2015:05:49:54 +0000] "GET / HTTP/1.1" 200 30969 "-" "-"
128.199.122.79 - - [13/Mar/2015:05:49:54 +0000] "GET /combine/736dd6176a61768d9cf06737c97fd2d4-1422939978 HTTP/1.1" 200 266194 "https://128.199.122.79/" "Serf/1.1.0 mod_pagespeed/1.9.32.3-4448"
198.20.69.98 - - [13/Mar/2015:05:49:56 +0000] "" 400 0 "-" "-"
198.20.69.98 - - [13/Mar/2015:05:49:57 +0000] "" 400 0 "-" "-"
198.20.69.98 - - [13/Mar/2015:05:49:58 +0000] "" 400 0 "-" "-"
198.20.69.98 - - [13/Mar/2015:05:50:02 +0000] "quit" 400 166 "-" "-"
74.86.158.110 - - [13/Mar/2015:05:51:10 +0000] "HEAD / HTTP/1.1" 200 0 "-" "Mozilla/5.0+(compatible; UptimeRobot/2.0; http://www.uptimerobot.com/)"
74.86.158.110 - - [13/Mar/2015:05:56:10 +0000] "HEAD / HTTP/1.1" 200 0 "-" "Mozilla/5.0+(compatible; UptimeRobot/2.0; http://www.uptimerobot.com/)"
74.86.158.110 - - [13/Mar/2015:06:01:10 +0000] "HEAD / HTTP/1.1" 200 0 "-" "Mozilla/5.0+(compatible; UptimeRobot/2.0; http://www.uptimerobot.com/)"
74.86.158.110 - - [13/Mar/2015:06:06:11 +0000] "HEAD / HTTP/1.1" 200 0 "-" "Mozilla/5.0+(compatible; UptimeRobot/2.0; http://www.uptimerobot.com/)"
37.252.229.58 - - [13/Mar/2015:06:07:47 +0000] "GET / HTTP/1.0" 301 178 "-" "Mozilla/5.0 (compatible; www.monitor.us - free monitoring service; http://www.monitor.us)"
67.228.177.17 - - [13/Mar/2015:06:07:47 +0000] "GET / HTTP/1.0" 301 178 "-" "Mozilla/5.0 (compatible; www.monitor.us - free monitoring service; http://www.monitor.us)"
37.252.229.58 - - [13/Mar/2015:06:07:47 +0000] "GET / HTTP/1.0" 200 6860 "-" "Mozilla/5.0 (compatible; www.monitor.us - free monitoring service; http://www.monitor.us)"
128.199.122.79 - - [13/Mar/2015:06:07:47 +0000] "GET /combine/736dd6176a61768d9cf06737c97fd2d4-1422939978 HTTP/1.1" 200 266194 "https://bits.co.id/" "Serf/1.1.0 mod_pagespeed/1.9.32.3-4448"
67.228.177.17 - - [13/Mar/2015:06:07:48 +0000] "GET / HTTP/1.0" 200 6876 "-" "Mozilla/5.0 (compatible; www.monitor.us - free monitoring service; http://www.monitor.us)"
74.86.158.110 - - [13/Mar/2015:06:11:11 +0000] "HEAD / HTTP/1.1" 200 0 "-" "Mozilla/5.0+(compatible; UptimeRobot/2.0; http://www.uptimerobot.com/)"
74.86.158.110 - - [13/Mar/2015:06:16:11 +0000] "HEAD / HTTP/1.1" 200 0 "-" "Mozilla/5.0+(compatible; UptimeRobot/2.0; http://www.uptimerobot.com/)"
74.86.158.110 - - [13/Mar/2015:06:21:11 +0000] "HEAD / HTTP/1.1" 200 0 "-" "Mozilla/5.0+(compatible; UptimeRobot/2.0; http://www.uptimerobot.com/)"
74.86.158.110 - - [13/Mar/2015:06:26:10 +0000] "HEAD / HTTP/1.1" 200 0 "-" "Mozilla/5.0+(compatible; UptimeRobot/2.0; http://www.uptimerobot.com/)"
74.86.158.110 - - [13/Mar/2015:06:31:11 +0000] "HEAD / HTTP/1.1" 200 0 "-" "Mozilla/5.0+(compatible; UptimeRobot/2.0; http://www.uptimerobot.com/)"
74.86.158.110 - - [13/Mar/2015:06:36:08 +0000] "HEAD / HTTP/1.1" 200 0 "-" "Mozilla/5.0+(compatible; UptimeRobot/2.0; http://www.uptimerobot.com/)"
37.252.229.58 - - [13/Mar/2015:06:37:47 +0000] "GET / HTTP/1.0" 301 178 "-" "Mozilla/5.0 (compatible; www.monitor.us - free monitoring service; http://www.monitor.us)"
37.252.229.58 - - [13/Mar/2015:06:37:48 +0000] "GET / HTTP/1.0" 200 6860 "-" "Mozilla/5.0 (compatible; www.monitor.us - free monitoring service; http://www.monitor.us)"
67.228.177.17 - - [13/Mar/2015:06:37:48 +0000] "GET / HTTP/1.0" 301 178 "-" "Mozilla/5.0 (compatible; www.monitor.us - free monitoring service; http://www.monitor.us)"
128.199.122.79 - - [13/Mar/2015:06:37:48 +0000] "GET /combine/736dd6176a61768d9cf06737c97fd2d4-1422939978 HTTP/1.1" 200 266194 "https://bits.co.id/" "Serf/1.1.0 mod_pagespeed/1.9.32.3-4448"
67.228.177.17 - - [13/Mar/2015:06:37:49 +0000] "GET / HTTP/1.0" 200 6876 "-" "Mozilla/5.0 (compatible; www.monitor.us - free monitoring service; http://www.monitor.us)"
74.86.158.110 - - [13/Mar/2015:06:41:11 +0000] "HEAD / HTTP/1.1" 200 0 "-" "Mozilla/5.0+(compatible; UptimeRobot/2.0; http://www.uptimerobot.com/)"
74.86.158.110 - - [13/Mar/2015:06:46:09 +0000] "HEAD / HTTP/1.1" 200 0 "-" "Mozilla/5.0+(compatible; UptimeRobot/2.0; http://www.uptimerobot.com/)"
74.86.158.110 - - [13/Mar/2015:06:51:08 +0000] "HEAD / HTTP/1.1" 200 0 "-" "Mozilla/5.0+(compatible; UptimeRobot/2.0; http://www.uptimerobot.com/)"
74.86.158.110 - - [13/Mar/2015:06:56:11 +0000] "HEAD / HTTP/1.1" 200 0 "-" "Mozilla/5.0+(compatible; UptimeRobot/2.0; http://www.uptimerobot.com/)"
74.86.158.110 - - [13/Mar/2015:07:01:10 +0000] "HEAD / HTTP/1.1" 200 0 "-" "Mozilla/5.0+(compatible; UptimeRobot/2.0; http://www.uptimerobot.com/)"
36.84.243.110 - - [13/Mar/2015:07:05:06 +0000] "GET /webmail/ HTTP/1.1" 200 44300 "-" "Mozilla/5.0 (X11; Ubuntu; Linux x86_64; rv:36.0) Gecko/20100101 Firefox/36.0"
36.84.243.110 - - [13/Mar/2015:07:05:06 +0000] "GET /webmail/_.pagespeed.jo.NCU_rmTOAt.js HTTP/1.1" 200 15870 "https://bits.co.id/webmail/" "Mozilla/5.0 (X11; Ubuntu; Linux x86_64; rv:36.0) Gecko/20100101 Firefox/36.0"
36.84.243.110 - - [13/Mar/2015:07:05:06 +0000] "GET /webmail/_.pagespeed.jo.RvgIFJchpx.js HTTP/1.1" 200 5646 "https://bits.co.id/webmail/" "Mozilla/5.0 (X11; Ubuntu; Linux x86_64; rv:36.0) Gecko/20100101 Firefox/36.0"
128.199.122.79 - - [13/Mar/2015:07:05:08 +0000] "GET /webmail/static/css/images/animated-overlay.gif HTTP/1.1" 404 11072 "https://bits.co.id/webmail/" "Serf/1.1.0 mod_pagespeed/1.9.32.3-4448"
36.84.243.110 - - [13/Mar/2015:07:05:09 +0000] "POST /webmail/?/Ajax/ HTTP/1.1" 200 107 "https://bits.co.id/webmail/" "Mozilla/5.0 (X11; Ubuntu; Linux x86_64; rv:36.0) Gecko/20100101 Firefox/36.0"
36.84.243.110 - - [13/Mar/2015:07:05:09 +0000] "POST /webmail/?/Ajax/ HTTP/1.1" 200 446 "https://bits.co.id/webmail/" "Mozilla/5.0 (X11; Ubuntu; Linux x86_64; rv:36.0) Gecko/20100101 Firefox/36.0"
128.199.122.79 - - [13/Mar/2015:07:05:10 +0000] "GET /webmail/skins/DeepForest/images/facebook-icon_9x18.png HTTP/1.1" 404 11072 "https://bits.co.id/webmail/" "Serf/1.1.0 mod_pagespeed/1.9.32.3-4448"
36.84.243.110 - - [13/Mar/2015:07:05:10 +0000] "POST /webmail/?/Ajax/ HTTP/1.1" 200 6671 "https://bits.co.id/webmail/" "Mozilla/5.0 (X11; Ubuntu; Linux x86_64; rv:36.0) Gecko/20100101 Firefox/36.0"
128.199.122.79 - - [13/Mar/2015:07:05:11 +0000] "GET /webmail/skins/DeepForest/images/google-icon_20x20.png HTTP/1.1" 404 11072 "https://bits.co.id/webmail/" "Serf/1.1.0 mod_pagespeed/1.9.32.3-4448"
36.84.243.110 - - [13/Mar/2015:07:05:11 +0000] "POST /webmail/?/Ajax/ HTTP/1.1" 200 94 "https://bits.co.id/webmail/" "Mozilla/5.0 (X11; Ubuntu; Linux x86_64; rv:36.0) Gecko/20100101 Firefox/36.0"
128.199.122.79 - - [13/Mar/2015:07:05:11 +0000] "GET /webmail/skins/DeepForest/images/twitter-icon_17x14.png HTTP/1.1" 404 11072 "https://bits.co.id/webmail/" "Serf/1.1.0 mod_pagespeed/1.9.32.3-4448"
36.84.243.110 - - [13/Mar/2015:07:05:12 +0000] "POST /webmail/?/Ajax/ HTTP/1.1" 200 279 "https://bits.co.id/webmail/" "Mozilla/5.0 (X11; Ubuntu; Linux x86_64; rv:36.0) Gecko/20100101 Firefox/36.0"
128.199.122.79 - - [13/Mar/2015:07:05:12 +0000] "GET /webmail/static/css/images/animated-overlay.gif HTTP/1.1" 404 11072 "https://bits.co.id/webmail/static/css/libs.css?742" "Serf/1.1.0 mod_pagespeed/1.9.32.3-4448"
128.199.122.79 - - [13/Mar/2015:07:05:14 +0000] "GET /webmail/skins/DeepForest/images/facebook-icon_9x18.png HTTP/1.1" 404 11072 "https://bits.co.id/webmail/skins/DeepForest/styles.css?742" "Serf/1.1.0 mod_pagespeed/1.9.32.3-4448"
36.84.243.110 - - [13/Mar/2015:07:05:15 +0000] "POST /webmail/?/Ajax/ HTTP/1.1" 200 33374 "https://bits.co.id/webmail/" "Mozilla/5.0 (X11; Ubuntu; Linux x86_64; rv:36.0) Gecko/20100101 Firefox/36.0"
128.199.122.79 - - [13/Mar/2015:07:05:15 +0000] "GET /webmail/skins/DeepForest/images/google-icon_20x20.png HTTP/1.1" 404 11072 "https://bits.co.id/webmail/skins/DeepForest/styles.css?742" "Serf/1.1.0 mod_pagespeed/1.9.32.3-4448"
128.199.122.79 - - [13/Mar/2015:07:05:15 +0000] "GET /webmail/skins/DeepForest/images/twitter-icon_17x14.png HTTP/1.1" 404 11072 "https://bits.co.id/webmail/skins/DeepForest/styles.css?742" "Serf/1.1.0 mod_pagespeed/1.9.32.3-4448"
36.84.243.110 - - [13/Mar/2015:07:05:16 +0000] "POST /webmail/?/Ajax/ HTTP/1.1" 200 8278 "https://bits.co.id/webmail/" "Mozilla/5.0 (X11; Ubuntu; Linux x86_64; rv:36.0) Gecko/20100101 Firefox/36.0"
36.84.243.110 - - [13/Mar/2015:07:05:19 +0000] "POST /webmail/?/Ajax/ HTTP/1.1" 200 26265 "https://bits.co.id/webmail/" "Mozilla/5.0 (X11; Ubuntu; Linux x86_64; rv:36.0) Gecko/20100101 Firefox/36.0"
36.84.243.110 - - [13/Mar/2015:07:05:20 +0000] "POST /webmail/?/Ajax/ HTTP/1.1" 200 7021 "https://bits.co.id/webmail/" "Mozilla/5.0 (X11; Ubuntu; Linux x86_64; rv:36.0) Gecko/20100101 Firefox/36.0"
36.84.243.110 - - [13/Mar/2015:07:05:20 +0000] "POST /webmail/?/Ajax/ HTTP/1.1" 200 107 "https://bits.co.id/webmail/" "Mozilla/5.0 (X11; Ubuntu; Linux x86_64; rv:36.0) Gecko/20100101 Firefox/36.0"
36.84.243.110 - - [13/Mar/2015:07:05:21 +0000] "POST /webmail/?/Ajax/ HTTP/1.1" 200 255 "https://bits.co.id/webmail/" "Mozilla/5.0 (X11; Ubuntu; Linux x86_64; rv:36.0) Gecko/20100101 Firefox/36.0"
36.84.243.110 - - [13/Mar/2015:07:05:22 +0000] "POST /webmail/?/Ajax/ HTTP/1.1" 200 1587 "https://bits.co.id/webmail/" "Mozilla/5.0 (X11; Ubuntu; Linux x86_64; rv:36.0) Gecko/20100101 Firefox/36.0"
36.84.243.110 - - [13/Mar/2015:07:05:23 +0000] "POST /webmail/?/Ajax/ HTTP/1.1" 200 5938 "https://bits.co.id/webmail/" "Mozilla/5.0 (X11; Ubuntu; Linux x86_64; rv:36.0) Gecko/20100101 Firefox/36.0"
36.84.243.110 - - [13/Mar/2015:07:05:24 +0000] "POST /webmail/?/Ajax/ HTTP/1.1" 200 246 "https://bits.co.id/webmail/" "Mozilla/5.0 (X11; Ubuntu; Linux x86_64; rv:36.0) Gecko/20100101 Firefox/36.0"
36.84.243.110 - - [13/Mar/2015:07:05:25 +0000] "POST /webmail/?/Ajax/ HTTP/1.1" 200 245 "https://bits.co.id/webmail/" "Mozilla/5.0 (X11; Ubuntu; Linux x86_64; rv:36.0) Gecko/20100101 Firefox/36.0"
36.84.243.110 - - [13/Mar/2015:07:05:26 +0000] "POST /webmail/?/Ajax/ HTTP/1.1" 200 101 "https://bits.co.id/webmail/" "Mozilla/5.0 (X11; Ubuntu; Linux x86_64; rv:36.0) Gecko/20100101 Firefox/36.0"
36.84.243.110 - - [13/Mar/2015:07:05:35 +0000] "POST /webmail/?/Ajax/ HTTP/1.1" 200 463 "https://bits.co.id/webmail/" "Mozilla/5.0 (X11; Ubuntu; Linux x86_64; rv:36.0) Gecko/20100101 Firefox/36.0"
36.84.243.110 - - [13/Mar/2015:07:05:35 +0000] "POST /webmail/?/Ajax/ HTTP/1.1" 200 482 "https://bits.co.id/webmail/" "Mozilla/5.0 (X11; Ubuntu; Linux x86_64; rv:36.0) Gecko/20100101 Firefox/36.0"
36.84.243.110 - - [13/Mar/2015:07:05:35 +0000] "POST /webmail/?/Ajax/ HTTP/1.1" 200 98 "https://bits.co.id/webmail/" "Mozilla/5.0 (X11; Ubuntu; Linux x86_64; rv:36.0) Gecko/20100101 Firefox/36.0"
36.84.243.110 - - [13/Mar/2015:07:05:36 +0000] "POST /webmail/?/Ajax/ HTTP/1.1" 200 5550 "https://bits.co.id/webmail/" "Mozilla/5.0 (X11; Ubuntu; Linux x86_64; rv:36.0) Gecko/20100101 Firefox/36.0"
36.84.243.110 - - [13/Mar/2015:07:05:36 +0000] "POST /webmail/?/Ajax/ HTTP/1.1" 200 6673 "https://bits.co.id/webmail/" "Mozilla/5.0 (X11; Ubuntu; Linux x86_64; rv:36.0) Gecko/20100101 Firefox/36.0"
36.84.243.110 - - [13/Mar/2015:07:05:37 +0000] "POST /webmail/?/Ajax/ HTTP/1.1" 200 8279 "https://bits.co.id/webmail/" "Mozilla/5.0 (X11; Ubuntu; Linux x86_64; rv:36.0) Gecko/20100101 Firefox/36.0"
36.84.243.110 - - [13/Mar/2015:07:05:37 +0000] "POST /webmail/?/Ajax/ HTTP/1.1" 200 255 "https://bits.co.id/webmail/" "Mozilla/5.0 (X11; Ubuntu; Linux x86_64; rv:36.0) Gecko/20100101 Firefox/36.0"
36.84.243.110 - - [13/Mar/2015:07:05:38 +0000] "POST /webmail/?/Ajax/ HTTP/1.1" 200 1279 "https://bits.co.id/webmail/" "Mozilla/5.0 (X11; Ubuntu; Linux x86_64; rv:36.0) Gecko/20100101 Firefox/36.0"
36.84.243.110 - - [13/Mar/2015:07:06:05 +0000] "GET /webmail/?/Raw/View/2/vCOPFOh320r_yV_ZPsDbSvsp63Izk9DUlFTfBmFHbuZl69sFy2yAdHfh7Er7J5R_HtcEDemQkFMpXYmjtZ-_Rj_JK2_gwtr0iDq7T-GkoSa-_FspPzKSomfFX0_-Z7dO7fFwWJO3BJUHzGftR0RxakB2kOf9Ubf4py3UeccyZReMuz7TANDX6Vz_B3Tl_5A_kmBl6ukbTApTURdNJtP_tArLlI_ekK6rbIDiZyOUFnod3isofI29nMDYmsuBYAgOxZDv7EDdmuKSVPbPMYMwqvgChSJpsMKR/0 HTTP/1.1" 200 20936 "https://bits.co.id/webmail/" "Mozilla/5.0 (X11; Ubuntu; Linux x86_64; rv:36.0) Gecko/20100101 Firefox/36.0"
36.84.243.110 - - [13/Mar/2015:07:06:06 +0000] "GET /favicon.ico HTTP/1.1" 404 2470 "-" "Mozilla/5.0 (X11; Ubuntu; Linux x86_64; rv:36.0) Gecko/20100101 Firefox/36.0"
128.199.122.79 - - [13/Mar/2015:07:06:06 +0000] "GET /combine/736dd6176a61768d9cf06737c97fd2d4-1422939978 HTTP/1.1" 200 266179 "https://bits.co.id/favicon.ico" "Serf/1.1.0 mod_pagespeed/1.9.32.3-4448"
36.84.243.110 - - [13/Mar/2015:07:06:06 +0000] "GET /favicon.ico HTTP/1.1" 404 2484 "-" "Mozilla/5.0 (X11; Ubuntu; Linux x86_64; rv:36.0) Gecko/20100101 Firefox/36.0"
74.86.158.110 - - [13/Mar/2015:07:06:09 +0000] "HEAD / HTTP/1.1" 200 0 "-" "Mozilla/5.0+(compatible; UptimeRobot/2.0; http://www.uptimerobot.com/)"
36.84.243.110 - - [13/Mar/2015:07:06:21 +0000] "GET /webmail/?/Raw/Download/2/vCOPFOh320r_yV_ZPsDbSvsp63Izk9DUlFTfBmFHbuZl69sFy2yAdHfh7Er7J5R_HtcEDemQkFMpXYmjtZ-_Rj_JK2_gwtr0iDq7T-GkoSa-_FspPzKSomfFX0_-Z7dO7fFwWJO3BJUHzGftR0RxakB2kOf9Ubf4py3UeccyZReMuz7TANDX6Vz_B3Tl_5A_kmBl6ukbTApTURdNJtP_tArLlI_ekK6rbIDiZyOUFnod3isofI29nMDYmsuBYAgOxZDv7EDdmuKSVPbPMYMwqvgChSJpsMKR/0 HTTP/1.1" 200 20936 "https://bits.co.id/webmail/" "Mozilla/5.0 (X11; Ubuntu; Linux x86_64; rv:36.0) Gecko/20100101 Firefox/36.0"
36.84.243.110 - - [13/Mar/2015:07:06:25 +0000] "GET /webmail/?/Raw/View/2/ZmsEIYHvJzIh0qaL-cKf_o8b7jfPJVSXYRJVviNyI7uM5OxXlK6WGuhz0I-Bd34c3WWkSFtv81KS0r-T885uRTYQ5vyw4eQonQWu0LiSEayJ9qdS5NK86v6P_xdYA8g2RpD38GubxnSUYN2BmHtZ-4BeGjD3hRWnbB2TdcF9P0HgcwPEiffccejqT_7lt8EUajjj_z9tVqdVq8CynticQ0b8FCqNHq7EZc9Dq-yEsqHZyfsLCtPc-dA7jFhlc9T-P_R4ahdcTnXRdxdVmc8OiKttgtPrgWYu/0 HTTP/1.1" 200 25336 "https://bits.co.id/webmail/" "Mozilla/5.0 (X11; Ubuntu; Linux x86_64; rv:36.0) Gecko/20100101 Firefox/36.0"
36.84.243.110 - - [13/Mar/2015:07:06:37 +0000] "POST /webmail/?/Ajax/ HTTP/1.1" 200 182 "https://bits.co.id/webmail/" "Mozilla/5.0 (X11; Ubuntu; Linux x86_64; rv:36.0) Gecko/20100101 Firefox/36.0"
36.84.243.110 - - [13/Mar/2015:07:06:51 +0000] "GET /webmail/?/Raw/Download/2/ZmsEIYHvJzIh0qaL-cKf_o8b7jfPJVSXYRJVviNyI7uM5OxXlK6WGuhz0I-Bd34c3WWkSFtv81KS0r-T885uRTYQ5vyw4eQonQWu0LiSEayJ9qdS5NK86v6P_xdYA8g2RpD38GubxnSUYN2BmHtZ-4BeGjD3hRWnbB2TdcF9P0HgcwPEiffccejqT_7lt8EUajjj_z9tVqdVq8CynticQ0b8FCqNHq7EZc9Dq-yEsqHZyfsLCtPc-dA7jFhlc9T-P_R4ahdcTnXRdxdVmc8OiKttgtPrgWYu/0 HTTP/1.1" 200 25336 "https://bits.co.id/webmail/" "Mozilla/5.0 (X11; Ubuntu; Linux x86_64; rv:36.0) Gecko/20100101 Firefox/36.0"
36.84.243.110 - - [13/Mar/2015:07:07:37 +0000] "POST /webmail/?/Ajax/ HTTP/1.1" 200 182 "https://bits.co.id/webmail/" "Mozilla/5.0 (X11; Ubuntu; Linux x86_64; rv:36.0) Gecko/20100101 Firefox/36.0"
37.252.229.58 - - [13/Mar/2015:07:07:47 +0000] "GET / HTTP/1.0" 301 178 "-" "Mozilla/5.0 (compatible; www.monitor.us - free monitoring service; http://www.monitor.us)"
67.228.177.17 - - [13/Mar/2015:07:07:47 +0000] "GET / HTTP/1.0" 301 178 "-" "Mozilla/5.0 (compatible; www.monitor.us - free monitoring service; http://www.monitor.us)"
37.252.229.58 - - [13/Mar/2015:07:07:48 +0000] "GET / HTTP/1.0" 200 6876 "-" "Mozilla/5.0 (compatible; www.monitor.us - free monitoring service; http://www.monitor.us)"
67.228.177.17 - - [13/Mar/2015:07:07:48 +0000] "GET / HTTP/1.0" 200 6876 "-" "Mozilla/5.0 (compatible; www.monitor.us - free monitoring service; http://www.monitor.us)"
36.84.243.110 - - [13/Mar/2015:07:08:37 +0000] "POST /webmail/?/Ajax/ HTTP/1.1" 200 183 "https://bits.co.id/webmail/" "Mozilla/5.0 (X11; Ubuntu; Linux x86_64; rv:36.0) Gecko/20100101 Firefox/36.0"
36.84.243.110 - - [13/Mar/2015:07:09:38 +0000] "POST /webmail/?/Ajax/ HTTP/1.1" 200 182 "https://bits.co.id/webmail/" "Mozilla/5.0 (X11; Ubuntu; Linux x86_64; rv:36.0) Gecko/20100101 Firefox/36.0"
36.84.243.110 - - [13/Mar/2015:07:10:38 +0000] "POST /webmail/?/Ajax/ HTTP/1.1" 200 182 "https://bits.co.id/webmail/" "Mozilla/5.0 (X11; Ubuntu; Linux x86_64; rv:36.0) Gecko/20100101 Firefox/36.0"
74.86.158.110 - - [13/Mar/2015:07:11:09 +0000] "HEAD / HTTP/1.1" 200 0 "-" "Mozilla/5.0+(compatible; UptimeRobot/2.0; http://www.uptimerobot.com/)"
36.84.243.110 - - [13/Mar/2015:07:11:18 +0000] "POST /webmail/?/Ajax/ HTTP/1.1" 200 96 "https://bits.co.id/webmail/" "Mozilla/5.0 (X11; Ubuntu; Linux x86_64; rv:36.0) Gecko/20100101 Firefox/36.0"
36.84.243.110 - - [13/Mar/2015:07:11:19 +0000] "POST /webmail/?/Ajax/ HTTP/1.1" 499 0 "https://bits.co.id/webmail/" "Mozilla/5.0 (X11; Ubuntu; Linux x86_64; rv:36.0) Gecko/20100101 Firefox/36.0"
36.84.243.110 - - [13/Mar/2015:07:11:20 +0000] "POST /webmail/?/Ajax/ HTTP/1.1" 200 99 "https://bits.co.id/webmail/" "Mozilla/5.0 (X11; Ubuntu; Linux x86_64; rv:36.0) Gecko/20100101 Firefox/36.0"
36.84.243.110 - - [13/Mar/2015:07:11:20 +0000] "POST /webmail/?/Ajax/ HTTP/1.1" 200 99 "https://bits.co.id/webmail/" "Mozilla/5.0 (X11; Ubuntu; Linux x86_64; rv:36.0) Gecko/20100101 Firefox/36.0"
36.84.243.110 - - [13/Mar/2015:07:11:20 +0000] "POST /webmail/?/Ajax/ HTTP/1.1" 200 4507 "https://bits.co.id/webmail/" "Mozilla/5.0 (X11; Ubuntu; Linux x86_64; rv:36.0) Gecko/20100101 Firefox/36.0"
36.84.243.110 - - [13/Mar/2015:07:11:20 +0000] "POST /webmail/?/Ajax/ HTTP/1.1" 200 6380 "https://bits.co.id/webmail/" "Mozilla/5.0 (X11; Ubuntu; Linux x86_64; rv:36.0) Gecko/20100101 Firefox/36.0"
36.84.243.110 - - [13/Mar/2015:07:11:21 +0000] "POST /webmail/?/Ajax/ HTTP/1.1" 200 8279 "https://bits.co.id/webmail/" "Mozilla/5.0 (X11; Ubuntu; Linux x86_64; rv:36.0) Gecko/20100101 Firefox/36.0"
36.84.243.110 - - [13/Mar/2015:07:11:21 +0000] "POST /webmail/?/Ajax/ HTTP/1.1" 200 257 "https://bits.co.id/webmail/" "Mozilla/5.0 (X11; Ubuntu; Linux x86_64; rv:36.0) Gecko/20100101 Firefox/36.0"
36.84.243.110 - - [13/Mar/2015:07:11:21 +0000] "POST /webmail/?/Ajax/ HTTP/1.1" 200 877 "https://bits.co.id/webmail/" "Mozilla/5.0 (X11; Ubuntu; Linux x86_64; rv:36.0) Gecko/20100101 Firefox/36.0"
36.84.243.110 - - [13/Mar/2015:07:11:56 +0000] "POST /webmail/?/Ajax/ HTTP/1.1" 200 99 "https://bits.co.id/webmail/" "Mozilla/5.0 (X11; Ubuntu; Linux x86_64; rv:36.0) Gecko/20100101 Firefox/36.0"
36.84.243.110 - - [13/Mar/2015:07:11:57 +0000] "POST /webmail/?/Ajax/ HTTP/1.1" 200 6373 "https://bits.co.id/webmail/" "Mozilla/5.0 (X11; Ubuntu; Linux x86_64; rv:36.0) Gecko/20100101 Firefox/36.0"
36.84.243.110 - - [13/Mar/2015:07:11:57 +0000] "POST /webmail/?/Ajax/ HTTP/1.1" 200 8279 "https://bits.co.id/webmail/" "Mozilla/5.0 (X11; Ubuntu; Linux x86_64; rv:36.0) Gecko/20100101 Firefox/36.0"
36.84.243.110 - - [13/Mar/2015:07:11:57 +0000] "POST /webmail/?/Ajax/ HTTP/1.1" 200 256 "https://bits.co.id/webmail/" "Mozilla/5.0 (X11; Ubuntu; Linux x86_64; rv:36.0) Gecko/20100101 Firefox/36.0"
36.84.243.110 - - [13/Mar/2015:07:11:58 +0000] "POST /webmail/?/Ajax/ HTTP/1.1" 200 253 "https://bits.co.id/webmail/" "Mozilla/5.0 (X11; Ubuntu; Linux x86_64; rv:36.0) Gecko/20100101 Firefox/36.0"
36.84.243.110 - - [13/Mar/2015:07:12:02 +0000] "POST /webmail/?/Ajax/ HTTP/1.1" 200 96 "https://bits.co.id/webmail/" "Mozilla/5.0 (X11; Ubuntu; Linux x86_64; rv:36.0) Gecko/20100101 Firefox/36.0"
36.84.243.110 - - [13/Mar/2015:07:12:02 +0000] "POST /webmail/?/Ajax/ HTTP/1.1" 200 6018 "https://bits.co.id/webmail/" "Mozilla/5.0 (X11; Ubuntu; Linux x86_64; rv:36.0) Gecko/20100101 Firefox/36.0"
36.84.243.110 - - [13/Mar/2015:07:12:03 +0000] "POST /webmail/?/Ajax/ HTTP/1.1" 200 8278 "https://bits.co.id/webmail/" "Mozilla/5.0 (X11; Ubuntu; Linux x86_64; rv:36.0) Gecko/20100101 Firefox/36.0"
36.84.243.110 - - [13/Mar/2015:07:12:03 +0000] "POST /webmail/?/Ajax/ HTTP/1.1" 200 255 "https://bits.co.id/webmail/" "Mozilla/5.0 (X11; Ubuntu; Linux x86_64; rv:36.0) Gecko/20100101 Firefox/36.0"
36.84.243.110 - - [13/Mar/2015:07:12:03 +0000] "POST /webmail/?/Ajax/ HTTP/1.1" 200 254 "https://bits.co.id/webmail/" "Mozilla/5.0 (X11; Ubuntu; Linux x86_64; rv:36.0) Gecko/20100101 Firefox/36.0"
36.84.243.110 - - [13/Mar/2015:07:12:05 +0000] "GET / HTTP/1.1" 200 8185 "-" "Mozilla/5.0 (X11; Ubuntu; Linux x86_64; rv:36.0) Gecko/20100101 Firefox/36.0"
36.84.243.110 - - [13/Mar/2015:07:12:05 +0000] "GET /_,Mjo.BwZ8ki_n0b.js.pagespeed.jm.Z-ZSW-pQtO.js HTTP/1.1" 200 3157 "https://bits.co.id/" "Mozilla/5.0 (X11; Ubuntu; Linux x86_64; rv:36.0) Gecko/20100101 Firefox/36.0"
36.84.243.110 - - [13/Mar/2015:07:12:05 +0000] "GET /themes/bits/assets/images/xlogo.png.pagespeed.ic.wqKt8NwrSB.png HTTP/1.1" 200 6707 "https://bits.co.id/" "Mozilla/5.0 (X11; Ubuntu; Linux x86_64; rv:36.0) Gecko/20100101 Firefox/36.0"
36.84.243.110 - - [13/Mar/2015:07:12:05 +0000] "GET /themes/bits/assets/images/xmain-feature.png.pagespeed.ic.Rs04LZqWl1.png HTTP/1.1" 200 74891 "https://bits.co.id/" "Mozilla/5.0 (X11; Ubuntu; Linux x86_64; rv:36.0) Gecko/20100101 Firefox/36.0"
128.199.122.79 - - [13/Mar/2015:07:12:05 +0000] "GET /combine/736dd6176a61768d9cf06737c97fd2d4-1422939978 HTTP/1.1" 200 266187 "https://bits.co.id/" "Serf/1.1.0 mod_pagespeed/1.9.32.3-4448"
36.84.243.110 - - [13/Mar/2015:07:12:06 +0000] "GET /themes/bits/assets/images/xslide3.jpg.pagespeed.ic.ECL4btzwE2.jpg HTTP/1.1" 200 166291 "https://bits.co.id/" "Mozilla/5.0 (X11; Ubuntu; Linux x86_64; rv:36.0) Gecko/20100101 Firefox/36.0"
36.84.243.110 - - [13/Mar/2015:07:12:06 +0000] "GET /themes/bits/assets/images/xslide2.jpg.pagespeed.ic.gjtEYNjFDF.jpg HTTP/1.1" 200 56733 "https://bits.co.id/" "Mozilla/5.0 (X11; Ubuntu; Linux x86_64; rv:36.0) Gecko/20100101 Firefox/36.0"
36.84.243.110 - - [13/Mar/2015:07:12:06 +0000] "GET /themes/bits/assets/images/team/x01.jpg.pagespeed.ic.R-JbeMfd36.jpg HTTP/1.1" 200 10486 "https://bits.co.id/" "Mozilla/5.0 (X11; Ubuntu; Linux x86_64; rv:36.0) Gecko/20100101 Firefox/36.0"
36.84.243.110 - - [13/Mar/2015:07:12:06 +0000] "GET /themes/bits/assets/js/html5shiv.js+respond.min.js.pagespeed.jc.44EGFUtx_q.js HTTP/1.1" 200 6160 "https://bits.co.id/" "Mozilla/5.0 (X11; Ubuntu; Linux x86_64; rv:36.0) Gecko/20100101 Firefox/36.0"
36.84.243.110 - - [13/Mar/2015:07:12:06 +0000] "GET /themes/bits/assets/js/jquery.js.pagespeed.jm.ZzSiN_5Whq.js HTTP/1.1" 200 32695 "https://bits.co.id/" "Mozilla/5.0 (X11; Ubuntu; Linux x86_64; rv:36.0) Gecko/20100101 Firefox/36.0"
36.84.243.110 - - [13/Mar/2015:07:12:06 +0000] "GET /themes/bits/assets/js/bootstrap.min.js+jquery.prettyPhoto.js+jquery.isotope.min.js+main.js.pagespeed.jc.dUphfFRc9N.js HTTP/1.1" 200 17928 "https://bits.co.id/" "Mozilla/5.0 (X11; Ubuntu; Linux x86_64; rv:36.0) Gecko/20100101 Firefox/36.0"
36.84.243.110 - - [13/Mar/2015:07:12:06 +0000] "GET /themes/bits/assets/js/plugins.js.pagespeed.jm.1dSug2Tlta.js HTTP/1.1" 200 24298 "https://bits.co.id/" "Mozilla/5.0 (X11; Ubuntu; Linux x86_64; rv:36.0) Gecko/20100101 Firefox/36.0"
36.84.243.110 - - [13/Mar/2015:07:12:06 +0000] "GET /themes,_bits,_assets,_js,_wow.min.js+modules,_system,_assets,_js,_framework.js+modules,_system,_assets,_js,_framework.extras.js.pagespeed.jc.HdJz3aFRJ-.js HTTP/1.1" 200 4466 "https://bits.co.id/" "Mozilla/5.0 (X11; Ubuntu; Linux x86_64; rv:36.0) Gecko/20100101 Firefox/36.0"
36.84.243.110 - - [13/Mar/2015:07:12:06 +0000] "GET /themes/bits/assets/images/team/x02.jpg.pagespeed.ic.723R3SrEAT.jpg HTTP/1.1" 200 7474 "https://bits.co.id/" "Mozilla/5.0 (X11; Ubuntu; Linux x86_64; rv:36.0) Gecko/20100101 Firefox/36.0"
36.84.243.110 - - [13/Mar/2015:07:12:06 +0000] "GET /themes/bits/assets/images/team/x03.jpg.pagespeed.ic.G_aiN32ZMC.jpg HTTP/1.1" 200 15272 "https://bits.co.id/" "Mozilla/5.0 (X11; Ubuntu; Linux x86_64; rv:36.0) Gecko/20100101 Firefox/36.0"
36.84.243.110 - - [13/Mar/2015:07:12:06 +0000] "GET /themes/bits/assets/images/team/x04.jpg.pagespeed.ic.gj5t2xY6Bz.jpg HTTP/1.1" 200 14717 "https://bits.co.id/" "Mozilla/5.0 (X11; Ubuntu; Linux x86_64; rv:36.0) Gecko/20100101 Firefox/36.0"
36.84.243.110 - - [13/Mar/2015:07:12:06 +0000] "GET /themes/bits/assets/images/portfolio/400x346x2.jpg.pagespeed.ic.2VmVeV7QiG.jpg HTTP/1.1" 200 33453 "https://bits.co.id/" "Mozilla/5.0 (X11; Ubuntu; Linux x86_64; rv:36.0) Gecko/20100101 Firefox/36.0"
36.84.243.110 - - [13/Mar/2015:07:12:06 +0000] "GET /themes/bits/assets/images/clients/xclient01.png.pagespeed.ic.zwwkYMsvye.png HTTP/1.1" 200 20125 "https://bits.co.id/" "Mozilla/5.0 (X11; Ubuntu; Linux x86_64; rv:36.0) Gecko/20100101 Firefox/36.0"
36.84.243.110 - - [13/Mar/2015:07:12:08 +0000] "GET /themes/bits/assets/images/portfolio/400x346x1.jpg.pagespeed.ic.IJHjOeASws.jpg HTTP/1.1" 200 394163 "https://bits.co.id/" "Mozilla/5.0 (X11; Ubuntu; Linux x86_64; rv:36.0) Gecko/20100101 Firefox/36.0"
36.84.243.110 - - [13/Mar/2015:07:12:08 +0000] "GET /themes/bits/assets/images/clients/xclient02.png.pagespeed.ic.A9wKnbuWY9.png HTTP/1.1" 200 12814 "https://bits.co.id/" "Mozilla/5.0 (X11; Ubuntu; Linux x86_64; rv:36.0) Gecko/20100101 Firefox/36.0"
36.84.243.110 - - [13/Mar/2015:07:12:09 +0000] "GET /themes/bits/assets/images/clients/xclient03.png.pagespeed.ic.MFGoUj009_.png HTTP/1.1" 200 22221 "https://bits.co.id/" "Mozilla/5.0 (X11; Ubuntu; Linux x86_64; rv:36.0) Gecko/20100101 Firefox/36.0"
36.84.243.110 - - [13/Mar/2015:07:12:09 +0000] "GET /themes/bits/assets/images/clients/xclient04.png.pagespeed.ic.gYVLyC8vRi.png HTTP/1.1" 200 11789 "https://bits.co.id/" "Mozilla/5.0 (X11; Ubuntu; Linux x86_64; rv:36.0) Gecko/20100101 Firefox/36.0"
36.84.243.110 - - [13/Mar/2015:07:12:09 +0000] "GET /themes/bits/assets/images/testimonial/x01.jpg.pagespeed.ic.yJrf9WZxvZ.jpg HTTP/1.1" 200 4020 "https://bits.co.id/" "Mozilla/5.0 (X11; Ubuntu; Linux x86_64; rv:36.0) Gecko/20100101 Firefox/36.0"
36.84.243.110 - - [13/Mar/2015:07:12:10 +0000] "GET /themes/bits/assets/images/portfolio/400x346x4.jpg.pagespeed.ic.xVG_9Z7uRK.jpg HTTP/1.1" 200 0 "https://bits.co.id/" "Mozilla/5.0 (X11; Ubuntu; Linux x86_64; rv:36.0) Gecko/20100101 Firefox/36.0"
36.84.243.110 - - [13/Mar/2015:07:12:10 +0000] "GET /themes/bits/assets/images/portfolio/400x346x5.jpg.pagespeed.ic.ag76W5WVJS.jpg HTTP/1.1" 200 0 "https://bits.co.id/" "Mozilla/5.0 (X11; Ubuntu; Linux x86_64; rv:36.0) Gecko/20100101 Firefox/36.0"
36.84.243.110 - - [13/Mar/2015:07:12:10 +0000] "GET /themes/bits/assets/images/portfolio/400x346x3.jpg.pagespeed.ic.T1sNAhmVBf.jpg HTTP/1.1" 200 0 "https://bits.co.id/" "Mozilla/5.0 (X11; Ubuntu; Linux x86_64; rv:36.0) Gecko/20100101 Firefox/36.0"
36.84.243.110 - - [13/Mar/2015:07:12:10 +0000] "GET /themes/bits/assets/images/xslide1.jpg.pagespeed.ic.QoXc3eFVso.jpg HTTP/1.1" 200 0 "https://bits.co.id/" "Mozilla/5.0 (X11; Ubuntu; Linux x86_64; rv:36.0) Gecko/20100101 Firefox/36.0"
36.84.243.110 - - [13/Mar/2015:07:12:11 +0000] "GET /themes/bits/assets/images/portfolio/400x346x6.jpg.pagespeed.ic.UpBYW133US.jpg HTTP/1.1" 200 32768 "https://bits.co.id/" "Mozilla/5.0 (X11; Ubuntu; Linux x86_64; rv:36.0) Gecko/20100101 Firefox/36.0"
36.84.243.110 - - [13/Mar/2015:07:12:15 +0000] "GET / HTTP/1.1" 200 8201 "-" "Mozilla/5.0 (X11; Ubuntu; Linux x86_64; rv:36.0) Gecko/20100101 Firefox/36.0"
