36.84.243.110 - - [13/Mar/2015:08:47:18 +0000] "GET /phpmyadmin/themes/pmahomme/img/logo_right.png.pagespeed.ce.mQyFeAMpeY.png HTTP/1.1" 200 4548 "https://bits.co.id/phpmyadmin/index.php?db=&token=8ab3fd9d58176105abcb8466519831ea&old_usr=root" "Mozilla/5.0 (X11; Ubuntu; Linux x86_64; rv:36.0) Gecko/20100101 Firefox/36.0"
36.84.243.110 - - [13/Mar/2015:08:47:18 +0000] "GET /phpmyadmin/phpmyadmin.css.php?server=1&token=bd9ac94fb5edf84ae14bb519237a560d&nocache=4270098220ltr HTTP/1.1" 200 20849 "https://bits.co.id/phpmyadmin/index.php?db=&token=8ab3fd9d58176105abcb8466519831ea&old_usr=root" "Mozilla/5.0 (X11; Ubuntu; Linux x86_64; rv:36.0) Gecko/20100101 Firefox/36.0"
36.84.243.110 - - [13/Mar/2015:08:47:18 +0000] "GET /phpmyadmin/js/whitelist.php?lang=en&db=&token=bd9ac94fb5edf84ae14bb519237a560d HTTP/1.1" 200 498 "https://bits.co.id/phpmyadmin/index.php?db=&token=8ab3fd9d58176105abcb8466519831ea&old_usr=root" "Mozilla/5.0 (X11; Ubuntu; Linux x86_64; rv:36.0) Gecko/20100101 Firefox/36.0"
36.84.243.110 - - [13/Mar/2015:08:47:18 +0000] "GET /phpmyadmin/js/messages.php?lang=en&db=&token=bd9ac94fb5edf84ae14bb519237a560d HTTP/1.1" 200 7140 "https://bits.co.id/phpmyadmin/index.php?db=&token=8ab3fd9d58176105abcb8466519831ea&old_usr=root" "Mozilla/5.0 (X11; Ubuntu; Linux x86_64; rv:36.0) Gecko/20100101 Firefox/36.0"
128.199.122.79 - - [13/Mar/2015:08:47:18 +0000] "GET /phpmyadmin/phpmyadmin.css.php?server=1&token=bd9ac94fb5edf84ae14bb519237a560d&nocache=4270098220ltr HTTP/1.1" 200 109786 "https://bits.co.id/phpmyadmin/index.php?db=&token=8ab3fd9d58176105abcb8466519831ea&old_usr=root" "Serf/1.1.0 mod_pagespeed/1.9.32.3-4448"
128.199.122.79 - - [13/Mar/2015:08:47:18 +0000] "GET /phpmyadmin/js/whitelist.php?lang=en&db=&token=bd9ac94fb5edf84ae14bb519237a560d HTTP/1.1" 200 2197 "https://bits.co.id/phpmyadmin/index.php?db=&token=8ab3fd9d58176105abcb8466519831ea&old_usr=root" "Serf/1.1.0 mod_pagespeed/1.9.32.3-4448"
128.199.122.79 - - [13/Mar/2015:08:47:19 +0000] "GET /phpmyadmin/js/messages.php?lang=en&db=&token=bd9ac94fb5edf84ae14bb519237a560d HTTP/1.1" 200 24079 "https://bits.co.id/phpmyadmin/index.php?db=&token=8ab3fd9d58176105abcb8466519831ea&old_usr=root" "Serf/1.1.0 mod_pagespeed/1.9.32.3-4448"
36.84.243.110 - - [13/Mar/2015:08:47:19 +0000] "POST /ngx_pagespeed_beacon?url=https%3A%2F%2Fbits.co.id%2Fphpmyadmin%2Findex.php%3Fdb%3D%26token%3D8ab3fd9d58176105abcb8466519831ea%26old_usr%3Droot HTTP/1.1" 204 0 "https://bits.co.id/phpmyadmin/index.php?db=&token=8ab3fd9d58176105abcb8466519831ea&old_usr=root" "Mozilla/5.0 (X11; Ubuntu; Linux x86_64; rv:36.0) Gecko/20100101 Firefox/36.0"
36.84.243.110 - - [13/Mar/2015:08:47:27 +0000] "POST /webmail/?/Ajax/ HTTP/1.1" 200 274 "https://bits.co.id/webmail/" "Mozilla/5.0 (X11; Ubuntu; Linux x86_64; rv:36.0) Gecko/20100101 Firefox/36.0"
36.84.243.110 - - [13/Mar/2015:08:47:43 +0000] "POST /phpmyadmin/index.php HTTP/1.1" 302 0 "https://bits.co.id/phpmyadmin/index.php?db=&token=8ab3fd9d58176105abcb8466519831ea&old_usr=root" "Mozilla/5.0 (X11; Ubuntu; Linux x86_64; rv:36.0) Gecko/20100101 Firefox/36.0"
36.84.243.110 - - [13/Mar/2015:08:47:44 +0000] "GET /phpmyadmin/index.php?token=2c2c2c6d4be470d1574cdc4e5ae6acdb HTTP/1.1" 200 13688 "https://bits.co.id/phpmyadmin/index.php?db=&token=8ab3fd9d58176105abcb8466519831ea&old_usr=root" "Mozilla/5.0 (X11; Ubuntu; Linux x86_64; rv:36.0) Gecko/20100101 Firefox/36.0"
128.199.122.79 - - [13/Mar/2015:08:47:44 +0000] "GET /phpmyadmin/phpmyadmin.css.php?server=1&token=2c2c2c6d4be470d1574cdc4e5ae6acdb&nocache=5696334683ltr HTTP/1.1" 200 109786 "https://bits.co.id/phpmyadmin/index.php?token=2c2c2c6d4be470d1574cdc4e5ae6acdb" "Serf/1.1.0 mod_pagespeed/1.9.32.3-4448"
36.84.243.110 - - [13/Mar/2015:08:47:44 +0000] "GET /phpmyadmin/_.pagespeed.jo.6UHSmOxh-K.js HTTP/1.1" 200 3223 "https://bits.co.id/phpmyadmin/index.php?token=2c2c2c6d4be470d1574cdc4e5ae6acdb" "Mozilla/5.0 (X11; Ubuntu; Linux x86_64; rv:36.0) Gecko/20100101 Firefox/36.0"
128.199.122.79 - - [13/Mar/2015:08:47:45 +0000] "GET /phpmyadmin/js/whitelist.php?lang=en&db=&token=2c2c2c6d4be470d1574cdc4e5ae6acdb HTTP/1.1" 200 2197 "https://bits.co.id/phpmyadmin/index.php?token=2c2c2c6d4be470d1574cdc4e5ae6acdb" "Serf/1.1.0 mod_pagespeed/1.9.32.3-4448"
36.84.243.110 - - [13/Mar/2015:08:47:44 +0000] "GET /phpmyadmin/js/get_scripts.js.php,qscripts,P5B,P5D=codemirror,_lib,_codemirror.js,ascripts,P5B,P5D=codemirror,_mode,_sql,_sql.js,ascripts,P5B,P5D=codemirror,_addon,_runmode,_runmode.js,ascripts,P5B,P5D=codemirror,_addon,_hint,_show-hint.js,ascripts,P5B,P5D=codemirror,_addon,_hint,_sql-hint.js,ascripts,P5B,P5D=console.js.pagespeed.jm.yYoqjBpuhk.js HTTP/1.1" 200 67721 "https://bits.co.id/phpmyadmin/index.php?token=2c2c2c6d4be470d1574cdc4e5ae6acdb" "Mozilla/5.0 (X11; Ubuntu; Linux x86_64; rv:36.0) Gecko/20100101 Firefox/36.0"
36.84.243.110 - - [13/Mar/2015:08:47:45 +0000] "GET /phpmyadmin/phpmyadmin.css.php?server=1&token=2c2c2c6d4be470d1574cdc4e5ae6acdb&nocache=5696334683ltr HTTP/1.1" 200 20849 "https://bits.co.id/phpmyadmin/index.php?token=2c2c2c6d4be470d1574cdc4e5ae6acdb" "Mozilla/5.0 (X11; Ubuntu; Linux x86_64; rv:36.0) Gecko/20100101 Firefox/36.0"
36.84.243.110 - - [13/Mar/2015:08:47:45 +0000] "GET /phpmyadmin/js/whitelist.php?lang=en&db=&token=2c2c2c6d4be470d1574cdc4e5ae6acdb HTTP/1.1" 200 498 "https://bits.co.id/phpmyadmin/index.php?token=2c2c2c6d4be470d1574cdc4e5ae6acdb" "Mozilla/5.0 (X11; Ubuntu; Linux x86_64; rv:36.0) Gecko/20100101 Firefox/36.0"
128.199.122.79 - - [13/Mar/2015:08:47:45 +0000] "GET /phpmyadmin/js/messages.php?lang=en&db=&token=2c2c2c6d4be470d1574cdc4e5ae6acdb HTTP/1.1" 200 24079 "https://bits.co.id/phpmyadmin/index.php?token=2c2c2c6d4be470d1574cdc4e5ae6acdb" "Serf/1.1.0 mod_pagespeed/1.9.32.3-4448"
36.84.243.110 - - [13/Mar/2015:08:47:45 +0000] "GET /phpmyadmin/js/messages.php?lang=en&db=&token=2c2c2c6d4be470d1574cdc4e5ae6acdb HTTP/1.1" 200 7140 "https://bits.co.id/phpmyadmin/index.php?token=2c2c2c6d4be470d1574cdc4e5ae6acdb" "Mozilla/5.0 (X11; Ubuntu; Linux x86_64; rv:36.0) Gecko/20100101 Firefox/36.0"
36.84.243.110 - - [13/Mar/2015:08:47:46 +0000] "POST /phpmyadmin/db_structure.php?ajax_request=1&favorite_table=1&sync_favorite_tables=1&token=2c2c2c6d4be470d1574cdc4e5ae6acdb HTTP/1.1" 200 1320 "https://bits.co.id/phpmyadmin/index.php?token=2c2c2c6d4be470d1574cdc4e5ae6acdb" "Mozilla/5.0 (X11; Ubuntu; Linux x86_64; rv:36.0) Gecko/20100101 Firefox/36.0"
36.84.243.110 - - [13/Mar/2015:08:47:46 +0000] "POST /ngx_pagespeed_beacon?url=https%3A%2F%2Fbits.co.id%2Fphpmyadmin%2Findex.php%3Ftoken%3D2c2c2c6d4be470d1574cdc4e5ae6acdb HTTP/1.1" 204 0 "https://bits.co.id/phpmyadmin/index.php?token=2c2c2c6d4be470d1574cdc4e5ae6acdb" "Mozilla/5.0 (X11; Ubuntu; Linux x86_64; rv:36.0) Gecko/20100101 Firefox/36.0"
36.84.243.110 - - [13/Mar/2015:08:47:46 +0000] "GET /phpmyadmin/version_check.php?&_nocache=1426236470356102287 HTTP/1.1" 200 61 "https://bits.co.id/phpmyadmin/index.php?token=2c2c2c6d4be470d1574cdc4e5ae6acdb" "Mozilla/5.0 (X11; Ubuntu; Linux x86_64; rv:36.0) Gecko/20100101 Firefox/36.0"
36.84.243.110 - - [13/Mar/2015:08:47:50 +0000] "GET /phpmyadmin/db_structure.php?server=1&db=c17fkwt&token=2c2c2c6d4be470d1574cdc4e5ae6acdb&ajax_request=true&ajax_page_request=true&menuHashes=19c4758b&_nocache=142623647420333017 HTTP/1.1" 200 1666 "https://bits.co.id/phpmyadmin/index.php?token=2c2c2c6d4be470d1574cdc4e5ae6acdb" "Mozilla/5.0 (X11; Ubuntu; Linux x86_64; rv:36.0) Gecko/20100101 Firefox/36.0"
36.84.243.110 - - [13/Mar/2015:08:47:52 +0000] "GET /phpmyadmin/navigation.php?ajax_request=1&token=2c2c2c6d4be470d1574cdc4e5ae6acdb&aPath=cm9vdA%3D%3D.YzE3Zmt3dA%3D%3D&vPath=cm9vdA%3D%3D.YzE3Zmt3dA%3D%3D&pos=0&pos2_name=&pos2_value=&searchClause=&searchClause2=&_nocache=1426236475347448964 HTTP/1.1" 200 1228 "https://bits.co.id/phpmyadmin/index.php?token=2c2c2c6d4be470d1574cdc4e5ae6acdb" "Mozilla/5.0 (X11; Ubuntu; Linux x86_64; rv:36.0) Gecko/20100101 Firefox/36.0"
36.84.243.110 - - [13/Mar/2015:08:47:54 +0000] "GET /phpmyadmin/db_import.php?db=c17fkwt&token=2c2c2c6d4be470d1574cdc4e5ae6acdb&ajax_request=true&ajax_page_request=true&menuHashes=19c4758b-6e54410d&_nocache=1426236478127280284 HTTP/1.1" 200 4011 "https://bits.co.id/phpmyadmin/index.php?token=2c2c2c6d4be470d1574cdc4e5ae6acdb" "Mozilla/5.0 (X11; Ubuntu; Linux x86_64; rv:36.0) Gecko/20100101 Firefox/36.0"
36.84.243.110 - - [13/Mar/2015:08:47:54 +0000] "GET /phpmyadmin/js/get_scripts.js.php?scripts%5B%5D=import.js&call_done=1 HTTP/1.1" 200 1791 "https://bits.co.id/phpmyadmin/index.php?token=2c2c2c6d4be470d1574cdc4e5ae6acdb" "Mozilla/5.0 (X11; Ubuntu; Linux x86_64; rv:36.0) Gecko/20100101 Firefox/36.0"
36.84.243.110 - - [13/Mar/2015:08:48:06 +0000] "GET /phpmyadmin/db_export.php?db=c17fkwt&token=2c2c2c6d4be470d1574cdc4e5ae6acdb&ajax_request=true&ajax_page_request=true&menuHashes=19c4758b-6e54410d-9f95abc2&_nocache=1426236490158752531 HTTP/1.1" 200 1418 "https://bits.co.id/phpmyadmin/index.php?token=2c2c2c6d4be470d1574cdc4e5ae6acdb" "Mozilla/5.0 (X11; Ubuntu; Linux x86_64; rv:36.0) Gecko/20100101 Firefox/36.0"
36.84.243.110 - - [13/Mar/2015:08:48:07 +0000] "GET /phpmyadmin/js/get_scripts.js.php?scripts%5B%5D=export.js&call_done=1 HTTP/1.1" 200 3152 "https://bits.co.id/phpmyadmin/index.php?token=2c2c2c6d4be470d1574cdc4e5ae6acdb" "Mozilla/5.0 (X11; Ubuntu; Linux x86_64; rv:36.0) Gecko/20100101 Firefox/36.0"
36.84.243.110 - - [13/Mar/2015:08:48:09 +0000] "GET /phpmyadmin/db_import.php?db=c17fkwt&token=2c2c2c6d4be470d1574cdc4e5ae6acdb&ajax_request=true&ajax_page_request=true&menuHashes=19c4758b-6e54410d-9f95abc2-cd8237f6&_nocache=142623649352955936 HTTP/1.1" 200 3433 "https://bits.co.id/phpmyadmin/index.php?token=2c2c2c6d4be470d1574cdc4e5ae6acdb" "Mozilla/5.0 (X11; Ubuntu; Linux x86_64; rv:36.0) Gecko/20100101 Firefox/36.0"
74.86.158.110 - - [13/Mar/2015:08:48:11 +0000] "HEAD / HTTP/1.1" 200 0 "-" "Mozilla/5.0+(compatible; UptimeRobot/2.0; http://www.uptimerobot.com/)"
36.84.243.110 - - [13/Mar/2015:08:48:28 +0000] "POST /webmail/?/Ajax/ HTTP/1.1" 200 276 "https://bits.co.id/webmail/" "Mozilla/5.0 (X11; Ubuntu; Linux x86_64; rv:36.0) Gecko/20100101 Firefox/36.0"
36.84.243.110 - - [13/Mar/2015:08:48:33 +0000] "POST /phpmyadmin/import.php HTTP/1.1" 200 8527 "https://bits.co.id/phpmyadmin/index.php?token=2c2c2c6d4be470d1574cdc4e5ae6acdb" "Mozilla/5.0 (X11; Ubuntu; Linux x86_64; rv:36.0) Gecko/20100101 Firefox/36.0"
128.199.122.79 - - [13/Mar/2015:08:48:33 +0000] "GET /phpmyadmin/js/whitelist.php?lang=en&db=c17fkwt&token=2c2c2c6d4be470d1574cdc4e5ae6acdb HTTP/1.1" 200 2197 "https://bits.co.id/phpmyadmin/import.php" "Serf/1.1.0 mod_pagespeed/1.9.32.3-4448"
128.199.122.79 - - [13/Mar/2015:08:48:33 +0000] "GET /phpmyadmin/js/messages.php?lang=en&db=c17fkwt&token=2c2c2c6d4be470d1574cdc4e5ae6acdb HTTP/1.1" 200 24079 "https://bits.co.id/phpmyadmin/import.php" "Serf/1.1.0 mod_pagespeed/1.9.32.3-4448"
36.84.243.110 - - [13/Mar/2015:08:48:33 +0000] "GET /phpmyadmin/themes/pmahomme/jquery/A.jquery-ui-1.9.2.custom.css.pagespeed.cf.VFpFwCfLeY.css HTTP/1.1" 200 4755 "https://bits.co.id/phpmyadmin/import.php" "Mozilla/5.0 (X11; Ubuntu; Linux x86_64; rv:36.0) Gecko/20100101 Firefox/36.0"
36.84.243.110 - - [13/Mar/2015:08:48:33 +0000] "GET /phpmyadmin/_.pagespeed.jo.RXuhhJbhPT.js HTTP/1.1" 200 3185 "https://bits.co.id/phpmyadmin/import.php" "Mozilla/5.0 (X11; Ubuntu; Linux x86_64; rv:36.0) Gecko/20100101 Firefox/36.0"
36.84.243.110 - - [13/Mar/2015:08:48:33 +0000] "GET /phpmyadmin/js/whitelist.php?lang=en&db=c17fkwt&token=2c2c2c6d4be470d1574cdc4e5ae6acdb HTTP/1.1" 200 498 "https://bits.co.id/phpmyadmin/import.php" "Mozilla/5.0 (X11; Ubuntu; Linux x86_64; rv:36.0) Gecko/20100101 Firefox/36.0"
36.84.243.110 - - [13/Mar/2015:08:48:33 +0000] "GET /phpmyadmin/js/get_scripts.js.php,qscripts,P5B,P5D=codemirror,_lib,_codemirror.js,ascripts,P5B,P5D=codemirror,_mode,_sql,_sql.js,ascripts,P5B,P5D=codemirror,_addon,_runmode,_runmode.js,ascripts,P5B,P5D=codemirror,_addon,_hint,_show-hint.js,ascripts,P5B,P5D=codemirror,_addon,_hint,_sql-hint.js,ascripts,P5B,P5D=console.js.pagespeed.jm.yYoqjBpuhk.js HTTP/1.1" 200 67721 "https://bits.co.id/phpmyadmin/import.php" "Mozilla/5.0 (X11; Ubuntu; Linux x86_64; rv:36.0) Gecko/20100101 Firefox/36.0"
36.84.243.110 - - [13/Mar/2015:08:48:33 +0000] "GET /phpmyadmin/js/messages.php?lang=en&db=c17fkwt&token=2c2c2c6d4be470d1574cdc4e5ae6acdb HTTP/1.1" 200 7140 "https://bits.co.id/phpmyadmin/import.php" "Mozilla/5.0 (X11; Ubuntu; Linux x86_64; rv:36.0) Gecko/20100101 Firefox/36.0"
36.84.243.110 - - [13/Mar/2015:08:48:34 +0000] "GET /phpmyadmin/navigation.php?ajax_request=1&token=2c2c2c6d4be470d1574cdc4e5ae6acdb&aPath=cm9vdA%3D%3D.YzE3Zmt3dA%3D%3D&vPath=cm9vdA%3D%3D.YzE3Zmt3dA%3D%3D&pos=0&pos2_name=&pos2_value=&searchClause=&searchClause2=&_nocache=1426236518402554191 HTTP/1.1" 200 2309 "https://bits.co.id/phpmyadmin/import.php" "Mozilla/5.0 (X11; Ubuntu; Linux x86_64; rv:36.0) Gecko/20100101 Firefox/36.0"
36.84.243.110 - - [13/Mar/2015:08:48:34 +0000] "POST /ngx_pagespeed_beacon?url=https%3A%2F%2Fbits.co.id%2Fphpmyadmin%2Fimport.php HTTP/1.1" 204 0 "https://bits.co.id/phpmyadmin/import.php" "Mozilla/5.0 (X11; Ubuntu; Linux x86_64; rv:36.0) Gecko/20100101 Firefox/36.0"
36.84.243.110 - - [13/Mar/2015:08:48:36 +0000] "GET /phpmyadmin/db_export.php?db=c17fkwt&token=2c2c2c6d4be470d1574cdc4e5ae6acdb&ajax_request=true&ajax_page_request=true&_nocache=1426236520351916591 HTTP/1.1" 200 11505 "https://bits.co.id/phpmyadmin/import.php" "Mozilla/5.0 (X11; Ubuntu; Linux x86_64; rv:36.0) Gecko/20100101 Firefox/36.0"
36.84.243.110 - - [13/Mar/2015:08:48:40 +0000] "GET /phpmyadmin/db_structure.php?db=c17fkwt&token=2c2c2c6d4be470d1574cdc4e5ae6acdb&ajax_request=true&ajax_page_request=true&_nocache=1426236524011615107 HTTP/1.1" 200 5752 "https://bits.co.id/phpmyadmin/import.php" "Mozilla/5.0 (X11; Ubuntu; Linux x86_64; rv:36.0) Gecko/20100101 Firefox/36.0"
36.84.243.110 - - [13/Mar/2015:08:49:28 +0000] "POST /webmail/?/Ajax/ HTTP/1.1" 200 276 "https://bits.co.id/webmail/" "Mozilla/5.0 (X11; Ubuntu; Linux x86_64; rv:36.0) Gecko/20100101 Firefox/36.0"
36.84.243.110 - - [13/Mar/2015:08:49:32 +0000] "POST /webftp/index.php HTTP/1.1" 200 3996 "https://bits.co.id/webftp/index.php" "Mozilla/5.0 (X11; Ubuntu; Linux x86_64; rv:36.0) Gecko/20100101 Firefox/36.0"
128.199.122.79 - - [13/Mar/2015:08:49:32 +0000] "GET /webftp/skins/shinra/css/main.css.php?ltr=ltr&image_url=https%3A%2F%2Fbits.co.id%2Fwebftp%2Fskins%2Fshinra%2Fimages HTTP/1.1" 404 11072 "https://bits.co.id/webftp/index.php" "Serf/1.1.0 mod_pagespeed/1.9.32.3-4448"
36.84.243.110 - - [13/Mar/2015:08:49:32 +0000] "GET /webftp/skins/shinra/js/jquery-1.5.1.min.js.pagespeed.jm.0rbv3JtbSX.js HTTP/1.1" 200 29419 "https://bits.co.id/webftp/index.php" "Mozilla/5.0 (X11; Ubuntu; Linux x86_64; rv:36.0) Gecko/20100101 Firefox/36.0"
36.84.243.110 - - [13/Mar/2015:08:49:32 +0000] "GET /webftp/skins/shinra/js/jquery-ui-1.8.13.custom.min.js.pagespeed.jm.nyxRw--q6x.js HTTP/1.1" 200 50672 "https://bits.co.id/webftp/index.php" "Mozilla/5.0 (X11; Ubuntu; Linux x86_64; rv:36.0) Gecko/20100101 Firefox/36.0"
36.84.243.110 - - [13/Mar/2015:08:49:32 +0000] "GET /webftp/skins/shinra/js/custom.js+superfish-1.4.8,_js,_hoverIntent.js+superfish-1.4.8,_js,_superfish.js+superfish-1.4.8,_js,_supersubs.js+poshytip-1.0,_src,_jquery.poshytip.min.js.pagespeed.jc.S6DJGwa2DI.js HTTP/1.1" 200 5067 "https://bits.co.id/webftp/index.php" "Mozilla/5.0 (X11; Ubuntu; Linux x86_64; rv:36.0) Gecko/20100101 Firefox/36.0"
36.84.243.110 - - [13/Mar/2015:08:49:32 +0000] "GET /webftp/skins/shinra/A.css,,_style.css.php,,qshow_ads==no+skins,,_glossy,,_style.css,Mcc.QnNO5Py937.css.pagespeed.cf.GuCSBZu8GP.css HTTP/1.1" 200 5846 "https://bits.co.id/webftp/index.php" "Mozilla/5.0 (X11; Ubuntu; Linux x86_64; rv:36.0) Gecko/20100101 Firefox/36.0"
36.84.243.110 - - [13/Mar/2015:08:49:32 +0000] "GET /webftp/skins/shinra/js/poshytip-1.0/src/A.tip-twitter,,_tip-twitter.css+tip-yellowsimple,,_tip-yellowsimple.css,Mcc.XSwDW7-b0Z.css.pagespeed.cf.4R8P3lWh_Z.css HTTP/1.1" 200 2155 "https://bits.co.id/webftp/index.php" "Mozilla/5.0 (X11; Ubuntu; Linux x86_64; rv:36.0) Gecko/20100101 Firefox/36.0"
36.84.243.110 - - [13/Mar/2015:08:49:32 +0000] "GET /webftp/_,Mjo.2yJ-MYaMyr.js.pagespeed.jm.SUyCMmxHzn.js HTTP/1.1" 200 3173 "https://bits.co.id/webftp/index.php" "Mozilla/5.0 (X11; Ubuntu; Linux x86_64; rv:36.0) Gecko/20100101 Firefox/36.0"
36.84.243.110 - - [13/Mar/2015:08:49:32 +0000] "GET /webftp/skins/shinra/images/actions/32x32xback.png.pagespeed.ic.dRCMaM0m4Y.png HTTP/1.1" 200 1488 "https://bits.co.id/webftp/index.php" "Mozilla/5.0 (X11; Ubuntu; Linux x86_64; rv:36.0) Gecko/20100101 Firefox/36.0"
36.84.243.110 - - [13/Mar/2015:08:49:32 +0000] "GET /webftp/skins/shinra/images/actions/32x32xfilesave.png.pagespeed.ic.4ivq_6gf56.png HTTP/1.1" 200 1308 "https://bits.co.id/webftp/index.php" "Mozilla/5.0 (X11; Ubuntu; Linux x86_64; rv:36.0) Gecko/20100101 Firefox/36.0"
36.84.243.110 - - [13/Mar/2015:08:49:32 +0000] "GET /webftp/skins/shinra/css/main.css.php?ltr=ltr&image_url=https%3A%2F%2Fbits.co.id%2Fwebftp%2Fskins%2Fshinra%2Fimages HTTP/1.1" 404 2485 "https://bits.co.id/webftp/index.php" "Mozilla/5.0 (X11; Ubuntu; Linux x86_64; rv:36.0) Gecko/20100101 Firefox/36.0"
128.199.122.79 - - [13/Mar/2015:08:49:32 +0000] "GET /combine/736dd6176a61768d9cf06737c97fd2d4-1422939978 HTTP/1.1" 200 266194 "https://bits.co.id/webftp/skins/shinra/css/main.css.php?ltr=ltr&image_url=https%3A%2F%2Fbits.co.id%2Fwebftp%2Fskins%2Fshinra%2Fimages" "Serf/1.1.0 mod_pagespeed/1.9.32.3-4448"
36.84.243.110 - - [13/Mar/2015:08:49:33 +0000] "GET /webftp/skins/shinra/css/main.css.php?ltr=ltr&image_url=https%3A%2F%2Fbits.co.id%2Fwebftp%2Fskins%2Fshinra%2Fimages HTTP/1.1" 404 2378 "https://bits.co.id/webftp/index.php" "Mozilla/5.0 (X11; Ubuntu; Linux x86_64; rv:36.0) Gecko/20100101 Firefox/36.0"
36.84.243.110 - - [13/Mar/2015:08:49:33 +0000] "GET /webftp/skins/shinra/img/bg/patterns/xobl-1x1.png.pagespeed.ic.aZC0KY_SZJ.png HTTP/1.1" 200 103 "https://bits.co.id/webftp/skins/shinra/A.css,,_style.css.php,,qshow_ads==no+skins,,_glossy,,_style.css,Mcc.QnNO5Py937.css.pagespeed.cf.GuCSBZu8GP.css" "Mozilla/5.0 (X11; Ubuntu; Linux x86_64; rv:36.0) Gecko/20100101 Firefox/36.0"
36.84.243.110 - - [13/Mar/2015:08:49:33 +0000] "GET /webftp/plugins/ace/theme-textmate.js HTTP/1.1" 404 2497 "https://bits.co.id/webftp/index.php" "Mozilla/5.0 (X11; Ubuntu; Linux x86_64; rv:36.0) Gecko/20100101 Firefox/36.0"
36.84.243.110 - - [13/Mar/2015:08:49:34 +0000] "POST /ngx_pagespeed_beacon?url=https%3A%2F%2Fbits.co.id%2Fwebftp%2Findex.php HTTP/1.1" 204 0 "https://bits.co.id/webftp/index.php" "Mozilla/5.0 (X11; Ubuntu; Linux x86_64; rv:36.0) Gecko/20100101 Firefox/36.0"
36.84.243.110 - - [13/Mar/2015:08:50:29 +0000] "POST /webmail/?/Ajax/ HTTP/1.1" 200 277 "https://bits.co.id/webmail/" "Mozilla/5.0 (X11; Ubuntu; Linux x86_64; rv:36.0) Gecko/20100101 Firefox/36.0"
36.84.243.110 - - [13/Mar/2015:08:51:30 +0000] "POST /webmail/?/Ajax/ HTTP/1.1" 200 276 "https://bits.co.id/webmail/" "Mozilla/5.0 (X11; Ubuntu; Linux x86_64; rv:36.0) Gecko/20100101 Firefox/36.0"
36.84.243.110 - - [13/Mar/2015:08:52:30 +0000] "POST /webmail/?/Ajax/ HTTP/1.1" 200 276 "https://bits.co.id/webmail/" "Mozilla/5.0 (X11; Ubuntu; Linux x86_64; rv:36.0) Gecko/20100101 Firefox/36.0"
74.86.158.110 - - [13/Mar/2015:08:53:12 +0000] "HEAD / HTTP/1.1" 200 0 "-" "Mozilla/5.0+(compatible; UptimeRobot/2.0; http://www.uptimerobot.com/)"
36.84.243.110 - - [13/Mar/2015:08:53:31 +0000] "POST /webmail/?/Ajax/ HTTP/1.1" 200 276 "https://bits.co.id/webmail/" "Mozilla/5.0 (X11; Ubuntu; Linux x86_64; rv:36.0) Gecko/20100101 Firefox/36.0"
36.84.243.110 - - [13/Mar/2015:08:54:31 +0000] "POST /webmail/?/Ajax/ HTTP/1.1" 200 276 "https://bits.co.id/webmail/" "Mozilla/5.0 (X11; Ubuntu; Linux x86_64; rv:36.0) Gecko/20100101 Firefox/36.0"
36.84.243.110 - - [13/Mar/2015:08:55:32 +0000] "POST /webmail/?/Ajax/ HTTP/1.1" 200 278 "https://bits.co.id/webmail/" "Mozilla/5.0 (X11; Ubuntu; Linux x86_64; rv:36.0) Gecko/20100101 Firefox/36.0"
36.84.243.110 - - [13/Mar/2015:08:56:32 +0000] "POST /webmail/?/Ajax/ HTTP/1.1" 200 276 "https://bits.co.id/webmail/" "Mozilla/5.0 (X11; Ubuntu; Linux x86_64; rv:36.0) Gecko/20100101 Firefox/36.0"
36.84.243.110 - - [13/Mar/2015:08:57:32 +0000] "POST /webmail/?/Ajax/ HTTP/1.1" 200 276 "https://bits.co.id/webmail/" "Mozilla/5.0 (X11; Ubuntu; Linux x86_64; rv:36.0) Gecko/20100101 Firefox/36.0"
74.86.158.110 - - [13/Mar/2015:08:58:11 +0000] "HEAD / HTTP/1.1" 200 0 "-" "Mozilla/5.0+(compatible; UptimeRobot/2.0; http://www.uptimerobot.com/)"
36.84.243.110 - - [13/Mar/2015:08:58:33 +0000] "POST /webmail/?/Ajax/ HTTP/1.1" 200 276 "https://bits.co.id/webmail/" "Mozilla/5.0 (X11; Ubuntu; Linux x86_64; rv:36.0) Gecko/20100101 Firefox/36.0"
36.84.243.110 - - [13/Mar/2015:08:59:33 +0000] "POST /webmail/?/Ajax/ HTTP/1.1" 200 276 "https://bits.co.id/webmail/" "Mozilla/5.0 (X11; Ubuntu; Linux x86_64; rv:36.0) Gecko/20100101 Firefox/36.0"
36.84.243.110 - - [13/Mar/2015:09:00:33 +0000] "POST /webmail/?/Ajax/ HTTP/1.1" 200 275 "https://bits.co.id/webmail/" "Mozilla/5.0 (X11; Ubuntu; Linux x86_64; rv:36.0) Gecko/20100101 Firefox/36.0"
36.84.243.110 - - [13/Mar/2015:09:01:34 +0000] "POST /webmail/?/Ajax/ HTTP/1.1" 200 277 "https://bits.co.id/webmail/" "Mozilla/5.0 (X11; Ubuntu; Linux x86_64; rv:36.0) Gecko/20100101 Firefox/36.0"
36.84.243.110 - - [13/Mar/2015:09:02:36 +0000] "POST /webmail/?/Ajax/ HTTP/1.1" 200 277 "https://bits.co.id/webmail/" "Mozilla/5.0 (X11; Ubuntu; Linux x86_64; rv:36.0) Gecko/20100101 Firefox/36.0"
74.86.158.110 - - [13/Mar/2015:09:03:11 +0000] "HEAD / HTTP/1.1" 200 0 "-" "Mozilla/5.0+(compatible; UptimeRobot/2.0; http://www.uptimerobot.com/)"
184.105.247.196 - - [13/Mar/2015:09:03:35 +0000] "GET / HTTP/1.1" 200 33213 "-" "-"
128.199.122.79 - - [13/Mar/2015:09:03:35 +0000] "GET /combine/736dd6176a61768d9cf06737c97fd2d4-1422939978 HTTP/1.1" 200 266202 "https://128.199.122.79/" "Serf/1.1.0 mod_pagespeed/1.9.32.3-4448"
36.84.243.110 - - [13/Mar/2015:09:03:36 +0000] "POST /webmail/?/Ajax/ HTTP/1.1" 200 276 "https://bits.co.id/webmail/" "Mozilla/5.0 (X11; Ubuntu; Linux x86_64; rv:36.0) Gecko/20100101 Firefox/36.0"
36.84.243.110 - - [13/Mar/2015:09:04:36 +0000] "POST /webmail/?/Ajax/ HTTP/1.1" 200 278 "https://bits.co.id/webmail/" "Mozilla/5.0 (X11; Ubuntu; Linux x86_64; rv:36.0) Gecko/20100101 Firefox/36.0"
36.84.243.110 - - [13/Mar/2015:09:05:37 +0000] "POST /webmail/?/Ajax/ HTTP/1.1" 200 276 "https://bits.co.id/webmail/" "Mozilla/5.0 (X11; Ubuntu; Linux x86_64; rv:36.0) Gecko/20100101 Firefox/36.0"
36.84.243.110 - - [13/Mar/2015:09:06:37 +0000] "POST /webmail/?/Ajax/ HTTP/1.1" 200 276 "https://bits.co.id/webmail/" "Mozilla/5.0 (X11; Ubuntu; Linux x86_64; rv:36.0) Gecko/20100101 Firefox/36.0"
36.84.243.110 - - [13/Mar/2015:09:07:37 +0000] "POST /webmail/?/Ajax/ HTTP/1.1" 200 276 "https://bits.co.id/webmail/" "Mozilla/5.0 (X11; Ubuntu; Linux x86_64; rv:36.0) Gecko/20100101 Firefox/36.0"
37.252.229.58 - - [13/Mar/2015:09:07:47 +0000] "GET / HTTP/1.0" 301 178 "-" "Mozilla/5.0 (compatible; www.monitor.us - free monitoring service; http://www.monitor.us)"
67.228.177.17 - - [13/Mar/2015:09:07:47 +0000] "GET / HTTP/1.0" 301 178 "-" "Mozilla/5.0 (compatible; www.monitor.us - free monitoring service; http://www.monitor.us)"
37.252.229.58 - - [13/Mar/2015:09:07:47 +0000] "GET / HTTP/1.0" 200 6860 "-" "Mozilla/5.0 (compatible; www.monitor.us - free monitoring service; http://www.monitor.us)"
128.199.122.79 - - [13/Mar/2015:09:07:48 +0000] "GET /combine/736dd6176a61768d9cf06737c97fd2d4-1422939978 HTTP/1.1" 200 266194 "https://bits.co.id/" "Serf/1.1.0 mod_pagespeed/1.9.32.3-4448"
67.228.177.17 - - [13/Mar/2015:09:07:48 +0000] "GET / HTTP/1.0" 200 6876 "-" "Mozilla/5.0 (compatible; www.monitor.us - free monitoring service; http://www.monitor.us)"
36.84.243.110 - - [13/Mar/2015:09:08:37 +0000] "POST /webmail/?/Ajax/ HTTP/1.1" 200 275 "https://bits.co.id/webmail/" "Mozilla/5.0 (X11; Ubuntu; Linux x86_64; rv:36.0) Gecko/20100101 Firefox/36.0"
36.84.243.110 - - [13/Mar/2015:09:09:38 +0000] "POST /webmail/?/Ajax/ HTTP/1.1" 200 276 "https://bits.co.id/webmail/" "Mozilla/5.0 (X11; Ubuntu; Linux x86_64; rv:36.0) Gecko/20100101 Firefox/36.0"
36.84.243.110 - - [13/Mar/2015:09:10:38 +0000] "POST /webmail/?/Ajax/ HTTP/1.1" 200 277 "https://bits.co.id/webmail/" "Mozilla/5.0 (X11; Ubuntu; Linux x86_64; rv:36.0) Gecko/20100101 Firefox/36.0"
36.84.243.110 - - [13/Mar/2015:09:11:38 +0000] "POST /webmail/?/Ajax/ HTTP/1.1" 200 275 "https://bits.co.id/webmail/" "Mozilla/5.0 (X11; Ubuntu; Linux x86_64; rv:36.0) Gecko/20100101 Firefox/36.0"
128.199.120.155 - - [13/Mar/2015:09:11:51 +0000] "GET / HTTP/1.1" 200 7221 "http://www.kaskus.co.id/post/54cb353e60e24b58548b4574" "Mozilla/5.0 (Windows NT 6.1; rv:36.0) Gecko/20100101 Firefox/36.0"
128.199.120.155 - - [13/Mar/2015:09:11:51 +0000] "GET /modules/system/assets/css/A.framework.extras.css.pagespeed.cf.xsVGGnGfkl.css HTTP/1.1" 200 3236 "https://bits.co.id/" "Mozilla/5.0 (Windows NT 6.1; rv:36.0) Gecko/20100101 Firefox/36.0"
128.199.120.155 - - [13/Mar/2015:09:11:51 +0000] "GET /_,Mjo.sg23Sh6dNO.js.pagespeed.jm.jV889fWyLe.js HTTP/1.1" 200 3157 "https://bits.co.id/" "Mozilla/5.0 (Windows NT 6.1; rv:36.0) Gecko/20100101 Firefox/36.0"
128.199.120.155 - - [13/Mar/2015:09:11:51 +0000] "GET /themes/bits/assets/images/xlogo.png.pagespeed.ic.wqKt8NwrSB.png HTTP/1.1" 200 6707 "https://bits.co.id/" "Mozilla/5.0 (Windows NT 6.1; rv:36.0) Gecko/20100101 Firefox/36.0"
128.199.120.155 - - [13/Mar/2015:09:11:51 +0000] "GET /themes/bits/assets/images/xslide3.jpg.pagespeed.ic.ECL4btzwE2.jpg HTTP/1.1" 200 38370 "https://bits.co.id/" "Mozilla/5.0 (Windows NT 6.1; rv:36.0) Gecko/20100101 Firefox/36.0"
128.199.120.155 - - [13/Mar/2015:09:11:51 +0000] "GET /combine/736dd6176a61768d9cf06737c97fd2d4-1422939978 HTTP/1.1" 200 41056 "https://bits.co.id/" "Mozilla/5.0 (Windows NT 6.1; rv:36.0) Gecko/20100101 Firefox/36.0"
128.199.120.155 - - [13/Mar/2015:09:11:51 +0000] "GET /themes/bits/assets/images/xslide1.jpg.pagespeed.ic.QoXc3eFVso.jpg HTTP/1.1" 200 47214 "https://bits.co.id/" "Mozilla/5.0 (Windows NT 6.1; rv:36.0) Gecko/20100101 Firefox/36.0"
128.199.120.155 - - [13/Mar/2015:09:11:52 +0000] "GET /themes/bits/assets/js/html5shiv.js+respond.min.js.pagespeed.jc.44EGFUtx_q.js HTTP/1.1" 200 6160 "https://bits.co.id/" "Mozilla/5.0 (Windows NT 6.1; rv:36.0) Gecko/20100101 Firefox/36.0"
128.199.120.155 - - [13/Mar/2015:09:11:52 +0000] "GET /themes/bits/assets/js/jquery.js.pagespeed.jm.ZzSiN_5Whq.js HTTP/1.1" 200 32695 "https://bits.co.id/" "Mozilla/5.0 (Windows NT 6.1; rv:36.0) Gecko/20100101 Firefox/36.0"
128.199.120.155 - - [13/Mar/2015:09:11:52 +0000] "GET /themes/bits/assets/js/bootstrap.min.js+jquery.prettyPhoto.js+jquery.isotope.min.js+main.js.pagespeed.jc.dUphfFRc9N.js HTTP/1.1" 200 17928 "https://bits.co.id/" "Mozilla/5.0 (Windows NT 6.1; rv:36.0) Gecko/20100101 Firefox/36.0"
128.199.120.155 - - [13/Mar/2015:09:11:52 +0000] "GET /themes/bits/assets/js/plugins.js.pagespeed.jm.1dSug2Tlta.js HTTP/1.1" 200 24298 "https://bits.co.id/" "Mozilla/5.0 (Windows NT 6.1; rv:36.0) Gecko/20100101 Firefox/36.0"
128.199.120.155 - - [13/Mar/2015:09:11:52 +0000] "GET /themes,_bits,_assets,_js,_wow.min.js+modules,_system,_assets,_js,_framework.js+modules,_system,_assets,_js,_framework.extras.js.pagespeed.jc.HdJz3aFRJ-.js HTTP/1.1" 200 4466 "https://bits.co.id/" "Mozilla/5.0 (Windows NT 6.1; rv:36.0) Gecko/20100101 Firefox/36.0"
128.199.120.155 - - [13/Mar/2015:09:11:52 +0000] "GET /themes/bits/assets/images/xmain-feature.png.pagespeed.ic.Rs04LZqWl1.png HTTP/1.1" 200 74891 "https://bits.co.id/" "Mozilla/5.0 (Windows NT 6.1; rv:36.0) Gecko/20100101 Firefox/36.0"
128.199.120.155 - - [13/Mar/2015:09:11:52 +0000] "GET /themes/bits/assets/images/team/x01.jpg.pagespeed.ic.R-JbeMfd36.jpg HTTP/1.1" 200 10486 "https://bits.co.id/" "Mozilla/5.0 (Windows NT 6.1; rv:36.0) Gecko/20100101 Firefox/36.0"
128.199.120.155 - - [13/Mar/2015:09:11:52 +0000] "GET /themes/bits/assets/images/team/x02.jpg.pagespeed.ic.723R3SrEAT.jpg HTTP/1.1" 200 7474 "https://bits.co.id/" "Mozilla/5.0 (Windows NT 6.1; rv:36.0) Gecko/20100101 Firefox/36.0"
128.199.120.155 - - [13/Mar/2015:09:11:52 +0000] "GET /themes/bits/assets/images/team/x03.jpg.pagespeed.ic.G_aiN32ZMC.jpg HTTP/1.1" 200 15272 "https://bits.co.id/" "Mozilla/5.0 (Windows NT 6.1; rv:36.0) Gecko/20100101 Firefox/36.0"
128.199.120.155 - - [13/Mar/2015:09:11:52 +0000] "GET /themes/bits/assets/images/team/x04.jpg.pagespeed.ic.gj5t2xY6Bz.jpg HTTP/1.1" 200 14717 "https://bits.co.id/" "Mozilla/5.0 (Windows NT 6.1; rv:36.0) Gecko/20100101 Firefox/36.0"
128.199.120.155 - - [13/Mar/2015:09:11:53 +0000] "GET /themes/bits/assets/images/portfolio/400x346x1.jpg.pagespeed.ic.IJHjOeASws.jpg HTTP/1.1" 200 38545 "https://bits.co.id/" "Mozilla/5.0 (Windows NT 6.1; rv:36.0) Gecko/20100101 Firefox/36.0"
128.199.120.155 - - [13/Mar/2015:09:11:53 +0000] "GET /themes/bits/assets/images/portfolio/400x346x2.jpg.pagespeed.ic.2VmVeV7QiG.jpg HTTP/1.1" 200 33453 "https://bits.co.id/" "Mozilla/5.0 (Windows NT 6.1; rv:36.0) Gecko/20100101 Firefox/36.0"
128.199.120.155 - - [13/Mar/2015:09:11:53 +0000] "GET /themes/bits/assets/images/portfolio/400x346x3.jpg.pagespeed.ic.T1sNAhmVBf.jpg HTTP/1.1" 200 36592 "https://bits.co.id/" "Mozilla/5.0 (Windows NT 6.1; rv:36.0) Gecko/20100101 Firefox/36.0"
128.199.120.155 - - [13/Mar/2015:09:11:53 +0000] "GET /themes/bits/assets/images/xslide2.jpg.pagespeed.ic.gjtEYNjFDF.jpg HTTP/1.1" 200 56733 "https://bits.co.id/" "Mozilla/5.0 (Windows NT 6.1; rv:36.0) Gecko/20100101 Firefox/36.0"
128.199.120.155 - - [13/Mar/2015:09:11:54 +0000] "GET /themes/bits/assets/images/portfolio/400x346x4.jpg.pagespeed.ic.xVG_9Z7uRK.jpg HTTP/1.1" 200 300501 "https://bits.co.id/" "Mozilla/5.0 (Windows NT 6.1; rv:36.0) Gecko/20100101 Firefox/36.0"
128.199.120.155 - - [13/Mar/2015:09:11:54 +0000] "GET /themes/bits/assets/images/clients/xclient01.png.pagespeed.ic.zwwkYMsvye.png HTTP/1.1" 200 20125 "https://bits.co.id/" "Mozilla/5.0 (Windows NT 6.1; rv:36.0) Gecko/20100101 Firefox/36.0"
128.199.120.155 - - [13/Mar/2015:09:11:54 +0000] "GET /themes/bits/assets/images/clients/xclient02.png.pagespeed.ic.A9wKnbuWY9.png HTTP/1.1" 200 12814 "https://bits.co.id/" "Mozilla/5.0 (Windows NT 6.1; rv:36.0) Gecko/20100101 Firefox/36.0"
128.199.120.155 - - [13/Mar/2015:09:11:54 +0000] "GET /themes/bits/assets/images/clients/xclient03.png.pagespeed.ic.MFGoUj009_.png HTTP/1.1" 200 22221 "https://bits.co.id/" "Mozilla/5.0 (Windows NT 6.1; rv:36.0) Gecko/20100101 Firefox/36.0"
128.199.120.155 - - [13/Mar/2015:09:11:54 +0000] "GET /themes/bits/assets/images/clients/xclient04.png.pagespeed.ic.gYVLyC8vRi.png HTTP/1.1" 200 11789 "https://bits.co.id/" "Mozilla/5.0 (Windows NT 6.1; rv:36.0) Gecko/20100101 Firefox/36.0"
128.199.120.155 - - [13/Mar/2015:09:11:56 +0000] "GET /themes/bits/assets/images/portfolio/400x346x6.jpg.pagespeed.ic.UpBYW133US.jpg HTTP/1.1" 200 370310 "https://bits.co.id/" "Mozilla/5.0 (Windows NT 6.1; rv:36.0) Gecko/20100101 Firefox/36.0"
128.199.120.155 - - [13/Mar/2015:09:11:56 +0000] "GET /themes/bits/assets/images/testimonial/x01.jpg.pagespeed.ic.yJrf9WZxvZ.jpg HTTP/1.1" 200 4020 "https://bits.co.id/" "Mozilla/5.0 (Windows NT 6.1; rv:36.0) Gecko/20100101 Firefox/36.0"
128.199.120.155 - - [13/Mar/2015:09:11:56 +0000] "GET /themes/bits/assets/images/xunder-heading.png.pagespeed.ic.UVQ9IJ9Y9x.png HTTP/1.1" 200 1233 "https://bits.co.id/" "Mozilla/5.0 (Windows NT 6.1; rv:36.0) Gecko/20100101 Firefox/36.0"
128.199.120.155 - - [13/Mar/2015:09:11:56 +0000] "GET /themes/bits/assets/images/portfolio/400x346x5.jpg.pagespeed.ic.ag76W5WVJS.jpg HTTP/1.1" 200 226344 "https://bits.co.id/" "Mozilla/5.0 (Windows NT 6.1; rv:36.0) Gecko/20100101 Firefox/36.0"
128.199.120.155 - - [13/Mar/2015:09:11:56 +0000] "GET /modules/system/assets/css/A.framework.extras.css.pagespeed.cf.xsVGGnGfkl.css HTTP/1.1" 200 3236 "https://bits.co.id/" "Mozilla/5.0 (Windows NT 6.1; rv:36.0) Gecko/20100101 Firefox/36.0"
128.199.120.155 - - [13/Mar/2015:09:12:06 +0000] "POST /ngx_pagespeed_beacon?url=https%3A%2F%2Fbits.co.id%2F HTTP/1.1" 204 0 "https://bits.co.id/" "Mozilla/5.0 (Windows NT 6.1; rv:36.0) Gecko/20100101 Firefox/36.0"
128.199.120.155 - - [13/Mar/2015:09:12:15 +0000] "GET / HTTP/1.1" 200 7220 "https://bits.co.id/" "Mozilla/5.0 (Windows NT 6.1; rv:36.0) Gecko/20100101 Firefox/36.0"
128.199.120.155 - - [13/Mar/2015:09:12:15 +0000] "GET /modules/system/assets/css/A.framework.extras.css.pagespeed.cf.xsVGGnGfkl.css HTTP/1.1" 200 3236 "https://bits.co.id/" "Mozilla/5.0 (Windows NT 6.1; rv:36.0) Gecko/20100101 Firefox/36.0"
128.199.120.155 - - [13/Mar/2015:09:12:15 +0000] "GET /_,Mjo.g_zohd9Q0I.js.pagespeed.jm.S6toNISALq.js HTTP/1.1" 200 3157 "https://bits.co.id/" "Mozilla/5.0 (Windows NT 6.1; rv:36.0) Gecko/20100101 Firefox/36.0"
128.199.120.155 - - [13/Mar/2015:09:12:15 +0000] "GET /themes/bits/assets/js/html5shiv.js+respond.min.js.pagespeed.jc.44EGFUtx_q.js HTTP/1.1" 200 6160 "https://bits.co.id/" "Mozilla/5.0 (Windows NT 6.1; rv:36.0) Gecko/20100101 Firefox/36.0"
128.199.120.155 - - [13/Mar/2015:09:12:15 +0000] "GET /themes/bits/assets/js/jquery.js.pagespeed.jm.ZzSiN_5Whq.js HTTP/1.1" 200 32695 "https://bits.co.id/" "Mozilla/5.0 (Windows NT 6.1; rv:36.0) Gecko/20100101 Firefox/36.0"
128.199.120.155 - - [13/Mar/2015:09:12:15 +0000] "GET /themes/bits/assets/js/bootstrap.min.js+jquery.prettyPhoto.js+jquery.isotope.min.js+main.js.pagespeed.jc.dUphfFRc9N.js HTTP/1.1" 200 17928 "https://bits.co.id/" "Mozilla/5.0 (Windows NT 6.1; rv:36.0) Gecko/20100101 Firefox/36.0"
128.199.120.155 - - [13/Mar/2015:09:12:15 +0000] "GET /themes/bits/assets/js/plugins.js.pagespeed.jm.1dSug2Tlta.js HTTP/1.1" 200 24298 "https://bits.co.id/" "Mozilla/5.0 (Windows NT 6.1; rv:36.0) Gecko/20100101 Firefox/36.0"
128.199.120.155 - - [13/Mar/2015:09:12:15 +0000] "GET /themes,_bits,_assets,_js,_wow.min.js+modules,_system,_assets,_js,_framework.js+modules,_system,_assets,_js,_framework.extras.js.pagespeed.jc.HdJz3aFRJ-.js HTTP/1.1" 200 4466 "https://bits.co.id/" "Mozilla/5.0 (Windows NT 6.1; rv:36.0) Gecko/20100101 Firefox/36.0"
128.199.120.155 - - [13/Mar/2015:09:12:16 +0000] "GET /themes/bits/assets/images/xlogo.png.pagespeed.ic.wqKt8NwrSB.png HTTP/1.1" 200 6707 "https://bits.co.id/" "Mozilla/5.0 (Windows NT 6.1; rv:36.0) Gecko/20100101 Firefox/36.0"
128.199.120.155 - - [13/Mar/2015:09:12:16 +0000] "GET /themes/bits/assets/images/xslide1.jpg.pagespeed.ic.QoXc3eFVso.jpg HTTP/1.1" 200 42646 "https://bits.co.id/" "Mozilla/5.0 (Windows NT 6.1; rv:36.0) Gecko/20100101 Firefox/36.0"
128.199.120.155 - - [13/Mar/2015:09:12:16 +0000] "GET /themes/bits/assets/images/xslide3.jpg.pagespeed.ic.ECL4btzwE2.jpg HTTP/1.1" 200 38370 "https://bits.co.id/" "Mozilla/5.0 (Windows NT 6.1; rv:36.0) Gecko/20100101 Firefox/36.0"
128.199.120.155 - - [13/Mar/2015:09:12:16 +0000] "GET /themes/bits/assets/images/xslide2.jpg.pagespeed.ic.gjtEYNjFDF.jpg HTTP/1.1" 200 45662 "https://bits.co.id/" "Mozilla/5.0 (Windows NT 6.1; rv:36.0) Gecko/20100101 Firefox/36.0"
128.199.120.155 - - [13/Mar/2015:09:12:16 +0000] "GET /themes/bits/assets/images/xmain-feature.png.pagespeed.ic.Rs04LZqWl1.png HTTP/1.1" 200 74891 "https://bits.co.id/" "Mozilla/5.0 (Windows NT 6.1; rv:36.0) Gecko/20100101 Firefox/36.0"
128.199.120.155 - - [13/Mar/2015:09:12:16 +0000] "GET /themes/bits/assets/images/team/x01.jpg.pagespeed.ic.R-JbeMfd36.jpg HTTP/1.1" 200 10486 "https://bits.co.id/" "Mozilla/5.0 (Windows NT 6.1; rv:36.0) Gecko/20100101 Firefox/36.0"
128.199.120.155 - - [13/Mar/2015:09:12:16 +0000] "GET /themes/bits/assets/images/team/x02.jpg.pagespeed.ic.723R3SrEAT.jpg HTTP/1.1" 200 7474 "https://bits.co.id/" "Mozilla/5.0 (Windows NT 6.1; rv:36.0) Gecko/20100101 Firefox/36.0"
128.199.120.155 - - [13/Mar/2015:09:12:16 +0000] "GET /themes/bits/assets/images/team/x03.jpg.pagespeed.ic.G_aiN32ZMC.jpg HTTP/1.1" 200 15272 "https://bits.co.id/" "Mozilla/5.0 (Windows NT 6.1; rv:36.0) Gecko/20100101 Firefox/36.0"
128.199.120.155 - - [13/Mar/2015:09:12:16 +0000] "GET /themes/bits/assets/images/team/x04.jpg.pagespeed.ic.gj5t2xY6Bz.jpg HTTP/1.1" 200 14717 "https://bits.co.id/" "Mozilla/5.0 (Windows NT 6.1; rv:36.0) Gecko/20100101 Firefox/36.0"
128.199.120.155 - - [13/Mar/2015:09:12:16 +0000] "GET /themes/bits/assets/images/portfolio/400x346x1.jpg.pagespeed.ic.IJHjOeASws.jpg HTTP/1.1" 200 38545 "https://bits.co.id/" "Mozilla/5.0 (Windows NT 6.1; rv:36.0) Gecko/20100101 Firefox/36.0"
128.199.120.155 - - [13/Mar/2015:09:12:16 +0000] "GET /themes/bits/assets/images/portfolio/400x346x2.jpg.pagespeed.ic.2VmVeV7QiG.jpg HTTP/1.1" 200 33453 "https://bits.co.id/" "Mozilla/5.0 (Windows NT 6.1; rv:36.0) Gecko/20100101 Firefox/36.0"
128.199.120.155 - - [13/Mar/2015:09:12:16 +0000] "GET /themes/bits/assets/images/portfolio/400x346x3.jpg.pagespeed.ic.T1sNAhmVBf.jpg HTTP/1.1" 200 36592 "https://bits.co.id/" "Mozilla/5.0 (Windows NT 6.1; rv:36.0) Gecko/20100101 Firefox/36.0"
128.199.120.155 - - [13/Mar/2015:09:12:16 +0000] "GET /themes/bits/assets/images/portfolio/400x346x4.jpg.pagespeed.ic.xVG_9Z7uRK.jpg HTTP/1.1" 200 30037 "https://bits.co.id/" "Mozilla/5.0 (Windows NT 6.1; rv:36.0) Gecko/20100101 Firefox/36.0"
128.199.120.155 - - [13/Mar/2015:09:12:16 +0000] "GET /themes/bits/assets/images/portfolio/400x346x6.jpg.pagespeed.ic.UpBYW133US.jpg HTTP/1.1" 200 41742 "https://bits.co.id/" "Mozilla/5.0 (Windows NT 6.1; rv:36.0) Gecko/20100101 Firefox/36.0"
128.199.120.155 - - [13/Mar/2015:09:12:16 +0000] "GET /themes/bits/assets/images/clients/xclient01.png.pagespeed.ic.zwwkYMsvye.png HTTP/1.1" 200 20125 "https://bits.co.id/" "Mozilla/5.0 (Windows NT 6.1; rv:36.0) Gecko/20100101 Firefox/36.0"
128.199.120.155 - - [13/Mar/2015:09:12:16 +0000] "GET /themes/bits/assets/images/clients/xclient02.png.pagespeed.ic.A9wKnbuWY9.png HTTP/1.1" 200 12814 "https://bits.co.id/" "Mozilla/5.0 (Windows NT 6.1; rv:36.0) Gecko/20100101 Firefox/36.0"
128.199.120.155 - - [13/Mar/2015:09:12:16 +0000] "GET /themes/bits/assets/images/clients/xclient03.png.pagespeed.ic.MFGoUj009_.png HTTP/1.1" 200 22221 "https://bits.co.id/" "Mozilla/5.0 (Windows NT 6.1; rv:36.0) Gecko/20100101 Firefox/36.0"
128.199.120.155 - - [13/Mar/2015:09:12:16 +0000] "GET /themes/bits/assets/images/clients/xclient04.png.pagespeed.ic.gYVLyC8vRi.png HTTP/1.1" 200 11789 "https://bits.co.id/" "Mozilla/5.0 (Windows NT 6.1; rv:36.0) Gecko/20100101 Firefox/36.0"
128.199.120.155 - - [13/Mar/2015:09:12:16 +0000] "GET /themes/bits/assets/images/testimonial/x01.jpg.pagespeed.ic.yJrf9WZxvZ.jpg HTTP/1.1" 200 4020 "https://bits.co.id/" "Mozilla/5.0 (Windows NT 6.1; rv:36.0) Gecko/20100101 Firefox/36.0"
128.199.120.155 - - [13/Mar/2015:09:12:16 +0000] "GET /themes/bits/assets/images/portfolio/400x346x5.jpg.pagespeed.ic.ag76W5WVJS.jpg HTTP/1.1" 200 25753 "https://bits.co.id/" "Mozilla/5.0 (Windows NT 6.1; rv:36.0) Gecko/20100101 Firefox/36.0"
128.199.120.155 - - [13/Mar/2015:09:12:16 +0000] "GET /themes/bits/assets/images/xunder-heading.png.pagespeed.ic.UVQ9IJ9Y9x.png HTTP/1.1" 200 1233 "https://bits.co.id/" "Mozilla/5.0 (Windows NT 6.1; rv:36.0) Gecko/20100101 Firefox/36.0"
128.199.120.155 - - [13/Mar/2015:09:12:16 +0000] "GET /modules/system/assets/css/A.framework.extras.css.pagespeed.cf.xsVGGnGfkl.css HTTP/1.1" 200 3236 "https://bits.co.id/" "Mozilla/5.0 (Windows NT 6.1; rv:36.0) Gecko/20100101 Firefox/36.0"
128.199.120.155 - - [13/Mar/2015:09:12:26 +0000] "POST /ngx_pagespeed_beacon?url=https%3A%2F%2Fbits.co.id%2F HTTP/1.1" 204 0 "https://bits.co.id/" "Mozilla/5.0 (Windows NT 6.1; rv:36.0) Gecko/20100101 Firefox/36.0"
128.199.120.155 - - [13/Mar/2015:09:12:34 +0000] "GET / HTTP/1.1" 200 6876 "https://bits.co.id/" "Mozilla/5.0 (Windows NT 6.1; rv:36.0) Gecko/20100101 Firefox/36.0"
128.199.120.155 - - [13/Mar/2015:09:12:34 +0000] "GET /modules/system/assets/css/A.framework.extras.css.pagespeed.cf.xsVGGnGfkl.css HTTP/1.1" 200 3236 "https://bits.co.id/" "Mozilla/5.0 (Windows NT 6.1; rv:36.0) Gecko/20100101 Firefox/36.0"
128.199.120.155 - - [13/Mar/2015:09:12:34 +0000] "GET /themes/bits/assets/js/html5shiv.js+respond.min.js.pagespeed.jc.44EGFUtx_q.js HTTP/1.1" 200 6160 "https://bits.co.id/" "Mozilla/5.0 (Windows NT 6.1; rv:36.0) Gecko/20100101 Firefox/36.0"
128.199.120.155 - - [13/Mar/2015:09:12:34 +0000] "GET /themes/bits/assets/js/jquery.js.pagespeed.jm.ZzSiN_5Whq.js HTTP/1.1" 200 32695 "https://bits.co.id/" "Mozilla/5.0 (Windows NT 6.1; rv:36.0) Gecko/20100101 Firefox/36.0"
128.199.120.155 - - [13/Mar/2015:09:12:34 +0000] "GET /themes/bits/assets/js/bootstrap.min.js+jquery.prettyPhoto.js+jquery.isotope.min.js+main.js.pagespeed.jc.dUphfFRc9N.js HTTP/1.1" 200 17928 "https://bits.co.id/" "Mozilla/5.0 (Windows NT 6.1; rv:36.0) Gecko/20100101 Firefox/36.0"
128.199.120.155 - - [13/Mar/2015:09:12:34 +0000] "GET /themes/bits/assets/js/plugins.js.pagespeed.jm.1dSug2Tlta.js HTTP/1.1" 200 24298 "https://bits.co.id/" "Mozilla/5.0 (Windows NT 6.1; rv:36.0) Gecko/20100101 Firefox/36.0"
128.199.120.155 - - [13/Mar/2015:09:12:34 +0000] "GET /themes,_bits,_assets,_js,_wow.min.js+modules,_system,_assets,_js,_framework.js+modules,_system,_assets,_js,_framework.extras.js.pagespeed.jc.HdJz3aFRJ-.js HTTP/1.1" 200 4466 "https://bits.co.id/" "Mozilla/5.0 (Windows NT 6.1; rv:36.0) Gecko/20100101 Firefox/36.0"
128.199.120.155 - - [13/Mar/2015:09:12:34 +0000] "GET /themes/bits/assets/images/xlogo.png.pagespeed.ic.wqKt8NwrSB.png HTTP/1.1" 200 6707 "https://bits.co.id/" "Mozilla/5.0 (Windows NT 6.1; rv:36.0) Gecko/20100101 Firefox/36.0"
128.199.120.155 - - [13/Mar/2015:09:12:34 +0000] "GET /themes/bits/assets/images/xslide1.jpg.pagespeed.ic.QoXc3eFVso.jpg HTTP/1.1" 200 42646 "https://bits.co.id/" "Mozilla/5.0 (Windows NT 6.1; rv:36.0) Gecko/20100101 Firefox/36.0"
128.199.120.155 - - [13/Mar/2015:09:12:35 +0000] "GET /themes/bits/assets/images/xslide3.jpg.pagespeed.ic.ECL4btzwE2.jpg HTTP/1.1" 200 38370 "https://bits.co.id/" "Mozilla/5.0 (Windows NT 6.1; rv:36.0) Gecko/20100101 Firefox/36.0"
128.199.120.155 - - [13/Mar/2015:09:12:35 +0000] "GET /themes/bits/assets/images/xslide2.jpg.pagespeed.ic.gjtEYNjFDF.jpg HTTP/1.1" 200 45662 "https://bits.co.id/" "Mozilla/5.0 (Windows NT 6.1; rv:36.0) Gecko/20100101 Firefox/36.0"
128.199.120.155 - - [13/Mar/2015:09:12:35 +0000] "GET /themes/bits/assets/images/xmain-feature.png.pagespeed.ic.Rs04LZqWl1.png HTTP/1.1" 200 74891 "https://bits.co.id/" "Mozilla/5.0 (Windows NT 6.1; rv:36.0) Gecko/20100101 Firefox/36.0"
128.199.120.155 - - [13/Mar/2015:09:12:35 +0000] "GET /themes/bits/assets/images/team/x01.jpg.pagespeed.ic.R-JbeMfd36.jpg HTTP/1.1" 200 10486 "https://bits.co.id/" "Mozilla/5.0 (Windows NT 6.1; rv:36.0) Gecko/20100101 Firefox/36.0"
128.199.120.155 - - [13/Mar/2015:09:12:35 +0000] "GET /themes/bits/assets/images/team/x02.jpg.pagespeed.ic.723R3SrEAT.jpg HTTP/1.1" 200 7474 "https://bits.co.id/" "Mozilla/5.0 (Windows NT 6.1; rv:36.0) Gecko/20100101 Firefox/36.0"
128.199.120.155 - - [13/Mar/2015:09:12:35 +0000] "GET /themes/bits/assets/images/team/x03.jpg.pagespeed.ic.G_aiN32ZMC.jpg HTTP/1.1" 200 15272 "https://bits.co.id/" "Mozilla/5.0 (Windows NT 6.1; rv:36.0) Gecko/20100101 Firefox/36.0"
128.199.120.155 - - [13/Mar/2015:09:12:35 +0000] "GET /themes/bits/assets/images/team/x04.jpg.pagespeed.ic.gj5t2xY6Bz.jpg HTTP/1.1" 200 14717 "https://bits.co.id/" "Mozilla/5.0 (Windows NT 6.1; rv:36.0) Gecko/20100101 Firefox/36.0"
128.199.120.155 - - [13/Mar/2015:09:12:35 +0000] "GET /themes/bits/assets/images/portfolio/400x346x1.jpg.pagespeed.ic.IJHjOeASws.jpg HTTP/1.1" 200 38545 "https://bits.co.id/" "Mozilla/5.0 (Windows NT 6.1; rv:36.0) Gecko/20100101 Firefox/36.0"
128.199.120.155 - - [13/Mar/2015:09:12:35 +0000] "GET /themes/bits/assets/images/portfolio/400x346x2.jpg.pagespeed.ic.2VmVeV7QiG.jpg HTTP/1.1" 200 33453 "https://bits.co.id/" "Mozilla/5.0 (Windows NT 6.1; rv:36.0) Gecko/20100101 Firefox/36.0"
128.199.120.155 - - [13/Mar/2015:09:12:35 +0000] "GET /themes/bits/assets/images/portfolio/400x346x5.jpg.pagespeed.ic.ag76W5WVJS.jpg HTTP/1.1" 200 25753 "https://bits.co.id/" "Mozilla/5.0 (Windows NT 6.1; rv:36.0) Gecko/20100101 Firefox/36.0"
128.199.120.155 - - [13/Mar/2015:09:12:35 +0000] "GET /themes/bits/assets/images/clients/xclient04.png.pagespeed.ic.gYVLyC8vRi.png HTTP/1.1" 200 11789 "https://bits.co.id/" "Mozilla/5.0 (Windows NT 6.1; rv:36.0) Gecko/20100101 Firefox/36.0"
128.199.120.155 - - [13/Mar/2015:09:12:35 +0000] "GET /themes/bits/assets/images/xunder-heading.png.pagespeed.ic.UVQ9IJ9Y9x.png HTTP/1.1" 200 1233 "https://bits.co.id/" "Mozilla/5.0 (Windows NT 6.1; rv:36.0) Gecko/20100101 Firefox/36.0"
128.199.120.155 - - [13/Mar/2015:09:12:35 +0000] "GET /themes/bits/assets/images/portfolio/400x346x3.jpg.pagespeed.ic.T1sNAhmVBf.jpg HTTP/1.1" 200 36592 "https://bits.co.id/" "Mozilla/5.0 (Windows NT 6.1; rv:36.0) Gecko/20100101 Firefox/36.0"
128.199.120.155 - - [13/Mar/2015:09:12:35 +0000] "GET /themes/bits/assets/images/portfolio/400x346x4.jpg.pagespeed.ic.xVG_9Z7uRK.jpg HTTP/1.1" 200 30037 "https://bits.co.id/" "Mozilla/5.0 (Windows NT 6.1; rv:36.0) Gecko/20100101 Firefox/36.0"
128.199.120.155 - - [13/Mar/2015:09:12:35 +0000] "GET /themes/bits/assets/images/portfolio/400x346x6.jpg.pagespeed.ic.UpBYW133US.jpg HTTP/1.1" 200 41742 "https://bits.co.id/" "Mozilla/5.0 (Windows NT 6.1; rv:36.0) Gecko/20100101 Firefox/36.0"
128.199.120.155 - - [13/Mar/2015:09:12:35 +0000] "GET /themes/bits/assets/images/clients/xclient02.png.pagespeed.ic.A9wKnbuWY9.png HTTP/1.1" 200 12814 "https://bits.co.id/" "Mozilla/5.0 (Windows NT 6.1; rv:36.0) Gecko/20100101 Firefox/36.0"
128.199.120.155 - - [13/Mar/2015:09:12:35 +0000] "GET /themes/bits/assets/images/clients/xclient03.png.pagespeed.ic.MFGoUj009_.png HTTP/1.1" 200 22221 "https://bits.co.id/" "Mozilla/5.0 (Windows NT 6.1; rv:36.0) Gecko/20100101 Firefox/36.0"
128.199.120.155 - - [13/Mar/2015:09:12:35 +0000] "GET /themes/bits/assets/images/clients/xclient01.png.pagespeed.ic.zwwkYMsvye.png HTTP/1.1" 200 20125 "https://bits.co.id/" "Mozilla/5.0 (Windows NT 6.1; rv:36.0) Gecko/20100101 Firefox/36.0"
128.199.120.155 - - [13/Mar/2015:09:12:35 +0000] "GET /themes/bits/assets/images/testimonial/x01.jpg.pagespeed.ic.yJrf9WZxvZ.jpg HTTP/1.1" 200 4020 "https://bits.co.id/" "Mozilla/5.0 (Windows NT 6.1; rv:36.0) Gecko/20100101 Firefox/36.0"
128.199.120.155 - - [13/Mar/2015:09:12:35 +0000] "GET /modules/system/assets/css/A.framework.extras.css.pagespeed.cf.xsVGGnGfkl.css HTTP/1.1" 200 3236 "https://bits.co.id/" "Mozilla/5.0 (Windows NT 6.1; rv:36.0) Gecko/20100101 Firefox/36.0"
36.84.243.110 - - [13/Mar/2015:09:12:38 +0000] "POST /webmail/?/Ajax/ HTTP/1.1" 200 276 "https://bits.co.id/webmail/" "Mozilla/5.0 (X11; Ubuntu; Linux x86_64; rv:36.0) Gecko/20100101 Firefox/36.0"
74.86.158.110 - - [13/Mar/2015:09:13:14 +0000] "HEAD / HTTP/1.1" 200 0 "-" "Mozilla/5.0+(compatible; UptimeRobot/2.0; http://www.uptimerobot.com/)"
36.84.243.110 - - [13/Mar/2015:09:13:39 +0000] "POST /webmail/?/Ajax/ HTTP/1.1" 200 275 "https://bits.co.id/webmail/" "Mozilla/5.0 (X11; Ubuntu; Linux x86_64; rv:36.0) Gecko/20100101 Firefox/36.0"
36.84.243.110 - - [13/Mar/2015:09:14:39 +0000] "POST /webmail/?/Ajax/ HTTP/1.1" 200 277 "https://bits.co.id/webmail/" "Mozilla/5.0 (X11; Ubuntu; Linux x86_64; rv:36.0) Gecko/20100101 Firefox/36.0"
36.84.243.110 - - [13/Mar/2015:09:15:39 +0000] "POST /webmail/?/Ajax/ HTTP/1.1" 200 275 "https://bits.co.id/webmail/" "Mozilla/5.0 (X11; Ubuntu; Linux x86_64; rv:36.0) Gecko/20100101 Firefox/36.0"
36.84.243.110 - - [13/Mar/2015:09:16:39 +0000] "POST /webmail/?/Ajax/ HTTP/1.1" 200 276 "https://bits.co.id/webmail/" "Mozilla/5.0 (X11; Ubuntu; Linux x86_64; rv:36.0) Gecko/20100101 Firefox/36.0"
36.84.243.110 - - [13/Mar/2015:09:17:40 +0000] "POST /webmail/?/Ajax/ HTTP/1.1" 200 276 "https://bits.co.id/webmail/" "Mozilla/5.0 (X11; Ubuntu; Linux x86_64; rv:36.0) Gecko/20100101 Firefox/36.0"
74.86.158.110 - - [13/Mar/2015:09:18:14 +0000] "HEAD / HTTP/1.1" 200 0 "-" "Mozilla/5.0+(compatible; UptimeRobot/2.0; http://www.uptimerobot.com/)"
36.84.243.110 - - [13/Mar/2015:09:18:40 +0000] "POST /webmail/?/Ajax/ HTTP/1.1" 200 277 "https://bits.co.id/webmail/" "Mozilla/5.0 (X11; Ubuntu; Linux x86_64; rv:36.0) Gecko/20100101 Firefox/36.0"
36.84.243.110 - - [13/Mar/2015:09:19:40 +0000] "POST /webmail/?/Ajax/ HTTP/1.1" 200 276 "https://bits.co.id/webmail/" "Mozilla/5.0 (X11; Ubuntu; Linux x86_64; rv:36.0) Gecko/20100101 Firefox/36.0"
36.84.243.110 - - [13/Mar/2015:09:20:41 +0000] "POST /webmail/?/Ajax/ HTTP/1.1" 200 275 "https://bits.co.id/webmail/" "Mozilla/5.0 (X11; Ubuntu; Linux x86_64; rv:36.0) Gecko/20100101 Firefox/36.0"
36.84.243.110 - - [13/Mar/2015:09:21:41 +0000] "POST /webmail/?/Ajax/ HTTP/1.1" 200 276 "https://bits.co.id/webmail/" "Mozilla/5.0 (X11; Ubuntu; Linux x86_64; rv:36.0) Gecko/20100101 Firefox/36.0"
66.249.71.15 - - [13/Mar/2015:09:22:35 +0000] "GET /robots.txt HTTP/1.1" 301 178 "-" "Mozilla/5.0 (compatible; Googlebot/2.1; +http://www.google.com/bot.html)"
66.249.71.15 - - [13/Mar/2015:09:22:35 +0000] "GET / HTTP/1.1" 301 178 "-" "Mozilla/5.0 (compatible; Googlebot/2.1; +http://www.google.com/bot.html)"
66.249.71.28 - - [13/Mar/2015:09:22:36 +0000] "GET / HTTP/1.1" 200 6873 "-" "Mozilla/5.0 (compatible; Googlebot/2.1; +http://www.google.com/bot.html)"
128.199.122.79 - - [13/Mar/2015:09:22:36 +0000] "GET /combine/736dd6176a61768d9cf06737c97fd2d4-1422939978 HTTP/1.1" 200 266194 "https://bits.co.id/" "Serf/1.1.0 mod_pagespeed/1.9.32.3-4448"
36.84.243.110 - - [13/Mar/2015:09:22:42 +0000] "POST /webmail/?/Ajax/ HTTP/1.1" 200 276 "https://bits.co.id/webmail/" "Mozilla/5.0 (X11; Ubuntu; Linux x86_64; rv:36.0) Gecko/20100101 Firefox/36.0"
74.86.158.110 - - [13/Mar/2015:09:23:14 +0000] "HEAD / HTTP/1.1" 200 0 "-" "Mozilla/5.0+(compatible; UptimeRobot/2.0; http://www.uptimerobot.com/)"
36.84.243.110 - - [13/Mar/2015:09:23:43 +0000] "POST /webmail/?/Ajax/ HTTP/1.1" 200 276 "https://bits.co.id/webmail/" "Mozilla/5.0 (X11; Ubuntu; Linux x86_64; rv:36.0) Gecko/20100101 Firefox/36.0"
