74.86.158.110 - - [14/Mar/2015:18:09:56 +0000] "HEAD / HTTP/1.1" 200 0 "-" "Mozilla/5.0+(compatible; UptimeRobot/2.0; http://www.uptimerobot.com/)"
74.86.158.110 - - [14/Mar/2015:18:14:57 +0000] "HEAD / HTTP/1.1" 200 0 "-" "Mozilla/5.0+(compatible; UptimeRobot/2.0; http://www.uptimerobot.com/)"
67.228.177.17 - - [14/Mar/2015:18:18:22 +0000] "GET / HTTP/1.0" 301 178 "-" "Mozilla/5.0 (compatible; www.monitor.us - free monitoring service; http://www.monitor.us)"
67.228.177.17 - - [14/Mar/2015:18:18:23 +0000] "GET / HTTP/1.0" 200 6860 "-" "Mozilla/5.0 (compatible; www.monitor.us - free monitoring service; http://www.monitor.us)"
128.199.122.79 - - [14/Mar/2015:18:18:24 +0000] "GET /combine/736dd6176a61768d9cf06737c97fd2d4-1422939978 HTTP/1.1" 200 266194 "https://bits.co.id/" "Serf/1.1.0 mod_pagespeed/1.9.32.3-4448"
74.86.158.110 - - [14/Mar/2015:18:19:57 +0000] "HEAD / HTTP/1.1" 200 0 "-" "Mozilla/5.0+(compatible; UptimeRobot/2.0; http://www.uptimerobot.com/)"
74.86.158.110 - - [14/Mar/2015:18:24:56 +0000] "HEAD / HTTP/1.1" 200 0 "-" "Mozilla/5.0+(compatible; UptimeRobot/2.0; http://www.uptimerobot.com/)"
74.86.158.110 - - [14/Mar/2015:18:29:57 +0000] "HEAD / HTTP/1.1" 200 0 "-" "Mozilla/5.0+(compatible; UptimeRobot/2.0; http://www.uptimerobot.com/)"
74.86.158.110 - - [14/Mar/2015:18:34:57 +0000] "HEAD / HTTP/1.1" 200 0 "-" "Mozilla/5.0+(compatible; UptimeRobot/2.0; http://www.uptimerobot.com/)"
37.252.229.58 - - [14/Mar/2015:18:37:01 +0000] "GET / HTTP/1.0" 301 178 "-" "Mozilla/5.0 (compatible; www.monitor.us - free monitoring service; http://www.monitor.us)"
37.252.229.58 - - [14/Mar/2015:18:37:02 +0000] "GET / HTTP/1.0" 200 6860 "-" "Mozilla/5.0 (compatible; www.monitor.us - free monitoring service; http://www.monitor.us)"
128.199.122.79 - - [14/Mar/2015:18:37:02 +0000] "GET /combine/736dd6176a61768d9cf06737c97fd2d4-1422939978 HTTP/1.1" 200 266194 "https://bits.co.id/" "Serf/1.1.0 mod_pagespeed/1.9.32.3-4448"
74.86.158.110 - - [14/Mar/2015:18:39:57 +0000] "HEAD / HTTP/1.1" 200 0 "-" "Mozilla/5.0+(compatible; UptimeRobot/2.0; http://www.uptimerobot.com/)"
71.6.135.131 - - [14/Mar/2015:18:43:42 +0000] "GET / HTTP/1.1" 200 30481 "-" "-"
128.199.122.79 - - [14/Mar/2015:18:43:43 +0000] "GET /combine/736dd6176a61768d9cf06737c97fd2d4-1422939978 HTTP/1.1" 200 266194 "https://128.199.122.79/" "Serf/1.1.0 mod_pagespeed/1.9.32.3-4448"
71.6.135.131 - - [14/Mar/2015:18:43:48 +0000] "" 400 0 "-" "-"
71.6.135.131 - - [14/Mar/2015:18:43:51 +0000] "" 400 0 "-" "-"
71.6.135.131 - - [14/Mar/2015:18:43:52 +0000] "" 400 0 "-" "-"
71.6.135.131 - - [14/Mar/2015:18:43:56 +0000] "quit" 400 166 "-" "-"
74.86.158.110 - - [14/Mar/2015:18:44:56 +0000] "HEAD / HTTP/1.1" 200 0 "-" "Mozilla/5.0+(compatible; UptimeRobot/2.0; http://www.uptimerobot.com/)"
67.228.177.17 - - [14/Mar/2015:18:48:22 +0000] "GET / HTTP/1.0" 301 178 "-" "Mozilla/5.0 (compatible; www.monitor.us - free monitoring service; http://www.monitor.us)"
67.228.177.17 - - [14/Mar/2015:18:48:24 +0000] "GET / HTTP/1.0" 200 6860 "-" "Mozilla/5.0 (compatible; www.monitor.us - free monitoring service; http://www.monitor.us)"
128.199.122.79 - - [14/Mar/2015:18:48:24 +0000] "GET /combine/736dd6176a61768d9cf06737c97fd2d4-1422939978 HTTP/1.1" 200 266194 "https://bits.co.id/" "Serf/1.1.0 mod_pagespeed/1.9.32.3-4448"
74.86.158.110 - - [14/Mar/2015:18:49:57 +0000] "HEAD / HTTP/1.1" 200 0 "-" "Mozilla/5.0+(compatible; UptimeRobot/2.0; http://www.uptimerobot.com/)"
74.86.158.110 - - [14/Mar/2015:18:54:57 +0000] "HEAD / HTTP/1.1" 200 0 "-" "Mozilla/5.0+(compatible; UptimeRobot/2.0; http://www.uptimerobot.com/)"
74.86.158.110 - - [14/Mar/2015:18:59:57 +0000] "HEAD / HTTP/1.1" 200 0 "-" "Mozilla/5.0+(compatible; UptimeRobot/2.0; http://www.uptimerobot.com/)"
74.86.158.110 - - [14/Mar/2015:19:04:57 +0000] "HEAD / HTTP/1.1" 200 0 "-" "Mozilla/5.0+(compatible; UptimeRobot/2.0; http://www.uptimerobot.com/)"
37.252.229.58 - - [14/Mar/2015:19:07:01 +0000] "GET / HTTP/1.0" 301 178 "-" "Mozilla/5.0 (compatible; www.monitor.us - free monitoring service; http://www.monitor.us)"
37.252.229.58 - - [14/Mar/2015:19:07:02 +0000] "GET / HTTP/1.0" 200 6860 "-" "Mozilla/5.0 (compatible; www.monitor.us - free monitoring service; http://www.monitor.us)"
128.199.122.79 - - [14/Mar/2015:19:07:02 +0000] "GET /combine/736dd6176a61768d9cf06737c97fd2d4-1422939978 HTTP/1.1" 200 266194 "https://bits.co.id/" "Serf/1.1.0 mod_pagespeed/1.9.32.3-4448"
74.86.158.110 - - [14/Mar/2015:19:09:56 +0000] "HEAD / HTTP/1.1" 200 0 "-" "Mozilla/5.0+(compatible; UptimeRobot/2.0; http://www.uptimerobot.com/)"
74.86.158.110 - - [14/Mar/2015:19:14:57 +0000] "HEAD / HTTP/1.1" 200 0 "-" "Mozilla/5.0+(compatible; UptimeRobot/2.0; http://www.uptimerobot.com/)"
67.228.177.17 - - [14/Mar/2015:19:18:22 +0000] "GET / HTTP/1.0" 301 178 "-" "Mozilla/5.0 (compatible; www.monitor.us - free monitoring service; http://www.monitor.us)"
67.228.177.17 - - [14/Mar/2015:19:18:23 +0000] "GET / HTTP/1.0" 200 6860 "-" "Mozilla/5.0 (compatible; www.monitor.us - free monitoring service; http://www.monitor.us)"
128.199.122.79 - - [14/Mar/2015:19:18:23 +0000] "GET /combine/736dd6176a61768d9cf06737c97fd2d4-1422939978 HTTP/1.1" 200 266194 "https://bits.co.id/" "Serf/1.1.0 mod_pagespeed/1.9.32.3-4448"
74.86.158.110 - - [14/Mar/2015:19:19:58 +0000] "HEAD / HTTP/1.1" 200 0 "-" "Mozilla/5.0+(compatible; UptimeRobot/2.0; http://www.uptimerobot.com/)"
74.86.158.110 - - [14/Mar/2015:19:24:57 +0000] "HEAD / HTTP/1.1" 200 0 "-" "Mozilla/5.0+(compatible; UptimeRobot/2.0; http://www.uptimerobot.com/)"
74.86.158.110 - - [14/Mar/2015:19:29:56 +0000] "HEAD / HTTP/1.1" 200 0 "-" "Mozilla/5.0+(compatible; UptimeRobot/2.0; http://www.uptimerobot.com/)"
36.71.51.94 - - [14/Mar/2015:19:30:51 +0000] "GET / HTTP/1.1" 200 8185 "-" "Mozilla/5.0 (Windows NT 6.1; rv:38.0) Gecko/20100101 Firefox/38.0"
128.199.122.79 - - [14/Mar/2015:19:30:52 +0000] "GET /combine/736dd6176a61768d9cf06737c97fd2d4-1422939978 HTTP/1.1" 200 266194 "https://bits.co.id/" "Serf/1.1.0 mod_pagespeed/1.9.32.3-4448"
36.71.51.94 - - [14/Mar/2015:19:30:54 +0000] "GET /combine/736dd6176a61768d9cf06737c97fd2d4-1422939978 HTTP/1.1" 200 41056 "https://bits.co.id/" "Mozilla/5.0 (Windows NT 6.1; rv:38.0) Gecko/20100101 Firefox/38.0"
36.71.51.94 - - [14/Mar/2015:19:30:56 +0000] "GET /_,Mjo.XMvHpZMzhN.js.pagespeed.jm.6obOVqcH3C.js HTTP/1.1" 200 3157 "https://bits.co.id/" "Mozilla/5.0 (Windows NT 6.1; rv:38.0) Gecko/20100101 Firefox/38.0"
36.71.51.94 - - [14/Mar/2015:19:30:57 +0000] "GET /themes/bits/assets/images/xlogo.png.pagespeed.ic.wqKt8NwrSB.png HTTP/1.1" 200 6707 "https://bits.co.id/" "Mozilla/5.0 (Windows NT 6.1; rv:38.0) Gecko/20100101 Firefox/38.0"
36.71.51.94 - - [14/Mar/2015:19:30:59 +0000] "GET /themes/bits/assets/images/xslide1.jpg.pagespeed.ic.QoXc3eFVso.jpg HTTP/1.1" 200 8192 "https://bits.co.id/" "Mozilla/5.0 (Windows NT 6.1; rv:38.0) Gecko/20100101 Firefox/38.0"
36.71.51.94 - - [14/Mar/2015:19:30:59 +0000] "GET /themes/bits/assets/images/xslide3.jpg.pagespeed.ic.ECL4btzwE2.jpg HTTP/1.1" 200 0 "https://bits.co.id/" "Mozilla/5.0 (Windows NT 6.1; rv:38.0) Gecko/20100101 Firefox/38.0"
36.71.51.94 - - [14/Mar/2015:19:30:59 +0000] "GET /themes/bits/assets/images/xslide2.jpg.pagespeed.ic.gjtEYNjFDF.jpg HTTP/1.1" 200 0 "https://bits.co.id/" "Mozilla/5.0 (Windows NT 6.1; rv:38.0) Gecko/20100101 Firefox/38.0"
36.71.51.94 - - [14/Mar/2015:19:30:59 +0000] "GET /themes/bits/assets/images/xmain-feature.png.pagespeed.ic.Rs04LZqWl1.png HTTP/1.1" 200 0 "https://bits.co.id/" "Mozilla/5.0 (Windows NT 6.1; rv:38.0) Gecko/20100101 Firefox/38.0"
36.71.51.94 - - [14/Mar/2015:19:30:59 +0000] "GET /themes/bits/assets/images/team/x01.jpg.pagespeed.ic.R-JbeMfd36.jpg HTTP/1.1" 200 0 "https://bits.co.id/" "Mozilla/5.0 (Windows NT 6.1; rv:38.0) Gecko/20100101 Firefox/38.0"
36.71.51.94 - - [14/Mar/2015:19:31:02 +0000] "GET /themes/bits/assets/js/html5shiv.js+respond.min.js.pagespeed.jc.44EGFUtx_q.js HTTP/1.1" 200 6160 "https://bits.co.id/" "Mozilla/5.0 (Windows NT 6.1; rv:38.0) Gecko/20100101 Firefox/38.0"
36.71.51.94 - - [14/Mar/2015:19:31:03 +0000] "GET /themes/bits/assets/images/portfolio/400x346x1.jpg.pagespeed.ic.IJHjOeASws.jpg HTTP/1.1" 200 73728 "https://bits.co.id/" "Mozilla/5.0 (Windows NT 6.1; rv:38.0) Gecko/20100101 Firefox/38.0"
36.71.51.94 - - [14/Mar/2015:19:31:03 +0000] "GET /themes/bits/assets/images/portfolio/400x346x2.jpg.pagespeed.ic.2VmVeV7QiG.jpg HTTP/1.1" 200 0 "https://bits.co.id/" "Mozilla/5.0 (Windows NT 6.1; rv:38.0) Gecko/20100101 Firefox/38.0"
36.71.51.94 - - [14/Mar/2015:19:31:03 +0000] "GET /themes/bits/assets/images/portfolio/400x346x3.jpg.pagespeed.ic.T1sNAhmVBf.jpg HTTP/1.1" 200 0 "https://bits.co.id/" "Mozilla/5.0 (Windows NT 6.1; rv:38.0) Gecko/20100101 Firefox/38.0"
36.71.51.94 - - [14/Mar/2015:19:31:03 +0000] "GET /themes/bits/assets/images/portfolio/400x346x4.jpg.pagespeed.ic.xVG_9Z7uRK.jpg HTTP/1.1" 200 0 "https://bits.co.id/" "Mozilla/5.0 (Windows NT 6.1; rv:38.0) Gecko/20100101 Firefox/38.0"
36.71.51.94 - - [14/Mar/2015:19:32:10 +0000] "GET /themes/bits/assets/js/bootstrap.min.js+jquery.prettyPhoto.js+jquery.isotope.min.js+main.js.pagespeed.jc.dUphfFRc9N.js HTTP/1.1" 200 17928 "https://bits.co.id/" "Mozilla/5.0 (Windows NT 6.1; rv:38.0) Gecko/20100101 Firefox/38.0"
36.71.51.94 - - [14/Mar/2015:19:32:13 +0000] "GET /themes/bits/assets/js/plugins.js.pagespeed.jm.1dSug2Tlta.js HTTP/1.1" 200 24298 "https://bits.co.id/" "Mozilla/5.0 (Windows NT 6.1; rv:38.0) Gecko/20100101 Firefox/38.0"
36.71.51.94 - - [14/Mar/2015:19:32:16 +0000] "GET /themes,_bits,_assets,_js,_wow.min.js+modules,_system,_assets,_js,_framework.js+modules,_system,_assets,_js,_framework.extras.js.pagespeed.jc.HdJz3aFRJ-.js HTTP/1.1" 200 4466 "https://bits.co.id/" "Mozilla/5.0 (Windows NT 6.1; rv:38.0) Gecko/20100101 Firefox/38.0"
36.71.51.94 - - [14/Mar/2015:19:32:47 +0000] "GET / HTTP/1.1" 200 8200 "-" "Mozilla/5.0 (Windows NT 6.1; rv:38.0) Gecko/20100101 Firefox/38.0"
36.71.51.94 - - [14/Mar/2015:19:32:57 +0000] "GET /combine/736dd6176a61768d9cf06737c97fd2d4-1422939978 HTTP/1.1" 200 41056 "https://bits.co.id/" "Mozilla/5.0 (Windows NT 6.1; rv:38.0) Gecko/20100101 Firefox/38.0"
36.71.51.94 - - [14/Mar/2015:19:32:59 +0000] "GET /modules/system/assets/css/A.framework.extras.css.pagespeed.cf.xsVGGnGfkl.css HTTP/1.1" 200 3236 "https://bits.co.id/" "Mozilla/5.0 (Windows NT 6.1; rv:38.0) Gecko/20100101 Firefox/38.0"
36.71.51.94 - - [14/Mar/2015:19:32:59 +0000] "GET /_,Mjo.HqHwaU9bBR.js.pagespeed.jm.ZWoAIZJ8qR.js HTTP/1.1" 200 3157 "https://bits.co.id/" "Mozilla/5.0 (Windows NT 6.1; rv:38.0) Gecko/20100101 Firefox/38.0"
36.71.51.94 - - [14/Mar/2015:19:32:59 +0000] "GET /themes/bits/assets/images/xlogo.png.pagespeed.ic.wqKt8NwrSB.png HTTP/1.1" 200 6707 "https://bits.co.id/" "Mozilla/5.0 (Windows NT 6.1; rv:38.0) Gecko/20100101 Firefox/38.0"
36.71.51.94 - - [14/Mar/2015:19:33:02 +0000] "GET /themes/bits/assets/images/xslide1.jpg.pagespeed.ic.QoXc3eFVso.jpg HTTP/1.1" 200 8192 "https://bits.co.id/" "Mozilla/5.0 (Windows NT 6.1; rv:38.0) Gecko/20100101 Firefox/38.0"
36.71.51.94 - - [14/Mar/2015:19:33:02 +0000] "GET /themes/bits/assets/images/xslide3.jpg.pagespeed.ic.ECL4btzwE2.jpg HTTP/1.1" 200 0 "https://bits.co.id/" "Mozilla/5.0 (Windows NT 6.1; rv:38.0) Gecko/20100101 Firefox/38.0"
36.71.51.94 - - [14/Mar/2015:19:33:02 +0000] "GET /themes/bits/assets/images/xslide2.jpg.pagespeed.ic.gjtEYNjFDF.jpg HTTP/1.1" 200 0 "https://bits.co.id/" "Mozilla/5.0 (Windows NT 6.1; rv:38.0) Gecko/20100101 Firefox/38.0"
36.71.51.94 - - [14/Mar/2015:19:33:02 +0000] "GET /themes/bits/assets/images/xmain-feature.png.pagespeed.ic.Rs04LZqWl1.png HTTP/1.1" 200 0 "https://bits.co.id/" "Mozilla/5.0 (Windows NT 6.1; rv:38.0) Gecko/20100101 Firefox/38.0"
36.71.51.94 - - [14/Mar/2015:19:33:02 +0000] "GET /themes/bits/assets/images/team/x01.jpg.pagespeed.ic.R-JbeMfd36.jpg HTTP/1.1" 200 0 "https://bits.co.id/" "Mozilla/5.0 (Windows NT 6.1; rv:38.0) Gecko/20100101 Firefox/38.0"
36.71.51.94 - - [14/Mar/2015:19:33:04 +0000] "GET /themes/bits/assets/js/html5shiv.js+respond.min.js.pagespeed.jc.44EGFUtx_q.js HTTP/1.1" 200 6160 "https://bits.co.id/" "Mozilla/5.0 (Windows NT 6.1; rv:38.0) Gecko/20100101 Firefox/38.0"
36.71.51.94 - - [14/Mar/2015:19:33:05 +0000] "GET /themes/bits/assets/images/portfolio/400x346x1.jpg.pagespeed.ic.IJHjOeASws.jpg HTTP/1.1" 200 38545 "https://bits.co.id/" "Mozilla/5.0 (Windows NT 6.1; rv:38.0) Gecko/20100101 Firefox/38.0"
36.71.51.94 - - [14/Mar/2015:19:33:05 +0000] "GET /themes/bits/assets/images/portfolio/400x346x4.jpg.pagespeed.ic.xVG_9Z7uRK.jpg HTTP/1.1" 200 30037 "https://bits.co.id/" "Mozilla/5.0 (Windows NT 6.1; rv:38.0) Gecko/20100101 Firefox/38.0"
36.71.51.94 - - [14/Mar/2015:19:33:11 +0000] "GET /themes/bits/assets/images/portfolio/400x346x2.jpg.pagespeed.ic.2VmVeV7QiG.jpg HTTP/1.1" 200 33453 "https://bits.co.id/" "Mozilla/5.0 (Windows NT 6.1; rv:38.0) Gecko/20100101 Firefox/38.0"
36.71.51.94 - - [14/Mar/2015:19:33:13 +0000] "GET /themes/bits/assets/images/portfolio/400x346x3.jpg.pagespeed.ic.T1sNAhmVBf.jpg HTTP/1.1" 200 36592 "https://bits.co.id/" "Mozilla/5.0 (Windows NT 6.1; rv:38.0) Gecko/20100101 Firefox/38.0"
36.71.51.94 - - [14/Mar/2015:19:33:15 +0000] "GET /themes/bits/assets/images/portfolio/400x346x5.jpg.pagespeed.ic.ag76W5WVJS.jpg HTTP/1.1" 200 24576 "https://bits.co.id/" "Mozilla/5.0 (Windows NT 6.1; rv:38.0) Gecko/20100101 Firefox/38.0"
36.71.51.94 - - [14/Mar/2015:19:33:15 +0000] "GET /themes/bits/assets/images/portfolio/400x346x6.jpg.pagespeed.ic.UpBYW133US.jpg HTTP/1.1" 200 0 "https://bits.co.id/" "Mozilla/5.0 (Windows NT 6.1; rv:38.0) Gecko/20100101 Firefox/38.0"
36.71.51.94 - - [14/Mar/2015:19:33:15 +0000] "GET /themes/bits/assets/images/xslide3.jpg.pagespeed.ic.ECL4btzwE2.jpg HTTP/1.1" 200 0 "https://bits.co.id/" "Mozilla/5.0 (Windows NT 6.1; rv:38.0) Gecko/20100101 Firefox/38.0"
36.71.51.94 - - [14/Mar/2015:19:33:15 +0000] "GET /themes/bits/assets/images/team/x01.jpg.pagespeed.ic.R-JbeMfd36.jpg HTTP/1.1" 200 0 "https://bits.co.id/" "Mozilla/5.0 (Windows NT 6.1; rv:38.0) Gecko/20100101 Firefox/38.0"
36.71.51.94 - - [14/Mar/2015:19:33:15 +0000] "GET /themes/bits/assets/images/testimonial/x01.jpg.pagespeed.ic.yJrf9WZxvZ.jpg HTTP/1.1" 200 0 "https://bits.co.id/" "Mozilla/5.0 (Windows NT 6.1; rv:38.0) Gecko/20100101 Firefox/38.0"
36.71.51.94 - - [14/Mar/2015:19:33:15 +0000] "GET /themes/bits/assets/images/xlogo.png.pagespeed.ic.wqKt8NwrSB.png HTTP/1.1" 200 0 "https://bits.co.id/" "Mozilla/5.0 (Windows NT 6.1; rv:38.0) Gecko/20100101 Firefox/38.0"
36.71.51.94 - - [14/Mar/2015:19:33:15 +0000] "GET /themes/bits/assets/images/xslide1.jpg.pagespeed.ic.QoXc3eFVso.jpg HTTP/1.1" 200 0 "https://bits.co.id/" "Mozilla/5.0 (Windows NT 6.1; rv:38.0) Gecko/20100101 Firefox/38.0"
36.71.51.94 - - [14/Mar/2015:19:33:15 +0000] "GET /themes/bits/assets/images/xslide2.jpg.pagespeed.ic.gjtEYNjFDF.jpg HTTP/1.1" 200 0 "https://bits.co.id/" "Mozilla/5.0 (Windows NT 6.1; rv:38.0) Gecko/20100101 Firefox/38.0"
36.71.51.94 - - [14/Mar/2015:19:33:15 +0000] "GET /themes/bits/assets/images/xmain-feature.png.pagespeed.ic.Rs04LZqWl1.png HTTP/1.1" 200 0 "https://bits.co.id/" "Mozilla/5.0 (Windows NT 6.1; rv:38.0) Gecko/20100101 Firefox/38.0"
36.71.51.94 - - [14/Mar/2015:19:33:15 +0000] "GET /themes/bits/assets/images/team/x02.jpg.pagespeed.ic.723R3SrEAT.jpg HTTP/1.1" 200 0 "https://bits.co.id/" "Mozilla/5.0 (Windows NT 6.1; rv:38.0) Gecko/20100101 Firefox/38.0"
36.71.51.94 - - [14/Mar/2015:19:33:15 +0000] "GET /themes/bits/assets/images/team/x03.jpg.pagespeed.ic.G_aiN32ZMC.jpg HTTP/1.1" 200 0 "https://bits.co.id/" "Mozilla/5.0 (Windows NT 6.1; rv:38.0) Gecko/20100101 Firefox/38.0"
36.71.51.94 - - [14/Mar/2015:19:33:15 +0000] "GET /themes/bits/assets/images/team/x04.jpg.pagespeed.ic.gj5t2xY6Bz.jpg HTTP/1.1" 200 0 "https://bits.co.id/" "Mozilla/5.0 (Windows NT 6.1; rv:38.0) Gecko/20100101 Firefox/38.0"
36.71.51.94 - - [14/Mar/2015:19:33:15 +0000] "GET /themes/bits/assets/images/clients/xclient01.png.pagespeed.ic.zwwkYMsvye.png HTTP/1.1" 200 0 "https://bits.co.id/" "Mozilla/5.0 (Windows NT 6.1; rv:38.0) Gecko/20100101 Firefox/38.0"
36.71.51.94 - - [14/Mar/2015:19:33:15 +0000] "GET /themes/bits/assets/images/clients/xclient02.png.pagespeed.ic.A9wKnbuWY9.png HTTP/1.1" 200 0 "https://bits.co.id/" "Mozilla/5.0 (Windows NT 6.1; rv:38.0) Gecko/20100101 Firefox/38.0"
36.71.51.94 - - [14/Mar/2015:19:34:44 +0000] "GET / HTTP/1.1" 200 8201 "-" "Mozilla/5.0 (Windows NT 6.1; rv:38.0) Gecko/20100101 Firefox/38.0"
36.71.51.94 - - [14/Mar/2015:19:34:45 +0000] "GET /combine/736dd6176a61768d9cf06737c97fd2d4-1422939978 HTTP/1.1" 200 41056 "https://bits.co.id/" "Mozilla/5.0 (Windows NT 6.1; rv:38.0) Gecko/20100101 Firefox/38.0"
36.71.51.94 - - [14/Mar/2015:19:34:49 +0000] "GET /modules/system/assets/css/A.framework.extras.css.pagespeed.cf.xsVGGnGfkl.css HTTP/1.1" 200 3236 "https://bits.co.id/" "Mozilla/5.0 (Windows NT 6.1; rv:38.0) Gecko/20100101 Firefox/38.0"
36.71.51.94 - - [14/Mar/2015:19:34:50 +0000] "GET /_,Mjo.E8YqzYWC18.js.pagespeed.jm.10M7Btmiho.js HTTP/1.1" 200 3157 "https://bits.co.id/" "Mozilla/5.0 (Windows NT 6.1; rv:38.0) Gecko/20100101 Firefox/38.0"
36.71.51.94 - - [14/Mar/2015:19:34:50 +0000] "GET /themes/bits/assets/images/xlogo.png.pagespeed.ic.wqKt8NwrSB.png HTTP/1.1" 200 6707 "https://bits.co.id/" "Mozilla/5.0 (Windows NT 6.1; rv:38.0) Gecko/20100101 Firefox/38.0"
36.71.51.94 - - [14/Mar/2015:19:34:50 +0000] "GET /themes/bits/assets/images/xslide1.jpg.pagespeed.ic.QoXc3eFVso.jpg HTTP/1.1" 200 42646 "https://bits.co.id/" "Mozilla/5.0 (Windows NT 6.1; rv:38.0) Gecko/20100101 Firefox/38.0"
36.71.51.94 - - [14/Mar/2015:19:34:50 +0000] "GET /themes/bits/assets/images/xslide3.jpg.pagespeed.ic.ECL4btzwE2.jpg HTTP/1.1" 200 38370 "https://bits.co.id/" "Mozilla/5.0 (Windows NT 6.1; rv:38.0) Gecko/20100101 Firefox/38.0"
36.71.51.94 - - [14/Mar/2015:19:34:54 +0000] "GET /themes/bits/assets/images/xslide2.jpg.pagespeed.ic.gjtEYNjFDF.jpg HTTP/1.1" 200 24576 "https://bits.co.id/" "Mozilla/5.0 (Windows NT 6.1; rv:38.0) Gecko/20100101 Firefox/38.0"
36.71.51.94 - - [14/Mar/2015:19:34:54 +0000] "GET /themes/bits/assets/images/xmain-feature.png.pagespeed.ic.Rs04LZqWl1.png HTTP/1.1" 200 0 "https://bits.co.id/" "Mozilla/5.0 (Windows NT 6.1; rv:38.0) Gecko/20100101 Firefox/38.0"
36.71.51.94 - - [14/Mar/2015:19:34:54 +0000] "GET /themes/bits/assets/images/team/x01.jpg.pagespeed.ic.R-JbeMfd36.jpg HTTP/1.1" 200 0 "https://bits.co.id/" "Mozilla/5.0 (Windows NT 6.1; rv:38.0) Gecko/20100101 Firefox/38.0"
36.71.51.94 - - [14/Mar/2015:19:34:54 +0000] "GET /themes/bits/assets/images/team/x02.jpg.pagespeed.ic.723R3SrEAT.jpg HTTP/1.1" 200 0 "https://bits.co.id/" "Mozilla/5.0 (Windows NT 6.1; rv:38.0) Gecko/20100101 Firefox/38.0"
36.71.51.94 - - [14/Mar/2015:19:34:54 +0000] "GET /themes/bits/assets/images/team/x03.jpg.pagespeed.ic.G_aiN32ZMC.jpg HTTP/1.1" 200 0 "https://bits.co.id/" "Mozilla/5.0 (Windows NT 6.1; rv:38.0) Gecko/20100101 Firefox/38.0"
36.71.51.94 - - [14/Mar/2015:19:34:54 +0000] "GET /themes/bits/assets/images/team/x04.jpg.pagespeed.ic.gj5t2xY6Bz.jpg HTTP/1.1" 200 0 "https://bits.co.id/" "Mozilla/5.0 (Windows NT 6.1; rv:38.0) Gecko/20100101 Firefox/38.0"
36.71.51.94 - - [14/Mar/2015:19:34:54 +0000] "GET /themes/bits/assets/images/portfolio/400x346x3.jpg.pagespeed.ic.T1sNAhmVBf.jpg HTTP/1.1" 200 0 "https://bits.co.id/" "Mozilla/5.0 (Windows NT 6.1; rv:38.0) Gecko/20100101 Firefox/38.0"
36.71.51.94 - - [14/Mar/2015:19:34:54 +0000] "GET /themes/bits/assets/images/portfolio/400x346x5.jpg.pagespeed.ic.ag76W5WVJS.jpg HTTP/1.1" 200 0 "https://bits.co.id/" "Mozilla/5.0 (Windows NT 6.1; rv:38.0) Gecko/20100101 Firefox/38.0"
36.71.51.94 - - [14/Mar/2015:19:34:54 +0000] "GET /themes/bits/assets/images/portfolio/400x346x6.jpg.pagespeed.ic.UpBYW133US.jpg HTTP/1.1" 200 0 "https://bits.co.id/" "Mozilla/5.0 (Windows NT 6.1; rv:38.0) Gecko/20100101 Firefox/38.0"
36.71.51.94 - - [14/Mar/2015:19:34:54 +0000] "GET /themes/bits/assets/images/clients/xclient01.png.pagespeed.ic.zwwkYMsvye.png HTTP/1.1" 200 0 "https://bits.co.id/" "Mozilla/5.0 (Windows NT 6.1; rv:38.0) Gecko/20100101 Firefox/38.0"
36.71.51.94 - - [14/Mar/2015:19:34:54 +0000] "GET /themes/bits/assets/images/clients/xclient02.png.pagespeed.ic.A9wKnbuWY9.png HTTP/1.1" 200 0 "https://bits.co.id/" "Mozilla/5.0 (Windows NT 6.1; rv:38.0) Gecko/20100101 Firefox/38.0"
36.71.51.94 - - [14/Mar/2015:19:34:54 +0000] "GET /themes/bits/assets/images/clients/xclient03.png.pagespeed.ic.MFGoUj009_.png HTTP/1.1" 200 0 "https://bits.co.id/" "Mozilla/5.0 (Windows NT 6.1; rv:38.0) Gecko/20100101 Firefox/38.0"
36.71.51.94 - - [14/Mar/2015:19:34:54 +0000] "GET /themes/bits/assets/images/clients/xclient04.png.pagespeed.ic.gYVLyC8vRi.png HTTP/1.1" 200 0 "https://bits.co.id/" "Mozilla/5.0 (Windows NT 6.1; rv:38.0) Gecko/20100101 Firefox/38.0"
36.71.51.94 - - [14/Mar/2015:19:34:54 +0000] "GET /themes/bits/assets/images/testimonial/x01.jpg.pagespeed.ic.yJrf9WZxvZ.jpg HTTP/1.1" 200 0 "https://bits.co.id/" "Mozilla/5.0 (Windows NT 6.1; rv:38.0) Gecko/20100101 Firefox/38.0"
74.86.158.110 - - [14/Mar/2015:19:34:57 +0000] "HEAD / HTTP/1.1" 200 0 "-" "Mozilla/5.0+(compatible; UptimeRobot/2.0; http://www.uptimerobot.com/)"
36.71.51.94 - - [14/Mar/2015:19:36:03 +0000] "GET /themes/bits/assets/js/jquery.js.pagespeed.jm.ZzSiN_5Whq.js HTTP/1.1" 200 0 "https://bits.co.id/" "Mozilla/5.0 (Windows NT 6.1; rv:38.0) Gecko/20100101 Firefox/38.0"
37.252.229.58 - - [14/Mar/2015:19:37:01 +0000] "GET / HTTP/1.0" 301 178 "-" "Mozilla/5.0 (compatible; www.monitor.us - free monitoring service; http://www.monitor.us)"
37.252.229.58 - - [14/Mar/2015:19:37:01 +0000] "GET / HTTP/1.0" 200 6860 "-" "Mozilla/5.0 (compatible; www.monitor.us - free monitoring service; http://www.monitor.us)"
128.199.122.79 - - [14/Mar/2015:19:37:01 +0000] "GET /combine/736dd6176a61768d9cf06737c97fd2d4-1422939978 HTTP/1.1" 200 266194 "https://bits.co.id/" "Serf/1.1.0 mod_pagespeed/1.9.32.3-4448"
36.71.51.94 - - [14/Mar/2015:19:37:06 +0000] "GET /themes/bits/assets/js/plugins.js.pagespeed.jm.1dSug2Tlta.js HTTP/1.1" 200 24298 "https://bits.co.id/" "Mozilla/5.0 (Windows NT 6.1; rv:38.0) Gecko/20100101 Firefox/38.0"
36.71.51.94 - - [14/Mar/2015:19:37:11 +0000] "GET /themes,_bits,_assets,_js,_wow.min.js+modules,_system,_assets,_js,_framework.js+modules,_system,_assets,_js,_framework.extras.js.pagespeed.jc.HdJz3aFRJ-.js HTTP/1.1" 200 4466 "https://bits.co.id/" "Mozilla/5.0 (Windows NT 6.1; rv:38.0) Gecko/20100101 Firefox/38.0"
36.71.51.94 - - [14/Mar/2015:19:37:20 +0000] "POST /ngx_pagespeed_beacon?url=https%3A%2F%2Fbits.co.id%2F HTTP/1.1" 204 0 "https://bits.co.id/" "Mozilla/5.0 (Windows NT 6.1; rv:38.0) Gecko/20100101 Firefox/38.0"
223.255.230.50 - - [14/Mar/2015:19:39:01 +0000] "GET / HTTP/1.1" 200 8201 "https://github.com/BITS-CO-ID" "Mozilla/5.0 (X11; Ubuntu; Linux x86_64; rv:36.0) Gecko/20100101 Firefox/36.0"
223.255.230.50 - - [14/Mar/2015:19:39:01 +0000] "GET /modules/system/assets/css/A.framework.extras.css.pagespeed.cf.xsVGGnGfkl.css HTTP/1.1" 200 3236 "https://bits.co.id/" "Mozilla/5.0 (X11; Ubuntu; Linux x86_64; rv:36.0) Gecko/20100101 Firefox/36.0"
223.255.230.50 - - [14/Mar/2015:19:39:01 +0000] "GET /_,Mjo.0wCJzm8kU-.js.pagespeed.jm.FjSjMxqZ9i.js HTTP/1.1" 200 3157 "https://bits.co.id/" "Mozilla/5.0 (X11; Ubuntu; Linux x86_64; rv:36.0) Gecko/20100101 Firefox/36.0"
223.255.230.50 - - [14/Mar/2015:19:39:01 +0000] "GET /themes/bits/assets/images/xlogo.png.pagespeed.ic.wqKt8NwrSB.png HTTP/1.1" 200 6707 "https://bits.co.id/" "Mozilla/5.0 (X11; Ubuntu; Linux x86_64; rv:36.0) Gecko/20100101 Firefox/36.0"
223.255.230.50 - - [14/Mar/2015:19:39:01 +0000] "GET /themes/bits/assets/images/xslide1.jpg.pagespeed.ic.QoXc3eFVso.jpg HTTP/1.1" 200 42646 "https://bits.co.id/" "Mozilla/5.0 (X11; Ubuntu; Linux x86_64; rv:36.0) Gecko/20100101 Firefox/36.0"
223.255.230.50 - - [14/Mar/2015:19:39:01 +0000] "GET /themes/bits/assets/images/xslide3.jpg.pagespeed.ic.ECL4btzwE2.jpg HTTP/1.1" 200 38370 "https://bits.co.id/" "Mozilla/5.0 (X11; Ubuntu; Linux x86_64; rv:36.0) Gecko/20100101 Firefox/36.0"
223.255.230.50 - - [14/Mar/2015:19:39:01 +0000] "GET /themes/bits/assets/images/xslide2.jpg.pagespeed.ic.gjtEYNjFDF.jpg HTTP/1.1" 200 45662 "https://bits.co.id/" "Mozilla/5.0 (X11; Ubuntu; Linux x86_64; rv:36.0) Gecko/20100101 Firefox/36.0"
223.255.230.50 - - [14/Mar/2015:19:39:01 +0000] "GET /themes/bits/assets/js/plugins.js.pagespeed.jm.1dSug2Tlta.js HTTP/1.1" 200 24298 "https://bits.co.id/" "Mozilla/5.0 (X11; Ubuntu; Linux x86_64; rv:36.0) Gecko/20100101 Firefox/36.0"
223.255.230.50 - - [14/Mar/2015:19:39:01 +0000] "GET /themes/bits/assets/js/html5shiv.js+respond.min.js.pagespeed.jc.44EGFUtx_q.js HTTP/1.1" 200 6160 "https://bits.co.id/" "Mozilla/5.0 (X11; Ubuntu; Linux x86_64; rv:36.0) Gecko/20100101 Firefox/36.0"
223.255.230.50 - - [14/Mar/2015:19:39:02 +0000] "GET /themes/bits/assets/js/jquery.js.pagespeed.jm.ZzSiN_5Whq.js HTTP/1.1" 200 32695 "https://bits.co.id/" "Mozilla/5.0 (X11; Ubuntu; Linux x86_64; rv:36.0) Gecko/20100101 Firefox/36.0"
223.255.230.50 - - [14/Mar/2015:19:39:02 +0000] "GET /themes/bits/assets/js/bootstrap.min.js+jquery.prettyPhoto.js+jquery.isotope.min.js+main.js.pagespeed.jc.dUphfFRc9N.js HTTP/1.1" 200 17928 "https://bits.co.id/" "Mozilla/5.0 (X11; Ubuntu; Linux x86_64; rv:36.0) Gecko/20100101 Firefox/36.0"
223.255.230.50 - - [14/Mar/2015:19:39:02 +0000] "GET /themes,_bits,_assets,_js,_wow.min.js+modules,_system,_assets,_js,_framework.js+modules,_system,_assets,_js,_framework.extras.js.pagespeed.jc.HdJz3aFRJ-.js HTTP/1.1" 200 4466 "https://bits.co.id/" "Mozilla/5.0 (X11; Ubuntu; Linux x86_64; rv:36.0) Gecko/20100101 Firefox/36.0"
223.255.230.50 - - [14/Mar/2015:19:39:02 +0000] "GET /themes/bits/assets/images/xmain-feature.png.pagespeed.ic.Rs04LZqWl1.png HTTP/1.1" 200 74891 "https://bits.co.id/" "Mozilla/5.0 (X11; Ubuntu; Linux x86_64; rv:36.0) Gecko/20100101 Firefox/36.0"
223.255.230.50 - - [14/Mar/2015:19:39:02 +0000] "GET /themes/bits/assets/images/team/x01.jpg.pagespeed.ic.R-JbeMfd36.jpg HTTP/1.1" 200 10486 "https://bits.co.id/" "Mozilla/5.0 (X11; Ubuntu; Linux x86_64; rv:36.0) Gecko/20100101 Firefox/36.0"
223.255.230.50 - - [14/Mar/2015:19:39:02 +0000] "GET /themes/bits/assets/images/team/x02.jpg.pagespeed.ic.723R3SrEAT.jpg HTTP/1.1" 200 7474 "https://bits.co.id/" "Mozilla/5.0 (X11; Ubuntu; Linux x86_64; rv:36.0) Gecko/20100101 Firefox/36.0"
223.255.230.50 - - [14/Mar/2015:19:39:02 +0000] "GET /themes/bits/assets/images/team/x03.jpg.pagespeed.ic.G_aiN32ZMC.jpg HTTP/1.1" 200 15272 "https://bits.co.id/" "Mozilla/5.0 (X11; Ubuntu; Linux x86_64; rv:36.0) Gecko/20100101 Firefox/36.0"
223.255.230.50 - - [14/Mar/2015:19:39:02 +0000] "GET /themes/bits/assets/images/team/x04.jpg.pagespeed.ic.gj5t2xY6Bz.jpg HTTP/1.1" 200 14717 "https://bits.co.id/" "Mozilla/5.0 (X11; Ubuntu; Linux x86_64; rv:36.0) Gecko/20100101 Firefox/36.0"
223.255.230.50 - - [14/Mar/2015:19:39:02 +0000] "GET /themes/bits/assets/images/portfolio/400x346x1.jpg.pagespeed.ic.IJHjOeASws.jpg HTTP/1.1" 200 38545 "https://bits.co.id/" "Mozilla/5.0 (X11; Ubuntu; Linux x86_64; rv:36.0) Gecko/20100101 Firefox/36.0"
223.255.230.50 - - [14/Mar/2015:19:39:02 +0000] "GET /themes/bits/assets/images/portfolio/400x346x2.jpg.pagespeed.ic.2VmVeV7QiG.jpg HTTP/1.1" 200 33453 "https://bits.co.id/" "Mozilla/5.0 (X11; Ubuntu; Linux x86_64; rv:36.0) Gecko/20100101 Firefox/36.0"
223.255.230.50 - - [14/Mar/2015:19:39:02 +0000] "GET /themes/bits/assets/images/portfolio/400x346x3.jpg.pagespeed.ic.T1sNAhmVBf.jpg HTTP/1.1" 200 36592 "https://bits.co.id/" "Mozilla/5.0 (X11; Ubuntu; Linux x86_64; rv:36.0) Gecko/20100101 Firefox/36.0"
223.255.230.50 - - [14/Mar/2015:19:39:02 +0000] "GET /themes/bits/assets/images/portfolio/400x346x4.jpg.pagespeed.ic.xVG_9Z7uRK.jpg HTTP/1.1" 200 30037 "https://bits.co.id/" "Mozilla/5.0 (X11; Ubuntu; Linux x86_64; rv:36.0) Gecko/20100101 Firefox/36.0"
223.255.230.50 - - [14/Mar/2015:19:39:02 +0000] "GET /modules/system/assets/css/A.framework.extras.css.pagespeed.cf.xsVGGnGfkl.css HTTP/1.1" 200 3236 "https://bits.co.id/" "Mozilla/5.0 (X11; Ubuntu; Linux x86_64; rv:36.0) Gecko/20100101 Firefox/36.0"
223.255.230.50 - - [14/Mar/2015:19:39:02 +0000] "GET /themes/bits/assets/images/portfolio/400x346x5.jpg.pagespeed.ic.ag76W5WVJS.jpg HTTP/1.1" 200 25753 "https://bits.co.id/" "Mozilla/5.0 (X11; Ubuntu; Linux x86_64; rv:36.0) Gecko/20100101 Firefox/36.0"
223.255.230.50 - - [14/Mar/2015:19:39:03 +0000] "GET /themes/bits/assets/images/portfolio/400x346x6.jpg.pagespeed.ic.UpBYW133US.jpg HTTP/1.1" 200 41742 "https://bits.co.id/" "Mozilla/5.0 (X11; Ubuntu; Linux x86_64; rv:36.0) Gecko/20100101 Firefox/36.0"
223.255.230.50 - - [14/Mar/2015:19:39:03 +0000] "GET /themes/bits/assets/images/clients/xclient01.png.pagespeed.ic.zwwkYMsvye.png HTTP/1.1" 200 20125 "https://bits.co.id/" "Mozilla/5.0 (X11; Ubuntu; Linux x86_64; rv:36.0) Gecko/20100101 Firefox/36.0"
223.255.230.50 - - [14/Mar/2015:19:39:03 +0000] "GET /themes/bits/assets/images/clients/xclient02.png.pagespeed.ic.A9wKnbuWY9.png HTTP/1.1" 200 12814 "https://bits.co.id/" "Mozilla/5.0 (X11; Ubuntu; Linux x86_64; rv:36.0) Gecko/20100101 Firefox/36.0"
223.255.230.50 - - [14/Mar/2015:19:39:03 +0000] "GET /themes/bits/assets/images/clients/xclient03.png.pagespeed.ic.MFGoUj009_.png HTTP/1.1" 200 22221 "https://bits.co.id/" "Mozilla/5.0 (X11; Ubuntu; Linux x86_64; rv:36.0) Gecko/20100101 Firefox/36.0"
223.255.230.50 - - [14/Mar/2015:19:39:03 +0000] "GET /themes/bits/assets/images/clients/xclient04.png.pagespeed.ic.gYVLyC8vRi.png HTTP/1.1" 200 11789 "https://bits.co.id/" "Mozilla/5.0 (X11; Ubuntu; Linux x86_64; rv:36.0) Gecko/20100101 Firefox/36.0"
223.255.230.50 - - [14/Mar/2015:19:39:03 +0000] "GET /themes/bits/assets/images/testimonial/x01.jpg.pagespeed.ic.yJrf9WZxvZ.jpg HTTP/1.1" 200 4020 "https://bits.co.id/" "Mozilla/5.0 (X11; Ubuntu; Linux x86_64; rv:36.0) Gecko/20100101 Firefox/36.0"
223.255.230.50 - - [14/Mar/2015:19:39:03 +0000] "POST /ngx_pagespeed_beacon?url=https%3A%2F%2Fbits.co.id%2F HTTP/1.1" 204 0 "https://bits.co.id/" "Mozilla/5.0 (X11; Ubuntu; Linux x86_64; rv:36.0) Gecko/20100101 Firefox/36.0"
74.86.158.110 - - [14/Mar/2015:19:39:56 +0000] "HEAD / HTTP/1.1" 200 0 "-" "Mozilla/5.0+(compatible; UptimeRobot/2.0; http://www.uptimerobot.com/)"
74.86.158.110 - - [14/Mar/2015:19:46:56 +0000] "HEAD / HTTP/1.1" 200 0 "-" "Mozilla/5.0+(compatible; UptimeRobot/2.0; http://www.uptimerobot.com/)"
67.228.177.17 - - [14/Mar/2015:19:48:23 +0000] "GET / HTTP/1.0" 301 178 "-" "Mozilla/5.0 (compatible; www.monitor.us - free monitoring service; http://www.monitor.us)"
67.228.177.17 - - [14/Mar/2015:19:48:24 +0000] "GET / HTTP/1.0" 200 6860 "-" "Mozilla/5.0 (compatible; www.monitor.us - free monitoring service; http://www.monitor.us)"
128.199.122.79 - - [14/Mar/2015:19:48:24 +0000] "GET /combine/736dd6176a61768d9cf06737c97fd2d4-1422939978 HTTP/1.1" 200 266194 "https://bits.co.id/" "Serf/1.1.0 mod_pagespeed/1.9.32.3-4448"
74.86.158.110 - - [14/Mar/2015:19:51:56 +0000] "HEAD / HTTP/1.1" 200 0 "-" "Mozilla/5.0+(compatible; UptimeRobot/2.0; http://www.uptimerobot.com/)"
74.86.158.110 - - [14/Mar/2015:19:56:57 +0000] "HEAD / HTTP/1.1" 200 0 "-" "Mozilla/5.0+(compatible; UptimeRobot/2.0; http://www.uptimerobot.com/)"
74.86.158.110 - - [14/Mar/2015:20:01:57 +0000] "HEAD / HTTP/1.1" 200 0 "-" "Mozilla/5.0+(compatible; UptimeRobot/2.0; http://www.uptimerobot.com/)"
74.86.158.110 - - [14/Mar/2015:20:06:56 +0000] "HEAD / HTTP/1.1" 200 0 "-" "Mozilla/5.0+(compatible; UptimeRobot/2.0; http://www.uptimerobot.com/)"
37.252.229.58 - - [14/Mar/2015:20:07:01 +0000] "GET / HTTP/1.0" 301 178 "-" "Mozilla/5.0 (compatible; www.monitor.us - free monitoring service; http://www.monitor.us)"
37.252.229.58 - - [14/Mar/2015:20:07:01 +0000] "GET / HTTP/1.0" 200 6860 "-" "Mozilla/5.0 (compatible; www.monitor.us - free monitoring service; http://www.monitor.us)"
128.199.122.79 - - [14/Mar/2015:20:07:01 +0000] "GET /combine/736dd6176a61768d9cf06737c97fd2d4-1422939978 HTTP/1.1" 200 266194 "https://bits.co.id/" "Serf/1.1.0 mod_pagespeed/1.9.32.3-4448"
74.86.158.110 - - [14/Mar/2015:20:11:56 +0000] "HEAD / HTTP/1.1" 200 0 "-" "Mozilla/5.0+(compatible; UptimeRobot/2.0; http://www.uptimerobot.com/)"
74.86.158.110 - - [14/Mar/2015:20:16:56 +0000] "HEAD / HTTP/1.1" 200 0 "-" "Mozilla/5.0+(compatible; UptimeRobot/2.0; http://www.uptimerobot.com/)"
67.228.177.17 - - [14/Mar/2015:20:18:22 +0000] "GET / HTTP/1.0" 301 178 "-" "Mozilla/5.0 (compatible; www.monitor.us - free monitoring service; http://www.monitor.us)"
67.228.177.17 - - [14/Mar/2015:20:18:23 +0000] "GET / HTTP/1.0" 200 6860 "-" "Mozilla/5.0 (compatible; www.monitor.us - free monitoring service; http://www.monitor.us)"
128.199.122.79 - - [14/Mar/2015:20:18:24 +0000] "GET /combine/736dd6176a61768d9cf06737c97fd2d4-1422939978 HTTP/1.1" 200 266194 "https://bits.co.id/" "Serf/1.1.0 mod_pagespeed/1.9.32.3-4448"
74.86.158.110 - - [14/Mar/2015:20:21:56 +0000] "HEAD / HTTP/1.1" 200 0 "-" "Mozilla/5.0+(compatible; UptimeRobot/2.0; http://www.uptimerobot.com/)"
66.249.64.190 - - [14/Mar/2015:20:26:49 +0000] "GET /robots.txt HTTP/1.1" 301 178 "-" "Mozilla/5.0 (compatible; Googlebot/2.1; +http://www.google.com/bot.html)"
66.249.64.9 - - [14/Mar/2015:20:26:52 +0000] "GET / HTTP/1.1" 200 6873 "-" "Mozilla/5.0 (compatible; Googlebot/2.1; +http://www.google.com/bot.html)"
128.199.122.79 - - [14/Mar/2015:20:26:52 +0000] "GET /combine/736dd6176a61768d9cf06737c97fd2d4-1422939978 HTTP/1.1" 200 266194 "https://bits.co.id/" "Serf/1.1.0 mod_pagespeed/1.9.32.3-4448"
74.86.158.110 - - [14/Mar/2015:20:26:56 +0000] "HEAD / HTTP/1.1" 200 0 "-" "Mozilla/5.0+(compatible; UptimeRobot/2.0; http://www.uptimerobot.com/)"
74.86.158.110 - - [14/Mar/2015:20:31:55 +0000] "HEAD / HTTP/1.1" 200 0 "-" "Mozilla/5.0+(compatible; UptimeRobot/2.0; http://www.uptimerobot.com/)"
74.86.158.110 - - [14/Mar/2015:20:36:56 +0000] "HEAD / HTTP/1.1" 200 0 "-" "Mozilla/5.0+(compatible; UptimeRobot/2.0; http://www.uptimerobot.com/)"
37.252.229.58 - - [14/Mar/2015:20:37:01 +0000] "GET / HTTP/1.0" 301 178 "-" "Mozilla/5.0 (compatible; www.monitor.us - free monitoring service; http://www.monitor.us)"
37.252.229.58 - - [14/Mar/2015:20:37:02 +0000] "GET / HTTP/1.0" 200 6860 "-" "Mozilla/5.0 (compatible; www.monitor.us - free monitoring service; http://www.monitor.us)"
128.199.122.79 - - [14/Mar/2015:20:37:02 +0000] "GET /combine/736dd6176a61768d9cf06737c97fd2d4-1422939978 HTTP/1.1" 200 266194 "https://bits.co.id/" "Serf/1.1.0 mod_pagespeed/1.9.32.3-4448"
54.202.194.112 - - [14/Mar/2015:20:41:22 +0000] "HEAD / HTTP/1.1" 301 0 "-" "Mechanize/2.7.2 Ruby/2.0.0p481 (http://github.com/sparklemotion/mechanize/)"
54.202.194.112 - - [14/Mar/2015:20:41:24 +0000] "HEAD / HTTP/1.1" 200 0 "-" "Mechanize/2.7.2 Ruby/2.0.0p481 (http://github.com/sparklemotion/mechanize/)"
