36.84.243.44 - - [14/Mar/2015:06:10:16 +0000] "GET /themes/bits/assets/images/clients/xclient02.png.pagespeed.ic.A9wKnbuWY9.png HTTP/1.1" 200 12814 "https://bits.co.id/" "Mozilla/5.0 (X11; Ubuntu; Linux x86_64; rv:36.0) Gecko/20100101 Firefox/36.0"
36.84.243.44 - - [14/Mar/2015:06:10:16 +0000] "GET /themes/bits/assets/images/clients/xclient03.png.pagespeed.ic.MFGoUj009_.png HTTP/1.1" 200 22221 "https://bits.co.id/" "Mozilla/5.0 (X11; Ubuntu; Linux x86_64; rv:36.0) Gecko/20100101 Firefox/36.0"
36.84.243.44 - - [14/Mar/2015:06:10:16 +0000] "GET /themes/bits/assets/images/clients/xclient04.png.pagespeed.ic.gYVLyC8vRi.png HTTP/1.1" 200 11789 "https://bits.co.id/" "Mozilla/5.0 (X11; Ubuntu; Linux x86_64; rv:36.0) Gecko/20100101 Firefox/36.0"
36.84.243.44 - - [14/Mar/2015:06:10:16 +0000] "GET /themes/bits/assets/images/testimonial/x01.jpg.pagespeed.ic.yJrf9WZxvZ.jpg HTTP/1.1" 200 4020 "https://bits.co.id/" "Mozilla/5.0 (X11; Ubuntu; Linux x86_64; rv:36.0) Gecko/20100101 Firefox/36.0"
36.84.243.44 - - [14/Mar/2015:06:10:16 +0000] "GET /themes/bits/assets/js/html5shiv.js+respond.min.js.pagespeed.jc.44EGFUtx_q.js HTTP/1.1" 200 6160 "https://bits.co.id/" "Mozilla/5.0 (X11; Ubuntu; Linux x86_64; rv:36.0) Gecko/20100101 Firefox/36.0"
36.84.243.44 - - [14/Mar/2015:06:10:16 +0000] "GET /themes/bits/assets/js/jquery.js.pagespeed.jm.ZzSiN_5Whq.js HTTP/1.1" 200 32695 "https://bits.co.id/" "Mozilla/5.0 (X11; Ubuntu; Linux x86_64; rv:36.0) Gecko/20100101 Firefox/36.0"
36.84.243.44 - - [14/Mar/2015:06:10:16 +0000] "GET /themes/bits/assets/js/bootstrap.min.js+jquery.prettyPhoto.js+jquery.isotope.min.js+main.js.pagespeed.jc.dUphfFRc9N.js HTTP/1.1" 200 17928 "https://bits.co.id/" "Mozilla/5.0 (X11; Ubuntu; Linux x86_64; rv:36.0) Gecko/20100101 Firefox/36.0"
36.84.243.44 - - [14/Mar/2015:06:10:16 +0000] "GET /themes,_bits,_assets,_js,_wow.min.js+modules,_system,_assets,_js,_framework.js+modules,_system,_assets,_js,_framework.extras.js.pagespeed.jc.HdJz3aFRJ-.js HTTP/1.1" 200 4466 "https://bits.co.id/" "Mozilla/5.0 (X11; Ubuntu; Linux x86_64; rv:36.0) Gecko/20100101 Firefox/36.0"
36.84.243.44 - - [14/Mar/2015:06:10:16 +0000] "GET /themes/bits/assets/js/plugins.js.pagespeed.jm.1dSug2Tlta.js HTTP/1.1" 200 36376 "https://bits.co.id/" "Mozilla/5.0 (X11; Ubuntu; Linux x86_64; rv:36.0) Gecko/20100101 Firefox/36.0"
36.84.243.44 - - [14/Mar/2015:06:10:16 +0000] "GET /modules/system/assets/css/A.framework.extras.css.pagespeed.cf.xsVGGnGfkl.css HTTP/1.1" 200 3236 "https://bits.co.id/" "Mozilla/5.0 (X11; Ubuntu; Linux x86_64; rv:36.0) Gecko/20100101 Firefox/36.0"
36.84.243.44 - - [14/Mar/2015:06:10:16 +0000] "POST /ngx_pagespeed_beacon?url=https%3A%2F%2Fbits.co.id%2F HTTP/1.1" 204 0 "https://bits.co.id/" "Mozilla/5.0 (X11; Ubuntu; Linux x86_64; rv:36.0) Gecko/20100101 Firefox/36.0"
74.86.158.110 - - [14/Mar/2015:06:14:56 +0000] "HEAD / HTTP/1.1" 200 0 "-" "Mozilla/5.0+(compatible; UptimeRobot/2.0; http://www.uptimerobot.com/)"
67.228.177.17 - - [14/Mar/2015:06:18:22 +0000] "GET / HTTP/1.0" 301 178 "-" "Mozilla/5.0 (compatible; www.monitor.us - free monitoring service; http://www.monitor.us)"
67.228.177.17 - - [14/Mar/2015:06:18:23 +0000] "GET / HTTP/1.0" 200 6860 "-" "Mozilla/5.0 (compatible; www.monitor.us - free monitoring service; http://www.monitor.us)"
128.199.122.79 - - [14/Mar/2015:06:18:23 +0000] "GET /combine/736dd6176a61768d9cf06737c97fd2d4-1422939978 HTTP/1.1" 200 266194 "https://bits.co.id/" "Serf/1.1.0 mod_pagespeed/1.9.32.3-4448"
74.86.158.110 - - [14/Mar/2015:06:19:55 +0000] "HEAD / HTTP/1.1" 200 0 "-" "Mozilla/5.0+(compatible; UptimeRobot/2.0; http://www.uptimerobot.com/)"
74.86.158.110 - - [14/Mar/2015:06:24:54 +0000] "HEAD / HTTP/1.1" 200 0 "-" "Mozilla/5.0+(compatible; UptimeRobot/2.0; http://www.uptimerobot.com/)"
74.86.158.110 - - [14/Mar/2015:06:29:55 +0000] "HEAD / HTTP/1.1" 200 0 "-" "Mozilla/5.0+(compatible; UptimeRobot/2.0; http://www.uptimerobot.com/)"
74.86.158.110 - - [14/Mar/2015:06:34:55 +0000] "HEAD / HTTP/1.1" 200 0 "-" "Mozilla/5.0+(compatible; UptimeRobot/2.0; http://www.uptimerobot.com/)"
66.249.71.11 - - [14/Mar/2015:06:35:42 +0000] "GET /vendor/laravel/framework/src/Illuminate/Routing/Router.php HTTP/1.1" 500 5 "-" "Mozilla/5.0 (iPhone; CPU iPhone OS 6_0 like Mac OS X) AppleWebKit/536.26 (KHTML, like Gecko) Version/6.0 Mobile/10A5376e Safari/8536.25 (compatible; Googlebot/2.1; +http://www.google.com/bot.html)"
37.252.229.58 - - [14/Mar/2015:06:37:01 +0000] "GET / HTTP/1.0" 301 178 "-" "Mozilla/5.0 (compatible; www.monitor.us - free monitoring service; http://www.monitor.us)"
37.252.229.58 - - [14/Mar/2015:06:37:02 +0000] "GET / HTTP/1.0" 200 6860 "-" "Mozilla/5.0 (compatible; www.monitor.us - free monitoring service; http://www.monitor.us)"
128.199.122.79 - - [14/Mar/2015:06:37:02 +0000] "GET /combine/736dd6176a61768d9cf06737c97fd2d4-1422939978 HTTP/1.1" 200 266179 "https://bits.co.id/" "Serf/1.1.0 mod_pagespeed/1.9.32.3-4448"
74.86.158.110 - - [14/Mar/2015:06:39:55 +0000] "HEAD / HTTP/1.1" 200 0 "-" "Mozilla/5.0+(compatible; UptimeRobot/2.0; http://www.uptimerobot.com/)"
66.249.71.244 - - [14/Mar/2015:06:40:12 +0000] "GET /robots.txt HTTP/1.1" 301 178 "-" "Mozilla/5.0 (compatible; Googlebot/2.1; +http://www.google.com/bot.html)"
66.249.71.236 - - [14/Mar/2015:06:40:13 +0000] "GET / HTTP/1.1" 301 178 "-" "Mozilla/5.0 (compatible; Googlebot/2.1; +http://www.google.com/bot.html)"
66.249.67.93 - - [14/Mar/2015:06:40:15 +0000] "GET / HTTP/1.1" 200 6889 "-" "Mozilla/5.0 (compatible; Googlebot/2.1; +http://www.google.com/bot.html)"
66.249.71.28 - - [14/Mar/2015:06:40:31 +0000] "GET /modules/system/assets/css/A.framework.extras.css.pagespeed.cf.xsVGGnGfkl.css HTTP/1.1" 200 3236 "-" "Mozilla/5.0 (compatible; Googlebot/2.1; +http://www.google.com/bot.html)"
74.86.158.110 - - [14/Mar/2015:06:44:55 +0000] "HEAD / HTTP/1.1" 200 0 "-" "Mozilla/5.0+(compatible; UptimeRobot/2.0; http://www.uptimerobot.com/)"
67.228.177.17 - - [14/Mar/2015:06:48:22 +0000] "GET / HTTP/1.0" 301 178 "-" "Mozilla/5.0 (compatible; www.monitor.us - free monitoring service; http://www.monitor.us)"
67.228.177.17 - - [14/Mar/2015:06:48:23 +0000] "GET / HTTP/1.0" 200 6860 "-" "Mozilla/5.0 (compatible; www.monitor.us - free monitoring service; http://www.monitor.us)"
128.199.122.79 - - [14/Mar/2015:06:48:23 +0000] "GET /combine/736dd6176a61768d9cf06737c97fd2d4-1422939978 HTTP/1.1" 200 266194 "https://bits.co.id/" "Serf/1.1.0 mod_pagespeed/1.9.32.3-4448"
74.86.158.110 - - [14/Mar/2015:06:49:55 +0000] "HEAD / HTTP/1.1" 200 0 "-" "Mozilla/5.0+(compatible; UptimeRobot/2.0; http://www.uptimerobot.com/)"
74.86.158.110 - - [14/Mar/2015:06:54:55 +0000] "HEAD / HTTP/1.1" 200 0 "-" "Mozilla/5.0+(compatible; UptimeRobot/2.0; http://www.uptimerobot.com/)"
74.86.158.110 - - [14/Mar/2015:06:59:55 +0000] "HEAD / HTTP/1.1" 200 0 "-" "Mozilla/5.0+(compatible; UptimeRobot/2.0; http://www.uptimerobot.com/)"
74.86.158.110 - - [14/Mar/2015:07:04:55 +0000] "HEAD / HTTP/1.1" 200 0 "-" "Mozilla/5.0+(compatible; UptimeRobot/2.0; http://www.uptimerobot.com/)"
37.252.229.58 - - [14/Mar/2015:07:07:01 +0000] "GET / HTTP/1.0" 301 178 "-" "Mozilla/5.0 (compatible; www.monitor.us - free monitoring service; http://www.monitor.us)"
37.252.229.58 - - [14/Mar/2015:07:07:02 +0000] "GET / HTTP/1.0" 200 6860 "-" "Mozilla/5.0 (compatible; www.monitor.us - free monitoring service; http://www.monitor.us)"
128.199.122.79 - - [14/Mar/2015:07:07:02 +0000] "GET /combine/736dd6176a61768d9cf06737c97fd2d4-1422939978 HTTP/1.1" 200 266187 "https://bits.co.id/" "Serf/1.1.0 mod_pagespeed/1.9.32.3-4448"
66.249.71.28 - - [14/Mar/2015:07:09:02 +0000] "GET /vendor/stack/builder/src/Stack/StackedHttpKernel.php HTTP/1.1" 500 5 "-" "Mozilla/5.0 (iPhone; CPU iPhone OS 6_0 like Mac OS X) AppleWebKit/536.26 (KHTML, like Gecko) Version/6.0 Mobile/10A5376e Safari/8536.25 (compatible; Googlebot/2.1; +http://www.google.com/bot.html)"
74.86.158.110 - - [14/Mar/2015:07:09:55 +0000] "HEAD / HTTP/1.1" 200 0 "-" "Mozilla/5.0+(compatible; UptimeRobot/2.0; http://www.uptimerobot.com/)"
74.86.158.110 - - [14/Mar/2015:07:14:55 +0000] "HEAD / HTTP/1.1" 200 0 "-" "Mozilla/5.0+(compatible; UptimeRobot/2.0; http://www.uptimerobot.com/)"
67.228.177.17 - - [14/Mar/2015:07:18:22 +0000] "GET / HTTP/1.0" 301 178 "-" "Mozilla/5.0 (compatible; www.monitor.us - free monitoring service; http://www.monitor.us)"
67.228.177.17 - - [14/Mar/2015:07:18:23 +0000] "GET / HTTP/1.0" 200 6860 "-" "Mozilla/5.0 (compatible; www.monitor.us - free monitoring service; http://www.monitor.us)"
128.199.122.79 - - [14/Mar/2015:07:18:23 +0000] "GET /combine/736dd6176a61768d9cf06737c97fd2d4-1422939978 HTTP/1.1" 200 266194 "https://bits.co.id/" "Serf/1.1.0 mod_pagespeed/1.9.32.3-4448"
74.86.158.110 - - [14/Mar/2015:07:19:54 +0000] "HEAD / HTTP/1.1" 200 0 "-" "Mozilla/5.0+(compatible; UptimeRobot/2.0; http://www.uptimerobot.com/)"
74.86.158.110 - - [14/Mar/2015:07:24:55 +0000] "HEAD / HTTP/1.1" 200 0 "-" "Mozilla/5.0+(compatible; UptimeRobot/2.0; http://www.uptimerobot.com/)"
74.86.158.110 - - [14/Mar/2015:07:29:55 +0000] "HEAD / HTTP/1.1" 200 0 "-" "Mozilla/5.0+(compatible; UptimeRobot/2.0; http://www.uptimerobot.com/)"
74.86.158.110 - - [14/Mar/2015:07:34:55 +0000] "HEAD / HTTP/1.1" 200 0 "-" "Mozilla/5.0+(compatible; UptimeRobot/2.0; http://www.uptimerobot.com/)"
37.252.229.58 - - [14/Mar/2015:07:37:01 +0000] "GET / HTTP/1.0" 301 178 "-" "Mozilla/5.0 (compatible; www.monitor.us - free monitoring service; http://www.monitor.us)"
37.252.229.58 - - [14/Mar/2015:07:37:01 +0000] "GET / HTTP/1.0" 200 6860 "-" "Mozilla/5.0 (compatible; www.monitor.us - free monitoring service; http://www.monitor.us)"
128.199.122.79 - - [14/Mar/2015:07:37:01 +0000] "GET /combine/736dd6176a61768d9cf06737c97fd2d4-1422939978 HTTP/1.1" 200 266194 "https://bits.co.id/" "Serf/1.1.0 mod_pagespeed/1.9.32.3-4448"
74.86.158.110 - - [14/Mar/2015:07:39:55 +0000] "HEAD / HTTP/1.1" 200 0 "-" "Mozilla/5.0+(compatible; UptimeRobot/2.0; http://www.uptimerobot.com/)"
74.86.158.110 - - [14/Mar/2015:07:44:55 +0000] "HEAD / HTTP/1.1" 200 0 "-" "Mozilla/5.0+(compatible; UptimeRobot/2.0; http://www.uptimerobot.com/)"
67.228.177.17 - - [14/Mar/2015:07:48:22 +0000] "GET / HTTP/1.0" 301 178 "-" "Mozilla/5.0 (compatible; www.monitor.us - free monitoring service; http://www.monitor.us)"
67.228.177.17 - - [14/Mar/2015:07:48:24 +0000] "GET / HTTP/1.0" 200 6860 "-" "Mozilla/5.0 (compatible; www.monitor.us - free monitoring service; http://www.monitor.us)"
128.199.122.79 - - [14/Mar/2015:07:48:24 +0000] "GET /combine/736dd6176a61768d9cf06737c97fd2d4-1422939978 HTTP/1.1" 200 266187 "https://bits.co.id/" "Serf/1.1.0 mod_pagespeed/1.9.32.3-4448"
74.86.158.110 - - [14/Mar/2015:07:49:55 +0000] "HEAD / HTTP/1.1" 200 0 "-" "Mozilla/5.0+(compatible; UptimeRobot/2.0; http://www.uptimerobot.com/)"
74.86.158.110 - - [14/Mar/2015:07:54:55 +0000] "HEAD / HTTP/1.1" 200 0 "-" "Mozilla/5.0+(compatible; UptimeRobot/2.0; http://www.uptimerobot.com/)"
74.86.158.110 - - [14/Mar/2015:07:59:55 +0000] "HEAD / HTTP/1.1" 200 0 "-" "Mozilla/5.0+(compatible; UptimeRobot/2.0; http://www.uptimerobot.com/)"
74.86.158.110 - - [14/Mar/2015:08:04:55 +0000] "HEAD / HTTP/1.1" 200 0 "-" "Mozilla/5.0+(compatible; UptimeRobot/2.0; http://www.uptimerobot.com/)"
37.252.229.58 - - [14/Mar/2015:08:07:01 +0000] "GET / HTTP/1.0" 301 178 "-" "Mozilla/5.0 (compatible; www.monitor.us - free monitoring service; http://www.monitor.us)"
37.252.229.58 - - [14/Mar/2015:08:07:03 +0000] "GET / HTTP/1.0" 200 6860 "-" "Mozilla/5.0 (compatible; www.monitor.us - free monitoring service; http://www.monitor.us)"
128.199.122.79 - - [14/Mar/2015:08:07:04 +0000] "GET /combine/736dd6176a61768d9cf06737c97fd2d4-1422939978 HTTP/1.1" 200 266194 "https://bits.co.id/" "Serf/1.1.0 mod_pagespeed/1.9.32.3-4448"
74.86.158.110 - - [14/Mar/2015:08:09:55 +0000] "HEAD / HTTP/1.1" 200 0 "-" "Mozilla/5.0+(compatible; UptimeRobot/2.0; http://www.uptimerobot.com/)"
74.86.158.110 - - [14/Mar/2015:08:14:55 +0000] "HEAD / HTTP/1.1" 200 0 "-" "Mozilla/5.0+(compatible; UptimeRobot/2.0; http://www.uptimerobot.com/)"
67.228.177.17 - - [14/Mar/2015:08:18:22 +0000] "GET / HTTP/1.0" 301 178 "-" "Mozilla/5.0 (compatible; www.monitor.us - free monitoring service; http://www.monitor.us)"
67.228.177.17 - - [14/Mar/2015:08:18:23 +0000] "GET / HTTP/1.0" 200 6860 "-" "Mozilla/5.0 (compatible; www.monitor.us - free monitoring service; http://www.monitor.us)"
128.199.122.79 - - [14/Mar/2015:08:18:23 +0000] "GET /combine/736dd6176a61768d9cf06737c97fd2d4-1422939978 HTTP/1.1" 200 266194 "https://bits.co.id/" "Serf/1.1.0 mod_pagespeed/1.9.32.3-4448"
36.84.243.44 - - [14/Mar/2015:08:18:50 +0000] "GET /phpmyadmin/ HTTP/1.1" 200 2784 "-" "Mozilla/5.0 (X11; Ubuntu; Linux x86_64; rv:36.0) Gecko/20100101 Firefox/36.0"
128.199.122.79 - - [14/Mar/2015:08:18:50 +0000] "GET /phpmyadmin/phpmyadmin.css.php?server=1&token=d9b59d492ddc4939b53d9255d1298325&nocache=4270098220ltr HTTP/1.1" 200 109786 "https://bits.co.id/phpmyadmin/" "Serf/1.1.0 mod_pagespeed/1.9.32.3-4448"
36.84.243.44 - - [14/Mar/2015:08:18:50 +0000] "GET /phpmyadmin/_,Mjo.aA8eIrD_b7.js.pagespeed.jm.fRPdKIk7M8.js HTTP/1.1" 200 3168 "https://bits.co.id/phpmyadmin/" "Mozilla/5.0 (X11; Ubuntu; Linux x86_64; rv:36.0) Gecko/20100101 Firefox/36.0"
36.84.243.44 - - [14/Mar/2015:08:18:50 +0000] "GET /phpmyadmin/js/whitelist.php?lang=en&db=&token=d9b59d492ddc4939b53d9255d1298325 HTTP/1.1" 200 498 "https://bits.co.id/phpmyadmin/" "Mozilla/5.0 (X11; Ubuntu; Linux x86_64; rv:36.0) Gecko/20100101 Firefox/36.0"
36.84.243.44 - - [14/Mar/2015:08:18:50 +0000] "GET /phpmyadmin/phpmyadmin.css.php?server=1&token=d9b59d492ddc4939b53d9255d1298325&nocache=4270098220ltr HTTP/1.1" 200 20849 "https://bits.co.id/phpmyadmin/" "Mozilla/5.0 (X11; Ubuntu; Linux x86_64; rv:36.0) Gecko/20100101 Firefox/36.0"
36.84.243.44 - - [14/Mar/2015:08:18:50 +0000] "GET /phpmyadmin/js/get_image.js.php?theme=pmahomme HTTP/1.1" 200 1805 "https://bits.co.id/phpmyadmin/" "Mozilla/5.0 (X11; Ubuntu; Linux x86_64; rv:36.0) Gecko/20100101 Firefox/36.0"
36.84.243.44 - - [14/Mar/2015:08:18:50 +0000] "GET /phpmyadmin/js/messages.php?lang=en&db=&token=d9b59d492ddc4939b53d9255d1298325 HTTP/1.1" 200 7140 "https://bits.co.id/phpmyadmin/" "Mozilla/5.0 (X11; Ubuntu; Linux x86_64; rv:36.0) Gecko/20100101 Firefox/36.0"
128.199.122.79 - - [14/Mar/2015:08:18:50 +0000] "GET /phpmyadmin/js/whitelist.php?lang=en&db=&token=d9b59d492ddc4939b53d9255d1298325 HTTP/1.1" 200 2197 "https://bits.co.id/phpmyadmin/" "Serf/1.1.0 mod_pagespeed/1.9.32.3-4448"
128.199.122.79 - - [14/Mar/2015:08:18:51 +0000] "GET /phpmyadmin/js/get_scripts.js.php?scripts%5B%5D=jquery/jquery-1.8.3.min.js&scripts%5B%5D=sprintf.js&scripts%5B%5D=ajax.js&scripts%5B%5D=keyhandler.js&scripts%5B%5D=jquery/jquery-ui-1.9.2.custom.min.js&scripts%5B%5D=jquery/jquery.cookie.js&scripts%5B%5D=jquery/jquery.mousewheel.js&scripts%5B%5D=jquery/jquery.event.drag-2.2.js&scripts%5B%5D=jquery/jquery-ui-timepicker-addon.js&scripts%5B%5D=jquery/jquery.ba-hashchange-1.3.js&scripts%5B%5D=jquery/jquery.debounce-1.0.5.js&scripts%5B%5D=menu-resizer.js&scripts%5B%5D=cross_framing_protection.js&scripts%5B%5D=rte.js&scripts%5B%5D=tracekit/tracekit.js&scripts%5B%5D=error_report.js&scripts%5B%5D=doclinks.js&scripts%5B%5D=functions.js&scripts%5B%5D=navigation.js&scripts%5B%5D=indexes.js&scripts%5B%5D=common.js&scripts%5B%5D=codemirror/lib/codemirror.js&scripts%5B%5D=codemirror/mode/sql/sql.js&scripts%5B%5D=codemirror/addon/runmode/runmode.js&scripts%5B%5D=codemirror/addon/hint/show-hint.js&scripts%5B%5D=codemirror/addon/hint/sql-hint.js HTTP/1.1" 200 1205234 "https://bits.co.id/phpmyadmin/" "Serf/1.1.0 mod_pagespeed/1.9.32.3-4448"
128.199.122.79 - - [14/Mar/2015:08:18:51 +0000] "GET /phpmyadmin/js/messages.php?lang=en&db=&token=d9b59d492ddc4939b53d9255d1298325 HTTP/1.1" 200 24079 "https://bits.co.id/phpmyadmin/" "Serf/1.1.0 mod_pagespeed/1.9.32.3-4448"
128.199.122.79 - - [14/Mar/2015:08:18:51 +0000] "GET /phpmyadmin/js/get_image.js.php?theme=pmahomme HTTP/1.1" 200 6656 "https://bits.co.id/phpmyadmin/" "Serf/1.1.0 mod_pagespeed/1.9.32.3-4448"
36.84.243.44 - - [14/Mar/2015:08:18:52 +0000] "POST /ngx_pagespeed_beacon?url=https%3A%2F%2Fbits.co.id%2Fphpmyadmin%2F HTTP/1.1" 204 0 "https://bits.co.id/phpmyadmin/" "Mozilla/5.0 (X11; Ubuntu; Linux x86_64; rv:36.0) Gecko/20100101 Firefox/36.0"
36.84.243.44 - - [14/Mar/2015:08:18:53 +0000] "POST /phpmyadmin/index.php HTTP/1.1" 302 0 "https://bits.co.id/phpmyadmin/" "Mozilla/5.0 (X11; Ubuntu; Linux x86_64; rv:36.0) Gecko/20100101 Firefox/36.0"
36.84.243.44 - - [14/Mar/2015:08:18:53 +0000] "GET /phpmyadmin/index.php?token=d9b59d492ddc4939b53d9255d1298325 HTTP/1.1" 200 9023 "https://bits.co.id/phpmyadmin/" "Mozilla/5.0 (X11; Ubuntu; Linux x86_64; rv:36.0) Gecko/20100101 Firefox/36.0"
128.199.122.79 - - [14/Mar/2015:08:18:53 +0000] "GET /phpmyadmin/phpmyadmin.css.php?server=1&token=d9b59d492ddc4939b53d9255d1298325&nocache=5696334683ltr HTTP/1.1" 200 109786 "https://bits.co.id/phpmyadmin/index.php?token=d9b59d492ddc4939b53d9255d1298325" "Serf/1.1.0 mod_pagespeed/1.9.32.3-4448"
128.199.122.79 - - [14/Mar/2015:08:18:53 +0000] "GET /phpmyadmin/js/get_scripts.js.php?scripts%5B%5D=codemirror/lib/codemirror.js&scripts%5B%5D=codemirror/mode/sql/sql.js&scripts%5B%5D=codemirror/addon/runmode/runmode.js&scripts%5B%5D=codemirror/addon/hint/show-hint.js&scripts%5B%5D=codemirror/addon/hint/sql-hint.js&scripts%5B%5D=console.js HTTP/1.1" 200 384195 "https://bits.co.id/phpmyadmin/index.php?token=d9b59d492ddc4939b53d9255d1298325" "Serf/1.1.0 mod_pagespeed/1.9.32.3-4448"
36.84.243.44 - - [14/Mar/2015:08:18:53 +0000] "GET /phpmyadmin/_,Mjo.Sy8Jtn2WnK.js.pagespeed.jm.p71q4-2Y5z.js HTTP/1.1" 200 3216 "https://bits.co.id/phpmyadmin/index.php?token=d9b59d492ddc4939b53d9255d1298325" "Mozilla/5.0 (X11; Ubuntu; Linux x86_64; rv:36.0) Gecko/20100101 Firefox/36.0"
36.84.243.44 - - [14/Mar/2015:08:18:54 +0000] "GET /phpmyadmin/js/get_scripts.js.php?scripts%5B%5D=codemirror/lib/codemirror.js&scripts%5B%5D=codemirror/mode/sql/sql.js&scripts%5B%5D=codemirror/addon/runmode/runmode.js&scripts%5B%5D=codemirror/addon/hint/show-hint.js&scripts%5B%5D=codemirror/addon/hint/sql-hint.js&scripts%5B%5D=console.js HTTP/1.1" 200 100104 "https://bits.co.id/phpmyadmin/index.php?token=d9b59d492ddc4939b53d9255d1298325" "Mozilla/5.0 (X11; Ubuntu; Linux x86_64; rv:36.0) Gecko/20100101 Firefox/36.0"
36.84.243.44 - - [14/Mar/2015:08:18:54 +0000] "GET /phpmyadmin/phpmyadmin.css.php?server=1&token=d9b59d492ddc4939b53d9255d1298325&nocache=5696334683ltr HTTP/1.1" 200 20849 "https://bits.co.id/phpmyadmin/index.php?token=d9b59d492ddc4939b53d9255d1298325" "Mozilla/5.0 (X11; Ubuntu; Linux x86_64; rv:36.0) Gecko/20100101 Firefox/36.0"
36.84.243.44 - - [14/Mar/2015:08:18:54 +0000] "POST /phpmyadmin/db_structure.php?ajax_request=1&favorite_table=1&sync_favorite_tables=1&token=d9b59d492ddc4939b53d9255d1298325 HTTP/1.1" 200 1322 "https://bits.co.id/phpmyadmin/index.php?token=d9b59d492ddc4939b53d9255d1298325" "Mozilla/5.0 (X11; Ubuntu; Linux x86_64; rv:36.0) Gecko/20100101 Firefox/36.0"
36.84.243.44 - - [14/Mar/2015:08:18:54 +0000] "POST /ngx_pagespeed_beacon?url=https%3A%2F%2Fbits.co.id%2Fphpmyadmin%2Findex.php%3Ftoken%3Dd9b59d492ddc4939b53d9255d1298325 HTTP/1.1" 204 0 "https://bits.co.id/phpmyadmin/index.php?token=d9b59d492ddc4939b53d9255d1298325" "Mozilla/5.0 (X11; Ubuntu; Linux x86_64; rv:36.0) Gecko/20100101 Firefox/36.0"
36.84.243.44 - - [14/Mar/2015:08:18:55 +0000] "GET /phpmyadmin/version_check.php?&_nocache=142632114032597995 HTTP/1.1" 200 61 "https://bits.co.id/phpmyadmin/index.php?token=d9b59d492ddc4939b53d9255d1298325" "Mozilla/5.0 (X11; Ubuntu; Linux x86_64; rv:36.0) Gecko/20100101 Firefox/36.0"
36.84.243.44 - - [14/Mar/2015:08:18:59 +0000] "GET /phpmyadmin/index.php?db=&token=d9b59d492ddc4939b53d9255d1298325&old_usr=c17fkwt HTTP/1.1" 200 2837 "https://bits.co.id/phpmyadmin/index.php?token=d9b59d492ddc4939b53d9255d1298325" "Mozilla/5.0 (X11; Ubuntu; Linux x86_64; rv:36.0) Gecko/20100101 Firefox/36.0"
128.199.122.79 - - [14/Mar/2015:08:18:59 +0000] "GET /phpmyadmin/phpmyadmin.css.php?server=1&token=b325d223ba014a09a0320d3c6e94a551&nocache=4270098220ltr HTTP/1.1" 200 109786 "https://bits.co.id/phpmyadmin/index.php?db=&token=d9b59d492ddc4939b53d9255d1298325&old_usr=c17fkwt" "Serf/1.1.0 mod_pagespeed/1.9.32.3-4448"
128.199.122.79 - - [14/Mar/2015:08:18:59 +0000] "GET /phpmyadmin/js/whitelist.php?lang=en&db=&token=b325d223ba014a09a0320d3c6e94a551 HTTP/1.1" 200 2197 "https://bits.co.id/phpmyadmin/index.php?db=&token=d9b59d492ddc4939b53d9255d1298325&old_usr=c17fkwt" "Serf/1.1.0 mod_pagespeed/1.9.32.3-4448"
128.199.122.79 - - [14/Mar/2015:08:18:59 +0000] "GET /phpmyadmin/js/messages.php?lang=en&db=&token=b325d223ba014a09a0320d3c6e94a551 HTTP/1.1" 200 24079 "https://bits.co.id/phpmyadmin/index.php?db=&token=d9b59d492ddc4939b53d9255d1298325&old_usr=c17fkwt" "Serf/1.1.0 mod_pagespeed/1.9.32.3-4448"
36.84.243.44 - - [14/Mar/2015:08:18:59 +0000] "GET /phpmyadmin/_.pagespeed.jo.otkTsobnYZ.js HTTP/1.1" 200 3243 "https://bits.co.id/phpmyadmin/index.php?db=&token=d9b59d492ddc4939b53d9255d1298325&old_usr=c17fkwt" "Mozilla/5.0 (X11; Ubuntu; Linux x86_64; rv:36.0) Gecko/20100101 Firefox/36.0"
36.84.243.44 - - [14/Mar/2015:08:18:59 +0000] "GET /phpmyadmin/js/whitelist.php?lang=en&db=&token=b325d223ba014a09a0320d3c6e94a551 HTTP/1.1" 200 498 "https://bits.co.id/phpmyadmin/index.php?db=&token=d9b59d492ddc4939b53d9255d1298325&old_usr=c17fkwt" "Mozilla/5.0 (X11; Ubuntu; Linux x86_64; rv:36.0) Gecko/20100101 Firefox/36.0"
36.84.243.44 - - [14/Mar/2015:08:18:59 +0000] "GET /phpmyadmin/phpmyadmin.css.php?server=1&token=b325d223ba014a09a0320d3c6e94a551&nocache=4270098220ltr HTTP/1.1" 200 20849 "https://bits.co.id/phpmyadmin/index.php?db=&token=d9b59d492ddc4939b53d9255d1298325&old_usr=c17fkwt" "Mozilla/5.0 (X11; Ubuntu; Linux x86_64; rv:36.0) Gecko/20100101 Firefox/36.0"
36.84.243.44 - - [14/Mar/2015:08:18:59 +0000] "GET /phpmyadmin/themes/pmahomme/img/logo_right.png.pagespeed.ce.mQyFeAMpeY.png HTTP/1.1" 200 4548 "https://bits.co.id/phpmyadmin/index.php?db=&token=d9b59d492ddc4939b53d9255d1298325&old_usr=c17fkwt" "Mozilla/5.0 (X11; Ubuntu; Linux x86_64; rv:36.0) Gecko/20100101 Firefox/36.0"
36.84.243.44 - - [14/Mar/2015:08:18:59 +0000] "GET /phpmyadmin/js/messages.php?lang=en&db=&token=b325d223ba014a09a0320d3c6e94a551 HTTP/1.1" 200 7140 "https://bits.co.id/phpmyadmin/index.php?db=&token=d9b59d492ddc4939b53d9255d1298325&old_usr=c17fkwt" "Mozilla/5.0 (X11; Ubuntu; Linux x86_64; rv:36.0) Gecko/20100101 Firefox/36.0"
36.84.243.44 - - [14/Mar/2015:08:19:00 +0000] "POST /ngx_pagespeed_beacon?url=https%3A%2F%2Fbits.co.id%2Fphpmyadmin%2Findex.php%3Fdb%3D%26token%3Dd9b59d492ddc4939b53d9255d1298325%26old_usr%3Dc17fkwt HTTP/1.1" 204 0 "https://bits.co.id/phpmyadmin/index.php?db=&token=d9b59d492ddc4939b53d9255d1298325&old_usr=c17fkwt" "Mozilla/5.0 (X11; Ubuntu; Linux x86_64; rv:36.0) Gecko/20100101 Firefox/36.0"
36.84.243.44 - - [14/Mar/2015:08:19:05 +0000] "POST /phpmyadmin/index.php HTTP/1.1" 302 0 "https://bits.co.id/phpmyadmin/index.php?db=&token=d9b59d492ddc4939b53d9255d1298325&old_usr=c17fkwt" "Mozilla/5.0 (X11; Ubuntu; Linux x86_64; rv:36.0) Gecko/20100101 Firefox/36.0"
36.84.243.44 - - [14/Mar/2015:08:19:05 +0000] "GET /phpmyadmin/index.php?token=612ee5097a1840bd4895c1c39b89c023 HTTP/1.1" 200 14694 "https://bits.co.id/phpmyadmin/index.php?db=&token=d9b59d492ddc4939b53d9255d1298325&old_usr=c17fkwt" "Mozilla/5.0 (X11; Ubuntu; Linux x86_64; rv:36.0) Gecko/20100101 Firefox/36.0"
128.199.122.79 - - [14/Mar/2015:08:19:05 +0000] "GET /phpmyadmin/phpmyadmin.css.php?server=1&token=612ee5097a1840bd4895c1c39b89c023&nocache=5693914531ltr HTTP/1.1" 200 109786 "https://bits.co.id/phpmyadmin/index.php?token=612ee5097a1840bd4895c1c39b89c023" "Serf/1.1.0 mod_pagespeed/1.9.32.3-4448"
128.199.122.79 - - [14/Mar/2015:08:19:05 +0000] "GET /phpmyadmin/js/whitelist.php?lang=en&db=&token=612ee5097a1840bd4895c1c39b89c023 HTTP/1.1" 200 2197 "https://bits.co.id/phpmyadmin/index.php?token=612ee5097a1840bd4895c1c39b89c023" "Serf/1.1.0 mod_pagespeed/1.9.32.3-4448"
128.199.122.79 - - [14/Mar/2015:08:19:05 +0000] "GET /phpmyadmin/js/messages.php?lang=en&db=&token=612ee5097a1840bd4895c1c39b89c023 HTTP/1.1" 200 24079 "https://bits.co.id/phpmyadmin/index.php?token=612ee5097a1840bd4895c1c39b89c023" "Serf/1.1.0 mod_pagespeed/1.9.32.3-4448"
36.84.243.44 - - [14/Mar/2015:08:19:05 +0000] "GET /phpmyadmin/_.pagespeed.jo.1H2WU4E8_5.js HTTP/1.1" 200 3223 "https://bits.co.id/phpmyadmin/index.php?token=612ee5097a1840bd4895c1c39b89c023" "Mozilla/5.0 (X11; Ubuntu; Linux x86_64; rv:36.0) Gecko/20100101 Firefox/36.0"
36.84.243.44 - - [14/Mar/2015:08:19:05 +0000] "GET /phpmyadmin/js/get_scripts.js.php,qscripts,P5B,P5D=codemirror,_lib,_codemirror.js,ascripts,P5B,P5D=codemirror,_mode,_sql,_sql.js,ascripts,P5B,P5D=codemirror,_addon,_runmode,_runmode.js,ascripts,P5B,P5D=codemirror,_addon,_hint,_show-hint.js,ascripts,P5B,P5D=codemirror,_addon,_hint,_sql-hint.js,ascripts,P5B,P5D=console.js.pagespeed.jm.yYoqjBpuhk.js HTTP/1.1" 200 67721 "https://bits.co.id/phpmyadmin/index.php?token=612ee5097a1840bd4895c1c39b89c023" "Mozilla/5.0 (X11; Ubuntu; Linux x86_64; rv:36.0) Gecko/20100101 Firefox/36.0"
36.84.243.44 - - [14/Mar/2015:08:19:05 +0000] "GET /phpmyadmin/phpmyadmin.css.php?server=1&token=612ee5097a1840bd4895c1c39b89c023&nocache=5693914531ltr HTTP/1.1" 200 20849 "https://bits.co.id/phpmyadmin/index.php?token=612ee5097a1840bd4895c1c39b89c023" "Mozilla/5.0 (X11; Ubuntu; Linux x86_64; rv:36.0) Gecko/20100101 Firefox/36.0"
36.84.243.44 - - [14/Mar/2015:08:19:05 +0000] "GET /phpmyadmin/js/whitelist.php?lang=en&db=&token=612ee5097a1840bd4895c1c39b89c023 HTTP/1.1" 200 498 "https://bits.co.id/phpmyadmin/index.php?token=612ee5097a1840bd4895c1c39b89c023" "Mozilla/5.0 (X11; Ubuntu; Linux x86_64; rv:36.0) Gecko/20100101 Firefox/36.0"
36.84.243.44 - - [14/Mar/2015:08:19:05 +0000] "GET /phpmyadmin/js/messages.php?lang=en&db=&token=612ee5097a1840bd4895c1c39b89c023 HTTP/1.1" 200 7140 "https://bits.co.id/phpmyadmin/index.php?token=612ee5097a1840bd4895c1c39b89c023" "Mozilla/5.0 (X11; Ubuntu; Linux x86_64; rv:36.0) Gecko/20100101 Firefox/36.0"
36.84.243.44 - - [14/Mar/2015:08:19:06 +0000] "POST /phpmyadmin/db_structure.php?ajax_request=1&favorite_table=1&sync_favorite_tables=1&token=612ee5097a1840bd4895c1c39b89c023 HTTP/1.1" 200 1349 "https://bits.co.id/phpmyadmin/index.php?token=612ee5097a1840bd4895c1c39b89c023" "Mozilla/5.0 (X11; Ubuntu; Linux x86_64; rv:36.0) Gecko/20100101 Firefox/36.0"
36.84.243.44 - - [14/Mar/2015:08:19:06 +0000] "POST /ngx_pagespeed_beacon?url=https%3A%2F%2Fbits.co.id%2Fphpmyadmin%2Findex.php%3Ftoken%3D612ee5097a1840bd4895c1c39b89c023 HTTP/1.1" 204 0 "https://bits.co.id/phpmyadmin/index.php?token=612ee5097a1840bd4895c1c39b89c023" "Mozilla/5.0 (X11; Ubuntu; Linux x86_64; rv:36.0) Gecko/20100101 Firefox/36.0"
36.84.243.44 - - [14/Mar/2015:08:19:06 +0000] "GET /phpmyadmin/version_check.php?&_nocache=1426321152158817699 HTTP/1.1" 200 61 "https://bits.co.id/phpmyadmin/index.php?token=612ee5097a1840bd4895c1c39b89c023" "Mozilla/5.0 (X11; Ubuntu; Linux x86_64; rv:36.0) Gecko/20100101 Firefox/36.0"
36.84.243.44 - - [14/Mar/2015:08:19:10 +0000] "GET /phpmyadmin/db_structure.php?server=1&db=c18aps1&token=612ee5097a1840bd4895c1c39b89c023&ajax_request=true&ajax_page_request=true&menuHashes=47f2c929&_nocache=1426321155870891938 HTTP/1.1" 200 1673 "https://bits.co.id/phpmyadmin/index.php?token=612ee5097a1840bd4895c1c39b89c023" "Mozilla/5.0 (X11; Ubuntu; Linux x86_64; rv:36.0) Gecko/20100101 Firefox/36.0"
36.84.243.44 - - [14/Mar/2015:08:19:10 +0000] "GET /phpmyadmin/navigation.php?ajax_request=1&token=612ee5097a1840bd4895c1c39b89c023&aPath=cm9vdA%3D%3D.YzE4YXBzMQ%3D%3D&vPath=cm9vdA%3D%3D.YzE4YXBzMQ%3D%3D&pos=0&pos2_name=&pos2_value=&searchClause=&searchClause2=&_nocache=1426321156097733398 HTTP/1.1" 200 1259 "https://bits.co.id/phpmyadmin/index.php?token=612ee5097a1840bd4895c1c39b89c023" "Mozilla/5.0 (X11; Ubuntu; Linux x86_64; rv:36.0) Gecko/20100101 Firefox/36.0"
36.84.243.44 - - [14/Mar/2015:08:19:16 +0000] "GET /phpmyadmin/server_privileges.php?db=c18aps1&token=612ee5097a1840bd4895c1c39b89c023&checkprivsdb=c18aps1&viewing_mode=db&ajax_request=true&ajax_page_request=true&menuHashes=47f2c929-68674624&_nocache=142632116228044355 HTTP/1.1" 200 1971 "https://bits.co.id/phpmyadmin/index.php?token=612ee5097a1840bd4895c1c39b89c023" "Mozilla/5.0 (X11; Ubuntu; Linux x86_64; rv:36.0) Gecko/20100101 Firefox/36.0"
74.86.158.110 - - [14/Mar/2015:08:19:55 +0000] "HEAD / HTTP/1.1" 200 0 "-" "Mozilla/5.0+(compatible; UptimeRobot/2.0; http://www.uptimerobot.com/)"
36.84.243.44 - - [14/Mar/2015:08:20:03 +0000] "GET /phpmyadmin/index.php?db=&token=612ee5097a1840bd4895c1c39b89c023&old_usr=root HTTP/1.1" 200 2835 "https://bits.co.id/phpmyadmin/index.php?token=612ee5097a1840bd4895c1c39b89c023" "Mozilla/5.0 (X11; Ubuntu; Linux x86_64; rv:36.0) Gecko/20100101 Firefox/36.0"
128.199.122.79 - - [14/Mar/2015:08:20:03 +0000] "GET /phpmyadmin/phpmyadmin.css.php?server=1&token=f42c2fd97048d098dfc825df45c39f3b&nocache=4270098220ltr HTTP/1.1" 200 109786 "https://bits.co.id/phpmyadmin/index.php?db=&token=612ee5097a1840bd4895c1c39b89c023&old_usr=root" "Serf/1.1.0 mod_pagespeed/1.9.32.3-4448"
128.199.122.79 - - [14/Mar/2015:08:20:03 +0000] "GET /phpmyadmin/js/whitelist.php?lang=en&db=&token=f42c2fd97048d098dfc825df45c39f3b HTTP/1.1" 200 2197 "https://bits.co.id/phpmyadmin/index.php?db=&token=612ee5097a1840bd4895c1c39b89c023&old_usr=root" "Serf/1.1.0 mod_pagespeed/1.9.32.3-4448"
128.199.122.79 - - [14/Mar/2015:08:20:03 +0000] "GET /phpmyadmin/js/messages.php?lang=en&db=&token=f42c2fd97048d098dfc825df45c39f3b HTTP/1.1" 200 24079 "https://bits.co.id/phpmyadmin/index.php?db=&token=612ee5097a1840bd4895c1c39b89c023&old_usr=root" "Serf/1.1.0 mod_pagespeed/1.9.32.3-4448"
36.84.243.44 - - [14/Mar/2015:08:20:03 +0000] "GET /phpmyadmin/_.pagespeed.jo.3VRaqoMb7H.js HTTP/1.1" 200 3240 "https://bits.co.id/phpmyadmin/index.php?db=&token=612ee5097a1840bd4895c1c39b89c023&old_usr=root" "Mozilla/5.0 (X11; Ubuntu; Linux x86_64; rv:36.0) Gecko/20100101 Firefox/36.0"
36.84.243.44 - - [14/Mar/2015:08:20:03 +0000] "GET /phpmyadmin/phpmyadmin.css.php?server=1&token=f42c2fd97048d098dfc825df45c39f3b&nocache=4270098220ltr HTTP/1.1" 200 20849 "https://bits.co.id/phpmyadmin/index.php?db=&token=612ee5097a1840bd4895c1c39b89c023&old_usr=root" "Mozilla/5.0 (X11; Ubuntu; Linux x86_64; rv:36.0) Gecko/20100101 Firefox/36.0"
36.84.243.44 - - [14/Mar/2015:08:20:03 +0000] "GET /phpmyadmin/js/whitelist.php?lang=en&db=&token=f42c2fd97048d098dfc825df45c39f3b HTTP/1.1" 200 498 "https://bits.co.id/phpmyadmin/index.php?db=&token=612ee5097a1840bd4895c1c39b89c023&old_usr=root" "Mozilla/5.0 (X11; Ubuntu; Linux x86_64; rv:36.0) Gecko/20100101 Firefox/36.0"
36.84.243.44 - - [14/Mar/2015:08:20:03 +0000] "GET /phpmyadmin/js/messages.php?lang=en&db=&token=f42c2fd97048d098dfc825df45c39f3b HTTP/1.1" 200 7140 "https://bits.co.id/phpmyadmin/index.php?db=&token=612ee5097a1840bd4895c1c39b89c023&old_usr=root" "Mozilla/5.0 (X11; Ubuntu; Linux x86_64; rv:36.0) Gecko/20100101 Firefox/36.0"
36.84.243.44 - - [14/Mar/2015:08:20:03 +0000] "GET /phpmyadmin/themes/pmahomme/img/logo_right.png.pagespeed.ce.mQyFeAMpeY.png HTTP/1.1" 200 4548 "https://bits.co.id/phpmyadmin/index.php?db=&token=612ee5097a1840bd4895c1c39b89c023&old_usr=root" "Mozilla/5.0 (X11; Ubuntu; Linux x86_64; rv:36.0) Gecko/20100101 Firefox/36.0"
36.84.243.44 - - [14/Mar/2015:08:20:03 +0000] "POST /ngx_pagespeed_beacon?url=https%3A%2F%2Fbits.co.id%2Fphpmyadmin%2Findex.php%3Fdb%3D%26token%3D612ee5097a1840bd4895c1c39b89c023%26old_usr%3Droot HTTP/1.1" 204 0 "https://bits.co.id/phpmyadmin/index.php?db=&token=612ee5097a1840bd4895c1c39b89c023&old_usr=root" "Mozilla/5.0 (X11; Ubuntu; Linux x86_64; rv:36.0) Gecko/20100101 Firefox/36.0"
74.86.158.110 - - [14/Mar/2015:08:24:55 +0000] "HEAD / HTTP/1.1" 200 0 "-" "Mozilla/5.0+(compatible; UptimeRobot/2.0; http://www.uptimerobot.com/)"
66.249.71.236 - - [14/Mar/2015:08:25:31 +0000] "GET /robots.txt HTTP/1.1" 301 178 "-" "Mozilla/5.0 (compatible; Googlebot/2.1; +http://www.google.com/bot.html)"
66.249.71.236 - - [14/Mar/2015:08:25:32 +0000] "GET /modules/system/assets/css/framework.extras.css HTTP/1.1" 301 178 "-" "Mozilla/5.0 (compatible; Googlebot/2.1; +http://www.google.com/bot.html)"
74.86.158.110 - - [14/Mar/2015:08:29:55 +0000] "HEAD / HTTP/1.1" 200 0 "-" "Mozilla/5.0+(compatible; UptimeRobot/2.0; http://www.uptimerobot.com/)"
74.86.158.110 - - [14/Mar/2015:08:34:55 +0000] "HEAD / HTTP/1.1" 200 0 "-" "Mozilla/5.0+(compatible; UptimeRobot/2.0; http://www.uptimerobot.com/)"
37.252.229.58 - - [14/Mar/2015:08:37:01 +0000] "GET / HTTP/1.0" 301 178 "-" "Mozilla/5.0 (compatible; www.monitor.us - free monitoring service; http://www.monitor.us)"
37.252.229.58 - - [14/Mar/2015:08:37:02 +0000] "GET / HTTP/1.0" 200 6860 "-" "Mozilla/5.0 (compatible; www.monitor.us - free monitoring service; http://www.monitor.us)"
128.199.122.79 - - [14/Mar/2015:08:37:02 +0000] "GET /combine/736dd6176a61768d9cf06737c97fd2d4-1422939978 HTTP/1.1" 200 266194 "https://bits.co.id/" "Serf/1.1.0 mod_pagespeed/1.9.32.3-4448"
74.86.158.110 - - [14/Mar/2015:08:39:55 +0000] "HEAD / HTTP/1.1" 200 0 "-" "Mozilla/5.0+(compatible; UptimeRobot/2.0; http://www.uptimerobot.com/)"
74.86.158.110 - - [14/Mar/2015:08:44:55 +0000] "HEAD / HTTP/1.1" 200 0 "-" "Mozilla/5.0+(compatible; UptimeRobot/2.0; http://www.uptimerobot.com/)"
36.84.243.44 - - [14/Mar/2015:08:46:47 +0000] "GET /phpmyadmin/ HTTP/1.1" 200 2835 "-" "Mozilla/5.0 (X11; Ubuntu; Linux x86_64; rv:36.0) Gecko/20100101 Firefox/36.0"
128.199.122.79 - - [14/Mar/2015:08:46:47 +0000] "GET /phpmyadmin/phpmyadmin.css.php?server=1&token=6c757194810b582baac009305ce74cdb&nocache=4270098220ltr HTTP/1.1" 200 109786 "https://bits.co.id/phpmyadmin/" "Serf/1.1.0 mod_pagespeed/1.9.32.3-4448"
36.84.243.44 - - [14/Mar/2015:08:46:48 +0000] "GET /phpmyadmin/_.pagespeed.jo.j2rUJiNpZM.js HTTP/1.1" 200 3175 "https://bits.co.id/phpmyadmin/" "Mozilla/5.0 (X11; Ubuntu; Linux x86_64; rv:36.0) Gecko/20100101 Firefox/36.0"
36.84.243.44 - - [14/Mar/2015:08:46:48 +0000] "GET /phpmyadmin/themes/pmahomme/img/logo_right.png.pagespeed.ce.mQyFeAMpeY.png HTTP/1.1" 200 4548 "https://bits.co.id/phpmyadmin/" "Mozilla/5.0 (X11; Ubuntu; Linux x86_64; rv:36.0) Gecko/20100101 Firefox/36.0"
128.199.122.79 - - [14/Mar/2015:08:46:48 +0000] "GET /phpmyadmin/js/whitelist.php?lang=en&db=&token=6c757194810b582baac009305ce74cdb HTTP/1.1" 200 2197 "https://bits.co.id/phpmyadmin/" "Serf/1.1.0 mod_pagespeed/1.9.32.3-4448"
36.84.243.44 - - [14/Mar/2015:08:46:48 +0000] "GET /phpmyadmin/phpmyadmin.css.php?server=1&token=6c757194810b582baac009305ce74cdb&nocache=4270098220ltr HTTP/1.1" 200 20849 "https://bits.co.id/phpmyadmin/" "Mozilla/5.0 (X11; Ubuntu; Linux x86_64; rv:36.0) Gecko/20100101 Firefox/36.0"
36.84.243.44 - - [14/Mar/2015:08:46:48 +0000] "GET /phpmyadmin/js/whitelist.php?lang=en&db=&token=6c757194810b582baac009305ce74cdb HTTP/1.1" 200 498 "https://bits.co.id/phpmyadmin/" "Mozilla/5.0 (X11; Ubuntu; Linux x86_64; rv:36.0) Gecko/20100101 Firefox/36.0"
36.84.243.44 - - [14/Mar/2015:08:46:48 +0000] "GET /phpmyadmin/js/messages.php?lang=en&db=&token=6c757194810b582baac009305ce74cdb HTTP/1.1" 200 7140 "https://bits.co.id/phpmyadmin/" "Mozilla/5.0 (X11; Ubuntu; Linux x86_64; rv:36.0) Gecko/20100101 Firefox/36.0"
128.199.122.79 - - [14/Mar/2015:08:46:48 +0000] "GET /phpmyadmin/js/messages.php?lang=en&db=&token=6c757194810b582baac009305ce74cdb HTTP/1.1" 200 24079 "https://bits.co.id/phpmyadmin/" "Serf/1.1.0 mod_pagespeed/1.9.32.3-4448"
128.199.122.79 - - [14/Mar/2015:08:46:48 +0000] "GET /phpmyadmin/js/get_image.js.php?theme=pmahomme HTTP/1.1" 200 6656 "https://bits.co.id/phpmyadmin/" "Serf/1.1.0 mod_pagespeed/1.9.32.3-4448"
36.84.243.44 - - [14/Mar/2015:08:46:48 +0000] "POST /ngx_pagespeed_beacon?url=https%3A%2F%2Fbits.co.id%2Fphpmyadmin%2F HTTP/1.1" 204 0 "https://bits.co.id/phpmyadmin/" "Mozilla/5.0 (X11; Ubuntu; Linux x86_64; rv:36.0) Gecko/20100101 Firefox/36.0"
36.84.243.44 - - [14/Mar/2015:08:46:52 +0000] "POST /phpmyadmin/index.php HTTP/1.1" 200 2912 "https://bits.co.id/phpmyadmin/" "Mozilla/5.0 (X11; Ubuntu; Linux x86_64; rv:36.0) Gecko/20100101 Firefox/36.0"
36.84.243.44 - - [14/Mar/2015:08:46:53 +0000] "GET /phpmyadmin/themes/pmahomme/jquery/A.jquery-ui-1.9.2.custom.css.pagespeed.cf.VFpFwCfLeY.css HTTP/1.1" 200 4755 "https://bits.co.id/phpmyadmin/index.php" "Mozilla/5.0 (X11; Ubuntu; Linux x86_64; rv:36.0) Gecko/20100101 Firefox/36.0"
36.84.243.44 - - [14/Mar/2015:08:46:53 +0000] "GET /phpmyadmin/_,Mjo.wmu6xrmfgb.js.pagespeed.jm.AQ7yqGe45I.js HTTP/1.1" 200 3177 "https://bits.co.id/phpmyadmin/index.php" "Mozilla/5.0 (X11; Ubuntu; Linux x86_64; rv:36.0) Gecko/20100101 Firefox/36.0"
36.84.243.44 - - [14/Mar/2015:08:46:53 +0000] "GET /phpmyadmin/themes/pmahomme/img/logo_right.png.pagespeed.ce.mQyFeAMpeY.png HTTP/1.1" 200 4548 "https://bits.co.id/phpmyadmin/index.php" "Mozilla/5.0 (X11; Ubuntu; Linux x86_64; rv:36.0) Gecko/20100101 Firefox/36.0"
36.84.243.44 - - [14/Mar/2015:08:46:53 +0000] "POST /ngx_pagespeed_beacon?url=https%3A%2F%2Fbits.co.id%2Fphpmyadmin%2Findex.php HTTP/1.1" 204 0 "https://bits.co.id/phpmyadmin/index.php" "Mozilla/5.0 (X11; Ubuntu; Linux x86_64; rv:36.0) Gecko/20100101 Firefox/36.0"
67.228.177.17 - - [14/Mar/2015:08:48:23 +0000] "GET / HTTP/1.0" 301 178 "-" "Mozilla/5.0 (compatible; www.monitor.us - free monitoring service; http://www.monitor.us)"
67.228.177.17 - - [14/Mar/2015:08:48:24 +0000] "GET / HTTP/1.0" 200 6860 "-" "Mozilla/5.0 (compatible; www.monitor.us - free monitoring service; http://www.monitor.us)"
128.199.122.79 - - [14/Mar/2015:08:48:24 +0000] "GET /combine/736dd6176a61768d9cf06737c97fd2d4-1422939978 HTTP/1.1" 200 266194 "https://bits.co.id/" "Serf/1.1.0 mod_pagespeed/1.9.32.3-4448"
74.86.158.110 - - [14/Mar/2015:08:49:55 +0000] "HEAD / HTTP/1.1" 200 0 "-" "Mozilla/5.0+(compatible; UptimeRobot/2.0; http://www.uptimerobot.com/)"
74.86.158.110 - - [14/Mar/2015:08:54:55 +0000] "HEAD / HTTP/1.1" 200 0 "-" "Mozilla/5.0+(compatible; UptimeRobot/2.0; http://www.uptimerobot.com/)"
74.86.158.110 - - [14/Mar/2015:08:59:55 +0000] "HEAD / HTTP/1.1" 200 0 "-" "Mozilla/5.0+(compatible; UptimeRobot/2.0; http://www.uptimerobot.com/)"
74.86.158.110 - - [14/Mar/2015:09:04:55 +0000] "HEAD / HTTP/1.1" 200 0 "-" "Mozilla/5.0+(compatible; UptimeRobot/2.0; http://www.uptimerobot.com/)"
37.252.229.58 - - [14/Mar/2015:09:07:01 +0000] "GET / HTTP/1.0" 301 178 "-" "Mozilla/5.0 (compatible; www.monitor.us - free monitoring service; http://www.monitor.us)"
37.252.229.58 - - [14/Mar/2015:09:07:02 +0000] "GET / HTTP/1.0" 200 6860 "-" "Mozilla/5.0 (compatible; www.monitor.us - free monitoring service; http://www.monitor.us)"
128.199.122.79 - - [14/Mar/2015:09:07:02 +0000] "GET /combine/736dd6176a61768d9cf06737c97fd2d4-1422939978 HTTP/1.1" 200 266194 "https://bits.co.id/" "Serf/1.1.0 mod_pagespeed/1.9.32.3-4448"
74.86.158.110 - - [14/Mar/2015:09:09:55 +0000] "HEAD / HTTP/1.1" 200 0 "-" "Mozilla/5.0+(compatible; UptimeRobot/2.0; http://www.uptimerobot.com/)"
36.84.243.44 - - [14/Mar/2015:09:12:18 +0000] "GET /phpmyadmin/ HTTP/1.1" 200 2880 "-" "Mozilla/5.0 (X11; Ubuntu; Linux x86_64; rv:36.0) Gecko/20100101 Firefox/36.0"
128.199.122.79 - - [14/Mar/2015:09:12:18 +0000] "GET /phpmyadmin/phpmyadmin.css.php?server=1&token=6c757194810b582baac009305ce74cdb&nocache=4270098220ltr HTTP/1.1" 200 109778 "https://bits.co.id/phpmyadmin/" "Serf/1.1.0 mod_pagespeed/1.9.32.3-4448"
36.84.243.44 - - [14/Mar/2015:09:12:18 +0000] "GET /phpmyadmin/_.pagespeed.jo.uK9LsZr6BD.js HTTP/1.1" 200 3175 "https://bits.co.id/phpmyadmin/" "Mozilla/5.0 (X11; Ubuntu; Linux x86_64; rv:36.0) Gecko/20100101 Firefox/36.0"
36.84.243.44 - - [14/Mar/2015:09:12:18 +0000] "GET /phpmyadmin/themes/pmahomme/img/logo_right.png.pagespeed.ce.mQyFeAMpeY.png HTTP/1.1" 200 4548 "https://bits.co.id/phpmyadmin/" "Mozilla/5.0 (X11; Ubuntu; Linux x86_64; rv:36.0) Gecko/20100101 Firefox/36.0"
128.199.122.79 - - [14/Mar/2015:09:12:18 +0000] "GET /phpmyadmin/js/whitelist.php?lang=en&db=&token=6c757194810b582baac009305ce74cdb HTTP/1.1" 200 2197 "https://bits.co.id/phpmyadmin/" "Serf/1.1.0 mod_pagespeed/1.9.32.3-4448"
128.199.122.79 - - [14/Mar/2015:09:12:18 +0000] "GET /phpmyadmin/js/messages.php?lang=en&db=&token=6c757194810b582baac009305ce74cdb HTTP/1.1" 200 24079 "https://bits.co.id/phpmyadmin/" "Serf/1.1.0 mod_pagespeed/1.9.32.3-4448"
128.199.122.79 - - [14/Mar/2015:09:12:18 +0000] "GET /phpmyadmin/js/get_image.js.php?theme=pmahomme HTTP/1.1" 200 6656 "https://bits.co.id/phpmyadmin/" "Serf/1.1.0 mod_pagespeed/1.9.32.3-4448"
36.84.243.44 - - [14/Mar/2015:09:12:19 +0000] "POST /ngx_pagespeed_beacon?url=https%3A%2F%2Fbits.co.id%2Fphpmyadmin%2F HTTP/1.1" 204 0 "https://bits.co.id/phpmyadmin/" "Mozilla/5.0 (X11; Ubuntu; Linux x86_64; rv:36.0) Gecko/20100101 Firefox/36.0"
36.84.243.44 - - [14/Mar/2015:09:12:26 +0000] "POST /phpmyadmin/index.php HTTP/1.1" 302 0 "https://bits.co.id/phpmyadmin/" "Mozilla/5.0 (X11; Ubuntu; Linux x86_64; rv:36.0) Gecko/20100101 Firefox/36.0"
36.84.243.44 - - [14/Mar/2015:09:12:26 +0000] "GET /phpmyadmin/index.php?token=6c757194810b582baac009305ce74cdb HTTP/1.1" 200 13645 "https://bits.co.id/phpmyadmin/" "Mozilla/5.0 (X11; Ubuntu; Linux x86_64; rv:36.0) Gecko/20100101 Firefox/36.0"
128.199.122.79 - - [14/Mar/2015:09:12:26 +0000] "GET /phpmyadmin/phpmyadmin.css.php?server=1&token=6c757194810b582baac009305ce74cdb&nocache=5696422567ltr HTTP/1.1" 200 109786 "https://bits.co.id/phpmyadmin/index.php?token=6c757194810b582baac009305ce74cdb" "Serf/1.1.0 mod_pagespeed/1.9.32.3-4448"
36.84.243.44 - - [14/Mar/2015:09:12:27 +0000] "GET /phpmyadmin/_.pagespeed.jo.6gb-ct0bRA.js HTTP/1.1" 200 3223 "https://bits.co.id/phpmyadmin/index.php?token=6c757194810b582baac009305ce74cdb" "Mozilla/5.0 (X11; Ubuntu; Linux x86_64; rv:36.0) Gecko/20100101 Firefox/36.0"
36.84.243.44 - - [14/Mar/2015:09:12:27 +0000] "GET /phpmyadmin/js/get_scripts.js.php,qscripts,P5B,P5D=codemirror,_lib,_codemirror.js,ascripts,P5B,P5D=codemirror,_mode,_sql,_sql.js,ascripts,P5B,P5D=codemirror,_addon,_runmode,_runmode.js,ascripts,P5B,P5D=codemirror,_addon,_hint,_show-hint.js,ascripts,P5B,P5D=codemirror,_addon,_hint,_sql-hint.js,ascripts,P5B,P5D=console.js.pagespeed.jm.yYoqjBpuhk.js HTTP/1.1" 200 67721 "https://bits.co.id/phpmyadmin/index.php?token=6c757194810b582baac009305ce74cdb" "Mozilla/5.0 (X11; Ubuntu; Linux x86_64; rv:36.0) Gecko/20100101 Firefox/36.0"
36.84.243.44 - - [14/Mar/2015:09:12:27 +0000] "GET /phpmyadmin/phpmyadmin.css.php?server=1&token=6c757194810b582baac009305ce74cdb&nocache=5696422567ltr HTTP/1.1" 200 20849 "https://bits.co.id/phpmyadmin/index.php?token=6c757194810b582baac009305ce74cdb" "Mozilla/5.0 (X11; Ubuntu; Linux x86_64; rv:36.0) Gecko/20100101 Firefox/36.0"
36.84.243.44 - - [14/Mar/2015:09:12:27 +0000] "POST /phpmyadmin/db_structure.php?ajax_request=1&favorite_table=1&sync_favorite_tables=1&token=6c757194810b582baac009305ce74cdb HTTP/1.1" 200 1312 "https://bits.co.id/phpmyadmin/index.php?token=6c757194810b582baac009305ce74cdb" "Mozilla/5.0 (X11; Ubuntu; Linux x86_64; rv:36.0) Gecko/20100101 Firefox/36.0"
36.84.243.44 - - [14/Mar/2015:09:12:28 +0000] "POST /ngx_pagespeed_beacon?url=https%3A%2F%2Fbits.co.id%2Fphpmyadmin%2Findex.php%3Ftoken%3D6c757194810b582baac009305ce74cdb HTTP/1.1" 204 0 "https://bits.co.id/phpmyadmin/index.php?token=6c757194810b582baac009305ce74cdb" "Mozilla/5.0 (X11; Ubuntu; Linux x86_64; rv:36.0) Gecko/20100101 Firefox/36.0"
36.84.243.44 - - [14/Mar/2015:09:12:28 +0000] "GET /phpmyadmin/version_check.php?&_nocache=1426324353444727463 HTTP/1.1" 200 61 "https://bits.co.id/phpmyadmin/index.php?token=6c757194810b582baac009305ce74cdb" "Mozilla/5.0 (X11; Ubuntu; Linux x86_64; rv:36.0) Gecko/20100101 Firefox/36.0"
36.84.243.44 - - [14/Mar/2015:09:12:31 +0000] "GET /phpmyadmin/server_databases.php?db=&token=6c757194810b582baac009305ce74cdb&ajax_request=true&ajax_page_request=true&menuHashes=48c61981&_nocache=1426324357093315007 HTTP/1.1" 200 2020 "https://bits.co.id/phpmyadmin/index.php?token=6c757194810b582baac009305ce74cdb" "Mozilla/5.0 (X11; Ubuntu; Linux x86_64; rv:36.0) Gecko/20100101 Firefox/36.0"
36.84.243.44 - - [14/Mar/2015:09:12:31 +0000] "GET /phpmyadmin/js/get_scripts.js.php?scripts%5B%5D=server_databases.js&call_done=1 HTTP/1.1" 200 1517 "https://bits.co.id/phpmyadmin/index.php?token=6c757194810b582baac009305ce74cdb" "Mozilla/5.0 (X11; Ubuntu; Linux x86_64; rv:36.0) Gecko/20100101 Firefox/36.0"
36.84.243.44 - - [14/Mar/2015:09:12:32 +0000] "GET /phpmyadmin/db_structure.php?server=1&db=c18aps1&token=6c757194810b582baac009305ce74cdb&ajax_request=true&ajax_page_request=true&menuHashes=48c61981-5478b641&_nocache=142632435798432908 HTTP/1.1" 200 1616 "https://bits.co.id/phpmyadmin/index.php?token=6c757194810b582baac009305ce74cdb" "Mozilla/5.0 (X11; Ubuntu; Linux x86_64; rv:36.0) Gecko/20100101 Firefox/36.0"
36.84.243.44 - - [14/Mar/2015:09:12:32 +0000] "GET /phpmyadmin/navigation.php?ajax_request=1&token=6c757194810b582baac009305ce74cdb&aPath=cm9vdA%3D%3D.YzE4YXBzMQ%3D%3D&vPath=cm9vdA%3D%3D.YzE4YXBzMQ%3D%3D&pos=0&pos2_name=&pos2_value=&searchClause=&searchClause2=&_nocache=142632435813823497 HTTP/1.1" 200 1189 "https://bits.co.id/phpmyadmin/index.php?token=6c757194810b582baac009305ce74cdb" "Mozilla/5.0 (X11; Ubuntu; Linux x86_64; rv:36.0) Gecko/20100101 Firefox/36.0"
74.86.158.110 - - [14/Mar/2015:09:14:55 +0000] "HEAD / HTTP/1.1" 200 0 "-" "Mozilla/5.0+(compatible; UptimeRobot/2.0; http://www.uptimerobot.com/)"
67.228.177.17 - - [14/Mar/2015:09:18:22 +0000] "GET / HTTP/1.0" 301 178 "-" "Mozilla/5.0 (compatible; www.monitor.us - free monitoring service; http://www.monitor.us)"
67.228.177.17 - - [14/Mar/2015:09:18:23 +0000] "GET / HTTP/1.0" 200 6860 "-" "Mozilla/5.0 (compatible; www.monitor.us - free monitoring service; http://www.monitor.us)"
128.199.122.79 - - [14/Mar/2015:09:18:23 +0000] "GET /combine/736dd6176a61768d9cf06737c97fd2d4-1422939978 HTTP/1.1" 200 266194 "https://bits.co.id/" "Serf/1.1.0 mod_pagespeed/1.9.32.3-4448"
74.86.158.110 - - [14/Mar/2015:09:19:55 +0000] "HEAD / HTTP/1.1" 200 0 "-" "Mozilla/5.0+(compatible; UptimeRobot/2.0; http://www.uptimerobot.com/)"
74.86.158.110 - - [14/Mar/2015:09:24:55 +0000] "HEAD / HTTP/1.1" 200 0 "-" "Mozilla/5.0+(compatible; UptimeRobot/2.0; http://www.uptimerobot.com/)"
36.84.243.44 - - [14/Mar/2015:09:25:48 +0000] "GET /phpmyadmin/ HTTP/1.1" 200 13611 "-" "Mozilla/5.0 (X11; Ubuntu; Linux x86_64; rv:36.0) Gecko/20100101 Firefox/36.0"
128.199.122.79 - - [14/Mar/2015:09:25:48 +0000] "GET /phpmyadmin/phpmyadmin.css.php?server=1&token=6c757194810b582baac009305ce74cdb&nocache=5696422567ltr HTTP/1.1" 200 109786 "https://bits.co.id/phpmyadmin/" "Serf/1.1.0 mod_pagespeed/1.9.32.3-4448"
128.199.122.79 - - [14/Mar/2015:09:25:48 +0000] "GET /phpmyadmin/js/whitelist.php?lang=en&db=&token=6c757194810b582baac009305ce74cdb HTTP/1.1" 200 2197 "https://bits.co.id/phpmyadmin/" "Serf/1.1.0 mod_pagespeed/1.9.32.3-4448"
36.84.243.44 - - [14/Mar/2015:09:25:48 +0000] "GET /phpmyadmin/_.pagespeed.jo.AJALNpHl1Z.js HTTP/1.1" 200 3175 "https://bits.co.id/phpmyadmin/" "Mozilla/5.0 (X11; Ubuntu; Linux x86_64; rv:36.0) Gecko/20100101 Firefox/36.0"
36.84.243.44 - - [14/Mar/2015:09:25:48 +0000] "GET /phpmyadmin/js/get_scripts.js.php,qscripts,P5B,P5D=codemirror,_lib,_codemirror.js,ascripts,P5B,P5D=codemirror,_mode,_sql,_sql.js,ascripts,P5B,P5D=codemirror,_addon,_runmode,_runmode.js,ascripts,P5B,P5D=codemirror,_addon,_hint,_show-hint.js,ascripts,P5B,P5D=codemirror,_addon,_hint,_sql-hint.js,ascripts,P5B,P5D=console.js.pagespeed.jm.yYoqjBpuhk.js HTTP/1.1" 200 67721 "https://bits.co.id/phpmyadmin/" "Mozilla/5.0 (X11; Ubuntu; Linux x86_64; rv:36.0) Gecko/20100101 Firefox/36.0"
128.199.122.79 - - [14/Mar/2015:09:25:48 +0000] "GET /phpmyadmin/js/messages.php?lang=en&db=&token=6c757194810b582baac009305ce74cdb HTTP/1.1" 200 24079 "https://bits.co.id/phpmyadmin/" "Serf/1.1.0 mod_pagespeed/1.9.32.3-4448"
128.199.122.79 - - [14/Mar/2015:09:25:48 +0000] "GET /phpmyadmin/js/get_image.js.php?theme=pmahomme HTTP/1.1" 200 6656 "https://bits.co.id/phpmyadmin/" "Serf/1.1.0 mod_pagespeed/1.9.32.3-4448"
36.84.243.44 - - [14/Mar/2015:09:25:49 +0000] "GET /phpmyadmin/version_check.php?&_nocache=1426325154974982919 HTTP/1.1" 200 61 "https://bits.co.id/phpmyadmin/" "Mozilla/5.0 (X11; Ubuntu; Linux x86_64; rv:36.0) Gecko/20100101 Firefox/36.0"
36.84.243.44 - - [14/Mar/2015:09:25:49 +0000] "POST /ngx_pagespeed_beacon?url=https%3A%2F%2Fbits.co.id%2Fphpmyadmin%2F HTTP/1.1" 204 0 "https://bits.co.id/phpmyadmin/" "Mozilla/5.0 (X11; Ubuntu; Linux x86_64; rv:36.0) Gecko/20100101 Firefox/36.0"
36.84.243.44 - - [14/Mar/2015:09:25:51 +0000] "GET /phpmyadmin/db_structure.php?server=1&db=c18aps1&token=6c757194810b582baac009305ce74cdb&ajax_request=true&ajax_page_request=true&menuHashes=48c61981&_nocache=142632515752254375 HTTP/1.1" 200 1616 "https://bits.co.id/phpmyadmin/" "Mozilla/5.0 (X11; Ubuntu; Linux x86_64; rv:36.0) Gecko/20100101 Firefox/36.0"
36.84.243.44 - - [14/Mar/2015:09:25:52 +0000] "GET /phpmyadmin/navigation.php?ajax_request=1&token=6c757194810b582baac009305ce74cdb&aPath=cm9vdA%3D%3D.YzE4YXBzMQ%3D%3D&vPath=cm9vdA%3D%3D.YzE4YXBzMQ%3D%3D&pos=0&pos2_name=&pos2_value=&searchClause=&searchClause2=&_nocache=1426325157733960151 HTTP/1.1" 200 1189 "https://bits.co.id/phpmyadmin/" "Mozilla/5.0 (X11; Ubuntu; Linux x86_64; rv:36.0) Gecko/20100101 Firefox/36.0"
157.55.39.23 - - [14/Mar/2015:09:27:02 +0000] "GET / HTTP/1.1" 301 178 "-" "Mozilla/5.0 (compatible; bingbot/2.0; +http://www.bing.com/bingbot.htm)"
74.86.158.110 - - [14/Mar/2015:09:29:55 +0000] "HEAD / HTTP/1.1" 200 0 "-" "Mozilla/5.0+(compatible; UptimeRobot/2.0; http://www.uptimerobot.com/)"
74.86.158.110 - - [14/Mar/2015:09:34:55 +0000] "HEAD / HTTP/1.1" 200 0 "-" "Mozilla/5.0+(compatible; UptimeRobot/2.0; http://www.uptimerobot.com/)"
