74.86.158.110 - - [14/Mar/2015:00:03:42 +0000] "HEAD / HTTP/1.1" 200 0 "-" "Mozilla/5.0+(compatible; UptimeRobot/2.0; http://www.uptimerobot.com/)"
37.252.229.58 - - [14/Mar/2015:00:07:01 +0000] "GET / HTTP/1.0" 301 178 "-" "Mozilla/5.0 (compatible; www.monitor.us - free monitoring service; http://www.monitor.us)"
37.252.229.58 - - [14/Mar/2015:00:07:02 +0000] "GET / HTTP/1.0" 200 6860 "-" "Mozilla/5.0 (compatible; www.monitor.us - free monitoring service; http://www.monitor.us)"
128.199.122.79 - - [14/Mar/2015:00:07:02 +0000] "GET /combine/736dd6176a61768d9cf06737c97fd2d4-1422939978 HTTP/1.1" 200 266179 "https://bits.co.id/" "Serf/1.1.0 mod_pagespeed/1.9.32.3-4448"
67.228.177.17 - - [14/Mar/2015:00:07:47 +0000] "GET / HTTP/1.0" 301 178 "-" "Mozilla/5.0 (compatible; www.monitor.us - free monitoring service; http://www.monitor.us)"
67.228.177.17 - - [14/Mar/2015:00:07:48 +0000] "GET / HTTP/1.0" 200 6876 "-" "Mozilla/5.0 (compatible; www.monitor.us - free monitoring service; http://www.monitor.us)"
74.86.158.110 - - [14/Mar/2015:00:08:42 +0000] "HEAD / HTTP/1.1" 200 0 "-" "Mozilla/5.0+(compatible; UptimeRobot/2.0; http://www.uptimerobot.com/)"
74.86.158.110 - - [14/Mar/2015:00:13:42 +0000] "HEAD / HTTP/1.1" 200 0 "-" "Mozilla/5.0+(compatible; UptimeRobot/2.0; http://www.uptimerobot.com/)"
74.86.158.110 - - [14/Mar/2015:00:18:42 +0000] "HEAD / HTTP/1.1" 200 0 "-" "Mozilla/5.0+(compatible; UptimeRobot/2.0; http://www.uptimerobot.com/)"
74.86.158.110 - - [14/Mar/2015:00:23:42 +0000] "HEAD / HTTP/1.1" 200 0 "-" "Mozilla/5.0+(compatible; UptimeRobot/2.0; http://www.uptimerobot.com/)"
74.86.158.110 - - [14/Mar/2015:00:28:42 +0000] "HEAD / HTTP/1.1" 200 0 "-" "Mozilla/5.0+(compatible; UptimeRobot/2.0; http://www.uptimerobot.com/)"
74.86.158.110 - - [14/Mar/2015:00:33:42 +0000] "HEAD / HTTP/1.1" 200 0 "-" "Mozilla/5.0+(compatible; UptimeRobot/2.0; http://www.uptimerobot.com/)"
37.252.229.58 - - [14/Mar/2015:00:37:01 +0000] "GET / HTTP/1.0" 301 178 "-" "Mozilla/5.0 (compatible; www.monitor.us - free monitoring service; http://www.monitor.us)"
37.252.229.58 - - [14/Mar/2015:00:37:02 +0000] "GET / HTTP/1.0" 200 6860 "-" "Mozilla/5.0 (compatible; www.monitor.us - free monitoring service; http://www.monitor.us)"
128.199.122.79 - - [14/Mar/2015:00:37:02 +0000] "GET /combine/736dd6176a61768d9cf06737c97fd2d4-1422939978 HTTP/1.1" 200 266202 "https://bits.co.id/" "Serf/1.1.0 mod_pagespeed/1.9.32.3-4448"
67.228.177.17 - - [14/Mar/2015:00:37:48 +0000] "GET / HTTP/1.0" 301 178 "-" "Mozilla/5.0 (compatible; www.monitor.us - free monitoring service; http://www.monitor.us)"
67.228.177.17 - - [14/Mar/2015:00:37:49 +0000] "GET / HTTP/1.0" 200 6876 "-" "Mozilla/5.0 (compatible; www.monitor.us - free monitoring service; http://www.monitor.us)"
74.86.158.110 - - [14/Mar/2015:00:38:42 +0000] "HEAD / HTTP/1.1" 200 0 "-" "Mozilla/5.0+(compatible; UptimeRobot/2.0; http://www.uptimerobot.com/)"
74.86.158.110 - - [14/Mar/2015:00:43:42 +0000] "HEAD / HTTP/1.1" 200 0 "-" "Mozilla/5.0+(compatible; UptimeRobot/2.0; http://www.uptimerobot.com/)"
74.86.158.110 - - [14/Mar/2015:00:48:42 +0000] "HEAD / HTTP/1.1" 200 0 "-" "Mozilla/5.0+(compatible; UptimeRobot/2.0; http://www.uptimerobot.com/)"
74.86.158.110 - - [14/Mar/2015:00:53:42 +0000] "HEAD / HTTP/1.1" 200 0 "-" "Mozilla/5.0+(compatible; UptimeRobot/2.0; http://www.uptimerobot.com/)"
74.86.158.110 - - [14/Mar/2015:00:58:42 +0000] "HEAD / HTTP/1.1" 200 0 "-" "Mozilla/5.0+(compatible; UptimeRobot/2.0; http://www.uptimerobot.com/)"
74.86.158.110 - - [14/Mar/2015:01:03:43 +0000] "HEAD / HTTP/1.1" 200 0 "-" "Mozilla/5.0+(compatible; UptimeRobot/2.0; http://www.uptimerobot.com/)"
37.252.229.58 - - [14/Mar/2015:01:07:01 +0000] "GET / HTTP/1.0" 301 178 "-" "Mozilla/5.0 (compatible; www.monitor.us - free monitoring service; http://www.monitor.us)"
37.252.229.58 - - [14/Mar/2015:01:07:03 +0000] "GET / HTTP/1.0" 200 6860 "-" "Mozilla/5.0 (compatible; www.monitor.us - free monitoring service; http://www.monitor.us)"
128.199.122.79 - - [14/Mar/2015:01:07:04 +0000] "GET /combine/736dd6176a61768d9cf06737c97fd2d4-1422939978 HTTP/1.1" 200 266187 "https://bits.co.id/" "Serf/1.1.0 mod_pagespeed/1.9.32.3-4448"
67.228.177.17 - - [14/Mar/2015:01:07:47 +0000] "GET / HTTP/1.0" 301 178 "-" "Mozilla/5.0 (compatible; www.monitor.us - free monitoring service; http://www.monitor.us)"
67.228.177.17 - - [14/Mar/2015:01:07:48 +0000] "GET / HTTP/1.0" 200 6876 "-" "Mozilla/5.0 (compatible; www.monitor.us - free monitoring service; http://www.monitor.us)"
74.86.158.110 - - [14/Mar/2015:01:08:42 +0000] "HEAD / HTTP/1.1" 200 0 "-" "Mozilla/5.0+(compatible; UptimeRobot/2.0; http://www.uptimerobot.com/)"
74.86.158.110 - - [14/Mar/2015:01:13:42 +0000] "HEAD / HTTP/1.1" 200 0 "-" "Mozilla/5.0+(compatible; UptimeRobot/2.0; http://www.uptimerobot.com/)"
5.255.253.200 - - [14/Mar/2015:01:14:26 +0000] "GET / HTTP/1.1" 200 6873 "-" "Mozilla/5.0 (compatible; YandexBot/3.0; +http://yandex.com/bots)"
128.199.122.79 - - [14/Mar/2015:01:14:27 +0000] "GET /combine/736dd6176a61768d9cf06737c97fd2d4-1422939978 HTTP/1.1" 200 266194 "https://bits.co.id/" "Serf/1.1.0 mod_pagespeed/1.9.32.3-4448"
5.255.253.200 - - [14/Mar/2015:01:14:32 +0000] "GET / HTTP/1.1" 200 6889 "-" "Mozilla/5.0 (compatible; YandexBot/3.0; +http://yandex.com/bots)"
74.86.158.110 - - [14/Mar/2015:01:18:42 +0000] "HEAD / HTTP/1.1" 200 0 "-" "Mozilla/5.0+(compatible; UptimeRobot/2.0; http://www.uptimerobot.com/)"
74.86.158.110 - - [14/Mar/2015:01:23:42 +0000] "HEAD / HTTP/1.1" 200 0 "-" "Mozilla/5.0+(compatible; UptimeRobot/2.0; http://www.uptimerobot.com/)"
157.55.39.83 - - [14/Mar/2015:01:23:44 +0000] "GET /profile/ HTTP/1.1" 404 2376 "-" "Mozilla/5.0 (compatible; bingbot/2.0; +http://www.bing.com/bingbot.htm)"
128.199.122.79 - - [14/Mar/2015:01:23:45 +0000] "GET /combine/736dd6176a61768d9cf06737c97fd2d4-1422939978 HTTP/1.1" 200 266187 "https://bits.co.id/profile/" "Serf/1.1.0 mod_pagespeed/1.9.32.3-4448"
207.46.13.10 - - [14/Mar/2015:01:28:01 +0000] "GET /project-services/web-development/ HTTP/1.1" 404 2390 "-" "Mozilla/5.0 (compatible; bingbot/2.0; +http://www.bing.com/bingbot.htm)"
207.46.13.10 - - [14/Mar/2015:01:28:02 +0000] "GET /products/software/bits-payroll-system/ HTTP/1.1" 404 2390 "-" "Mozilla/5.0 (compatible; bingbot/2.0; +http://www.bing.com/bingbot.htm)"
74.86.158.110 - - [14/Mar/2015:01:28:42 +0000] "HEAD / HTTP/1.1" 200 0 "-" "Mozilla/5.0+(compatible; UptimeRobot/2.0; http://www.uptimerobot.com/)"
207.46.13.10 - - [14/Mar/2015:01:30:39 +0000] "GET /hasil-karya HTTP/1.1" 200 2835 "-" "Mozilla/5.0 (compatible; bingbot/2.0; +http://www.bing.com/bingbot.htm)"
128.199.122.79 - - [14/Mar/2015:01:30:39 +0000] "GET /combine/736dd6176a61768d9cf06737c97fd2d4-1422939978 HTTP/1.1" 200 266179 "https://bits.co.id/hasil-karya" "Serf/1.1.0 mod_pagespeed/1.9.32.3-4448"
207.46.13.10 - - [14/Mar/2015:01:30:40 +0000] "GET / HTTP/1.1" 200 6889 "-" "Mozilla/5.0 (compatible; bingbot/2.0; +http://www.bing.com/bingbot.htm)"
74.86.158.110 - - [14/Mar/2015:01:33:42 +0000] "HEAD / HTTP/1.1" 200 0 "-" "Mozilla/5.0+(compatible; UptimeRobot/2.0; http://www.uptimerobot.com/)"
37.252.229.58 - - [14/Mar/2015:01:37:01 +0000] "GET / HTTP/1.0" 301 178 "-" "Mozilla/5.0 (compatible; www.monitor.us - free monitoring service; http://www.monitor.us)"
37.252.229.58 - - [14/Mar/2015:01:37:02 +0000] "GET / HTTP/1.0" 200 6860 "-" "Mozilla/5.0 (compatible; www.monitor.us - free monitoring service; http://www.monitor.us)"
128.199.122.79 - - [14/Mar/2015:01:37:02 +0000] "GET /combine/736dd6176a61768d9cf06737c97fd2d4-1422939978 HTTP/1.1" 200 266194 "https://bits.co.id/" "Serf/1.1.0 mod_pagespeed/1.9.32.3-4448"
67.228.177.17 - - [14/Mar/2015:01:37:47 +0000] "GET / HTTP/1.0" 301 178 "-" "Mozilla/5.0 (compatible; www.monitor.us - free monitoring service; http://www.monitor.us)"
67.228.177.17 - - [14/Mar/2015:01:37:48 +0000] "GET / HTTP/1.0" 200 6876 "-" "Mozilla/5.0 (compatible; www.monitor.us - free monitoring service; http://www.monitor.us)"
74.86.158.110 - - [14/Mar/2015:01:38:42 +0000] "HEAD / HTTP/1.1" 200 0 "-" "Mozilla/5.0+(compatible; UptimeRobot/2.0; http://www.uptimerobot.com/)"
74.86.158.110 - - [14/Mar/2015:01:43:42 +0000] "HEAD / HTTP/1.1" 200 0 "-" "Mozilla/5.0+(compatible; UptimeRobot/2.0; http://www.uptimerobot.com/)"
74.86.158.110 - - [14/Mar/2015:01:48:42 +0000] "HEAD / HTTP/1.1" 200 0 "-" "Mozilla/5.0+(compatible; UptimeRobot/2.0; http://www.uptimerobot.com/)"
74.86.158.110 - - [14/Mar/2015:01:53:42 +0000] "HEAD / HTTP/1.1" 200 0 "-" "Mozilla/5.0+(compatible; UptimeRobot/2.0; http://www.uptimerobot.com/)"
74.86.158.110 - - [14/Mar/2015:01:58:42 +0000] "HEAD / HTTP/1.1" 200 0 "-" "Mozilla/5.0+(compatible; UptimeRobot/2.0; http://www.uptimerobot.com/)"
74.86.158.110 - - [14/Mar/2015:02:03:42 +0000] "HEAD / HTTP/1.1" 200 0 "-" "Mozilla/5.0+(compatible; UptimeRobot/2.0; http://www.uptimerobot.com/)"
37.252.229.58 - - [14/Mar/2015:02:07:01 +0000] "GET / HTTP/1.0" 301 178 "-" "Mozilla/5.0 (compatible; www.monitor.us - free monitoring service; http://www.monitor.us)"
37.252.229.58 - - [14/Mar/2015:02:07:02 +0000] "GET / HTTP/1.0" 200 6860 "-" "Mozilla/5.0 (compatible; www.monitor.us - free monitoring service; http://www.monitor.us)"
128.199.122.79 - - [14/Mar/2015:02:07:02 +0000] "GET /combine/736dd6176a61768d9cf06737c97fd2d4-1422939978 HTTP/1.1" 200 266202 "https://bits.co.id/" "Serf/1.1.0 mod_pagespeed/1.9.32.3-4448"
67.228.177.17 - - [14/Mar/2015:02:07:47 +0000] "GET / HTTP/1.0" 301 178 "-" "Mozilla/5.0 (compatible; www.monitor.us - free monitoring service; http://www.monitor.us)"
67.228.177.17 - - [14/Mar/2015:02:07:48 +0000] "GET / HTTP/1.0" 200 6876 "-" "Mozilla/5.0 (compatible; www.monitor.us - free monitoring service; http://www.monitor.us)"
66.249.71.236 - - [14/Mar/2015:02:07:57 +0000] "GET /robots.txt HTTP/1.1" 301 178 "-" "Mozilla/5.0 (compatible; Googlebot/2.1; +http://www.google.com/bot.html)"
66.249.71.244 - - [14/Mar/2015:02:07:58 +0000] "GET / HTTP/1.1" 301 178 "-" "Mozilla/5.0 (compatible; Googlebot/2.1; +http://www.google.com/bot.html)"
66.249.71.11 - - [14/Mar/2015:02:07:59 +0000] "GET / HTTP/1.1" 200 6889 "-" "Mozilla/5.0 (compatible; Googlebot/2.1; +http://www.google.com/bot.html)"
66.249.71.251 - - [14/Mar/2015:02:08:12 +0000] "GET /combine/736dd6176a61768d9cf06737c97fd2d4-1422939978 HTTP/1.1" 200 41077 "-" "Mozilla/5.0 (compatible; Googlebot/2.1; +http://www.google.com/bot.html)"
74.86.158.110 - - [14/Mar/2015:02:08:42 +0000] "HEAD / HTTP/1.1" 200 0 "-" "Mozilla/5.0+(compatible; UptimeRobot/2.0; http://www.uptimerobot.com/)"
74.86.158.110 - - [14/Mar/2015:02:13:42 +0000] "HEAD / HTTP/1.1" 200 0 "-" "Mozilla/5.0+(compatible; UptimeRobot/2.0; http://www.uptimerobot.com/)"
74.86.158.110 - - [14/Mar/2015:02:18:42 +0000] "HEAD / HTTP/1.1" 200 0 "-" "Mozilla/5.0+(compatible; UptimeRobot/2.0; http://www.uptimerobot.com/)"
180.76.5.95 - - [14/Mar/2015:02:21:17 +0000] "GET /robots.txt HTTP/1.1" 301 178 "-" "Mozilla/5.0 (Windows NT 5.1; rv:6.0.2) Gecko/20100101 Firefox/6.0.2"
74.86.158.110 - - [14/Mar/2015:02:23:42 +0000] "HEAD / HTTP/1.1" 200 0 "-" "Mozilla/5.0+(compatible; UptimeRobot/2.0; http://www.uptimerobot.com/)"
180.76.6.57 - - [14/Mar/2015:02:24:53 +0000] "GET / HTTP/1.1" 301 178 "-" "Mozilla/5.0 (compatible; Baiduspider/2.0; +http://www.baidu.com/search/spider.html)"
74.86.158.110 - - [14/Mar/2015:02:28:42 +0000] "HEAD / HTTP/1.1" 200 0 "-" "Mozilla/5.0+(compatible; UptimeRobot/2.0; http://www.uptimerobot.com/)"
74.86.158.110 - - [14/Mar/2015:02:33:42 +0000] "HEAD / HTTP/1.1" 200 0 "-" "Mozilla/5.0+(compatible; UptimeRobot/2.0; http://www.uptimerobot.com/)"
37.252.229.58 - - [14/Mar/2015:02:37:01 +0000] "GET / HTTP/1.0" 301 178 "-" "Mozilla/5.0 (compatible; www.monitor.us - free monitoring service; http://www.monitor.us)"
37.252.229.58 - - [14/Mar/2015:02:37:02 +0000] "GET / HTTP/1.0" 200 6860 "-" "Mozilla/5.0 (compatible; www.monitor.us - free monitoring service; http://www.monitor.us)"
128.199.122.79 - - [14/Mar/2015:02:37:02 +0000] "GET /combine/736dd6176a61768d9cf06737c97fd2d4-1422939978 HTTP/1.1" 200 266202 "https://bits.co.id/" "Serf/1.1.0 mod_pagespeed/1.9.32.3-4448"
67.228.177.17 - - [14/Mar/2015:02:37:48 +0000] "GET / HTTP/1.0" 301 178 "-" "Mozilla/5.0 (compatible; www.monitor.us - free monitoring service; http://www.monitor.us)"
67.228.177.17 - - [14/Mar/2015:02:37:49 +0000] "GET / HTTP/1.0" 200 6876 "-" "Mozilla/5.0 (compatible; www.monitor.us - free monitoring service; http://www.monitor.us)"
74.86.158.110 - - [14/Mar/2015:02:38:42 +0000] "HEAD / HTTP/1.1" 200 0 "-" "Mozilla/5.0+(compatible; UptimeRobot/2.0; http://www.uptimerobot.com/)"
66.249.71.244 - - [14/Mar/2015:02:41:21 +0000] "GET /blog?page=1 HTTP/1.1" 200 2255 "-" "Mozilla/5.0 (iPhone; CPU iPhone OS 6_0 like Mac OS X) AppleWebKit/536.26 (KHTML, like Gecko) Version/6.0 Mobile/10A5376e Safari/8536.25 (compatible; Googlebot/2.1; +http://www.google.com/bot.html)"
128.199.122.79 - - [14/Mar/2015:02:41:21 +0000] "GET /combine/52a5b2703acaec0486398cec8d727818-1422939978 HTTP/1.1" 200 230299 "http://bits.co.id/blog?page=1" "Serf/1.1.0 mod_pagespeed/1.9.32.3-4448"
128.199.122.79 - - [14/Mar/2015:02:41:21 +0000] "GET /modules/system/assets/css/framework.extras.css HTTP/1.1" 301 178 "http://bits.co.id/blog?page=1" "Serf/1.1.0 mod_pagespeed/1.9.32.3-4448"
128.199.122.79 - - [14/Mar/2015:02:41:21 +0000] "GET /themes/bits/assets/js/html5shiv.js HTTP/1.1" 301 178 "http://bits.co.id/blog?page=1" "Serf/1.1.0 mod_pagespeed/1.9.32.3-4448"
128.199.122.79 - - [14/Mar/2015:02:41:21 +0000] "GET /themes/bits/assets/js/respond.min.js HTTP/1.1" 301 178 "http://bits.co.id/blog?page=1" "Serf/1.1.0 mod_pagespeed/1.9.32.3-4448"
128.199.122.79 - - [14/Mar/2015:02:41:21 +0000] "GET /themes/bits/assets/js/jquery.js HTTP/1.1" 301 178 "http://bits.co.id/blog?page=1" "Serf/1.1.0 mod_pagespeed/1.9.32.3-4448"
128.199.122.79 - - [14/Mar/2015:02:41:21 +0000] "GET /themes/bits/assets/js/bootstrap.min.js HTTP/1.1" 301 178 "http://bits.co.id/blog?page=1" "Serf/1.1.0 mod_pagespeed/1.9.32.3-4448"
128.199.122.79 - - [14/Mar/2015:02:41:21 +0000] "GET /themes/bits/assets/js/main.js HTTP/1.1" 301 178 "http://bits.co.id/blog?page=1" "Serf/1.1.0 mod_pagespeed/1.9.32.3-4448"
128.199.122.79 - - [14/Mar/2015:02:41:21 +0000] "GET /themes/bits/assets/js/wow.min.js HTTP/1.1" 301 178 "http://bits.co.id/blog?page=1" "Serf/1.1.0 mod_pagespeed/1.9.32.3-4448"
128.199.122.79 - - [14/Mar/2015:02:41:21 +0000] "GET /modules/system/assets/js/framework.js HTTP/1.1" 301 178 "http://bits.co.id/blog?page=1" "Serf/1.1.0 mod_pagespeed/1.9.32.3-4448"
128.199.122.79 - - [14/Mar/2015:02:41:21 +0000] "GET /modules/system/assets/js/framework.extras.js HTTP/1.1" 301 178 "http://bits.co.id/blog?page=1" "Serf/1.1.0 mod_pagespeed/1.9.32.3-4448"
128.199.122.79 - - [14/Mar/2015:02:41:21 +0000] "GET /themes/bits/assets/images/ico/favicon.ico HTTP/1.1" 301 178 "http://bits.co.id/blog?page=1" "Serf/1.1.0 mod_pagespeed/1.9.32.3-4448"
128.199.122.79 - - [14/Mar/2015:02:41:21 +0000] "GET /themes/bits/assets/images/ico/apple-touch-icon-144-precomposed.png HTTP/1.1" 301 178 "http://bits.co.id/blog?page=1" "Serf/1.1.0 mod_pagespeed/1.9.32.3-4448"
128.199.122.79 - - [14/Mar/2015:02:41:21 +0000] "GET /themes/bits/assets/images/ico/apple-touch-icon-114-precomposed.png HTTP/1.1" 301 178 "http://bits.co.id/blog?page=1" "Serf/1.1.0 mod_pagespeed/1.9.32.3-4448"
128.199.122.79 - - [14/Mar/2015:02:41:21 +0000] "GET /themes/bits/assets/images/ico/apple-touch-icon-72-precomposed.png HTTP/1.1" 301 178 "http://bits.co.id/blog?page=1" "Serf/1.1.0 mod_pagespeed/1.9.32.3-4448"
128.199.122.79 - - [14/Mar/2015:02:41:21 +0000] "GET /themes/bits/assets/images/ico/apple-touch-icon-57-precomposed.png HTTP/1.1" 301 178 "http://bits.co.id/blog?page=1" "Serf/1.1.0 mod_pagespeed/1.9.32.3-4448"
128.199.122.79 - - [14/Mar/2015:02:41:21 +0000] "GET /themes/bits/assets/images/logo.png HTTP/1.1" 301 178 "http://bits.co.id/blog?page=1" "Serf/1.1.0 mod_pagespeed/1.9.32.3-4448"
74.86.158.110 - - [14/Mar/2015:02:43:42 +0000] "HEAD / HTTP/1.1" 200 0 "-" "Mozilla/5.0+(compatible; UptimeRobot/2.0; http://www.uptimerobot.com/)"
66.249.71.236 - - [14/Mar/2015:02:46:55 +0000] "GET /modules/system/assets/css/framework.extras.css HTTP/1.1" 301 178 "http://bits.co.id/blog?page=1" "Mozilla/5.0 (compatible; Googlebot/2.1; +http://www.google.com/bot.html)"
66.249.71.244 - - [14/Mar/2015:02:46:57 +0000] "GET /combine/52a5b2703acaec0486398cec8d727818-1422939978 HTTP/1.1" 200 35454 "http://bits.co.id/blog?page=1" "Mozilla/5.0 (compatible; Googlebot/2.1; +http://www.google.com/bot.html)"
74.86.158.110 - - [14/Mar/2015:02:48:42 +0000] "HEAD / HTTP/1.1" 200 0 "-" "Mozilla/5.0+(compatible; UptimeRobot/2.0; http://www.uptimerobot.com/)"
74.86.158.110 - - [14/Mar/2015:02:53:42 +0000] "HEAD / HTTP/1.1" 200 0 "-" "Mozilla/5.0+(compatible; UptimeRobot/2.0; http://www.uptimerobot.com/)"
74.86.158.110 - - [14/Mar/2015:02:58:43 +0000] "HEAD / HTTP/1.1" 200 0 "-" "Mozilla/5.0+(compatible; UptimeRobot/2.0; http://www.uptimerobot.com/)"
74.86.158.110 - - [14/Mar/2015:03:03:43 +0000] "HEAD / HTTP/1.1" 200 0 "-" "Mozilla/5.0+(compatible; UptimeRobot/2.0; http://www.uptimerobot.com/)"
37.252.229.58 - - [14/Mar/2015:03:07:01 +0000] "GET / HTTP/1.0" 301 178 "-" "Mozilla/5.0 (compatible; www.monitor.us - free monitoring service; http://www.monitor.us)"
37.252.229.58 - - [14/Mar/2015:03:07:02 +0000] "GET / HTTP/1.0" 200 6860 "-" "Mozilla/5.0 (compatible; www.monitor.us - free monitoring service; http://www.monitor.us)"
128.199.122.79 - - [14/Mar/2015:03:07:02 +0000] "GET /combine/736dd6176a61768d9cf06737c97fd2d4-1422939978 HTTP/1.1" 200 266202 "https://bits.co.id/" "Serf/1.1.0 mod_pagespeed/1.9.32.3-4448"
67.228.177.17 - - [14/Mar/2015:03:07:47 +0000] "GET / HTTP/1.0" 301 178 "-" "Mozilla/5.0 (compatible; www.monitor.us - free monitoring service; http://www.monitor.us)"
67.228.177.17 - - [14/Mar/2015:03:07:48 +0000] "GET / HTTP/1.0" 200 6876 "-" "Mozilla/5.0 (compatible; www.monitor.us - free monitoring service; http://www.monitor.us)"
74.86.158.110 - - [14/Mar/2015:03:08:42 +0000] "HEAD / HTTP/1.1" 200 0 "-" "Mozilla/5.0+(compatible; UptimeRobot/2.0; http://www.uptimerobot.com/)"
74.86.158.110 - - [14/Mar/2015:03:13:42 +0000] "HEAD / HTTP/1.1" 200 0 "-" "Mozilla/5.0+(compatible; UptimeRobot/2.0; http://www.uptimerobot.com/)"
74.86.158.110 - - [14/Mar/2015:03:18:43 +0000] "HEAD / HTTP/1.1" 200 0 "-" "Mozilla/5.0+(compatible; UptimeRobot/2.0; http://www.uptimerobot.com/)"
74.86.158.110 - - [14/Mar/2015:03:23:43 +0000] "HEAD / HTTP/1.1" 200 0 "-" "Mozilla/5.0+(compatible; UptimeRobot/2.0; http://www.uptimerobot.com/)"
74.86.158.110 - - [14/Mar/2015:03:28:44 +0000] "HEAD / HTTP/1.1" 200 0 "-" "Mozilla/5.0+(compatible; UptimeRobot/2.0; http://www.uptimerobot.com/)"
74.86.158.110 - - [14/Mar/2015:03:33:43 +0000] "HEAD / HTTP/1.1" 200 0 "-" "Mozilla/5.0+(compatible; UptimeRobot/2.0; http://www.uptimerobot.com/)"
37.252.229.58 - - [14/Mar/2015:03:37:01 +0000] "GET / HTTP/1.0" 301 178 "-" "Mozilla/5.0 (compatible; www.monitor.us - free monitoring service; http://www.monitor.us)"
37.252.229.58 - - [14/Mar/2015:03:37:03 +0000] "GET / HTTP/1.0" 200 6860 "-" "Mozilla/5.0 (compatible; www.monitor.us - free monitoring service; http://www.monitor.us)"
128.199.122.79 - - [14/Mar/2015:03:37:03 +0000] "GET /combine/736dd6176a61768d9cf06737c97fd2d4-1422939978 HTTP/1.1" 200 266194 "https://bits.co.id/" "Serf/1.1.0 mod_pagespeed/1.9.32.3-4448"
67.228.177.17 - - [14/Mar/2015:03:37:48 +0000] "GET / HTTP/1.0" 301 178 "-" "Mozilla/5.0 (compatible; www.monitor.us - free monitoring service; http://www.monitor.us)"
67.228.177.17 - - [14/Mar/2015:03:37:49 +0000] "GET / HTTP/1.0" 200 6876 "-" "Mozilla/5.0 (compatible; www.monitor.us - free monitoring service; http://www.monitor.us)"
74.86.158.110 - - [14/Mar/2015:03:38:42 +0000] "HEAD / HTTP/1.1" 200 0 "-" "Mozilla/5.0+(compatible; UptimeRobot/2.0; http://www.uptimerobot.com/)"
74.86.158.110 - - [14/Mar/2015:03:43:43 +0000] "HEAD / HTTP/1.1" 200 0 "-" "Mozilla/5.0+(compatible; UptimeRobot/2.0; http://www.uptimerobot.com/)"
66.249.71.251 - - [14/Mar/2015:03:48:06 +0000] "GET /vendor/laravel/framework/src/Illuminate/Cookie/Guard.php HTTP/1.1" 500 5 "-" "Mozilla/5.0 (iPhone; CPU iPhone OS 6_0 like Mac OS X) AppleWebKit/536.26 (KHTML, like Gecko) Version/6.0 Mobile/10A5376e Safari/8536.25 (compatible; Googlebot/2.1; +http://www.google.com/bot.html)"
74.86.158.110 - - [14/Mar/2015:03:48:42 +0000] "HEAD / HTTP/1.1" 200 0 "-" "Mozilla/5.0+(compatible; UptimeRobot/2.0; http://www.uptimerobot.com/)"
74.86.158.110 - - [14/Mar/2015:03:53:43 +0000] "HEAD / HTTP/1.1" 200 0 "-" "Mozilla/5.0+(compatible; UptimeRobot/2.0; http://www.uptimerobot.com/)"
74.86.158.110 - - [14/Mar/2015:03:58:42 +0000] "HEAD / HTTP/1.1" 200 0 "-" "Mozilla/5.0+(compatible; UptimeRobot/2.0; http://www.uptimerobot.com/)"
74.86.158.110 - - [14/Mar/2015:04:03:42 +0000] "HEAD / HTTP/1.1" 200 0 "-" "Mozilla/5.0+(compatible; UptimeRobot/2.0; http://www.uptimerobot.com/)"
37.252.229.58 - - [14/Mar/2015:04:07:01 +0000] "GET / HTTP/1.0" 301 178 "-" "Mozilla/5.0 (compatible; www.monitor.us - free monitoring service; http://www.monitor.us)"
37.252.229.58 - - [14/Mar/2015:04:07:02 +0000] "GET / HTTP/1.0" 200 6860 "-" "Mozilla/5.0 (compatible; www.monitor.us - free monitoring service; http://www.monitor.us)"
128.199.122.79 - - [14/Mar/2015:04:07:03 +0000] "GET /combine/736dd6176a61768d9cf06737c97fd2d4-1422939978 HTTP/1.1" 200 266187 "https://bits.co.id/" "Serf/1.1.0 mod_pagespeed/1.9.32.3-4448"
67.228.177.17 - - [14/Mar/2015:04:07:47 +0000] "GET / HTTP/1.0" 301 178 "-" "Mozilla/5.0 (compatible; www.monitor.us - free monitoring service; http://www.monitor.us)"
67.228.177.17 - - [14/Mar/2015:04:07:48 +0000] "GET / HTTP/1.0" 200 6876 "-" "Mozilla/5.0 (compatible; www.monitor.us - free monitoring service; http://www.monitor.us)"
74.86.158.110 - - [14/Mar/2015:04:08:43 +0000] "HEAD / HTTP/1.1" 200 0 "-" "Mozilla/5.0+(compatible; UptimeRobot/2.0; http://www.uptimerobot.com/)"
74.86.158.110 - - [14/Mar/2015:04:13:43 +0000] "HEAD / HTTP/1.1" 200 0 "-" "Mozilla/5.0+(compatible; UptimeRobot/2.0; http://www.uptimerobot.com/)"
74.86.158.110 - - [14/Mar/2015:04:18:43 +0000] "HEAD / HTTP/1.1" 200 0 "-" "Mozilla/5.0+(compatible; UptimeRobot/2.0; http://www.uptimerobot.com/)"
66.249.71.11 - - [14/Mar/2015:04:21:51 +0000] "GET /vendor/laravel/framework/src/Illuminate/Session/Middleware.php HTTP/1.1" 500 5 "-" "Mozilla/5.0 (iPhone; CPU iPhone OS 6_0 like Mac OS X) AppleWebKit/536.26 (KHTML, like Gecko) Version/6.0 Mobile/10A5376e Safari/8536.25 (compatible; Googlebot/2.1; +http://www.google.com/bot.html)"
74.86.158.110 - - [14/Mar/2015:04:23:43 +0000] "HEAD / HTTP/1.1" 200 0 "-" "Mozilla/5.0+(compatible; UptimeRobot/2.0; http://www.uptimerobot.com/)"
74.86.158.110 - - [14/Mar/2015:04:28:43 +0000] "HEAD / HTTP/1.1" 200 0 "-" "Mozilla/5.0+(compatible; UptimeRobot/2.0; http://www.uptimerobot.com/)"
74.86.158.110 - - [14/Mar/2015:04:33:45 +0000] "HEAD / HTTP/1.1" 200 0 "-" "Mozilla/5.0+(compatible; UptimeRobot/2.0; http://www.uptimerobot.com/)"
37.252.229.58 - - [14/Mar/2015:04:37:01 +0000] "GET / HTTP/1.0" 301 178 "-" "Mozilla/5.0 (compatible; www.monitor.us - free monitoring service; http://www.monitor.us)"
37.252.229.58 - - [14/Mar/2015:04:37:03 +0000] "GET / HTTP/1.0" 200 6860 "-" "Mozilla/5.0 (compatible; www.monitor.us - free monitoring service; http://www.monitor.us)"
128.199.122.79 - - [14/Mar/2015:04:37:04 +0000] "GET /combine/736dd6176a61768d9cf06737c97fd2d4-1422939978 HTTP/1.1" 200 266187 "https://bits.co.id/" "Serf/1.1.0 mod_pagespeed/1.9.32.3-4448"
74.86.158.110 - - [14/Mar/2015:04:38:43 +0000] "HEAD / HTTP/1.1" 200 0 "-" "Mozilla/5.0+(compatible; UptimeRobot/2.0; http://www.uptimerobot.com/)"
74.86.158.110 - - [14/Mar/2015:04:43:43 +0000] "HEAD / HTTP/1.1" 200 0 "-" "Mozilla/5.0+(compatible; UptimeRobot/2.0; http://www.uptimerobot.com/)"
36.84.243.44 - - [14/Mar/2015:04:46:43 +0000] "GET /webmail/ HTTP/1.1" 200 44426 "-" "Mozilla/5.0 (X11; Ubuntu; Linux x86_64; rv:36.0) Gecko/20100101 Firefox/36.0"
36.84.243.44 - - [14/Mar/2015:04:46:43 +0000] "GET /webmail/_,Mjo.NCU_rmTOAt.js+_,Mjo.RvgIFJchpx.js.pagespeed.jc.q6tT7Qrtqx.js HTTP/1.1" 200 18414 "https://bits.co.id/webmail/" "Mozilla/5.0 (X11; Ubuntu; Linux x86_64; rv:36.0) Gecko/20100101 Firefox/36.0"
36.84.243.44 - - [14/Mar/2015:04:46:44 +0000] "GET /webmail/skins/xwm_logo_140x140.png.pagespeed.ic.z-VekMOsvs.png HTTP/1.1" 200 9108 "-" "Mozilla/5.0 (X11; Ubuntu; Linux x86_64; rv:36.0) Gecko/20100101 Firefox/36.0"
36.84.243.44 - - [14/Mar/2015:04:46:44 +0000] "GET /webmail/static,_css,_libs.css,q742+skins,_DeepForest,_styles.css,q742.pagespeed.cc.-a52kNd8wc.css HTTP/1.1" 200 47064 "https://bits.co.id/webmail/" "Mozilla/5.0 (X11; Ubuntu; Linux x86_64; rv:36.0) Gecko/20100101 Firefox/36.0"
36.84.243.44 - - [14/Mar/2015:04:46:44 +0000] "GET /webmail/static/js/libs.js,q742.pagespeed.jm.G2HU83RokJ.js HTTP/1.1" 200 215715 "https://bits.co.id/webmail/" "Mozilla/5.0 (X11; Ubuntu; Linux x86_64; rv:36.0) Gecko/20100101 Firefox/36.0"
36.84.243.44 - - [14/Mar/2015:04:46:46 +0000] "POST /webmail/?/Ajax/ HTTP/1.1" 200 108 "https://bits.co.id/webmail/" "Mozilla/5.0 (X11; Ubuntu; Linux x86_64; rv:36.0) Gecko/20100101 Firefox/36.0"
128.199.122.79 - - [14/Mar/2015:04:46:46 +0000] "GET /webmail/static/css/images/animated-overlay.gif HTTP/1.1" 404 11072 "https://bits.co.id/webmail/" "Serf/1.1.0 mod_pagespeed/1.9.32.3-4448"
36.84.243.44 - - [14/Mar/2015:04:46:47 +0000] "POST /webmail/?/Ajax/ HTTP/1.1" 200 446 "https://bits.co.id/webmail/" "Mozilla/5.0 (X11; Ubuntu; Linux x86_64; rv:36.0) Gecko/20100101 Firefox/36.0"
128.199.122.79 - - [14/Mar/2015:04:46:47 +0000] "GET /webmail/skins/DeepForest/images/facebook-icon_9x18.png HTTP/1.1" 404 11072 "https://bits.co.id/webmail/" "Serf/1.1.0 mod_pagespeed/1.9.32.3-4448"
128.199.122.79 - - [14/Mar/2015:04:46:47 +0000] "GET /webmail/skins/DeepForest/images/google-icon_20x20.png HTTP/1.1" 404 11072 "https://bits.co.id/webmail/" "Serf/1.1.0 mod_pagespeed/1.9.32.3-4448"
36.84.243.44 - - [14/Mar/2015:04:46:48 +0000] "POST /webmail/?/Ajax/ HTTP/1.1" 200 8422 "https://bits.co.id/webmail/" "Mozilla/5.0 (X11; Ubuntu; Linux x86_64; rv:36.0) Gecko/20100101 Firefox/36.0"
128.199.122.79 - - [14/Mar/2015:04:46:48 +0000] "GET /webmail/skins/DeepForest/images/twitter-icon_17x14.png HTTP/1.1" 404 11072 "https://bits.co.id/webmail/" "Serf/1.1.0 mod_pagespeed/1.9.32.3-4448"
36.84.243.44 - - [14/Mar/2015:04:46:48 +0000] "POST /webmail/?/Ajax/ HTTP/1.1" 200 97 "https://bits.co.id/webmail/" "Mozilla/5.0 (X11; Ubuntu; Linux x86_64; rv:36.0) Gecko/20100101 Firefox/36.0"
36.84.243.44 - - [14/Mar/2015:04:46:49 +0000] "POST /webmail/?/Ajax/ HTTP/1.1" 200 277 "https://bits.co.id/webmail/" "Mozilla/5.0 (X11; Ubuntu; Linux x86_64; rv:36.0) Gecko/20100101 Firefox/36.0"
36.84.243.44 - - [14/Mar/2015:04:46:49 +0000] "POST /webmail/?/Ajax/ HTTP/1.1" 200 42158 "https://bits.co.id/webmail/" "Mozilla/5.0 (X11; Ubuntu; Linux x86_64; rv:36.0) Gecko/20100101 Firefox/36.0"
36.84.243.44 - - [14/Mar/2015:04:46:50 +0000] "POST /webmail/?/Ajax/ HTTP/1.1" 200 3855 "https://bits.co.id/webmail/" "Mozilla/5.0 (X11; Ubuntu; Linux x86_64; rv:36.0) Gecko/20100101 Firefox/36.0"
36.84.243.44 - - [14/Mar/2015:04:46:50 +0000] "POST /webmail/?/Ajax/ HTTP/1.1" 200 8280 "https://bits.co.id/webmail/" "Mozilla/5.0 (X11; Ubuntu; Linux x86_64; rv:36.0) Gecko/20100101 Firefox/36.0"
36.84.243.44 - - [14/Mar/2015:04:46:50 +0000] "POST /webmail/?/Ajax/ HTTP/1.1" 200 481 "https://bits.co.id/webmail/" "Mozilla/5.0 (X11; Ubuntu; Linux x86_64; rv:36.0) Gecko/20100101 Firefox/36.0"
36.84.243.44 - - [14/Mar/2015:04:46:50 +0000] "POST /webmail/?/Ajax/ HTTP/1.1" 200 463 "https://bits.co.id/webmail/" "Mozilla/5.0 (X11; Ubuntu; Linux x86_64; rv:36.0) Gecko/20100101 Firefox/36.0"
36.84.243.44 - - [14/Mar/2015:04:46:51 +0000] "POST /webmail/?/Ajax/ HTTP/1.1" 200 99 "https://bits.co.id/webmail/" "Mozilla/5.0 (X11; Ubuntu; Linux x86_64; rv:36.0) Gecko/20100101 Firefox/36.0"
36.84.243.44 - - [14/Mar/2015:04:46:51 +0000] "POST /webmail/?/Ajax/ HTTP/1.1" 200 8418 "https://bits.co.id/webmail/" "Mozilla/5.0 (X11; Ubuntu; Linux x86_64; rv:36.0) Gecko/20100101 Firefox/36.0"
36.84.243.44 - - [14/Mar/2015:04:46:51 +0000] "POST /webmail/?/Ajax/ HTTP/1.1" 200 5400 "https://bits.co.id/webmail/" "Mozilla/5.0 (X11; Ubuntu; Linux x86_64; rv:36.0) Gecko/20100101 Firefox/36.0"
36.84.243.44 - - [14/Mar/2015:04:46:52 +0000] "POST /webmail/?/Ajax/ HTTP/1.1" 200 26265 "https://bits.co.id/webmail/" "Mozilla/5.0 (X11; Ubuntu; Linux x86_64; rv:36.0) Gecko/20100101 Firefox/36.0"
36.84.243.44 - - [14/Mar/2015:04:46:52 +0000] "GET /webmail/?/Raw/View/2/xf8hH0N6u8WfXNfFRPfJxrkIb0LVBlTL8S4O88fuf2WxAAHJJo4EFMtZ0l_DRjfYXD7AmlCQuwtrbdwTUmTKM-rpcubaqy6Pc7ff95T9LruMfBwM63bBOA6IspgLT9IsA3b2DwR-aUfaH7QViYO330sHeNu9PIrbtAPRG4kPQm5R7t2pDUhhv9xNxj6Oxs-12iCCatSciMpHhSs0Qfv21u3FuhMt3q9px8xazmGNygKA45EhI8L_-iILMpSG5Ouxa3HeA6Ryqx_kNE1K9AWpU-3l00Rh-Kpv/0 HTTP/1.1" 200 20000 "https://bits.co.id/webmail/" "Mozilla/5.0 (X11; Ubuntu; Linux x86_64; rv:36.0) Gecko/20100101 Firefox/36.0"
36.84.243.44 - - [14/Mar/2015:04:46:52 +0000] "POST /webmail/?/Ajax/ HTTP/1.1" 200 7021 "https://bits.co.id/webmail/" "Mozilla/5.0 (X11; Ubuntu; Linux x86_64; rv:36.0) Gecko/20100101 Firefox/36.0"
36.84.243.44 - - [14/Mar/2015:04:46:53 +0000] "POST /webmail/?/Ajax/ HTTP/1.1" 200 8280 "https://bits.co.id/webmail/" "Mozilla/5.0 (X11; Ubuntu; Linux x86_64; rv:36.0) Gecko/20100101 Firefox/36.0"
36.84.243.44 - - [14/Mar/2015:04:46:53 +0000] "POST /webmail/?/Ajax/ HTTP/1.1" 200 104 "https://bits.co.id/webmail/" "Mozilla/5.0 (X11; Ubuntu; Linux x86_64; rv:36.0) Gecko/20100101 Firefox/36.0"
36.84.243.44 - - [14/Mar/2015:04:46:53 +0000] "POST /webmail/?/Ajax/ HTTP/1.1" 200 256 "https://bits.co.id/webmail/" "Mozilla/5.0 (X11; Ubuntu; Linux x86_64; rv:36.0) Gecko/20100101 Firefox/36.0"
36.84.243.44 - - [14/Mar/2015:04:46:53 +0000] "GET /favicon.ico HTTP/1.1" 404 2457 "-" "Mozilla/5.0 (X11; Ubuntu; Linux x86_64; rv:36.0) Gecko/20100101 Firefox/36.0"
36.84.243.44 - - [14/Mar/2015:04:46:54 +0000] "POST /webmail/?/Ajax/ HTTP/1.1" 200 1314 "https://bits.co.id/webmail/" "Mozilla/5.0 (X11; Ubuntu; Linux x86_64; rv:36.0) Gecko/20100101 Firefox/36.0"
128.199.122.79 - - [14/Mar/2015:04:46:54 +0000] "GET /combine/736dd6176a61768d9cf06737c97fd2d4-1422939978 HTTP/1.1" 200 266194 "https://bits.co.id/favicon.ico" "Serf/1.1.0 mod_pagespeed/1.9.32.3-4448"
36.84.243.44 - - [14/Mar/2015:04:46:54 +0000] "GET /favicon.ico HTTP/1.1" 404 2486 "-" "Mozilla/5.0 (X11; Ubuntu; Linux x86_64; rv:36.0) Gecko/20100101 Firefox/36.0"
36.84.243.44 - - [14/Mar/2015:04:46:54 +0000] "POST /webmail/?/Ajax/ HTTP/1.1" 200 6226 "https://bits.co.id/webmail/" "Mozilla/5.0 (X11; Ubuntu; Linux x86_64; rv:36.0) Gecko/20100101 Firefox/36.0"
36.84.243.44 - - [14/Mar/2015:04:46:54 +0000] "POST /webmail/?/Ajax/ HTTP/1.1" 200 247 "https://bits.co.id/webmail/" "Mozilla/5.0 (X11; Ubuntu; Linux x86_64; rv:36.0) Gecko/20100101 Firefox/36.0"
36.84.243.44 - - [14/Mar/2015:04:46:54 +0000] "POST /webmail/?/Ajax/ HTTP/1.1" 200 246 "https://bits.co.id/webmail/" "Mozilla/5.0 (X11; Ubuntu; Linux x86_64; rv:36.0) Gecko/20100101 Firefox/36.0"
36.84.243.44 - - [14/Mar/2015:04:46:54 +0000] "POST /webmail/?/Ajax/ HTTP/1.1" 200 102 "https://bits.co.id/webmail/" "Mozilla/5.0 (X11; Ubuntu; Linux x86_64; rv:36.0) Gecko/20100101 Firefox/36.0"
36.84.243.44 - - [14/Mar/2015:04:46:59 +0000] "GET /webmail/?/Raw/View/2/CkY8BakaZWPk-oEcdTic5EYg2uYIOTIqbJNWBwPaORw52Lil4oGQgxdXdNU0gR_pzOtDyicYfZKhFf7V5Kal9lSABY3l5F7-sn4GxMX7kmnZu2AHKkrHNA_YI5IVedUYGammDGWgagEQommJhFD286NJJNqxq7S3gPW80SYgnmyrq2dqdi-hsqo3XeoHEzTcli34rOfVvef3VS2J9QUliIjOR9W6iKCz-cWgaqfodYKhqaoTeT2CVrT9Bd_Iw4q2NS1rM7vasSNja-thioz_e35tW8oB0Cdr/0 HTTP/1.1" 200 25338 "https://bits.co.id/webmail/" "Mozilla/5.0 (X11; Ubuntu; Linux x86_64; rv:36.0) Gecko/20100101 Firefox/36.0"
36.84.243.44 - - [14/Mar/2015:04:47:08 +0000] "POST /webmail/?/Ajax/ HTTP/1.1" 200 96 "https://bits.co.id/webmail/" "Mozilla/5.0 (X11; Ubuntu; Linux x86_64; rv:36.0) Gecko/20100101 Firefox/36.0"
36.84.243.44 - - [14/Mar/2015:04:47:08 +0000] "POST /webmail/?/Ajax/ HTTP/1.1" 200 8123 "https://bits.co.id/webmail/" "Mozilla/5.0 (X11; Ubuntu; Linux x86_64; rv:36.0) Gecko/20100101 Firefox/36.0"
36.84.243.44 - - [14/Mar/2015:04:47:08 +0000] "POST /webmail/?/Ajax/ HTTP/1.1" 200 8280 "https://bits.co.id/webmail/" "Mozilla/5.0 (X11; Ubuntu; Linux x86_64; rv:36.0) Gecko/20100101 Firefox/36.0"
36.84.243.44 - - [14/Mar/2015:04:47:09 +0000] "POST /webmail/?/Ajax/ HTTP/1.1" 200 257 "https://bits.co.id/webmail/" "Mozilla/5.0 (X11; Ubuntu; Linux x86_64; rv:36.0) Gecko/20100101 Firefox/36.0"
36.84.243.44 - - [14/Mar/2015:04:47:09 +0000] "POST /webmail/?/Ajax/ HTTP/1.1" 499 0 "https://bits.co.id/webmail/" "Mozilla/5.0 (X11; Ubuntu; Linux x86_64; rv:36.0) Gecko/20100101 Firefox/36.0"
36.84.243.44 - - [14/Mar/2015:04:47:09 +0000] "POST /webmail/?/Ajax/ HTTP/1.1" 200 99 "https://bits.co.id/webmail/" "Mozilla/5.0 (X11; Ubuntu; Linux x86_64; rv:36.0) Gecko/20100101 Firefox/36.0"
36.84.243.44 - - [14/Mar/2015:04:47:09 +0000] "POST /webmail/?/Ajax/ HTTP/1.1" 200 99 "https://bits.co.id/webmail/" "Mozilla/5.0 (X11; Ubuntu; Linux x86_64; rv:36.0) Gecko/20100101 Firefox/36.0"
36.84.243.44 - - [14/Mar/2015:04:47:09 +0000] "POST /webmail/?/Ajax/ HTTP/1.1" 200 99 "https://bits.co.id/webmail/" "Mozilla/5.0 (X11; Ubuntu; Linux x86_64; rv:36.0) Gecko/20100101 Firefox/36.0"
36.84.243.44 - - [14/Mar/2015:04:47:09 +0000] "POST /webmail/?/Ajax/ HTTP/1.1" 200 8117 "https://bits.co.id/webmail/" "Mozilla/5.0 (X11; Ubuntu; Linux x86_64; rv:36.0) Gecko/20100101 Firefox/36.0"
36.84.243.44 - - [14/Mar/2015:04:47:10 +0000] "POST /webmail/?/Ajax/ HTTP/1.1" 200 8280 "https://bits.co.id/webmail/" "Mozilla/5.0 (X11; Ubuntu; Linux x86_64; rv:36.0) Gecko/20100101 Firefox/36.0"
36.84.243.44 - - [14/Mar/2015:04:47:10 +0000] "POST /webmail/?/Ajax/ HTTP/1.1" 200 255 "https://bits.co.id/webmail/" "Mozilla/5.0 (X11; Ubuntu; Linux x86_64; rv:36.0) Gecko/20100101 Firefox/36.0"
36.84.243.44 - - [14/Mar/2015:04:47:10 +0000] "POST /webmail/?/Ajax/ HTTP/1.1" 200 1110 "https://bits.co.id/webmail/" "Mozilla/5.0 (X11; Ubuntu; Linux x86_64; rv:36.0) Gecko/20100101 Firefox/36.0"
36.84.243.44 - - [14/Mar/2015:04:47:10 +0000] "POST /webmail/?/Ajax/ HTTP/1.1" 200 97 "https://bits.co.id/webmail/" "Mozilla/5.0 (X11; Ubuntu; Linux x86_64; rv:36.0) Gecko/20100101 Firefox/36.0"
36.84.243.44 - - [14/Mar/2015:04:47:11 +0000] "POST /webmail/?/Ajax/ HTTP/1.1" 200 7925 "https://bits.co.id/webmail/" "Mozilla/5.0 (X11; Ubuntu; Linux x86_64; rv:36.0) Gecko/20100101 Firefox/36.0"
36.84.243.44 - - [14/Mar/2015:04:47:11 +0000] "POST /webmail/?/Ajax/ HTTP/1.1" 200 8280 "https://bits.co.id/webmail/" "Mozilla/5.0 (X11; Ubuntu; Linux x86_64; rv:36.0) Gecko/20100101 Firefox/36.0"
36.84.243.44 - - [14/Mar/2015:04:47:11 +0000] "POST /webmail/?/Ajax/ HTTP/1.1" 200 254 "https://bits.co.id/webmail/" "Mozilla/5.0 (X11; Ubuntu; Linux x86_64; rv:36.0) Gecko/20100101 Firefox/36.0"
36.84.243.44 - - [14/Mar/2015:04:47:11 +0000] "POST /webmail/?/Ajax/ HTTP/1.1" 200 1110 "https://bits.co.id/webmail/" "Mozilla/5.0 (X11; Ubuntu; Linux x86_64; rv:36.0) Gecko/20100101 Firefox/36.0"
36.84.243.44 - - [14/Mar/2015:04:47:12 +0000] "POST /webmail/?/Ajax/ HTTP/1.1" 200 100 "https://bits.co.id/webmail/" "Mozilla/5.0 (X11; Ubuntu; Linux x86_64; rv:36.0) Gecko/20100101 Firefox/36.0"
36.84.243.44 - - [14/Mar/2015:04:47:12 +0000] "POST /webmail/?/Ajax/ HTTP/1.1" 200 7925 "https://bits.co.id/webmail/" "Mozilla/5.0 (X11; Ubuntu; Linux x86_64; rv:36.0) Gecko/20100101 Firefox/36.0"
36.84.243.44 - - [14/Mar/2015:04:47:12 +0000] "POST /webmail/?/Ajax/ HTTP/1.1" 200 8279 "https://bits.co.id/webmail/" "Mozilla/5.0 (X11; Ubuntu; Linux x86_64; rv:36.0) Gecko/20100101 Firefox/36.0"
36.84.243.44 - - [14/Mar/2015:04:47:13 +0000] "POST /webmail/?/Ajax/ HTTP/1.1" 200 255 "https://bits.co.id/webmail/" "Mozilla/5.0 (X11; Ubuntu; Linux x86_64; rv:36.0) Gecko/20100101 Firefox/36.0"
36.84.243.44 - - [14/Mar/2015:04:47:13 +0000] "POST /webmail/?/Ajax/ HTTP/1.1" 200 802 "https://bits.co.id/webmail/" "Mozilla/5.0 (X11; Ubuntu; Linux x86_64; rv:36.0) Gecko/20100101 Firefox/36.0"
36.84.243.44 - - [14/Mar/2015:04:47:13 +0000] "POST /webmail/?/Ajax/ HTTP/1.1" 200 96 "https://bits.co.id/webmail/" "Mozilla/5.0 (X11; Ubuntu; Linux x86_64; rv:36.0) Gecko/20100101 Firefox/36.0"
36.84.243.44 - - [14/Mar/2015:04:47:13 +0000] "POST /webmail/?/Ajax/ HTTP/1.1" 200 7645 "https://bits.co.id/webmail/" "Mozilla/5.0 (X11; Ubuntu; Linux x86_64; rv:36.0) Gecko/20100101 Firefox/36.0"
36.84.243.44 - - [14/Mar/2015:04:47:14 +0000] "POST /webmail/?/Ajax/ HTTP/1.1" 200 8279 "https://bits.co.id/webmail/" "Mozilla/5.0 (X11; Ubuntu; Linux x86_64; rv:36.0) Gecko/20100101 Firefox/36.0"
36.84.243.44 - - [14/Mar/2015:04:47:14 +0000] "POST /webmail/?/Ajax/ HTTP/1.1" 200 99 "https://bits.co.id/webmail/" "Mozilla/5.0 (X11; Ubuntu; Linux x86_64; rv:36.0) Gecko/20100101 Firefox/36.0"
36.84.243.44 - - [14/Mar/2015:04:47:14 +0000] "POST /webmail/?/Ajax/ HTTP/1.1" 200 99 "https://bits.co.id/webmail/" "Mozilla/5.0 (X11; Ubuntu; Linux x86_64; rv:36.0) Gecko/20100101 Firefox/36.0"
36.84.243.44 - - [14/Mar/2015:04:47:14 +0000] "POST /webmail/?/Ajax/ HTTP/1.1" 200 99 "https://bits.co.id/webmail/" "Mozilla/5.0 (X11; Ubuntu; Linux x86_64; rv:36.0) Gecko/20100101 Firefox/36.0"
36.84.243.44 - - [14/Mar/2015:04:47:14 +0000] "POST /webmail/?/Ajax/ HTTP/1.1" 200 7637 "https://bits.co.id/webmail/" "Mozilla/5.0 (X11; Ubuntu; Linux x86_64; rv:36.0) Gecko/20100101 Firefox/36.0"
36.84.243.44 - - [14/Mar/2015:04:47:15 +0000] "POST /webmail/?/Ajax/ HTTP/1.1" 200 8279 "https://bits.co.id/webmail/" "Mozilla/5.0 (X11; Ubuntu; Linux x86_64; rv:36.0) Gecko/20100101 Firefox/36.0"
36.84.243.44 - - [14/Mar/2015:04:47:15 +0000] "POST /webmail/?/Ajax/ HTTP/1.1" 200 255 "https://bits.co.id/webmail/" "Mozilla/5.0 (X11; Ubuntu; Linux x86_64; rv:36.0) Gecko/20100101 Firefox/36.0"
36.84.243.44 - - [14/Mar/2015:04:47:16 +0000] "POST /webmail/?/Ajax/ HTTP/1.1" 200 253 "https://bits.co.id/webmail/" "Mozilla/5.0 (X11; Ubuntu; Linux x86_64; rv:36.0) Gecko/20100101 Firefox/36.0"
36.84.243.44 - - [14/Mar/2015:04:48:14 +0000] "POST /webmail/?/Ajax/ HTTP/1.1" 200 182 "https://bits.co.id/webmail/" "Mozilla/5.0 (X11; Ubuntu; Linux x86_64; rv:36.0) Gecko/20100101 Firefox/36.0"
67.228.177.17 - - [14/Mar/2015:04:48:23 +0000] "GET / HTTP/1.0" 301 178 "-" "Mozilla/5.0 (compatible; www.monitor.us - free monitoring service; http://www.monitor.us)"
67.228.177.17 - - [14/Mar/2015:04:48:25 +0000] "GET / HTTP/1.0" 200 6876 "-" "Mozilla/5.0 (compatible; www.monitor.us - free monitoring service; http://www.monitor.us)"
74.86.158.110 - - [14/Mar/2015:04:48:43 +0000] "HEAD / HTTP/1.1" 200 0 "-" "Mozilla/5.0+(compatible; UptimeRobot/2.0; http://www.uptimerobot.com/)"
74.86.158.110 - - [14/Mar/2015:04:53:42 +0000] "HEAD / HTTP/1.1" 200 0 "-" "Mozilla/5.0+(compatible; UptimeRobot/2.0; http://www.uptimerobot.com/)"
66.249.71.251 - - [14/Mar/2015:04:55:14 +0000] "GET /vendor/laravel/framework/src/Illuminate/Container/Container.php HTTP/1.1" 200 31 "-" "Mozilla/5.0 (iPhone; CPU iPhone OS 6_0 like Mac OS X) AppleWebKit/536.26 (KHTML, like Gecko) Version/6.0 Mobile/10A5376e Safari/8536.25 (compatible; Googlebot/2.1; +http://www.google.com/bot.html)"
74.86.158.110 - - [14/Mar/2015:04:58:43 +0000] "HEAD / HTTP/1.1" 200 0 "-" "Mozilla/5.0+(compatible; UptimeRobot/2.0; http://www.uptimerobot.com/)"
74.86.158.110 - - [14/Mar/2015:05:03:43 +0000] "HEAD / HTTP/1.1" 200 0 "-" "Mozilla/5.0+(compatible; UptimeRobot/2.0; http://www.uptimerobot.com/)"
37.252.229.58 - - [14/Mar/2015:05:07:01 +0000] "GET / HTTP/1.0" 301 178 "-" "Mozilla/5.0 (compatible; www.monitor.us - free monitoring service; http://www.monitor.us)"
37.252.229.58 - - [14/Mar/2015:05:07:02 +0000] "GET / HTTP/1.0" 200 6860 "-" "Mozilla/5.0 (compatible; www.monitor.us - free monitoring service; http://www.monitor.us)"
128.199.122.79 - - [14/Mar/2015:05:07:02 +0000] "GET /combine/736dd6176a61768d9cf06737c97fd2d4-1422939978 HTTP/1.1" 200 266194 "https://bits.co.id/" "Serf/1.1.0 mod_pagespeed/1.9.32.3-4448"
74.86.158.110 - - [14/Mar/2015:05:15:06 +0000] "GET / HTTP/1.1" 200 30441 "-" "Mozilla/5.0+(compatible; UptimeRobot/2.0; http://www.uptimerobot.com/)"
128.199.122.79 - - [14/Mar/2015:05:15:06 +0000] "GET /combine/736dd6176a61768d9cf06737c97fd2d4-1422939978 HTTP/1.1" 200 266202 "https://bits.co.id/" "Serf/1.1.0 mod_pagespeed/1.9.32.3-4448"
67.228.177.17 - - [14/Mar/2015:05:18:22 +0000] "GET / HTTP/1.0" 301 178 "-" "Mozilla/5.0 (compatible; www.monitor.us - free monitoring service; http://www.monitor.us)"
67.228.177.17 - - [14/Mar/2015:05:18:23 +0000] "GET / HTTP/1.0" 200 6876 "-" "Mozilla/5.0 (compatible; www.monitor.us - free monitoring service; http://www.monitor.us)"
74.86.158.110 - - [14/Mar/2015:05:19:54 +0000] "GET / HTTP/1.1" 200 31610 "-" "Mozilla/5.0+(compatible; UptimeRobot/2.0; http://www.uptimerobot.com/)"
74.86.158.110 - - [14/Mar/2015:05:24:54 +0000] "HEAD / HTTP/1.1" 200 0 "-" "Mozilla/5.0+(compatible; UptimeRobot/2.0; http://www.uptimerobot.com/)"
74.86.158.110 - - [14/Mar/2015:05:29:55 +0000] "HEAD / HTTP/1.1" 200 0 "-" "Mozilla/5.0+(compatible; UptimeRobot/2.0; http://www.uptimerobot.com/)"
74.86.158.110 - - [14/Mar/2015:05:34:55 +0000] "HEAD / HTTP/1.1" 200 0 "-" "Mozilla/5.0+(compatible; UptimeRobot/2.0; http://www.uptimerobot.com/)"
37.252.229.58 - - [14/Mar/2015:05:37:01 +0000] "GET / HTTP/1.0" 301 178 "-" "Mozilla/5.0 (compatible; www.monitor.us - free monitoring service; http://www.monitor.us)"
37.252.229.58 - - [14/Mar/2015:05:37:02 +0000] "GET / HTTP/1.0" 200 6860 "-" "Mozilla/5.0 (compatible; www.monitor.us - free monitoring service; http://www.monitor.us)"
128.199.122.79 - - [14/Mar/2015:05:37:02 +0000] "GET /combine/736dd6176a61768d9cf06737c97fd2d4-1422939978 HTTP/1.1" 200 266194 "https://bits.co.id/" "Serf/1.1.0 mod_pagespeed/1.9.32.3-4448"
74.86.158.110 - - [14/Mar/2015:05:39:55 +0000] "HEAD / HTTP/1.1" 200 0 "-" "Mozilla/5.0+(compatible; UptimeRobot/2.0; http://www.uptimerobot.com/)"
74.86.158.110 - - [14/Mar/2015:05:44:55 +0000] "HEAD / HTTP/1.1" 200 0 "-" "Mozilla/5.0+(compatible; UptimeRobot/2.0; http://www.uptimerobot.com/)"
67.228.177.17 - - [14/Mar/2015:05:48:22 +0000] "GET / HTTP/1.0" 301 178 "-" "Mozilla/5.0 (compatible; www.monitor.us - free monitoring service; http://www.monitor.us)"
67.228.177.17 - - [14/Mar/2015:05:48:24 +0000] "GET / HTTP/1.0" 200 6860 "-" "Mozilla/5.0 (compatible; www.monitor.us - free monitoring service; http://www.monitor.us)"
128.199.122.79 - - [14/Mar/2015:05:48:25 +0000] "GET /combine/736dd6176a61768d9cf06737c97fd2d4-1422939978 HTTP/1.1" 200 266171 "https://bits.co.id/" "Serf/1.1.0 mod_pagespeed/1.9.32.3-4448"
74.86.158.110 - - [14/Mar/2015:05:49:55 +0000] "HEAD / HTTP/1.1" 200 0 "-" "Mozilla/5.0+(compatible; UptimeRobot/2.0; http://www.uptimerobot.com/)"
74.86.158.110 - - [14/Mar/2015:05:54:55 +0000] "HEAD / HTTP/1.1" 200 0 "-" "Mozilla/5.0+(compatible; UptimeRobot/2.0; http://www.uptimerobot.com/)"
74.86.158.110 - - [14/Mar/2015:05:59:55 +0000] "HEAD / HTTP/1.1" 200 0 "-" "Mozilla/5.0+(compatible; UptimeRobot/2.0; http://www.uptimerobot.com/)"
185.53.44.130 - - [14/Mar/2015:06:00:38 +0000] "GET / HTTP/1.1" 200 31580 "-" "Mozilla/5.0 (compatible; XoviBot/2.0; +http://www.xovibot.net/)"
128.199.122.79 - - [14/Mar/2015:06:00:38 +0000] "GET /combine/736dd6176a61768d9cf06737c97fd2d4-1422939978 HTTP/1.1" 200 266202 "https://bits.co.id/" "Serf/1.1.0 mod_pagespeed/1.9.32.3-4448"
66.249.71.251 - - [14/Mar/2015:06:02:23 +0000] "GET /filemanager/ HTTP/1.1" 200 1112 "-" "Mozilla/5.0 (iPhone; CPU iPhone OS 6_0 like Mac OS X) AppleWebKit/536.26 (KHTML, like Gecko) Version/6.0 Mobile/10A5376e Safari/8536.25 (compatible; Googlebot/2.1; +http://www.google.com/bot.html)"
128.199.122.79 - - [14/Mar/2015:06:02:25 +0000] "GET /filemanager/index.php?get_action=get_drop_bg HTTP/1.1" 200 78 "https://bits.co.id/filemanager/" "Serf/1.1.0 mod_pagespeed/1.9.32.3-4448"
74.86.158.110 - - [14/Mar/2015:06:04:55 +0000] "HEAD / HTTP/1.1" 200 0 "-" "Mozilla/5.0+(compatible; UptimeRobot/2.0; http://www.uptimerobot.com/)"
66.249.71.28 - - [14/Mar/2015:06:06:59 +0000] "GET /filemanager/_.pagespeed.jo.SvKYf1bo0j.js HTTP/1.1" 200 54848 "https://bits.co.id/filemanager/" "Mozilla/5.0 (compatible; Googlebot/2.1; +http://www.google.com/bot.html)"
37.252.229.58 - - [14/Mar/2015:06:07:01 +0000] "GET / HTTP/1.0" 301 178 "-" "Mozilla/5.0 (compatible; www.monitor.us - free monitoring service; http://www.monitor.us)"
37.252.229.58 - - [14/Mar/2015:06:07:02 +0000] "GET / HTTP/1.0" 200 6860 "-" "Mozilla/5.0 (compatible; www.monitor.us - free monitoring service; http://www.monitor.us)"
128.199.122.79 - - [14/Mar/2015:06:07:02 +0000] "GET /combine/736dd6176a61768d9cf06737c97fd2d4-1422939978 HTTP/1.1" 200 266187 "https://bits.co.id/" "Serf/1.1.0 mod_pagespeed/1.9.32.3-4448"
66.249.71.251 - - [14/Mar/2015:06:07:08 +0000] "GET /filemanager/index.php?secure_token=ibAW8Ja0NFv81bPTkL91tyeZaJHs3axT&get_action=ls&options=al&dir=%2F HTTP/1.1" 200 96 "https://bits.co.id/filemanager/" "Mozilla/5.0 (compatible; Googlebot/2.1; +http://www.google.com/bot.html)"
74.86.158.110 - - [14/Mar/2015:06:09:55 +0000] "HEAD / HTTP/1.1" 200 0 "-" "Mozilla/5.0+(compatible; UptimeRobot/2.0; http://www.uptimerobot.com/)"
36.84.243.44 - - [14/Mar/2015:06:10:15 +0000] "GET / HTTP/1.1" 200 8200 "-" "Mozilla/5.0 (X11; Ubuntu; Linux x86_64; rv:36.0) Gecko/20100101 Firefox/36.0"
36.84.243.44 - - [14/Mar/2015:06:10:15 +0000] "GET /modules/system/assets/css/A.framework.extras.css.pagespeed.cf.xsVGGnGfkl.css HTTP/1.1" 200 3236 "https://bits.co.id/" "Mozilla/5.0 (X11; Ubuntu; Linux x86_64; rv:36.0) Gecko/20100101 Firefox/36.0"
36.84.243.44 - - [14/Mar/2015:06:10:15 +0000] "GET /_,Mjo.LLfcSyunNg.js.pagespeed.jm.r5Dh76dYr1.js HTTP/1.1" 200 3157 "https://bits.co.id/" "Mozilla/5.0 (X11; Ubuntu; Linux x86_64; rv:36.0) Gecko/20100101 Firefox/36.0"
36.84.243.44 - - [14/Mar/2015:06:10:15 +0000] "GET /themes/bits/assets/images/xlogo.png.pagespeed.ic.wqKt8NwrSB.png HTTP/1.1" 200 6707 "https://bits.co.id/" "Mozilla/5.0 (X11; Ubuntu; Linux x86_64; rv:36.0) Gecko/20100101 Firefox/36.0"
36.84.243.44 - - [14/Mar/2015:06:10:15 +0000] "GET /themes/bits/assets/images/xslide1.jpg.pagespeed.ic.QoXc3eFVso.jpg HTTP/1.1" 200 42646 "https://bits.co.id/" "Mozilla/5.0 (X11; Ubuntu; Linux x86_64; rv:36.0) Gecko/20100101 Firefox/36.0"
36.84.243.44 - - [14/Mar/2015:06:10:15 +0000] "GET /themes/bits/assets/images/xslide3.jpg.pagespeed.ic.ECL4btzwE2.jpg HTTP/1.1" 200 38370 "https://bits.co.id/" "Mozilla/5.0 (X11; Ubuntu; Linux x86_64; rv:36.0) Gecko/20100101 Firefox/36.0"
36.84.243.44 - - [14/Mar/2015:06:10:15 +0000] "GET /themes/bits/assets/images/xslide2.jpg.pagespeed.ic.gjtEYNjFDF.jpg HTTP/1.1" 200 45662 "https://bits.co.id/" "Mozilla/5.0 (X11; Ubuntu; Linux x86_64; rv:36.0) Gecko/20100101 Firefox/36.0"
36.84.243.44 - - [14/Mar/2015:06:10:15 +0000] "GET /themes/bits/assets/images/xmain-feature.png.pagespeed.ic.Rs04LZqWl1.png HTTP/1.1" 200 74891 "https://bits.co.id/" "Mozilla/5.0 (X11; Ubuntu; Linux x86_64; rv:36.0) Gecko/20100101 Firefox/36.0"
36.84.243.44 - - [14/Mar/2015:06:10:15 +0000] "GET /themes/bits/assets/images/team/x01.jpg.pagespeed.ic.R-JbeMfd36.jpg HTTP/1.1" 200 10486 "https://bits.co.id/" "Mozilla/5.0 (X11; Ubuntu; Linux x86_64; rv:36.0) Gecko/20100101 Firefox/36.0"
36.84.243.44 - - [14/Mar/2015:06:10:15 +0000] "GET /themes/bits/assets/images/team/x02.jpg.pagespeed.ic.723R3SrEAT.jpg HTTP/1.1" 200 7474 "https://bits.co.id/" "Mozilla/5.0 (X11; Ubuntu; Linux x86_64; rv:36.0) Gecko/20100101 Firefox/36.0"
36.84.243.44 - - [14/Mar/2015:06:10:15 +0000] "GET /themes/bits/assets/images/team/x03.jpg.pagespeed.ic.G_aiN32ZMC.jpg HTTP/1.1" 200 15272 "https://bits.co.id/" "Mozilla/5.0 (X11; Ubuntu; Linux x86_64; rv:36.0) Gecko/20100101 Firefox/36.0"
36.84.243.44 - - [14/Mar/2015:06:10:15 +0000] "GET /themes/bits/assets/images/team/x04.jpg.pagespeed.ic.gj5t2xY6Bz.jpg HTTP/1.1" 200 14717 "https://bits.co.id/" "Mozilla/5.0 (X11; Ubuntu; Linux x86_64; rv:36.0) Gecko/20100101 Firefox/36.0"
36.84.243.44 - - [14/Mar/2015:06:10:16 +0000] "GET /themes/bits/assets/images/portfolio/400x346x1.jpg.pagespeed.ic.IJHjOeASws.jpg HTTP/1.1" 200 38545 "https://bits.co.id/" "Mozilla/5.0 (X11; Ubuntu; Linux x86_64; rv:36.0) Gecko/20100101 Firefox/36.0"
36.84.243.44 - - [14/Mar/2015:06:10:16 +0000] "GET /themes/bits/assets/images/portfolio/400x346x2.jpg.pagespeed.ic.2VmVeV7QiG.jpg HTTP/1.1" 200 33453 "https://bits.co.id/" "Mozilla/5.0 (X11; Ubuntu; Linux x86_64; rv:36.0) Gecko/20100101 Firefox/36.0"
36.84.243.44 - - [14/Mar/2015:06:10:16 +0000] "GET /themes/bits/assets/images/portfolio/400x346x3.jpg.pagespeed.ic.T1sNAhmVBf.jpg HTTP/1.1" 200 36592 "https://bits.co.id/" "Mozilla/5.0 (X11; Ubuntu; Linux x86_64; rv:36.0) Gecko/20100101 Firefox/36.0"
36.84.243.44 - - [14/Mar/2015:06:10:16 +0000] "GET /themes/bits/assets/images/portfolio/400x346x4.jpg.pagespeed.ic.xVG_9Z7uRK.jpg HTTP/1.1" 200 30037 "https://bits.co.id/" "Mozilla/5.0 (X11; Ubuntu; Linux x86_64; rv:36.0) Gecko/20100101 Firefox/36.0"
36.84.243.44 - - [14/Mar/2015:06:10:16 +0000] "GET /themes/bits/assets/images/portfolio/400x346x5.jpg.pagespeed.ic.ag76W5WVJS.jpg HTTP/1.1" 200 25753 "https://bits.co.id/" "Mozilla/5.0 (X11; Ubuntu; Linux x86_64; rv:36.0) Gecko/20100101 Firefox/36.0"
36.84.243.44 - - [14/Mar/2015:06:10:16 +0000] "GET /themes/bits/assets/images/portfolio/400x346x6.jpg.pagespeed.ic.UpBYW133US.jpg HTTP/1.1" 200 41742 "https://bits.co.id/" "Mozilla/5.0 (X11; Ubuntu; Linux x86_64; rv:36.0) Gecko/20100101 Firefox/36.0"
36.84.243.44 - - [14/Mar/2015:06:10:16 +0000] "GET /themes/bits/assets/images/clients/xclient01.png.pagespeed.ic.zwwkYMsvye.png HTTP/1.1" 200 20125 "https://bits.co.id/" "Mozilla/5.0 (X11; Ubuntu; Linux x86_64; rv:36.0) Gecko/20100101 Firefox/36.0"
