37.252.229.58 - - [14/Mar/2015:09:37:01 +0000] "GET / HTTP/1.0" 301 178 "-" "Mozilla/5.0 (compatible; www.monitor.us - free monitoring service; http://www.monitor.us)"
37.252.229.58 - - [14/Mar/2015:09:37:02 +0000] "GET / HTTP/1.0" 200 6860 "-" "Mozilla/5.0 (compatible; www.monitor.us - free monitoring service; http://www.monitor.us)"
128.199.122.79 - - [14/Mar/2015:09:37:02 +0000] "GET /combine/736dd6176a61768d9cf06737c97fd2d4-1422939978 HTTP/1.1" 200 266194 "https://bits.co.id/" "Serf/1.1.0 mod_pagespeed/1.9.32.3-4448"
74.86.158.110 - - [14/Mar/2015:09:39:55 +0000] "HEAD / HTTP/1.1" 200 0 "-" "Mozilla/5.0+(compatible; UptimeRobot/2.0; http://www.uptimerobot.com/)"
74.86.158.110 - - [14/Mar/2015:09:44:55 +0000] "HEAD / HTTP/1.1" 200 0 "-" "Mozilla/5.0+(compatible; UptimeRobot/2.0; http://www.uptimerobot.com/)"
67.228.177.17 - - [14/Mar/2015:09:48:23 +0000] "GET / HTTP/1.0" 301 178 "-" "Mozilla/5.0 (compatible; www.monitor.us - free monitoring service; http://www.monitor.us)"
67.228.177.17 - - [14/Mar/2015:09:48:24 +0000] "GET / HTTP/1.0" 200 6860 "-" "Mozilla/5.0 (compatible; www.monitor.us - free monitoring service; http://www.monitor.us)"
128.199.122.79 - - [14/Mar/2015:09:48:24 +0000] "GET /combine/736dd6176a61768d9cf06737c97fd2d4-1422939978 HTTP/1.1" 200 266187 "https://bits.co.id/" "Serf/1.1.0 mod_pagespeed/1.9.32.3-4448"
74.86.158.110 - - [14/Mar/2015:09:49:55 +0000] "HEAD / HTTP/1.1" 200 0 "-" "Mozilla/5.0+(compatible; UptimeRobot/2.0; http://www.uptimerobot.com/)"
74.86.158.110 - - [14/Mar/2015:09:54:55 +0000] "HEAD / HTTP/1.1" 200 0 "-" "Mozilla/5.0+(compatible; UptimeRobot/2.0; http://www.uptimerobot.com/)"
74.86.158.110 - - [14/Mar/2015:09:59:55 +0000] "HEAD / HTTP/1.1" 200 0 "-" "Mozilla/5.0+(compatible; UptimeRobot/2.0; http://www.uptimerobot.com/)"
74.86.158.110 - - [14/Mar/2015:10:04:55 +0000] "HEAD / HTTP/1.1" 200 0 "-" "Mozilla/5.0+(compatible; UptimeRobot/2.0; http://www.uptimerobot.com/)"
37.252.229.58 - - [14/Mar/2015:10:07:01 +0000] "GET / HTTP/1.0" 301 178 "-" "Mozilla/5.0 (compatible; www.monitor.us - free monitoring service; http://www.monitor.us)"
37.252.229.58 - - [14/Mar/2015:10:07:02 +0000] "GET / HTTP/1.0" 200 6860 "-" "Mozilla/5.0 (compatible; www.monitor.us - free monitoring service; http://www.monitor.us)"
128.199.122.79 - - [14/Mar/2015:10:07:02 +0000] "GET /combine/736dd6176a61768d9cf06737c97fd2d4-1422939978 HTTP/1.1" 200 266194 "https://bits.co.id/" "Serf/1.1.0 mod_pagespeed/1.9.32.3-4448"
74.86.158.110 - - [14/Mar/2015:10:09:55 +0000] "HEAD / HTTP/1.1" 200 0 "-" "Mozilla/5.0+(compatible; UptimeRobot/2.0; http://www.uptimerobot.com/)"
74.86.158.110 - - [14/Mar/2015:10:14:56 +0000] "HEAD / HTTP/1.1" 200 0 "-" "Mozilla/5.0+(compatible; UptimeRobot/2.0; http://www.uptimerobot.com/)"
67.228.177.17 - - [14/Mar/2015:10:18:22 +0000] "GET / HTTP/1.0" 301 178 "-" "Mozilla/5.0 (compatible; www.monitor.us - free monitoring service; http://www.monitor.us)"
67.228.177.17 - - [14/Mar/2015:10:18:23 +0000] "GET / HTTP/1.0" 200 6860 "-" "Mozilla/5.0 (compatible; www.monitor.us - free monitoring service; http://www.monitor.us)"
128.199.122.79 - - [14/Mar/2015:10:18:23 +0000] "GET /combine/736dd6176a61768d9cf06737c97fd2d4-1422939978 HTTP/1.1" 200 266194 "https://bits.co.id/" "Serf/1.1.0 mod_pagespeed/1.9.32.3-4448"
74.86.158.110 - - [14/Mar/2015:10:19:55 +0000] "HEAD / HTTP/1.1" 200 0 "-" "Mozilla/5.0+(compatible; UptimeRobot/2.0; http://www.uptimerobot.com/)"
74.86.158.110 - - [14/Mar/2015:10:24:55 +0000] "HEAD / HTTP/1.1" 200 0 "-" "Mozilla/5.0+(compatible; UptimeRobot/2.0; http://www.uptimerobot.com/)"
74.86.158.110 - - [14/Mar/2015:10:29:56 +0000] "HEAD / HTTP/1.1" 200 0 "-" "Mozilla/5.0+(compatible; UptimeRobot/2.0; http://www.uptimerobot.com/)"
66.249.67.38 - - [14/Mar/2015:10:29:57 +0000] "GET /robots.txt HTTP/1.1" 301 178 "-" "Mozilla/5.0 (compatible; Googlebot/2.1; +http://www.google.com/bot.html)"
66.249.71.15 - - [14/Mar/2015:10:29:59 +0000] "GET / HTTP/1.1" 301 178 "-" "Mozilla/5.0 (compatible; Googlebot/2.1; +http://www.google.com/bot.html)"
66.249.71.251 - - [14/Mar/2015:10:29:59 +0000] "GET / HTTP/1.1" 200 6873 "-" "Mozilla/5.0 (compatible; Googlebot/2.1; +http://www.google.com/bot.html)"
128.199.122.79 - - [14/Mar/2015:10:30:00 +0000] "GET /combine/736dd6176a61768d9cf06737c97fd2d4-1422939978 HTTP/1.1" 200 266194 "https://bits.co.id/" "Serf/1.1.0 mod_pagespeed/1.9.32.3-4448"
74.86.158.110 - - [14/Mar/2015:10:34:55 +0000] "HEAD / HTTP/1.1" 200 0 "-" "Mozilla/5.0+(compatible; UptimeRobot/2.0; http://www.uptimerobot.com/)"
37.252.229.58 - - [14/Mar/2015:10:37:12 +0000] "GET / HTTP/1.0" 301 178 "-" "Mozilla/5.0 (compatible; www.monitor.us - free monitoring service; http://www.monitor.us)"
37.252.229.58 - - [14/Mar/2015:10:37:13 +0000] "GET / HTTP/1.0" 200 6860 "-" "Mozilla/5.0 (compatible; www.monitor.us - free monitoring service; http://www.monitor.us)"
128.199.122.79 - - [14/Mar/2015:10:37:13 +0000] "GET /combine/736dd6176a61768d9cf06737c97fd2d4-1422939978 HTTP/1.1" 200 266194 "https://bits.co.id/" "Serf/1.1.0 mod_pagespeed/1.9.32.3-4448"
74.86.158.110 - - [14/Mar/2015:10:39:55 +0000] "HEAD / HTTP/1.1" 200 0 "-" "Mozilla/5.0+(compatible; UptimeRobot/2.0; http://www.uptimerobot.com/)"
74.86.158.110 - - [14/Mar/2015:10:44:55 +0000] "HEAD / HTTP/1.1" 200 0 "-" "Mozilla/5.0+(compatible; UptimeRobot/2.0; http://www.uptimerobot.com/)"
66.249.71.11 - - [14/Mar/2015:10:46:53 +0000] "GET /vendor/laravel/framework/src/Illuminate/Cookie/Guard.php HTTP/1.1" 500 5 "-" "Mozilla/5.0 (iPhone; CPU iPhone OS 6_0 like Mac OS X) AppleWebKit/536.26 (KHTML, like Gecko) Version/6.0 Mobile/10A5376e Safari/8536.25 (compatible; Googlebot/2.1; +http://www.google.com/bot.html)"
67.228.177.17 - - [14/Mar/2015:10:48:22 +0000] "GET / HTTP/1.0" 301 178 "-" "Mozilla/5.0 (compatible; www.monitor.us - free monitoring service; http://www.monitor.us)"
67.228.177.17 - - [14/Mar/2015:10:48:23 +0000] "GET / HTTP/1.0" 200 6860 "-" "Mozilla/5.0 (compatible; www.monitor.us - free monitoring service; http://www.monitor.us)"
128.199.122.79 - - [14/Mar/2015:10:48:23 +0000] "GET /combine/736dd6176a61768d9cf06737c97fd2d4-1422939978 HTTP/1.1" 200 266194 "https://bits.co.id/" "Serf/1.1.0 mod_pagespeed/1.9.32.3-4448"
74.86.158.110 - - [14/Mar/2015:10:49:55 +0000] "HEAD / HTTP/1.1" 200 0 "-" "Mozilla/5.0+(compatible; UptimeRobot/2.0; http://www.uptimerobot.com/)"
74.86.158.110 - - [14/Mar/2015:10:54:55 +0000] "HEAD / HTTP/1.1" 200 0 "-" "Mozilla/5.0+(compatible; UptimeRobot/2.0; http://www.uptimerobot.com/)"
74.86.158.110 - - [14/Mar/2015:10:59:56 +0000] "HEAD / HTTP/1.1" 200 0 "-" "Mozilla/5.0+(compatible; UptimeRobot/2.0; http://www.uptimerobot.com/)"
66.249.71.11 - - [14/Mar/2015:11:02:56 +0000] "GET /vendor/laravel/framework/src/Illuminate/Session/Middleware.php HTTP/1.1" 500 5 "-" "Mozilla/5.0 (iPhone; CPU iPhone OS 6_0 like Mac OS X) AppleWebKit/536.26 (KHTML, like Gecko) Version/6.0 Mobile/10A5376e Safari/8536.25 (compatible; Googlebot/2.1; +http://www.google.com/bot.html)"
74.86.158.110 - - [14/Mar/2015:11:04:56 +0000] "HEAD / HTTP/1.1" 200 0 "-" "Mozilla/5.0+(compatible; UptimeRobot/2.0; http://www.uptimerobot.com/)"
37.252.229.58 - - [14/Mar/2015:11:07:01 +0000] "GET / HTTP/1.0" 301 178 "-" "Mozilla/5.0 (compatible; www.monitor.us - free monitoring service; http://www.monitor.us)"
37.252.229.58 - - [14/Mar/2015:11:07:02 +0000] "GET / HTTP/1.0" 200 6860 "-" "Mozilla/5.0 (compatible; www.monitor.us - free monitoring service; http://www.monitor.us)"
128.199.122.79 - - [14/Mar/2015:11:07:02 +0000] "GET /combine/736dd6176a61768d9cf06737c97fd2d4-1422939978 HTTP/1.1" 200 266202 "https://bits.co.id/" "Serf/1.1.0 mod_pagespeed/1.9.32.3-4448"
74.86.158.110 - - [14/Mar/2015:11:09:56 +0000] "HEAD / HTTP/1.1" 200 0 "-" "Mozilla/5.0+(compatible; UptimeRobot/2.0; http://www.uptimerobot.com/)"
74.86.158.110 - - [14/Mar/2015:11:14:56 +0000] "HEAD / HTTP/1.1" 200 0 "-" "Mozilla/5.0+(compatible; UptimeRobot/2.0; http://www.uptimerobot.com/)"
67.228.177.17 - - [14/Mar/2015:11:18:22 +0000] "GET / HTTP/1.0" 301 178 "-" "Mozilla/5.0 (compatible; www.monitor.us - free monitoring service; http://www.monitor.us)"
67.228.177.17 - - [14/Mar/2015:11:18:23 +0000] "GET / HTTP/1.0" 200 6860 "-" "Mozilla/5.0 (compatible; www.monitor.us - free monitoring service; http://www.monitor.us)"
128.199.122.79 - - [14/Mar/2015:11:18:23 +0000] "GET /combine/736dd6176a61768d9cf06737c97fd2d4-1422939978 HTTP/1.1" 200 266194 "https://bits.co.id/" "Serf/1.1.0 mod_pagespeed/1.9.32.3-4448"
74.86.158.110 - - [14/Mar/2015:11:19:55 +0000] "HEAD / HTTP/1.1" 200 0 "-" "Mozilla/5.0+(compatible; UptimeRobot/2.0; http://www.uptimerobot.com/)"
74.86.158.110 - - [14/Mar/2015:11:24:56 +0000] "HEAD / HTTP/1.1" 200 0 "-" "Mozilla/5.0+(compatible; UptimeRobot/2.0; http://www.uptimerobot.com/)"
74.86.158.110 - - [14/Mar/2015:11:29:56 +0000] "HEAD / HTTP/1.1" 200 0 "-" "Mozilla/5.0+(compatible; UptimeRobot/2.0; http://www.uptimerobot.com/)"
74.86.158.110 - - [14/Mar/2015:11:34:56 +0000] "HEAD / HTTP/1.1" 200 0 "-" "Mozilla/5.0+(compatible; UptimeRobot/2.0; http://www.uptimerobot.com/)"
37.252.229.58 - - [14/Mar/2015:11:37:01 +0000] "GET / HTTP/1.0" 301 178 "-" "Mozilla/5.0 (compatible; www.monitor.us - free monitoring service; http://www.monitor.us)"
37.252.229.58 - - [14/Mar/2015:11:37:02 +0000] "GET / HTTP/1.0" 200 6860 "-" "Mozilla/5.0 (compatible; www.monitor.us - free monitoring service; http://www.monitor.us)"
128.199.122.79 - - [14/Mar/2015:11:37:02 +0000] "GET /combine/736dd6176a61768d9cf06737c97fd2d4-1422939978 HTTP/1.1" 200 266194 "https://bits.co.id/" "Serf/1.1.0 mod_pagespeed/1.9.32.3-4448"
74.86.158.110 - - [14/Mar/2015:11:39:55 +0000] "HEAD / HTTP/1.1" 200 0 "-" "Mozilla/5.0+(compatible; UptimeRobot/2.0; http://www.uptimerobot.com/)"
74.86.158.110 - - [14/Mar/2015:11:44:56 +0000] "HEAD / HTTP/1.1" 200 0 "-" "Mozilla/5.0+(compatible; UptimeRobot/2.0; http://www.uptimerobot.com/)"
69.171.227.114 - - [14/Mar/2015:11:45:58 +0000] "GET / HTTP/1.1" 301 178 "-" "facebookexternalhit/1.1 (+http://www.facebook.com/externalhit_uatext.php)"
69.171.227.115 - - [14/Mar/2015:11:46:02 +0000] "GET / HTTP/1.1" 200 6873 "-" "facebookexternalhit/1.1 (+http://www.facebook.com/externalhit_uatext.php)"
128.199.122.79 - - [14/Mar/2015:11:46:03 +0000] "GET /combine/736dd6176a61768d9cf06737c97fd2d4-1422939978 HTTP/1.1" 200 266171 "https://bits.co.id/" "Serf/1.1.0 mod_pagespeed/1.9.32.3-4448"
67.228.177.17 - - [14/Mar/2015:11:48:22 +0000] "GET / HTTP/1.0" 301 178 "-" "Mozilla/5.0 (compatible; www.monitor.us - free monitoring service; http://www.monitor.us)"
67.228.177.17 - - [14/Mar/2015:11:48:23 +0000] "GET / HTTP/1.0" 200 6876 "-" "Mozilla/5.0 (compatible; www.monitor.us - free monitoring service; http://www.monitor.us)"
74.86.158.110 - - [14/Mar/2015:11:49:55 +0000] "HEAD / HTTP/1.1" 200 0 "-" "Mozilla/5.0+(compatible; UptimeRobot/2.0; http://www.uptimerobot.com/)"
74.86.158.110 - - [14/Mar/2015:11:54:56 +0000] "HEAD / HTTP/1.1" 200 0 "-" "Mozilla/5.0+(compatible; UptimeRobot/2.0; http://www.uptimerobot.com/)"
74.86.158.110 - - [14/Mar/2015:11:59:56 +0000] "HEAD / HTTP/1.1" 200 0 "-" "Mozilla/5.0+(compatible; UptimeRobot/2.0; http://www.uptimerobot.com/)"
74.86.158.110 - - [14/Mar/2015:12:04:56 +0000] "HEAD / HTTP/1.1" 200 0 "-" "Mozilla/5.0+(compatible; UptimeRobot/2.0; http://www.uptimerobot.com/)"
37.252.229.58 - - [14/Mar/2015:12:07:01 +0000] "GET / HTTP/1.0" 301 178 "-" "Mozilla/5.0 (compatible; www.monitor.us - free monitoring service; http://www.monitor.us)"
37.252.229.58 - - [14/Mar/2015:12:07:02 +0000] "GET / HTTP/1.0" 200 6860 "-" "Mozilla/5.0 (compatible; www.monitor.us - free monitoring service; http://www.monitor.us)"
128.199.122.79 - - [14/Mar/2015:12:07:02 +0000] "GET /combine/736dd6176a61768d9cf06737c97fd2d4-1422939978 HTTP/1.1" 200 266202 "https://bits.co.id/" "Serf/1.1.0 mod_pagespeed/1.9.32.3-4448"
74.86.158.110 - - [14/Mar/2015:12:09:56 +0000] "HEAD / HTTP/1.1" 200 0 "-" "Mozilla/5.0+(compatible; UptimeRobot/2.0; http://www.uptimerobot.com/)"
74.86.158.110 - - [14/Mar/2015:12:14:56 +0000] "HEAD / HTTP/1.1" 200 0 "-" "Mozilla/5.0+(compatible; UptimeRobot/2.0; http://www.uptimerobot.com/)"
67.228.177.17 - - [14/Mar/2015:12:18:22 +0000] "GET / HTTP/1.0" 301 178 "-" "Mozilla/5.0 (compatible; www.monitor.us - free monitoring service; http://www.monitor.us)"
67.228.177.17 - - [14/Mar/2015:12:18:23 +0000] "GET / HTTP/1.0" 200 6860 "-" "Mozilla/5.0 (compatible; www.monitor.us - free monitoring service; http://www.monitor.us)"
128.199.122.79 - - [14/Mar/2015:12:18:23 +0000] "GET /combine/736dd6176a61768d9cf06737c97fd2d4-1422939978 HTTP/1.1" 200 266202 "https://bits.co.id/" "Serf/1.1.0 mod_pagespeed/1.9.32.3-4448"
74.86.158.110 - - [14/Mar/2015:12:19:56 +0000] "HEAD / HTTP/1.1" 200 0 "-" "Mozilla/5.0+(compatible; UptimeRobot/2.0; http://www.uptimerobot.com/)"
66.249.64.5 - - [14/Mar/2015:12:22:04 +0000] "GET / HTTP/1.1" 200 6889 "-" "Mozilla/5.0 (compatible; Googlebot/2.1; +http://www.google.com/bot.html)"
36.84.241.92 - - [14/Mar/2015:12:23:34 +0000] "GET /webmail/ HTTP/1.1" 200 44300 "-" "Mozilla/5.0 (X11; Ubuntu; Linux x86_64; rv:36.0) Gecko/20100101 Firefox/36.0"
36.84.241.92 - - [14/Mar/2015:12:23:34 +0000] "GET /webmail/_.pagespeed.jo.NCU_rmTOAt.js HTTP/1.1" 200 15870 "https://bits.co.id/webmail/" "Mozilla/5.0 (X11; Ubuntu; Linux x86_64; rv:36.0) Gecko/20100101 Firefox/36.0"
36.84.241.92 - - [14/Mar/2015:12:23:34 +0000] "GET /webmail/_.pagespeed.jo.RvgIFJchpx.js HTTP/1.1" 200 5646 "https://bits.co.id/webmail/" "Mozilla/5.0 (X11; Ubuntu; Linux x86_64; rv:36.0) Gecko/20100101 Firefox/36.0"
128.199.122.79 - - [14/Mar/2015:12:23:35 +0000] "GET /webmail/static/css/images/animated-overlay.gif HTTP/1.1" 404 11072 "https://bits.co.id/webmail/" "Serf/1.1.0 mod_pagespeed/1.9.32.3-4448"
36.84.241.92 - - [14/Mar/2015:12:23:36 +0000] "POST /webmail/?/Ajax/ HTTP/1.1" 200 106 "https://bits.co.id/webmail/" "Mozilla/5.0 (X11; Ubuntu; Linux x86_64; rv:36.0) Gecko/20100101 Firefox/36.0"
36.84.241.92 - - [14/Mar/2015:12:23:36 +0000] "POST /webmail/?/Ajax/ HTTP/1.1" 200 447 "https://bits.co.id/webmail/" "Mozilla/5.0 (X11; Ubuntu; Linux x86_64; rv:36.0) Gecko/20100101 Firefox/36.0"
128.199.122.79 - - [14/Mar/2015:12:23:36 +0000] "GET /webmail/skins/DeepForest/images/facebook-icon_9x18.png HTTP/1.1" 404 11072 "https://bits.co.id/webmail/" "Serf/1.1.0 mod_pagespeed/1.9.32.3-4448"
128.199.122.79 - - [14/Mar/2015:12:23:36 +0000] "GET /webmail/skins/DeepForest/images/google-icon_20x20.png HTTP/1.1" 404 11072 "https://bits.co.id/webmail/" "Serf/1.1.0 mod_pagespeed/1.9.32.3-4448"
36.84.241.92 - - [14/Mar/2015:12:23:37 +0000] "POST /webmail/?/Ajax/ HTTP/1.1" 200 8236 "https://bits.co.id/webmail/" "Mozilla/5.0 (X11; Ubuntu; Linux x86_64; rv:36.0) Gecko/20100101 Firefox/36.0"
128.199.122.79 - - [14/Mar/2015:12:23:37 +0000] "GET /webmail/skins/DeepForest/images/twitter-icon_17x14.png HTTP/1.1" 404 11072 "https://bits.co.id/webmail/" "Serf/1.1.0 mod_pagespeed/1.9.32.3-4448"
128.199.122.79 - - [14/Mar/2015:12:23:37 +0000] "GET /webmail/static/css/images/animated-overlay.gif HTTP/1.1" 404 11072 "https://bits.co.id/webmail/static/css/libs.css?742" "Serf/1.1.0 mod_pagespeed/1.9.32.3-4448"
36.84.241.92 - - [14/Mar/2015:12:23:37 +0000] "POST /webmail/?/Ajax/ HTTP/1.1" 200 96 "https://bits.co.id/webmail/" "Mozilla/5.0 (X11; Ubuntu; Linux x86_64; rv:36.0) Gecko/20100101 Firefox/36.0"
36.84.241.92 - - [14/Mar/2015:12:23:38 +0000] "POST /webmail/?/Ajax/ HTTP/1.1" 200 279 "https://bits.co.id/webmail/" "Mozilla/5.0 (X11; Ubuntu; Linux x86_64; rv:36.0) Gecko/20100101 Firefox/36.0"
128.199.122.79 - - [14/Mar/2015:12:23:38 +0000] "GET /webmail/skins/DeepForest/images/facebook-icon_9x18.png HTTP/1.1" 404 11072 "https://bits.co.id/webmail/skins/DeepForest/styles.css?742" "Serf/1.1.0 mod_pagespeed/1.9.32.3-4448"
36.84.241.92 - - [14/Mar/2015:12:23:39 +0000] "POST /webmail/?/Ajax/ HTTP/1.1" 200 99 "https://bits.co.id/webmail/" "Mozilla/5.0 (X11; Ubuntu; Linux x86_64; rv:36.0) Gecko/20100101 Firefox/36.0"
36.84.241.92 - - [14/Mar/2015:12:23:39 +0000] "POST /webmail/?/Ajax/ HTTP/1.1" 200 481 "https://bits.co.id/webmail/" "Mozilla/5.0 (X11; Ubuntu; Linux x86_64; rv:36.0) Gecko/20100101 Firefox/36.0"
36.84.241.92 - - [14/Mar/2015:12:23:40 +0000] "POST /webmail/?/Ajax/ HTTP/1.1" 200 99 "https://bits.co.id/webmail/" "Mozilla/5.0 (X11; Ubuntu; Linux x86_64; rv:36.0) Gecko/20100101 Firefox/36.0"
36.84.241.92 - - [14/Mar/2015:12:23:40 +0000] "POST /webmail/?/Ajax/ HTTP/1.1" 200 40008 "https://bits.co.id/webmail/" "Mozilla/5.0 (X11; Ubuntu; Linux x86_64; rv:36.0) Gecko/20100101 Firefox/36.0"
36.84.241.92 - - [14/Mar/2015:12:23:40 +0000] "POST /webmail/?/Ajax/ HTTP/1.1" 200 3057 "https://bits.co.id/webmail/" "Mozilla/5.0 (X11; Ubuntu; Linux x86_64; rv:36.0) Gecko/20100101 Firefox/36.0"
128.199.122.79 - - [14/Mar/2015:12:23:40 +0000] "GET /webmail/skins/DeepForest/images/google-icon_20x20.png HTTP/1.1" 404 11072 "https://bits.co.id/webmail/skins/DeepForest/styles.css?742" "Serf/1.1.0 mod_pagespeed/1.9.32.3-4448"
128.199.122.79 - - [14/Mar/2015:12:23:40 +0000] "GET /webmail/skins/DeepForest/images/twitter-icon_17x14.png HTTP/1.1" 404 11072 "https://bits.co.id/webmail/skins/DeepForest/styles.css?742" "Serf/1.1.0 mod_pagespeed/1.9.32.3-4448"
36.84.241.92 - - [14/Mar/2015:12:23:40 +0000] "POST /webmail/?/Ajax/ HTTP/1.1" 200 8236 "https://bits.co.id/webmail/" "Mozilla/5.0 (X11; Ubuntu; Linux x86_64; rv:36.0) Gecko/20100101 Firefox/36.0"
36.84.241.92 - - [14/Mar/2015:12:23:41 +0000] "POST /webmail/?/Ajax/ HTTP/1.1" 200 1349 "https://bits.co.id/webmail/" "Mozilla/5.0 (X11; Ubuntu; Linux x86_64; rv:36.0) Gecko/20100101 Firefox/36.0"
36.84.241.92 - - [14/Mar/2015:12:23:41 +0000] "POST /webmail/?/Ajax/ HTTP/1.1" 200 8280 "https://bits.co.id/webmail/" "Mozilla/5.0 (X11; Ubuntu; Linux x86_64; rv:36.0) Gecko/20100101 Firefox/36.0"
36.84.241.92 - - [14/Mar/2015:12:23:42 +0000] "POST /webmail/?/Ajax/ HTTP/1.1" 200 26266 "https://bits.co.id/webmail/" "Mozilla/5.0 (X11; Ubuntu; Linux x86_64; rv:36.0) Gecko/20100101 Firefox/36.0"
36.84.241.92 - - [14/Mar/2015:12:23:43 +0000] "POST /webmail/?/Ajax/ HTTP/1.1" 200 7021 "https://bits.co.id/webmail/" "Mozilla/5.0 (X11; Ubuntu; Linux x86_64; rv:36.0) Gecko/20100101 Firefox/36.0"
36.84.241.92 - - [14/Mar/2015:12:23:43 +0000] "POST /webmail/?/Ajax/ HTTP/1.1" 200 107 "https://bits.co.id/webmail/" "Mozilla/5.0 (X11; Ubuntu; Linux x86_64; rv:36.0) Gecko/20100101 Firefox/36.0"
36.84.241.92 - - [14/Mar/2015:12:23:43 +0000] "POST /webmail/?/Ajax/ HTTP/1.1" 200 255 "https://bits.co.id/webmail/" "Mozilla/5.0 (X11; Ubuntu; Linux x86_64; rv:36.0) Gecko/20100101 Firefox/36.0"
36.84.241.92 - - [14/Mar/2015:12:23:44 +0000] "POST /webmail/?/Ajax/ HTTP/1.1" 200 762 "https://bits.co.id/webmail/" "Mozilla/5.0 (X11; Ubuntu; Linux x86_64; rv:36.0) Gecko/20100101 Firefox/36.0"
36.84.241.92 - - [14/Mar/2015:12:23:44 +0000] "POST /webmail/?/Ajax/ HTTP/1.1" 200 96 "https://bits.co.id/webmail/" "Mozilla/5.0 (X11; Ubuntu; Linux x86_64; rv:36.0) Gecko/20100101 Firefox/36.0"
36.84.241.92 - - [14/Mar/2015:12:23:44 +0000] "POST /webmail/?/Ajax/ HTTP/1.1" 200 6227 "https://bits.co.id/webmail/" "Mozilla/5.0 (X11; Ubuntu; Linux x86_64; rv:36.0) Gecko/20100101 Firefox/36.0"
36.84.241.92 - - [14/Mar/2015:12:23:45 +0000] "POST /webmail/?/Ajax/ HTTP/1.1" 499 0 "https://bits.co.id/webmail/" "Mozilla/5.0 (X11; Ubuntu; Linux x86_64; rv:36.0) Gecko/20100101 Firefox/36.0"
36.84.241.92 - - [14/Mar/2015:12:23:45 +0000] "POST /webmail/?/Ajax/ HTTP/1.1" 200 99 "https://bits.co.id/webmail/" "Mozilla/5.0 (X11; Ubuntu; Linux x86_64; rv:36.0) Gecko/20100101 Firefox/36.0"
36.84.241.92 - - [14/Mar/2015:12:23:46 +0000] "POST /webmail/?/Ajax/ HTTP/1.1" 200 7888 "https://bits.co.id/webmail/" "Mozilla/5.0 (X11; Ubuntu; Linux x86_64; rv:36.0) Gecko/20100101 Firefox/36.0"
36.84.241.92 - - [14/Mar/2015:12:23:46 +0000] "POST /webmail/?/Ajax/ HTTP/1.1" 200 8280 "https://bits.co.id/webmail/" "Mozilla/5.0 (X11; Ubuntu; Linux x86_64; rv:36.0) Gecko/20100101 Firefox/36.0"
36.84.241.92 - - [14/Mar/2015:12:23:46 +0000] "POST /webmail/?/Ajax/ HTTP/1.1" 200 256 "https://bits.co.id/webmail/" "Mozilla/5.0 (X11; Ubuntu; Linux x86_64; rv:36.0) Gecko/20100101 Firefox/36.0"
36.84.241.92 - - [14/Mar/2015:12:23:47 +0000] "POST /webmail/?/Ajax/ HTTP/1.1" 200 254 "https://bits.co.id/webmail/" "Mozilla/5.0 (X11; Ubuntu; Linux x86_64; rv:36.0) Gecko/20100101 Firefox/36.0"
36.84.241.92 - - [14/Mar/2015:12:23:48 +0000] "POST /webmail/?/Ajax/ HTTP/1.1" 200 246 "https://bits.co.id/webmail/" "Mozilla/5.0 (X11; Ubuntu; Linux x86_64; rv:36.0) Gecko/20100101 Firefox/36.0"
36.84.241.92 - - [14/Mar/2015:12:23:48 +0000] "POST /webmail/?/Ajax/ HTTP/1.1" 200 96 "https://bits.co.id/webmail/" "Mozilla/5.0 (X11; Ubuntu; Linux x86_64; rv:36.0) Gecko/20100101 Firefox/36.0"
36.84.241.92 - - [14/Mar/2015:12:23:49 +0000] "POST /webmail/?/Ajax/ HTTP/1.1" 200 7636 "https://bits.co.id/webmail/" "Mozilla/5.0 (X11; Ubuntu; Linux x86_64; rv:36.0) Gecko/20100101 Firefox/36.0"
36.84.241.92 - - [14/Mar/2015:12:23:49 +0000] "POST /webmail/?/Ajax/ HTTP/1.1" 200 8278 "https://bits.co.id/webmail/" "Mozilla/5.0 (X11; Ubuntu; Linux x86_64; rv:36.0) Gecko/20100101 Firefox/36.0"
36.84.241.92 - - [14/Mar/2015:12:23:50 +0000] "POST /webmail/?/Ajax/ HTTP/1.1" 200 255 "https://bits.co.id/webmail/" "Mozilla/5.0 (X11; Ubuntu; Linux x86_64; rv:36.0) Gecko/20100101 Firefox/36.0"
36.84.241.92 - - [14/Mar/2015:12:23:50 +0000] "POST /webmail/?/Ajax/ HTTP/1.1" 200 254 "https://bits.co.id/webmail/" "Mozilla/5.0 (X11; Ubuntu; Linux x86_64; rv:36.0) Gecko/20100101 Firefox/36.0"
36.84.241.92 - - [14/Mar/2015:12:23:50 +0000] "POST /webmail/?/Ajax/ HTTP/1.1" 200 244 "https://bits.co.id/webmail/" "Mozilla/5.0 (X11; Ubuntu; Linux x86_64; rv:36.0) Gecko/20100101 Firefox/36.0"
36.84.241.92 - - [14/Mar/2015:12:23:51 +0000] "POST /webmail/?/Ajax/ HTTP/1.1" 200 102 "https://bits.co.id/webmail/" "Mozilla/5.0 (X11; Ubuntu; Linux x86_64; rv:36.0) Gecko/20100101 Firefox/36.0"
36.84.241.92 - - [14/Mar/2015:12:24:23 +0000] "POST /webmail/?/Ajax/ HTTP/1.1" 200 99 "https://bits.co.id/webmail/" "Mozilla/5.0 (X11; Ubuntu; Linux x86_64; rv:36.0) Gecko/20100101 Firefox/36.0"
36.84.241.92 - - [14/Mar/2015:12:24:23 +0000] "POST /webmail/?/Ajax/ HTTP/1.1" 200 99 "https://bits.co.id/webmail/" "Mozilla/5.0 (X11; Ubuntu; Linux x86_64; rv:36.0) Gecko/20100101 Firefox/36.0"
36.84.241.92 - - [14/Mar/2015:12:24:26 +0000] "POST /webmail/?/Ajax/ HTTP/1.1" 200 96 "https://bits.co.id/webmail/" "Mozilla/5.0 (X11; Ubuntu; Linux x86_64; rv:36.0) Gecko/20100101 Firefox/36.0"
36.84.241.92 - - [14/Mar/2015:12:24:26 +0000] "POST /webmail/?/Ajax/ HTTP/1.1" 200 7316 "https://bits.co.id/webmail/" "Mozilla/5.0 (X11; Ubuntu; Linux x86_64; rv:36.0) Gecko/20100101 Firefox/36.0"
36.84.241.92 - - [14/Mar/2015:12:24:27 +0000] "POST /webmail/?/Ajax/ HTTP/1.1" 200 8281 "https://bits.co.id/webmail/" "Mozilla/5.0 (X11; Ubuntu; Linux x86_64; rv:36.0) Gecko/20100101 Firefox/36.0"
36.84.241.92 - - [14/Mar/2015:12:24:27 +0000] "POST /webmail/?/Ajax/ HTTP/1.1" 200 254 "https://bits.co.id/webmail/" "Mozilla/5.0 (X11; Ubuntu; Linux x86_64; rv:36.0) Gecko/20100101 Firefox/36.0"
36.84.241.92 - - [14/Mar/2015:12:24:27 +0000] "POST /webmail/?/Ajax/ HTTP/1.1" 200 251 "https://bits.co.id/webmail/" "Mozilla/5.0 (X11; Ubuntu; Linux x86_64; rv:36.0) Gecko/20100101 Firefox/36.0"
74.86.158.110 - - [14/Mar/2015:12:24:56 +0000] "HEAD / HTTP/1.1" 200 0 "-" "Mozilla/5.0+(compatible; UptimeRobot/2.0; http://www.uptimerobot.com/)"
74.86.158.110 - - [14/Mar/2015:12:29:56 +0000] "HEAD / HTTP/1.1" 200 0 "-" "Mozilla/5.0+(compatible; UptimeRobot/2.0; http://www.uptimerobot.com/)"
74.86.158.110 - - [14/Mar/2015:12:34:56 +0000] "HEAD / HTTP/1.1" 200 0 "-" "Mozilla/5.0+(compatible; UptimeRobot/2.0; http://www.uptimerobot.com/)"
37.252.229.58 - - [14/Mar/2015:12:37:01 +0000] "GET / HTTP/1.0" 301 178 "-" "Mozilla/5.0 (compatible; www.monitor.us - free monitoring service; http://www.monitor.us)"
37.252.229.58 - - [14/Mar/2015:12:37:02 +0000] "GET / HTTP/1.0" 200 6860 "-" "Mozilla/5.0 (compatible; www.monitor.us - free monitoring service; http://www.monitor.us)"
128.199.122.79 - - [14/Mar/2015:12:37:02 +0000] "GET /combine/736dd6176a61768d9cf06737c97fd2d4-1422939978 HTTP/1.1" 200 266194 "https://bits.co.id/" "Serf/1.1.0 mod_pagespeed/1.9.32.3-4448"
74.86.158.110 - - [14/Mar/2015:12:39:55 +0000] "HEAD / HTTP/1.1" 200 0 "-" "Mozilla/5.0+(compatible; UptimeRobot/2.0; http://www.uptimerobot.com/)"
222.186.21.70 - - [14/Mar/2015:12:44:24 +0000] "CONNECT www.alipay.com:443 HTTP/1.1" 400 166 "-" "-"
74.86.158.110 - - [14/Mar/2015:12:44:56 +0000] "HEAD / HTTP/1.1" 200 0 "-" "Mozilla/5.0+(compatible; UptimeRobot/2.0; http://www.uptimerobot.com/)"
67.228.177.17 - - [14/Mar/2015:12:48:23 +0000] "GET / HTTP/1.0" 301 178 "-" "Mozilla/5.0 (compatible; www.monitor.us - free monitoring service; http://www.monitor.us)"
67.228.177.17 - - [14/Mar/2015:12:48:24 +0000] "GET / HTTP/1.0" 200 6860 "-" "Mozilla/5.0 (compatible; www.monitor.us - free monitoring service; http://www.monitor.us)"
128.199.122.79 - - [14/Mar/2015:12:48:24 +0000] "GET /combine/736dd6176a61768d9cf06737c97fd2d4-1422939978 HTTP/1.1" 200 266194 "https://bits.co.id/" "Serf/1.1.0 mod_pagespeed/1.9.32.3-4448"
74.86.158.110 - - [14/Mar/2015:12:49:56 +0000] "HEAD / HTTP/1.1" 200 0 "-" "Mozilla/5.0+(compatible; UptimeRobot/2.0; http://www.uptimerobot.com/)"
74.86.158.110 - - [14/Mar/2015:12:54:56 +0000] "HEAD / HTTP/1.1" 200 0 "-" "Mozilla/5.0+(compatible; UptimeRobot/2.0; http://www.uptimerobot.com/)"
74.86.158.110 - - [14/Mar/2015:12:59:56 +0000] "HEAD / HTTP/1.1" 200 0 "-" "Mozilla/5.0+(compatible; UptimeRobot/2.0; http://www.uptimerobot.com/)"
74.86.158.110 - - [14/Mar/2015:13:04:56 +0000] "HEAD / HTTP/1.1" 200 0 "-" "Mozilla/5.0+(compatible; UptimeRobot/2.0; http://www.uptimerobot.com/)"
37.252.229.58 - - [14/Mar/2015:13:07:02 +0000] "GET / HTTP/1.0" 301 178 "-" "Mozilla/5.0 (compatible; www.monitor.us - free monitoring service; http://www.monitor.us)"
37.252.229.58 - - [14/Mar/2015:13:07:02 +0000] "GET / HTTP/1.0" 200 6860 "-" "Mozilla/5.0 (compatible; www.monitor.us - free monitoring service; http://www.monitor.us)"
128.199.122.79 - - [14/Mar/2015:13:07:02 +0000] "GET /combine/736dd6176a61768d9cf06737c97fd2d4-1422939978 HTTP/1.1" 200 266202 "https://bits.co.id/" "Serf/1.1.0 mod_pagespeed/1.9.32.3-4448"
74.86.158.110 - - [14/Mar/2015:13:09:56 +0000] "HEAD / HTTP/1.1" 200 0 "-" "Mozilla/5.0+(compatible; UptimeRobot/2.0; http://www.uptimerobot.com/)"
74.86.158.110 - - [14/Mar/2015:13:14:56 +0000] "HEAD / HTTP/1.1" 200 0 "-" "Mozilla/5.0+(compatible; UptimeRobot/2.0; http://www.uptimerobot.com/)"
67.228.177.17 - - [14/Mar/2015:13:18:22 +0000] "GET / HTTP/1.0" 301 178 "-" "Mozilla/5.0 (compatible; www.monitor.us - free monitoring service; http://www.monitor.us)"
67.228.177.17 - - [14/Mar/2015:13:18:23 +0000] "GET / HTTP/1.0" 200 6860 "-" "Mozilla/5.0 (compatible; www.monitor.us - free monitoring service; http://www.monitor.us)"
128.199.122.79 - - [14/Mar/2015:13:18:23 +0000] "GET /combine/736dd6176a61768d9cf06737c97fd2d4-1422939978 HTTP/1.1" 200 266202 "https://bits.co.id/" "Serf/1.1.0 mod_pagespeed/1.9.32.3-4448"
74.86.158.110 - - [14/Mar/2015:13:19:56 +0000] "HEAD / HTTP/1.1" 200 0 "-" "Mozilla/5.0+(compatible; UptimeRobot/2.0; http://www.uptimerobot.com/)"
74.86.158.110 - - [14/Mar/2015:13:24:56 +0000] "HEAD / HTTP/1.1" 200 0 "-" "Mozilla/5.0+(compatible; UptimeRobot/2.0; http://www.uptimerobot.com/)"
74.86.158.110 - - [14/Mar/2015:13:29:56 +0000] "HEAD / HTTP/1.1" 200 0 "-" "Mozilla/5.0+(compatible; UptimeRobot/2.0; http://www.uptimerobot.com/)"
74.86.158.110 - - [14/Mar/2015:13:34:56 +0000] "HEAD / HTTP/1.1" 200 0 "-" "Mozilla/5.0+(compatible; UptimeRobot/2.0; http://www.uptimerobot.com/)"
37.252.229.58 - - [14/Mar/2015:13:37:01 +0000] "GET / HTTP/1.0" 301 178 "-" "Mozilla/5.0 (compatible; www.monitor.us - free monitoring service; http://www.monitor.us)"
37.252.229.58 - - [14/Mar/2015:13:37:02 +0000] "GET / HTTP/1.0" 200 6860 "-" "Mozilla/5.0 (compatible; www.monitor.us - free monitoring service; http://www.monitor.us)"
128.199.122.79 - - [14/Mar/2015:13:37:02 +0000] "GET /combine/736dd6176a61768d9cf06737c97fd2d4-1422939978 HTTP/1.1" 200 266194 "https://bits.co.id/" "Serf/1.1.0 mod_pagespeed/1.9.32.3-4448"
74.86.158.110 - - [14/Mar/2015:13:39:55 +0000] "HEAD / HTTP/1.1" 200 0 "-" "Mozilla/5.0+(compatible; UptimeRobot/2.0; http://www.uptimerobot.com/)"
66.249.64.9 - - [14/Mar/2015:13:44:48 +0000] "GET /vendor/stack/builder/src/Stack/StackedHttpKernel.php HTTP/1.1" 500 5 "-" "Mozilla/5.0 (iPhone; CPU iPhone OS 6_0 like Mac OS X) AppleWebKit/536.26 (KHTML, like Gecko) Version/6.0 Mobile/10A5376e Safari/8536.25 (compatible; Googlebot/2.1; +http://www.google.com/bot.html)"
74.86.158.110 - - [14/Mar/2015:13:44:56 +0000] "HEAD / HTTP/1.1" 200 0 "-" "Mozilla/5.0+(compatible; UptimeRobot/2.0; http://www.uptimerobot.com/)"
66.249.64.13 - - [14/Mar/2015:13:44:59 +0000] "GET /vendor/laravel/framework/src/Illuminate/Routing/Router.php HTTP/1.1" 500 5 "-" "Mozilla/5.0 (iPhone; CPU iPhone OS 6_0 like Mac OS X) AppleWebKit/536.26 (KHTML, like Gecko) Version/6.0 Mobile/10A5376e Safari/8536.25 (compatible; Googlebot/2.1; +http://www.google.com/bot.html)"
67.228.177.17 - - [14/Mar/2015:13:48:22 +0000] "GET / HTTP/1.0" 301 178 "-" "Mozilla/5.0 (compatible; www.monitor.us - free monitoring service; http://www.monitor.us)"
67.228.177.17 - - [14/Mar/2015:13:48:24 +0000] "GET / HTTP/1.0" 200 6860 "-" "Mozilla/5.0 (compatible; www.monitor.us - free monitoring service; http://www.monitor.us)"
128.199.122.79 - - [14/Mar/2015:13:48:24 +0000] "GET /combine/736dd6176a61768d9cf06737c97fd2d4-1422939978 HTTP/1.1" 200 266194 "https://bits.co.id/" "Serf/1.1.0 mod_pagespeed/1.9.32.3-4448"
74.86.158.110 - - [14/Mar/2015:13:49:56 +0000] "HEAD / HTTP/1.1" 200 0 "-" "Mozilla/5.0+(compatible; UptimeRobot/2.0; http://www.uptimerobot.com/)"
74.86.158.110 - - [14/Mar/2015:13:54:56 +0000] "HEAD / HTTP/1.1" 200 0 "-" "Mozilla/5.0+(compatible; UptimeRobot/2.0; http://www.uptimerobot.com/)"
74.86.158.110 - - [14/Mar/2015:13:59:56 +0000] "HEAD / HTTP/1.1" 200 0 "-" "Mozilla/5.0+(compatible; UptimeRobot/2.0; http://www.uptimerobot.com/)"
74.86.158.110 - - [14/Mar/2015:14:04:56 +0000] "HEAD / HTTP/1.1" 200 0 "-" "Mozilla/5.0+(compatible; UptimeRobot/2.0; http://www.uptimerobot.com/)"
37.252.229.58 - - [14/Mar/2015:14:07:01 +0000] "GET / HTTP/1.0" 301 178 "-" "Mozilla/5.0 (compatible; www.monitor.us - free monitoring service; http://www.monitor.us)"
37.252.229.58 - - [14/Mar/2015:14:07:04 +0000] "GET / HTTP/1.0" 200 6860 "-" "Mozilla/5.0 (compatible; www.monitor.us - free monitoring service; http://www.monitor.us)"
128.199.122.79 - - [14/Mar/2015:14:07:05 +0000] "GET /combine/736dd6176a61768d9cf06737c97fd2d4-1422939978 HTTP/1.1" 200 266202 "https://bits.co.id/" "Serf/1.1.0 mod_pagespeed/1.9.32.3-4448"
74.86.158.110 - - [14/Mar/2015:14:09:56 +0000] "HEAD / HTTP/1.1" 200 0 "-" "Mozilla/5.0+(compatible; UptimeRobot/2.0; http://www.uptimerobot.com/)"
74.86.158.110 - - [14/Mar/2015:14:14:56 +0000] "HEAD / HTTP/1.1" 200 0 "-" "Mozilla/5.0+(compatible; UptimeRobot/2.0; http://www.uptimerobot.com/)"
67.228.177.17 - - [14/Mar/2015:14:18:22 +0000] "GET / HTTP/1.0" 301 178 "-" "Mozilla/5.0 (compatible; www.monitor.us - free monitoring service; http://www.monitor.us)"
67.228.177.17 - - [14/Mar/2015:14:18:23 +0000] "GET / HTTP/1.0" 200 6860 "-" "Mozilla/5.0 (compatible; www.monitor.us - free monitoring service; http://www.monitor.us)"
128.199.122.79 - - [14/Mar/2015:14:18:23 +0000] "GET /combine/736dd6176a61768d9cf06737c97fd2d4-1422939978 HTTP/1.1" 200 266194 "https://bits.co.id/" "Serf/1.1.0 mod_pagespeed/1.9.32.3-4448"
74.86.158.110 - - [14/Mar/2015:14:19:56 +0000] "HEAD / HTTP/1.1" 200 0 "-" "Mozilla/5.0+(compatible; UptimeRobot/2.0; http://www.uptimerobot.com/)"
74.86.158.110 - - [14/Mar/2015:14:24:56 +0000] "HEAD / HTTP/1.1" 200 0 "-" "Mozilla/5.0+(compatible; UptimeRobot/2.0; http://www.uptimerobot.com/)"
74.86.158.110 - - [14/Mar/2015:14:29:56 +0000] "HEAD / HTTP/1.1" 200 0 "-" "Mozilla/5.0+(compatible; UptimeRobot/2.0; http://www.uptimerobot.com/)"
74.86.158.110 - - [14/Mar/2015:14:34:56 +0000] "HEAD / HTTP/1.1" 200 0 "-" "Mozilla/5.0+(compatible; UptimeRobot/2.0; http://www.uptimerobot.com/)"
37.252.229.58 - - [14/Mar/2015:14:37:01 +0000] "GET / HTTP/1.0" 301 178 "-" "Mozilla/5.0 (compatible; www.monitor.us - free monitoring service; http://www.monitor.us)"
37.252.229.58 - - [14/Mar/2015:14:37:01 +0000] "GET / HTTP/1.0" 200 6860 "-" "Mozilla/5.0 (compatible; www.monitor.us - free monitoring service; http://www.monitor.us)"
128.199.122.79 - - [14/Mar/2015:14:37:02 +0000] "GET /combine/736dd6176a61768d9cf06737c97fd2d4-1422939978 HTTP/1.1" 200 266194 "https://bits.co.id/" "Serf/1.1.0 mod_pagespeed/1.9.32.3-4448"
74.86.158.110 - - [14/Mar/2015:14:39:56 +0000] "HEAD / HTTP/1.1" 200 0 "-" "Mozilla/5.0+(compatible; UptimeRobot/2.0; http://www.uptimerobot.com/)"
74.86.158.110 - - [14/Mar/2015:14:44:56 +0000] "HEAD / HTTP/1.1" 200 0 "-" "Mozilla/5.0+(compatible; UptimeRobot/2.0; http://www.uptimerobot.com/)"
67.228.177.17 - - [14/Mar/2015:14:48:22 +0000] "GET / HTTP/1.0" 301 178 "-" "Mozilla/5.0 (compatible; www.monitor.us - free monitoring service; http://www.monitor.us)"
67.228.177.17 - - [14/Mar/2015:14:48:24 +0000] "GET / HTTP/1.0" 200 6860 "-" "Mozilla/5.0 (compatible; www.monitor.us - free monitoring service; http://www.monitor.us)"
128.199.122.79 - - [14/Mar/2015:14:48:24 +0000] "GET /combine/736dd6176a61768d9cf06737c97fd2d4-1422939978 HTTP/1.1" 200 266194 "https://bits.co.id/" "Serf/1.1.0 mod_pagespeed/1.9.32.3-4448"
74.86.158.110 - - [14/Mar/2015:14:49:56 +0000] "HEAD / HTTP/1.1" 200 0 "-" "Mozilla/5.0+(compatible; UptimeRobot/2.0; http://www.uptimerobot.com/)"
74.86.158.110 - - [14/Mar/2015:14:54:56 +0000] "HEAD / HTTP/1.1" 200 0 "-" "Mozilla/5.0+(compatible; UptimeRobot/2.0; http://www.uptimerobot.com/)"
74.86.158.110 - - [14/Mar/2015:14:59:56 +0000] "HEAD / HTTP/1.1" 200 0 "-" "Mozilla/5.0+(compatible; UptimeRobot/2.0; http://www.uptimerobot.com/)"
74.86.158.110 - - [14/Mar/2015:15:04:56 +0000] "HEAD / HTTP/1.1" 200 0 "-" "Mozilla/5.0+(compatible; UptimeRobot/2.0; http://www.uptimerobot.com/)"
37.252.229.58 - - [14/Mar/2015:15:07:00 +0000] "GET / HTTP/1.0" 301 178 "-" "Mozilla/5.0 (compatible; www.monitor.us - free monitoring service; http://www.monitor.us)"
37.252.229.58 - - [14/Mar/2015:15:07:01 +0000] "GET / HTTP/1.0" 200 6860 "-" "Mozilla/5.0 (compatible; www.monitor.us - free monitoring service; http://www.monitor.us)"
128.199.122.79 - - [14/Mar/2015:15:07:01 +0000] "GET /combine/736dd6176a61768d9cf06737c97fd2d4-1422939978 HTTP/1.1" 200 266202 "https://bits.co.id/" "Serf/1.1.0 mod_pagespeed/1.9.32.3-4448"
74.86.158.110 - - [14/Mar/2015:15:09:56 +0000] "HEAD / HTTP/1.1" 200 0 "-" "Mozilla/5.0+(compatible; UptimeRobot/2.0; http://www.uptimerobot.com/)"
74.86.158.110 - - [14/Mar/2015:15:14:56 +0000] "HEAD / HTTP/1.1" 200 0 "-" "Mozilla/5.0+(compatible; UptimeRobot/2.0; http://www.uptimerobot.com/)"
67.228.177.17 - - [14/Mar/2015:15:18:22 +0000] "GET / HTTP/1.0" 301 178 "-" "Mozilla/5.0 (compatible; www.monitor.us - free monitoring service; http://www.monitor.us)"
67.228.177.17 - - [14/Mar/2015:15:18:23 +0000] "GET / HTTP/1.0" 200 6860 "-" "Mozilla/5.0 (compatible; www.monitor.us - free monitoring service; http://www.monitor.us)"
128.199.122.79 - - [14/Mar/2015:15:18:24 +0000] "GET /combine/736dd6176a61768d9cf06737c97fd2d4-1422939978 HTTP/1.1" 200 266194 "https://bits.co.id/" "Serf/1.1.0 mod_pagespeed/1.9.32.3-4448"
74.86.158.110 - - [14/Mar/2015:15:19:56 +0000] "HEAD / HTTP/1.1" 200 0 "-" "Mozilla/5.0+(compatible; UptimeRobot/2.0; http://www.uptimerobot.com/)"
66.249.64.186 - - [14/Mar/2015:15:23:31 +0000] "GET /robots.txt HTTP/1.1" 301 178 "-" "Mozilla/5.0 (compatible; Googlebot/2.1; +http://www.google.com/bot.html)"
66.249.64.190 - - [14/Mar/2015:15:23:32 +0000] "GET / HTTP/1.1" 301 178 "-" "Mozilla/5.0 (compatible; Googlebot/2.1; +http://www.google.com/bot.html)"
74.86.158.110 - - [14/Mar/2015:15:24:56 +0000] "HEAD / HTTP/1.1" 200 0 "-" "Mozilla/5.0+(compatible; UptimeRobot/2.0; http://www.uptimerobot.com/)"
74.86.158.110 - - [14/Mar/2015:15:29:56 +0000] "HEAD / HTTP/1.1" 200 0 "-" "Mozilla/5.0+(compatible; UptimeRobot/2.0; http://www.uptimerobot.com/)"
74.86.158.110 - - [14/Mar/2015:15:34:56 +0000] "HEAD / HTTP/1.1" 200 0 "-" "Mozilla/5.0+(compatible; UptimeRobot/2.0; http://www.uptimerobot.com/)"
37.252.229.58 - - [14/Mar/2015:15:37:01 +0000] "GET / HTTP/1.0" 301 178 "-" "Mozilla/5.0 (compatible; www.monitor.us - free monitoring service; http://www.monitor.us)"
37.252.229.58 - - [14/Mar/2015:15:37:02 +0000] "GET / HTTP/1.0" 200 6860 "-" "Mozilla/5.0 (compatible; www.monitor.us - free monitoring service; http://www.monitor.us)"
128.199.122.79 - - [14/Mar/2015:15:37:02 +0000] "GET /combine/736dd6176a61768d9cf06737c97fd2d4-1422939978 HTTP/1.1" 200 266194 "https://bits.co.id/" "Serf/1.1.0 mod_pagespeed/1.9.32.3-4448"
74.86.158.110 - - [14/Mar/2015:15:39:56 +0000] "HEAD / HTTP/1.1" 200 0 "-" "Mozilla/5.0+(compatible; UptimeRobot/2.0; http://www.uptimerobot.com/)"
74.86.158.110 - - [14/Mar/2015:15:44:56 +0000] "HEAD / HTTP/1.1" 200 0 "-" "Mozilla/5.0+(compatible; UptimeRobot/2.0; http://www.uptimerobot.com/)"
67.228.177.17 - - [14/Mar/2015:15:48:23 +0000] "GET / HTTP/1.0" 301 178 "-" "Mozilla/5.0 (compatible; www.monitor.us - free monitoring service; http://www.monitor.us)"
67.228.177.17 - - [14/Mar/2015:15:48:24 +0000] "GET / HTTP/1.0" 200 6860 "-" "Mozilla/5.0 (compatible; www.monitor.us - free monitoring service; http://www.monitor.us)"
128.199.122.79 - - [14/Mar/2015:15:48:24 +0000] "GET /combine/736dd6176a61768d9cf06737c97fd2d4-1422939978 HTTP/1.1" 200 266194 "https://bits.co.id/" "Serf/1.1.0 mod_pagespeed/1.9.32.3-4448"
74.86.158.110 - - [14/Mar/2015:15:49:56 +0000] "HEAD / HTTP/1.1" 200 0 "-" "Mozilla/5.0+(compatible; UptimeRobot/2.0; http://www.uptimerobot.com/)"
74.86.158.110 - - [14/Mar/2015:15:54:56 +0000] "HEAD / HTTP/1.1" 200 0 "-" "Mozilla/5.0+(compatible; UptimeRobot/2.0; http://www.uptimerobot.com/)"
74.86.158.110 - - [14/Mar/2015:15:59:56 +0000] "HEAD / HTTP/1.1" 200 0 "-" "Mozilla/5.0+(compatible; UptimeRobot/2.0; http://www.uptimerobot.com/)"
74.86.158.110 - - [14/Mar/2015:16:04:56 +0000] "HEAD / HTTP/1.1" 200 0 "-" "Mozilla/5.0+(compatible; UptimeRobot/2.0; http://www.uptimerobot.com/)"
37.252.229.58 - - [14/Mar/2015:16:07:00 +0000] "GET / HTTP/1.0" 301 178 "-" "Mozilla/5.0 (compatible; www.monitor.us - free monitoring service; http://www.monitor.us)"
37.252.229.58 - - [14/Mar/2015:16:07:01 +0000] "GET / HTTP/1.0" 200 6860 "-" "Mozilla/5.0 (compatible; www.monitor.us - free monitoring service; http://www.monitor.us)"
128.199.122.79 - - [14/Mar/2015:16:07:02 +0000] "GET /combine/736dd6176a61768d9cf06737c97fd2d4-1422939978 HTTP/1.1" 200 266194 "https://bits.co.id/" "Serf/1.1.0 mod_pagespeed/1.9.32.3-4448"
74.86.158.110 - - [14/Mar/2015:16:09:56 +0000] "HEAD / HTTP/1.1" 200 0 "-" "Mozilla/5.0+(compatible; UptimeRobot/2.0; http://www.uptimerobot.com/)"
74.86.158.110 - - [14/Mar/2015:16:14:56 +0000] "HEAD / HTTP/1.1" 200 0 "-" "Mozilla/5.0+(compatible; UptimeRobot/2.0; http://www.uptimerobot.com/)"
67.228.177.17 - - [14/Mar/2015:16:18:22 +0000] "GET / HTTP/1.0" 301 178 "-" "Mozilla/5.0 (compatible; www.monitor.us - free monitoring service; http://www.monitor.us)"
67.228.177.17 - - [14/Mar/2015:16:18:23 +0000] "GET / HTTP/1.0" 200 6860 "-" "Mozilla/5.0 (compatible; www.monitor.us - free monitoring service; http://www.monitor.us)"
128.199.122.79 - - [14/Mar/2015:16:18:23 +0000] "GET /combine/736dd6176a61768d9cf06737c97fd2d4-1422939978 HTTP/1.1" 200 266194 "https://bits.co.id/" "Serf/1.1.0 mod_pagespeed/1.9.32.3-4448"
74.86.158.110 - - [14/Mar/2015:16:19:56 +0000] "HEAD / HTTP/1.1" 200 0 "-" "Mozilla/5.0+(compatible; UptimeRobot/2.0; http://www.uptimerobot.com/)"
74.86.158.110 - - [14/Mar/2015:16:24:56 +0000] "HEAD / HTTP/1.1" 200 0 "-" "Mozilla/5.0+(compatible; UptimeRobot/2.0; http://www.uptimerobot.com/)"
64.233.173.156 - - [14/Mar/2015:16:26:00 +0000] "GET / HTTP/1.1" 301 178 "-" "Mozilla/5.0 (Linux; Android 4.2.1; Lenovo S920_ROW Build/JOP40D) AppleWebKit/537.36 (KHTML, like Gecko) Chrome/41.0.2272.92 Mobile Safari/537.36"
118.136.210.44 - - [14/Mar/2015:16:26:06 +0000] "GET / HTTP/1.1" 200 6870 "-" "Mozilla/5.0 (Linux; Android 4.2.1; Lenovo S920_ROW Build/JOP40D) AppleWebKit/537.36 (KHTML, like Gecko) Chrome/41.0.2272.92 Mobile Safari/537.36"
118.136.210.44 - - [14/Mar/2015:16:26:06 +0000] "GET /_.pagespeed.jo.CIbmahTvHz.js HTTP/1.1" 200 3164 "https://bits.co.id/" "Mozilla/5.0 (Linux; Android 4.2.1; Lenovo S920_ROW Build/JOP40D) AppleWebKit/537.36 (KHTML, like Gecko) Chrome/41.0.2272.92 Mobile Safari/537.36"
118.136.210.44 - - [14/Mar/2015:16:26:06 +0000] "GET /themes/bits/assets/js/html5shiv.js+respond.min.js.pagespeed.jc.44EGFUtx_q.js HTTP/1.1" 200 6160 "https://bits.co.id/" "Mozilla/5.0 (Linux; Android 4.2.1; Lenovo S920_ROW Build/JOP40D) AppleWebKit/537.36 (KHTML, like Gecko) Chrome/41.0.2272.92 Mobile Safari/537.36"
118.136.210.44 - - [14/Mar/2015:16:26:06 +0000] "GET /themes,_bits,_assets,_js,_wow.min.js+modules,_system,_assets,_js,_framework.js+modules,_system,_assets,_js,_framework.extras.js.pagespeed.jc.HdJz3aFRJ-.js HTTP/1.1" 200 4466 "https://bits.co.id/" "Mozilla/5.0 (Linux; Android 4.2.1; Lenovo S920_ROW Build/JOP40D) AppleWebKit/537.36 (KHTML, like Gecko) Chrome/41.0.2272.92 Mobile Safari/537.36"
128.199.122.79 - - [14/Mar/2015:16:26:07 +0000] "GET /combine/736dd6176a61768d9cf06737c97fd2d4-1422939978 HTTP/1.1" 200 266187 "https://bits.co.id/" "Serf/1.1.0 mod_pagespeed/1.9.32.3-4448"
118.136.210.44 - - [14/Mar/2015:16:26:08 +0000] "GET /combine/736dd6176a61768d9cf06737c97fd2d4-1422939978 HTTP/1.1" 200 41056 "https://bits.co.id/" "Mozilla/5.0 (Linux; Android 4.2.1; Lenovo S920_ROW Build/JOP40D) AppleWebKit/537.36 (KHTML, like Gecko) Chrome/41.0.2272.92 Mobile Safari/537.36"
118.136.210.44 - - [14/Mar/2015:16:26:08 +0000] "GET /themes/bits/assets/js/jquery.js.pagespeed.jm.ZzSiN_5Whq.js HTTP/1.1" 200 32785 "https://bits.co.id/" "Mozilla/5.0 (Linux; Android 4.2.1; Lenovo S920_ROW Build/JOP40D) AppleWebKit/537.36 (KHTML, like Gecko) Chrome/41.0.2272.92 Mobile Safari/537.36"
118.136.210.44 - - [14/Mar/2015:16:26:08 +0000] "GET /themes/bits/assets/js/bootstrap.min.js+jquery.prettyPhoto.js+jquery.isotope.min.js+main.js.pagespeed.jc.dUphfFRc9N.js HTTP/1.1" 200 17928 "https://bits.co.id/" "Mozilla/5.0 (Linux; Android 4.2.1; Lenovo S920_ROW Build/JOP40D) AppleWebKit/537.36 (KHTML, like Gecko) Chrome/41.0.2272.92 Mobile Safari/537.36"
118.136.210.44 - - [14/Mar/2015:16:26:09 +0000] "GET /themes/bits/assets/js/plugins.js.pagespeed.jm.1dSug2Tlta.js HTTP/1.1" 200 36376 "https://bits.co.id/" "Mozilla/5.0 (Linux; Android 4.2.1; Lenovo S920_ROW Build/JOP40D) AppleWebKit/537.36 (KHTML, like Gecko) Chrome/41.0.2272.92 Mobile Safari/537.36"
118.136.210.44 - - [14/Mar/2015:16:26:17 +0000] "POST /ngx_pagespeed_beacon?url=https%3A%2F%2Fbits.co.id%2F HTTP/1.1" 204 0 "https://bits.co.id/" "Mozilla/5.0 (Linux; Android 4.2.1; Lenovo S920_ROW Build/JOP40D) AppleWebKit/537.36 (KHTML, like Gecko) Chrome/41.0.2272.92 Mobile Safari/537.36"
74.86.158.110 - - [14/Mar/2015:16:29:56 +0000] "HEAD / HTTP/1.1" 200 0 "-" "Mozilla/5.0+(compatible; UptimeRobot/2.0; http://www.uptimerobot.com/)"
74.86.158.110 - - [14/Mar/2015:16:34:56 +0000] "HEAD / HTTP/1.1" 200 0 "-" "Mozilla/5.0+(compatible; UptimeRobot/2.0; http://www.uptimerobot.com/)"
37.252.229.58 - - [14/Mar/2015:16:37:01 +0000] "GET / HTTP/1.0" 301 178 "-" "Mozilla/5.0 (compatible; www.monitor.us - free monitoring service; http://www.monitor.us)"
37.252.229.58 - - [14/Mar/2015:16:37:02 +0000] "GET / HTTP/1.0" 200 6860 "-" "Mozilla/5.0 (compatible; www.monitor.us - free monitoring service; http://www.monitor.us)"
128.199.122.79 - - [14/Mar/2015:16:37:02 +0000] "GET /combine/736dd6176a61768d9cf06737c97fd2d4-1422939978 HTTP/1.1" 200 266194 "https://bits.co.id/" "Serf/1.1.0 mod_pagespeed/1.9.32.3-4448"
74.86.158.110 - - [14/Mar/2015:16:39:56 +0000] "HEAD / HTTP/1.1" 200 0 "-" "Mozilla/5.0+(compatible; UptimeRobot/2.0; http://www.uptimerobot.com/)"
74.86.158.110 - - [14/Mar/2015:16:44:56 +0000] "HEAD / HTTP/1.1" 200 0 "-" "Mozilla/5.0+(compatible; UptimeRobot/2.0; http://www.uptimerobot.com/)"
67.228.177.17 - - [14/Mar/2015:16:48:23 +0000] "GET / HTTP/1.0" 301 178 "-" "Mozilla/5.0 (compatible; www.monitor.us - free monitoring service; http://www.monitor.us)"
67.228.177.17 - - [14/Mar/2015:16:48:24 +0000] "GET / HTTP/1.0" 200 6860 "-" "Mozilla/5.0 (compatible; www.monitor.us - free monitoring service; http://www.monitor.us)"
128.199.122.79 - - [14/Mar/2015:16:48:24 +0000] "GET /combine/736dd6176a61768d9cf06737c97fd2d4-1422939978 HTTP/1.1" 200 266194 "https://bits.co.id/" "Serf/1.1.0 mod_pagespeed/1.9.32.3-4448"
74.86.158.110 - - [14/Mar/2015:16:49:56 +0000] "HEAD / HTTP/1.1" 200 0 "-" "Mozilla/5.0+(compatible; UptimeRobot/2.0; http://www.uptimerobot.com/)"
74.86.158.110 - - [14/Mar/2015:16:54:56 +0000] "HEAD / HTTP/1.1" 200 0 "-" "Mozilla/5.0+(compatible; UptimeRobot/2.0; http://www.uptimerobot.com/)"
74.86.158.110 - - [14/Mar/2015:16:59:56 +0000] "HEAD / HTTP/1.1" 200 0 "-" "Mozilla/5.0+(compatible; UptimeRobot/2.0; http://www.uptimerobot.com/)"
74.86.158.110 - - [14/Mar/2015:17:04:56 +0000] "HEAD / HTTP/1.1" 200 0 "-" "Mozilla/5.0+(compatible; UptimeRobot/2.0; http://www.uptimerobot.com/)"
37.252.229.58 - - [14/Mar/2015:17:07:00 +0000] "GET / HTTP/1.0" 301 178 "-" "Mozilla/5.0 (compatible; www.monitor.us - free monitoring service; http://www.monitor.us)"
37.252.229.58 - - [14/Mar/2015:17:07:01 +0000] "GET / HTTP/1.0" 200 6860 "-" "Mozilla/5.0 (compatible; www.monitor.us - free monitoring service; http://www.monitor.us)"
128.199.122.79 - - [14/Mar/2015:17:07:02 +0000] "GET /combine/736dd6176a61768d9cf06737c97fd2d4-1422939978 HTTP/1.1" 200 266194 "https://bits.co.id/" "Serf/1.1.0 mod_pagespeed/1.9.32.3-4448"
74.86.158.110 - - [14/Mar/2015:17:09:56 +0000] "HEAD / HTTP/1.1" 200 0 "-" "Mozilla/5.0+(compatible; UptimeRobot/2.0; http://www.uptimerobot.com/)"
74.86.158.110 - - [14/Mar/2015:17:14:56 +0000] "HEAD / HTTP/1.1" 200 0 "-" "Mozilla/5.0+(compatible; UptimeRobot/2.0; http://www.uptimerobot.com/)"
67.228.177.17 - - [14/Mar/2015:17:18:22 +0000] "GET / HTTP/1.0" 301 178 "-" "Mozilla/5.0 (compatible; www.monitor.us - free monitoring service; http://www.monitor.us)"
67.228.177.17 - - [14/Mar/2015:17:18:23 +0000] "GET / HTTP/1.0" 200 6860 "-" "Mozilla/5.0 (compatible; www.monitor.us - free monitoring service; http://www.monitor.us)"
128.199.122.79 - - [14/Mar/2015:17:18:23 +0000] "GET /combine/736dd6176a61768d9cf06737c97fd2d4-1422939978 HTTP/1.1" 200 266194 "https://bits.co.id/" "Serf/1.1.0 mod_pagespeed/1.9.32.3-4448"
74.86.158.110 - - [14/Mar/2015:17:19:56 +0000] "HEAD / HTTP/1.1" 200 0 "-" "Mozilla/5.0+(compatible; UptimeRobot/2.0; http://www.uptimerobot.com/)"
74.86.158.110 - - [14/Mar/2015:17:24:57 +0000] "HEAD / HTTP/1.1" 200 0 "-" "Mozilla/5.0+(compatible; UptimeRobot/2.0; http://www.uptimerobot.com/)"
74.86.158.110 - - [14/Mar/2015:17:29:56 +0000] "HEAD / HTTP/1.1" 200 0 "-" "Mozilla/5.0+(compatible; UptimeRobot/2.0; http://www.uptimerobot.com/)"
74.86.158.110 - - [14/Mar/2015:17:34:56 +0000] "HEAD / HTTP/1.1" 200 0 "-" "Mozilla/5.0+(compatible; UptimeRobot/2.0; http://www.uptimerobot.com/)"
37.252.229.58 - - [14/Mar/2015:17:37:01 +0000] "GET / HTTP/1.0" 301 178 "-" "Mozilla/5.0 (compatible; www.monitor.us - free monitoring service; http://www.monitor.us)"
37.252.229.58 - - [14/Mar/2015:17:37:07 +0000] "GET / HTTP/1.0" 200 6860 "-" "Mozilla/5.0 (compatible; www.monitor.us - free monitoring service; http://www.monitor.us)"
128.199.122.79 - - [14/Mar/2015:17:37:08 +0000] "GET /combine/736dd6176a61768d9cf06737c97fd2d4-1422939978 HTTP/1.1" 200 266194 "https://bits.co.id/" "Serf/1.1.0 mod_pagespeed/1.9.32.3-4448"
74.86.158.110 - - [14/Mar/2015:17:39:56 +0000] "HEAD / HTTP/1.1" 200 0 "-" "Mozilla/5.0+(compatible; UptimeRobot/2.0; http://www.uptimerobot.com/)"
74.86.158.110 - - [14/Mar/2015:17:44:56 +0000] "HEAD / HTTP/1.1" 200 0 "-" "Mozilla/5.0+(compatible; UptimeRobot/2.0; http://www.uptimerobot.com/)"
67.228.177.17 - - [14/Mar/2015:17:48:23 +0000] "GET / HTTP/1.0" 301 178 "-" "Mozilla/5.0 (compatible; www.monitor.us - free monitoring service; http://www.monitor.us)"
67.228.177.17 - - [14/Mar/2015:17:48:24 +0000] "GET / HTTP/1.0" 200 6860 "-" "Mozilla/5.0 (compatible; www.monitor.us - free monitoring service; http://www.monitor.us)"
128.199.122.79 - - [14/Mar/2015:17:48:24 +0000] "GET /combine/736dd6176a61768d9cf06737c97fd2d4-1422939978 HTTP/1.1" 200 266194 "https://bits.co.id/" "Serf/1.1.0 mod_pagespeed/1.9.32.3-4448"
74.86.158.110 - - [14/Mar/2015:17:49:56 +0000] "HEAD / HTTP/1.1" 200 0 "-" "Mozilla/5.0+(compatible; UptimeRobot/2.0; http://www.uptimerobot.com/)"
74.86.158.110 - - [14/Mar/2015:17:54:56 +0000] "HEAD / HTTP/1.1" 200 0 "-" "Mozilla/5.0+(compatible; UptimeRobot/2.0; http://www.uptimerobot.com/)"
74.86.158.110 - - [14/Mar/2015:17:59:57 +0000] "HEAD / HTTP/1.1" 200 0 "-" "Mozilla/5.0+(compatible; UptimeRobot/2.0; http://www.uptimerobot.com/)"
74.86.158.110 - - [14/Mar/2015:18:04:56 +0000] "HEAD / HTTP/1.1" 200 0 "-" "Mozilla/5.0+(compatible; UptimeRobot/2.0; http://www.uptimerobot.com/)"
37.252.229.58 - - [14/Mar/2015:18:07:01 +0000] "GET / HTTP/1.0" 301 178 "-" "Mozilla/5.0 (compatible; www.monitor.us - free monitoring service; http://www.monitor.us)"
37.252.229.58 - - [14/Mar/2015:18:07:02 +0000] "GET / HTTP/1.0" 200 6860 "-" "Mozilla/5.0 (compatible; www.monitor.us - free monitoring service; http://www.monitor.us)"
128.199.122.79 - - [14/Mar/2015:18:07:02 +0000] "GET /combine/736dd6176a61768d9cf06737c97fd2d4-1422939978 HTTP/1.1" 200 266194 "https://bits.co.id/" "Serf/1.1.0 mod_pagespeed/1.9.32.3-4448"
