112.215.66.73 - - [14/Mar/2015:08:30:21 +0000] "GET /wp-content/uploads/2015/03/xIMG_20150310_081901.jpg.pagespeed.ic.rpAEr0pfAr.jpg HTTP/1.1" 304 0 "http://baittauhied.com/" "Mozilla/5.0 (Windows NT 6.1; WOW64; rv:36.0) Gecko/20100101 Firefox/36.0"
112.215.66.78 - - [14/Mar/2015:08:30:22 +0000] "GET /wp-content/uploads/2015/02/xUntitled6.png.pagespeed.ic.2_KVKckVQw.jpg HTTP/1.1" 200 9958 "http://baittauhied.com/" "Mozilla/5.0 (Windows NT 6.1; WOW64; rv:36.0) Gecko/20100101 Firefox/36.0"
112.215.66.76 - - [14/Mar/2015:08:30:22 +0000] "GET /wp-content/uploads/2015/03/xIMG_20150310_083607.jpg.pagespeed.ic.cwRdkwYShq.jpg HTTP/1.1" 200 330976 "http://baittauhied.com/" "Mozilla/5.0 (Windows NT 6.1; WOW64; rv:36.0) Gecko/20100101 Firefox/36.0"
112.215.66.73 - - [14/Mar/2015:08:30:22 +0000] "GET /wp-content/uploads/2015/02/xUntitled1.png.pagespeed.ic.TCBE3tg5zw.png HTTP/1.1" 200 98405 "http://baittauhied.com/" "Mozilla/5.0 (Windows NT 6.1; WOW64; rv:36.0) Gecko/20100101 Firefox/36.0"
112.215.66.76 - - [14/Mar/2015:08:30:22 +0000] "GET /wp-content/uploads/2015/02/psb.gif.pagespeed.ce.M6-dGQoWmA.gif HTTP/1.1" 304 0 "http://baittauhied.com/" "Mozilla/5.0 (Windows NT 6.1; WOW64; rv:36.0) Gecko/20100101 Firefox/36.0"
112.215.66.77 - - [14/Mar/2015:08:30:23 +0000] "GET /wp-content/themes/catch-flames/images/xsocial-profiles.png.pagespeed.ic.VR1Gx1HbgK.png HTTP/1.1" 304 0 "http://baittauhied.com/wp-content/themes/catch-flames/A.style.css,qver=4.1.1.pagespeed.cf.S056Va9bGL.css" "Mozilla/5.0 (Windows NT 6.1; WOW64; rv:36.0) Gecko/20100101 Firefox/36.0"
112.215.66.77 - - [14/Mar/2015:08:30:24 +0000] "POST /ngx_pagespeed_beacon?url=http%3A%2F%2Fbaittauhied.com%2F HTTP/1.1" 204 0 "http://baittauhied.com/" "Mozilla/5.0 (Windows NT 6.1; WOW64; rv:36.0) Gecko/20100101 Firefox/36.0"
114.121.135.9 - - [14/Mar/2015:08:33:14 +0000] "GET / HTTP/1.1" 301 5 "-" "Mozilla/5.0 (compatible; MSIE 10.0; Windows Phone 8.0; Trident/6.0; IEMobile/10.0; ARM; Touch; NOKIA; Nokia 625H)"
114.121.135.9 - - [14/Mar/2015:08:33:14 +0000] "GET / HTTP/1.1" 301 5 "-" "Microsoft Office Mobile/15.0"
114.121.135.9 - - [14/Mar/2015:08:33:15 +0000] "GET / HTTP/1.1" 200 5762 "-" "Microsoft Office Mobile/15.0"
114.121.135.9 - - [14/Mar/2015:08:33:15 +0000] "GET / HTTP/1.1" 200 8793 "-" "Mozilla/5.0 (compatible; MSIE 10.0; Windows Phone 8.0; Trident/6.0; IEMobile/10.0; ARM; Touch; NOKIA; Nokia 625H)"
128.199.122.79 - - [14/Mar/2015:08:33:16 +0000] "GET /wp-content/uploads/2015/02/logo1.jpg HTTP/1.1" 500 186 "http://baittauhied.com/" "Serf/1.1.0 mod_pagespeed/1.9.32.3-4448"
114.121.135.9 - - [14/Mar/2015:08:33:16 +0000] "GET /wp-content/themes/catch-flames/style.css?ver=4.1.1 HTTP/1.1" 200 13585 "http://baittauhied.com/" "Mozilla/5.0 (compatible; MSIE 10.0; Windows Phone 8.0; Trident/6.0; IEMobile/10.0; ARM; Touch; NOKIA; Nokia 625H)"
128.199.122.79 - - [14/Mar/2015:08:33:16 +0000] "GET /wp-content/uploads/2015/02/logo.jpg HTTP/1.1" 500 186 "http://baittauhied.com/" "Serf/1.1.0 mod_pagespeed/1.9.32.3-4448"
128.199.122.79 - - [14/Mar/2015:08:33:16 +0000] "GET /wp-content/themes/catch-flames/images/social-profiles.png HTTP/1.1" 304 0 "http://baittauhied.com/" "Serf/1.1.0 mod_pagespeed/1.9.32.3-4448"
128.199.122.79 - - [14/Mar/2015:08:33:16 +0000] "GET /wp-content/plugins/slider-image/Front_images/arrows/arrows.simple.png HTTP/1.1" 304 0 "http://baittauhied.com/" "Serf/1.1.0 mod_pagespeed/1.9.32.3-4448"
128.199.122.79 - - [14/Mar/2015:08:33:16 +0000] "GET /wp-content/themes/catch-flames/css/ie.css?ver=4.1.1 HTTP/1.1" 200 203 "http://baittauhied.com/" "Serf/1.1.0 mod_pagespeed/1.9.32.3-4448"
114.121.135.9 - - [14/Mar/2015:08:33:16 +0000] "GET /wp-content/themes/catch-flames/genericons/A.genericons.css,qver=3.0.3.pagespeed.cf.qHk2E8VTOG.css HTTP/1.1" 200 18848 "http://baittauhied.com/" "Mozilla/5.0 (compatible; MSIE 10.0; Windows Phone 8.0; Trident/6.0; IEMobile/10.0; ARM; Touch; NOKIA; Nokia 625H)"
128.199.122.79 - - [14/Mar/2015:08:33:16 +0000] "GET /wp-content/themes/catch-flames/js/pngfix.min.js?ver=4.1.1 HTTP/1.1" 500 186 "http://baittauhied.com/" "Serf/1.1.0 mod_pagespeed/1.9.32.3-4448"
128.199.122.79 - - [14/Mar/2015:08:33:16 +0000] "GET /wp-content/themes/catch-flames/js/catchflames-ielte8.min.js?ver=20130114 HTTP/1.1" 200 4686 "http://baittauhied.com/" "Serf/1.1.0 mod_pagespeed/1.9.32.3-4448"
128.199.122.79 - - [14/Mar/2015:08:33:16 +0000] "GET /wp-content/uploads/2015/02/logo1.jpg HTTP/1.1" 500 186 "http://baittauhied.com/" "Serf/1.1.0 mod_pagespeed/1.9.32.3-4448"
114.121.135.9 - - [14/Mar/2015:08:33:16 +0000] "GET /wp-content/themes/catch-flames/css/A.responsive.css,qver=4.1.1.pagespeed.cf.FJifwocOaY.css HTTP/1.1" 200 3703 "http://baittauhied.com/" "Mozilla/5.0 (compatible; MSIE 10.0; Windows Phone 8.0; Trident/6.0; IEMobile/10.0; ARM; Touch; NOKIA; Nokia 625H)"
128.199.122.79 - - [14/Mar/2015:08:33:16 +0000] "GET /wp-content/uploads/2015/02/logo.jpg HTTP/1.1" 500 186 "http://baittauhied.com/" "Serf/1.1.0 mod_pagespeed/1.9.32.3-4448"
128.199.122.79 - - [14/Mar/2015:08:33:16 +0000] "GET /wp-content/themes/catch-flames/images/social-profiles.png HTTP/1.1" 304 0 "http://baittauhied.com/wp-content/themes/catch-flames/style.css?ver=4.1.1" "Serf/1.1.0 mod_pagespeed/1.9.32.3-4448"
114.121.135.9 - - [14/Mar/2015:08:33:17 +0000] "GET /wp-content/themes/catch-flames/css/ie.css?ver=4.1.1 HTTP/1.1" 200 203 "http://baittauhied.com/" "Mozilla/5.0 (compatible; MSIE 10.0; Windows Phone 8.0; Trident/6.0; IEMobile/10.0; ARM; Touch; NOKIA; Nokia 625H)"
114.121.135.9 - - [14/Mar/2015:08:33:17 +0000] "GET /wp-includes/js/jquery/jquery-migrate.min.js?ver=1.2.1 HTTP/1.1" 200 7200 "http://baittauhied.com/" "Mozilla/5.0 (compatible; MSIE 10.0; Windows Phone 8.0; Trident/6.0; IEMobile/10.0; ARM; Touch; NOKIA; Nokia 625H)"
114.121.135.9 - - [14/Mar/2015:08:33:17 +0000] "GET /wp-includes/js/jquery/jquery.js?ver=1.11.1 HTTP/1.1" 200 33221 "http://baittauhied.com/" "Mozilla/5.0 (compatible; MSIE 10.0; Windows Phone 8.0; Trident/6.0; IEMobile/10.0; ARM; Touch; NOKIA; Nokia 625H)"
114.121.135.9 - - [14/Mar/2015:08:33:17 +0000] "GET /wp-content/themes/catch-flames/js/catchflames-ielte8.min.js?ver=20130114 HTTP/1.1" 200 4686 "http://baittauhied.com/" "Mozilla/5.0 (compatible; MSIE 10.0; Windows Phone 8.0; Trident/6.0; IEMobile/10.0; ARM; Touch; NOKIA; Nokia 625H)"
114.121.135.9 - - [14/Mar/2015:08:33:17 +0000] "GET /wp-content/themes/catch-flames/js/jquery.sidr.min.js?ver=1.2.1 HTTP/1.1" 200 3673 "http://baittauhied.com/" "Mozilla/5.0 (compatible; MSIE 10.0; Windows Phone 8.0; Trident/6.0; IEMobile/10.0; ARM; Touch; NOKIA; Nokia 625H)"
114.121.135.9 - - [14/Mar/2015:08:33:18 +0000] "GET /wp-content/themes/catch-flames/js/calendar.js HTTP/1.1" 200 3518 "http://baittauhied.com/" "Mozilla/5.0 (compatible; MSIE 10.0; Windows Phone 8.0; Trident/6.0; IEMobile/10.0; ARM; Touch; NOKIA; Nokia 625H)"
114.121.135.9 - - [14/Mar/2015:08:33:18 +0000] "GET /wp-content/themes/catch-flames/js/pngfix.min.js?ver=4.1.1 HTTP/1.1" 500 588 "http://baittauhied.com/" "Mozilla/5.0 (compatible; MSIE 10.0; Windows Phone 8.0; Trident/6.0; IEMobile/10.0; ARM; Touch; NOKIA; Nokia 625H)"
114.121.135.9 - - [14/Mar/2015:08:33:19 +0000] "GET /_.pagespeed.co.sfIuKZ_xz-.css HTTP/1.1" 200 6783 "http://baittauhied.com/" "Mozilla/5.0 (compatible; MSIE 10.0; Windows Phone 8.0; Trident/6.0; IEMobile/10.0; ARM; Touch; NOKIA; Nokia 625H)"
114.121.135.9 - - [14/Mar/2015:08:33:19 +0000] "GET /_,Mjo.KpmsRqSMGT.js.pagespeed.jm.0DOK7wRGSL.js HTTP/1.1" 200 3161 "http://baittauhied.com/" "Mozilla/5.0 (compatible; MSIE 10.0; Windows Phone 8.0; Trident/6.0; IEMobile/10.0; ARM; Touch; NOKIA; Nokia 625H)"
114.121.135.9 - - [14/Mar/2015:08:33:19 +0000] "GET /wp-content/uploads/2015/03/xCERDAS.png.pagespeed.ic.lxJR1Wj6Wk.png HTTP/1.1" 200 19827 "http://baittauhied.com/" "Mozilla/5.0 (compatible; MSIE 10.0; Windows Phone 8.0; Trident/6.0; IEMobile/10.0; ARM; Touch; NOKIA; Nokia 625H)"
114.121.135.9 - - [14/Mar/2015:08:33:20 +0000] "GET /_,Mjo.HiUYRiS92M.js+wp-content,_themes,_catch-flames,_js,_fitvids.min.js,qver==20130324+wp-content,_themes,_catch-flames,_js,_jquery.waypoints.min.js,qver==3.1.1+wp-content,_themes,_catch-flames,_js,_catchflames-custom.min.js,qver==20140823.pagespeed.jc.ewjqw-JK1q.js HTTP/1.1" 200 7258 "http://baittauhied.com/" "Mozilla/5.0 (compatible; MSIE 10.0; Windows Phone 8.0; Trident/6.0; IEMobile/10.0; ARM; Touch; NOKIA; Nokia 625H)"
114.121.135.9 - - [14/Mar/2015:08:33:20 +0000] "GET /wp-content/plugins/slider-image/Front_images/loading/loading.gif.pagespeed.ce.j-3CQGRs_v.gif HTTP/1.1" 200 9516 "http://baittauhied.com/" "Mozilla/5.0 (compatible; MSIE 10.0; Windows Phone 8.0; Trident/6.0; IEMobile/10.0; ARM; Touch; NOKIA; Nokia 625H)"
114.121.135.9 - - [14/Mar/2015:08:33:22 +0000] "GET /wp-content/uploads/2015/03/xlogo.png.pagespeed.ic.iVhRHAl3vI.png HTTP/1.1" 200 134203 "http://baittauhied.com/" "Mozilla/5.0 (compatible; MSIE 10.0; Windows Phone 8.0; Trident/6.0; IEMobile/10.0; ARM; Touch; NOKIA; Nokia 625H)"
114.121.135.9 - - [14/Mar/2015:08:33:23 +0000] "GET /wp-content/uploads/2015/03/xIMG_20150310_081828.jpg.pagespeed.ic.Fwu5U4_kvt.jpg HTTP/1.1" 200 268260 "http://baittauhied.com/" "Mozilla/5.0 (compatible; MSIE 10.0; Windows Phone 8.0; Trident/6.0; IEMobile/10.0; ARM; Touch; NOKIA; Nokia 625H)"
114.121.135.9 - - [14/Mar/2015:08:33:23 +0000] "GET /wp-content/uploads/2015/02/xUntitled6.png.pagespeed.ic.2_KVKckVQw.jpg HTTP/1.1" 200 9958 "http://baittauhied.com/" "Mozilla/5.0 (compatible; MSIE 10.0; Windows Phone 8.0; Trident/6.0; IEMobile/10.0; ARM; Touch; NOKIA; Nokia 625H)"
114.121.135.9 - - [14/Mar/2015:08:33:25 +0000] "GET /wp-content/uploads/2015/03/xPONPESLOG1.png.pagespeed.ic.OZ4EVfPxdI.png HTTP/1.1" 200 67491 "http://baittauhied.com/" "Mozilla/5.0 (compatible; MSIE 10.0; Windows Phone 8.0; Trident/6.0; IEMobile/10.0; ARM; Touch; NOKIA; Nokia 625H)"
114.121.135.9 - - [14/Mar/2015:08:33:27 +0000] "GET /wp-content/uploads/2015/02/xUntitled1.png.pagespeed.ic.TCBE3tg5zw.png HTTP/1.1" 200 67798 "http://baittauhied.com/" "Mozilla/5.0 (compatible; MSIE 10.0; Windows Phone 8.0; Trident/6.0; IEMobile/10.0; ARM; Touch; NOKIA; Nokia 625H)"
114.121.135.9 - - [14/Mar/2015:08:33:27 +0000] "GET /wp-content/uploads/2015/03/xIMG_20150310_081901.jpg.pagespeed.ic.rpAEr0pfAr.jpg HTTP/1.1" 200 265896 "http://baittauhied.com/" "Mozilla/5.0 (compatible; MSIE 10.0; Windows Phone 8.0; Trident/6.0; IEMobile/10.0; ARM; Touch; NOKIA; Nokia 625H)"
114.121.135.9 - - [14/Mar/2015:08:33:28 +0000] "GET /wp-content/uploads/2015/02/psb.gif.pagespeed.ce.M6-dGQoWmA.gif HTTP/1.1" 200 41960 "http://baittauhied.com/" "Mozilla/5.0 (compatible; MSIE 10.0; Windows Phone 8.0; Trident/6.0; IEMobile/10.0; ARM; Touch; NOKIA; Nokia 625H)"
114.121.135.9 - - [14/Mar/2015:08:33:31 +0000] "GET /wp-content/uploads/2015/03/xIMG_20150310_083607.jpg.pagespeed.ic.cwRdkwYShq.jpg HTTP/1.1" 200 330976 "http://baittauhied.com/" "Mozilla/5.0 (compatible; MSIE 10.0; Windows Phone 8.0; Trident/6.0; IEMobile/10.0; ARM; Touch; NOKIA; Nokia 625H)"
114.121.135.9 - - [14/Mar/2015:08:33:32 +0000] "GET /wp-content/uploads/2015/02/b4.jpg.pagespeed.ce.d58ryeScU9.jpg HTTP/1.1" 200 5895 "http://baittauhied.com/" "Mozilla/5.0 (compatible; MSIE 10.0; Windows Phone 8.0; Trident/6.0; IEMobile/10.0; ARM; Touch; NOKIA; Nokia 625H)"
114.121.135.9 - - [14/Mar/2015:08:33:33 +0000] "GET /wp-content/themes/catch-flames/genericons/font/genericons-regular-webfont.eot HTTP/1.1" 200 14935 "http://baittauhied.com/" "Mozilla/5.0 (compatible; MSIE 10.0; Windows Phone 8.0; Trident/6.0; IEMobile/10.0; ARM; Touch; NOKIA; Nokia 625H)"
114.121.135.9 - - [14/Mar/2015:08:33:33 +0000] "GET /wp-content/themes/catch-flames/images/social-profiles.png HTTP/1.1" 200 25077 "http://baittauhied.com/" "Mozilla/5.0 (compatible; MSIE 10.0; Windows Phone 8.0; Trident/6.0; IEMobile/10.0; ARM; Touch; NOKIA; Nokia 625H)"
114.121.135.9 - - [14/Mar/2015:08:33:35 +0000] "POST /ngx_pagespeed_beacon?url=http%3A%2F%2Fbaittauhied.com%2F HTTP/1.1" 204 0 "http://baittauhied.com/" "Mozilla/5.0 (compatible; MSIE 10.0; Windows Phone 8.0; Trident/6.0; IEMobile/10.0; ARM; Touch; NOKIA; Nokia 625H)"
128.199.122.79 - - [14/Mar/2015:08:44:43 +0000] "POST /wp-cron.php?doing_wp_cron=1426322682.6892929077148437500000 HTTP/1.0" 499 0 "-" "WordPress/4.1.1; http://baittauhied.com"
125.160.192.147 - - [14/Mar/2015:08:44:43 +0000] "GET / HTTP/1.1" 301 5 "https://www.facebook.com/" "Mozilla/5.0 (Macintosh; Intel Mac OS X 10_9_5) AppleWebKit/600.3.18 (KHTML, like Gecko) Version/7.1.3 Safari/537.85.12"
128.199.122.79 - - [14/Mar/2015:08:44:44 +0000] "GET /wp-content/plugins/page-list/css/page-list.css?ver=5.0 HTTP/1.1" 304 0 "http://baittauhied.com/" "Serf/1.1.0 mod_pagespeed/1.9.32.3-4448"
128.199.122.79 - - [14/Mar/2015:08:44:44 +0000] "GET /wp-content/themes/catch-flames/style.css?ver=4.1.1 HTTP/1.1" 304 0 "http://baittauhied.com/" "Serf/1.1.0 mod_pagespeed/1.9.32.3-4448"
125.160.192.147 - - [14/Mar/2015:08:44:44 +0000] "GET / HTTP/1.1" 200 25513 "https://www.facebook.com/" "Mozilla/5.0 (Macintosh; Intel Mac OS X 10_9_5) AppleWebKit/600.3.18 (KHTML, like Gecko) Version/7.1.3 Safari/537.85.12"
128.199.122.79 - - [14/Mar/2015:08:44:44 +0000] "GET /wp-content/themes/catch-flames/genericons/genericons.css?ver=3.0.3 HTTP/1.1" 304 0 "http://baittauhied.com/" "Serf/1.1.0 mod_pagespeed/1.9.32.3-4448"
128.199.122.79 - - [14/Mar/2015:08:44:44 +0000] "GET /wp-content/themes/catch-flames/css/responsive.css?ver=4.1.1 HTTP/1.1" 304 0 "http://baittauhied.com/" "Serf/1.1.0 mod_pagespeed/1.9.32.3-4448"
128.199.122.79 - - [14/Mar/2015:08:44:44 +0000] "GET /wp-includes/js/jquery/jquery-migrate.min.js?ver=1.2.1 HTTP/1.1" 304 0 "http://baittauhied.com/" "Serf/1.1.0 mod_pagespeed/1.9.32.3-4448"
128.199.122.79 - - [14/Mar/2015:08:44:44 +0000] "GET /wp-content/themes/catch-flames/js/jquery.sidr.min.js?ver=1.2.1 HTTP/1.1" 304 0 "http://baittauhied.com/" "Serf/1.1.0 mod_pagespeed/1.9.32.3-4448"
128.199.122.79 - - [14/Mar/2015:08:44:44 +0000] "GET /wp-content/themes/catch-flames/js/calendar.js HTTP/1.1" 304 0 "http://baittauhied.com/" "Serf/1.1.0 mod_pagespeed/1.9.32.3-4448"
128.199.122.79 - - [14/Mar/2015:08:44:44 +0000] "GET /wp-content/themes/catch-flames/js/fitvids.min.js?ver=20130324 HTTP/1.1" 304 0 "http://baittauhied.com/" "Serf/1.1.0 mod_pagespeed/1.9.32.3-4448"
128.199.122.79 - - [14/Mar/2015:08:44:44 +0000] "GET /wp-content/themes/catch-flames/js/jquery.waypoints.min.js?ver=3.1.1 HTTP/1.1" 304 0 "http://baittauhied.com/" "Serf/1.1.0 mod_pagespeed/1.9.32.3-4448"
128.199.122.79 - - [14/Mar/2015:08:44:44 +0000] "GET /wp-content/themes/catch-flames/js/catchflames-custom.min.js?ver=20140823 HTTP/1.1" 304 0 "http://baittauhied.com/" "Serf/1.1.0 mod_pagespeed/1.9.32.3-4448"
125.160.192.147 - - [14/Mar/2015:08:44:44 +0000] "GET /wp-content/themes/catch-flames/genericons/genericons.css?ver=3.0.3 HTTP/1.1" 200 31039 "http://baittauhied.com/" "Mozilla/5.0 (Macintosh; Intel Mac OS X 10_9_5) AppleWebKit/600.3.18 (KHTML, like Gecko) Version/7.1.3 Safari/537.85.12"
125.160.192.147 - - [14/Mar/2015:08:44:44 +0000] "GET /wp-content/themes/catch-flames/css/responsive.css?ver=4.1.1 HTTP/1.1" 200 43791 "http://baittauhied.com/" "Mozilla/5.0 (Macintosh; Intel Mac OS X 10_9_5) AppleWebKit/600.3.18 (KHTML, like Gecko) Version/7.1.3 Safari/537.85.12"
125.160.192.147 - - [14/Mar/2015:08:44:44 +0000] "GET /wp-content/themes/catch-flames/style.css?ver=4.1.1 HTTP/1.1" 200 69167 "http://baittauhied.com/" "Mozilla/5.0 (Macintosh; Intel Mac OS X 10_9_5) AppleWebKit/600.3.18 (KHTML, like Gecko) Version/7.1.3 Safari/537.85.12"
128.199.122.79 - - [14/Mar/2015:08:44:44 +0000] "GET /wp-content/uploads/2015/02/logo1.jpg HTTP/1.1" 500 186 "http://baittauhied.com/" "Serf/1.1.0 mod_pagespeed/1.9.32.3-4448"
125.160.192.147 - - [14/Mar/2015:08:44:44 +0000] "GET /wp-includes/js/jquery/jquery.js?ver=1.11.1 HTTP/1.1" 200 95807 "http://baittauhied.com/" "Mozilla/5.0 (Macintosh; Intel Mac OS X 10_9_5) AppleWebKit/600.3.18 (KHTML, like Gecko) Version/7.1.3 Safari/537.85.12"
128.199.122.79 - - [14/Mar/2015:08:44:45 +0000] "GET /wp-content/uploads/2015/02/logo.jpg HTTP/1.1" 500 186 "http://baittauhied.com/" "Serf/1.1.0 mod_pagespeed/1.9.32.3-4448"
128.199.122.79 - - [14/Mar/2015:08:44:45 +0000] "GET /wp-content/uploads/2015/03/logo.png HTTP/1.1" 304 0 "http://baittauhied.com/" "Serf/1.1.0 mod_pagespeed/1.9.32.3-4448"
128.199.122.79 - - [14/Mar/2015:08:44:45 +0000] "GET /wp-content/uploads/2015/03/CERDAS.png HTTP/1.1" 304 0 "http://baittauhied.com/" "Serf/1.1.0 mod_pagespeed/1.9.32.3-4448"
128.199.122.79 - - [14/Mar/2015:08:44:45 +0000] "GET /wp-content/plugins/slider-image/Front_images/loading/loading.gif HTTP/1.1" 304 0 "http://baittauhied.com/" "Serf/1.1.0 mod_pagespeed/1.9.32.3-4448"
128.199.122.79 - - [14/Mar/2015:08:44:45 +0000] "GET /wp-content/uploads/2015/03/PONPESLOG1.png HTTP/1.1" 304 0 "http://baittauhied.com/" "Serf/1.1.0 mod_pagespeed/1.9.32.3-4448"
128.199.122.79 - - [14/Mar/2015:08:44:45 +0000] "GET /wp-content/uploads/2015/03/IMG_20150310_081901.jpg HTTP/1.1" 304 0 "http://baittauhied.com/" "Serf/1.1.0 mod_pagespeed/1.9.32.3-4448"
128.199.122.79 - - [14/Mar/2015:08:44:45 +0000] "GET /wp-content/uploads/2015/03/IMG_20150310_081828.jpg HTTP/1.1" 304 0 "http://baittauhied.com/" "Serf/1.1.0 mod_pagespeed/1.9.32.3-4448"
128.199.122.79 - - [14/Mar/2015:08:44:45 +0000] "GET /wp-content/uploads/2015/02/Untitled6.png HTTP/1.1" 304 0 "http://baittauhied.com/" "Serf/1.1.0 mod_pagespeed/1.9.32.3-4448"
128.199.122.79 - - [14/Mar/2015:08:44:45 +0000] "GET /wp-content/uploads/2015/03/IMG_20150310_083607.jpg HTTP/1.1" 304 0 "http://baittauhied.com/" "Serf/1.1.0 mod_pagespeed/1.9.32.3-4448"
128.199.122.79 - - [14/Mar/2015:08:44:45 +0000] "GET /wp-content/uploads/2015/02/Untitled1.png HTTP/1.1" 304 0 "http://baittauhied.com/" "Serf/1.1.0 mod_pagespeed/1.9.32.3-4448"
128.199.122.79 - - [14/Mar/2015:08:44:45 +0000] "GET /wp-content/uploads/2015/02/psb.gif HTTP/1.1" 304 0 "http://baittauhied.com/" "Serf/1.1.0 mod_pagespeed/1.9.32.3-4448"
128.199.122.79 - - [14/Mar/2015:08:44:45 +0000] "GET /wp-content/uploads/2015/02/register.jpg HTTP/1.1" 304 0 "http://baittauhied.com/" "Serf/1.1.0 mod_pagespeed/1.9.32.3-4448"
128.199.122.79 - - [14/Mar/2015:08:44:45 +0000] "GET /wp-content/uploads/2015/02/b4.jpg HTTP/1.1" 304 0 "http://baittauhied.com/" "Serf/1.1.0 mod_pagespeed/1.9.32.3-4448"
128.199.122.79 - - [14/Mar/2015:08:44:45 +0000] "GET /wp-includes/js/jquery/jquery.js?ver=1.11.1 HTTP/1.1" 304 0 "http://baittauhied.com/" "Serf/1.1.0 mod_pagespeed/1.9.32.3-4448"
128.199.122.79 - - [14/Mar/2015:08:44:45 +0000] "GET /wp-content/themes/catch-flames/images/social-profiles.png HTTP/1.1" 304 0 "http://baittauhied.com/" "Serf/1.1.0 mod_pagespeed/1.9.32.3-4448"
128.199.122.79 - - [14/Mar/2015:08:44:45 +0000] "GET /wp-content/plugins/slider-image/Front_images/arrows/arrows.simple.png HTTP/1.1" 304 0 "http://baittauhied.com/" "Serf/1.1.0 mod_pagespeed/1.9.32.3-4448"
128.199.122.79 - - [14/Mar/2015:08:44:45 +0000] "GET /wp-content/themes/catch-flames/images/social-profiles.png HTTP/1.1" 304 0 "http://baittauhied.com/wp-content/themes/catch-flames/style.css?ver=4.1.1" "Serf/1.1.0 mod_pagespeed/1.9.32.3-4448"
125.160.192.147 - - [14/Mar/2015:08:44:45 +0000] "GET /wp-content/themes/catch-flames/js/jquery.sidr.min.js?ver=1.2.1 HTTP/1.1" 200 3673 "http://baittauhied.com/" "Mozilla/5.0 (Macintosh; Intel Mac OS X 10_9_5) AppleWebKit/600.3.18 (KHTML, like Gecko) Version/7.1.3 Safari/537.85.12"
125.160.192.147 - - [14/Mar/2015:08:44:45 +0000] "GET /wp-content/themes/catch-flames/js/calendar.js HTTP/1.1" 200 11675 "http://baittauhied.com/" "Mozilla/5.0 (Macintosh; Intel Mac OS X 10_9_5) AppleWebKit/600.3.18 (KHTML, like Gecko) Version/7.1.3 Safari/537.85.12"
125.160.192.147 - - [14/Mar/2015:08:44:46 +0000] "GET /_.pagespeed.co.sfIuKZ_xz-.css HTTP/1.1" 200 6783 "http://baittauhied.com/" "Mozilla/5.0 (Macintosh; Intel Mac OS X 10_9_5) AppleWebKit/600.3.18 (KHTML, like Gecko) Version/7.1.3 Safari/537.85.12"
125.160.192.147 - - [14/Mar/2015:08:44:46 +0000] "GET /_.pagespeed.jo.c4kHyHSS-A.js HTTP/1.1" 200 3168 "http://baittauhied.com/" "Mozilla/5.0 (Macintosh; Intel Mac OS X 10_9_5) AppleWebKit/600.3.18 (KHTML, like Gecko) Version/7.1.3 Safari/537.85.12"
125.160.192.147 - - [14/Mar/2015:08:44:46 +0000] "GET /_.pagespeed.jo.HiUYRiS92M.js HTTP/1.1" 200 28182 "http://baittauhied.com/" "Mozilla/5.0 (Macintosh; Intel Mac OS X 10_9_5) AppleWebKit/600.3.18 (KHTML, like Gecko) Version/7.1.3 Safari/537.85.12"
125.160.192.147 - - [14/Mar/2015:08:44:46 +0000] "GET /wp-content/themes/catch-flames/js/fitvids.min.js?ver=20130324 HTTP/1.1" 200 1615 "http://baittauhied.com/" "Mozilla/5.0 (Macintosh; Intel Mac OS X 10_9_5) AppleWebKit/600.3.18 (KHTML, like Gecko) Version/7.1.3 Safari/537.85.12"
125.160.192.147 - - [14/Mar/2015:08:44:46 +0000] "GET /wp-content/themes/catch-flames/js/jquery.waypoints.min.js?ver=3.1.1 HTTP/1.1" 200 8787 "http://baittauhied.com/" "Mozilla/5.0 (Macintosh; Intel Mac OS X 10_9_5) AppleWebKit/600.3.18 (KHTML, like Gecko) Version/7.1.3 Safari/537.85.12"
125.160.192.147 - - [14/Mar/2015:08:44:47 +0000] "GET /wp-content/themes/catch-flames/js/catchflames-custom.min.js?ver=20140823 HTTP/1.1" 200 1056 "http://baittauhied.com/" "Mozilla/5.0 (Macintosh; Intel Mac OS X 10_9_5) AppleWebKit/600.3.18 (KHTML, like Gecko) Version/7.1.3 Safari/537.85.12"
125.160.192.147 - - [14/Mar/2015:08:44:47 +0000] "GET /wp-includes/js/jquery/jquery-migrate.min.js?ver=1.2.1 HTTP/1.1" 200 7200 "http://baittauhied.com/" "Mozilla/5.0 (Macintosh; Intel Mac OS X 10_9_5) AppleWebKit/600.3.18 (KHTML, like Gecko) Version/7.1.3 Safari/537.85.12"
125.160.192.147 - - [14/Mar/2015:08:44:47 +0000] "GET /wp-content/uploads/2015/03/CERDAS.png HTTP/1.1" 200 22017 "http://baittauhied.com/" "Mozilla/5.0 (Macintosh; Intel Mac OS X 10_9_5) AppleWebKit/600.3.18 (KHTML, like Gecko) Version/7.1.3 Safari/537.85.12"
125.160.192.147 - - [14/Mar/2015:08:44:47 +0000] "GET /wp-content/plugins/slider-image/Front_images/loading/loading.gif HTTP/1.1" 200 9516 "http://baittauhied.com/" "Mozilla/5.0 (Macintosh; Intel Mac OS X 10_9_5) AppleWebKit/600.3.18 (KHTML, like Gecko) Version/7.1.3 Safari/537.85.12"
125.160.192.147 - - [14/Mar/2015:08:44:47 +0000] "GET /wp-content/uploads/2015/03/PONPESLOG1.png HTTP/1.1" 200 67527 "http://baittauhied.com/" "Mozilla/5.0 (Macintosh; Intel Mac OS X 10_9_5) AppleWebKit/600.3.18 (KHTML, like Gecko) Version/7.1.3 Safari/537.85.12"
125.160.192.147 - - [14/Mar/2015:08:44:47 +0000] "GET /wp-content/uploads/2015/03/logo.png HTTP/1.1" 200 196790 "http://baittauhied.com/" "Mozilla/5.0 (Macintosh; Intel Mac OS X 10_9_5) AppleWebKit/600.3.18 (KHTML, like Gecko) Version/7.1.3 Safari/537.85.12"
125.160.192.147 - - [14/Mar/2015:08:44:47 +0000] "GET /wp-content/uploads/2015/03/IMG_20150310_081901.jpg HTTP/1.1" 200 331153 "http://baittauhied.com/" "Mozilla/5.0 (Macintosh; Intel Mac OS X 10_9_5) AppleWebKit/600.3.18 (KHTML, like Gecko) Version/7.1.3 Safari/537.85.12"
125.160.192.147 - - [14/Mar/2015:08:44:47 +0000] "GET /wp-content/uploads/2015/03/IMG_20150310_081828.jpg HTTP/1.1" 200 334097 "http://baittauhied.com/" "Mozilla/5.0 (Macintosh; Intel Mac OS X 10_9_5) AppleWebKit/600.3.18 (KHTML, like Gecko) Version/7.1.3 Safari/537.85.12"
125.160.192.147 - - [14/Mar/2015:08:44:48 +0000] "GET /wp-content/uploads/2015/02/Untitled6.png HTTP/1.1" 200 86404 "http://baittauhied.com/" "Mozilla/5.0 (Macintosh; Intel Mac OS X 10_9_5) AppleWebKit/600.3.18 (KHTML, like Gecko) Version/7.1.3 Safari/537.85.12"
125.160.192.147 - - [14/Mar/2015:08:44:48 +0000] "GET /wp-content/uploads/2015/03/IMG_20150310_083607.jpg HTTP/1.1" 200 396049 "http://baittauhied.com/" "Mozilla/5.0 (Macintosh; Intel Mac OS X 10_9_5) AppleWebKit/600.3.18 (KHTML, like Gecko) Version/7.1.3 Safari/537.85.12"
125.160.192.147 - - [14/Mar/2015:08:44:49 +0000] "GET /wp-content/uploads/2015/02/Untitled1.png HTTP/1.1" 200 98405 "http://baittauhied.com/" "Mozilla/5.0 (Macintosh; Intel Mac OS X 10_9_5) AppleWebKit/600.3.18 (KHTML, like Gecko) Version/7.1.3 Safari/537.85.12"
125.160.192.147 - - [14/Mar/2015:08:44:49 +0000] "GET /wp-content/uploads/2015/02/b4.jpg HTTP/1.1" 200 5895 "http://baittauhied.com/" "Mozilla/5.0 (Macintosh; Intel Mac OS X 10_9_5) AppleWebKit/600.3.18 (KHTML, like Gecko) Version/7.1.3 Safari/537.85.12"
125.160.192.147 - - [14/Mar/2015:08:44:49 +0000] "GET /wp-content/themes/catch-flames/images/social-profiles.png HTTP/1.1" 200 25077 "http://baittauhied.com/" "Mozilla/5.0 (Macintosh; Intel Mac OS X 10_9_5) AppleWebKit/600.3.18 (KHTML, like Gecko) Version/7.1.3 Safari/537.85.12"
125.160.192.147 - - [14/Mar/2015:08:44:52 +0000] "GET /wp-content/uploads/2015/02/psb.gif HTTP/1.1" 200 41960 "http://baittauhied.com/" "Mozilla/5.0 (Macintosh; Intel Mac OS X 10_9_5) AppleWebKit/600.3.18 (KHTML, like Gecko) Version/7.1.3 Safari/537.85.12"
125.160.192.147 - - [14/Mar/2015:08:44:53 +0000] "GET /wp-content/uploads/2015/02/register.jpg HTTP/1.1" 200 3188 "http://baittauhied.com/" "Mozilla/5.0 (Macintosh; Intel Mac OS X 10_9_5) AppleWebKit/600.3.18 (KHTML, like Gecko) Version/7.1.3 Safari/537.85.12"
125.160.192.147 - - [14/Mar/2015:08:44:56 +0000] "POST /ngx_pagespeed_beacon?url=http%3A%2F%2Fbaittauhied.com%2F HTTP/1.1" 204 0 "http://baittauhied.com/" "Mozilla/5.0 (Macintosh; Intel Mac OS X 10_9_5) AppleWebKit/600.3.18 (KHTML, like Gecko) Version/7.1.3 Safari/537.85.12"
125.160.192.147 - - [14/Mar/2015:08:44:57 +0000] "GET /wp-content/uploads/2015/02/logo1.jpg HTTP/1.1" 500 186 "http://baittauhied.com/" "Mozilla/5.0 (Macintosh; Intel Mac OS X 10_9_5) AppleWebKit/600.3.18 (KHTML, like Gecko) Version/7.1.3 Safari/537.85.12"
125.160.192.147 - - [14/Mar/2015:08:44:58 +0000] "GET /wp-content/uploads/2015/03/PONPESLOG1.png HTTP/1.1" 200 67491 "http://baittauhied.com/" "Mozilla/5.0 (Macintosh; Intel Mac OS X 10_9_5) AppleWebKit/600.3.18 (KHTML, like Gecko) Version/7.1.3 Safari/537.85.12"
128.199.122.79 - - [14/Mar/2015:08:52:01 +0000] "GET /wp-content/plugins/page-list/css/page-list.css?ver=5.0 HTTP/1.1" 304 0 "http://baittauhied.com/gallery/" "Serf/1.1.0 mod_pagespeed/1.9.32.3-4448"
128.199.122.79 - - [14/Mar/2015:08:52:01 +0000] "GET /wp-content/themes/catch-flames/style.css?ver=4.1.1 HTTP/1.1" 304 0 "http://baittauhied.com/gallery/" "Serf/1.1.0 mod_pagespeed/1.9.32.3-4448"
128.199.122.79 - - [14/Mar/2015:08:52:01 +0000] "GET /wp-content/themes/catch-flames/genericons/genericons.css?ver=3.0.3 HTTP/1.1" 304 0 "http://baittauhied.com/gallery/" "Serf/1.1.0 mod_pagespeed/1.9.32.3-4448"
128.199.122.79 - - [14/Mar/2015:08:52:01 +0000] "GET /wp-content/themes/catch-flames/css/responsive.css?ver=4.1.1 HTTP/1.1" 304 0 "http://baittauhied.com/gallery/" "Serf/1.1.0 mod_pagespeed/1.9.32.3-4448"
125.160.192.147 - - [14/Mar/2015:08:52:01 +0000] "GET /gallery/ HTTP/1.1" 200 51717 "http://baittauhied.com/" "Mozilla/5.0 (Macintosh; Intel Mac OS X 10_9_5) AppleWebKit/600.3.18 (KHTML, like Gecko) Version/7.1.3 Safari/537.85.12"
128.199.122.79 - - [14/Mar/2015:08:52:01 +0000] "GET /wp-includes/js/jquery/jquery-migrate.min.js?ver=1.2.1 HTTP/1.1" 304 0 "http://baittauhied.com/gallery/" "Serf/1.1.0 mod_pagespeed/1.9.32.3-4448"
128.199.122.79 - - [14/Mar/2015:08:52:01 +0000] "GET /wp-content/themes/catch-flames/js/jquery.sidr.min.js?ver=1.2.1 HTTP/1.1" 304 0 "http://baittauhied.com/gallery/" "Serf/1.1.0 mod_pagespeed/1.9.32.3-4448"
128.199.122.79 - - [14/Mar/2015:08:52:01 +0000] "GET /wp-content/themes/catch-flames/js/calendar.js HTTP/1.1" 304 0 "http://baittauhied.com/gallery/" "Serf/1.1.0 mod_pagespeed/1.9.32.3-4448"
128.199.122.79 - - [14/Mar/2015:08:52:01 +0000] "GET /wp-includes/js/comment-reply.min.js?ver=4.1.1 HTTP/1.1" 200 757 "http://baittauhied.com/gallery/" "Serf/1.1.0 mod_pagespeed/1.9.32.3-4448"
128.199.122.79 - - [14/Mar/2015:08:52:01 +0000] "GET /wp-content/themes/catch-flames/js/fitvids.min.js?ver=20130324 HTTP/1.1" 304 0 "http://baittauhied.com/gallery/" "Serf/1.1.0 mod_pagespeed/1.9.32.3-4448"
128.199.122.79 - - [14/Mar/2015:08:52:01 +0000] "GET /wp-content/themes/catch-flames/js/jquery.waypoints.min.js?ver=3.1.1 HTTP/1.1" 304 0 "http://baittauhied.com/gallery/" "Serf/1.1.0 mod_pagespeed/1.9.32.3-4448"
128.199.122.79 - - [14/Mar/2015:08:52:01 +0000] "GET /wp-content/themes/catch-flames/js/catchflames-custom.min.js?ver=20140823 HTTP/1.1" 304 0 "http://baittauhied.com/gallery/" "Serf/1.1.0 mod_pagespeed/1.9.32.3-4448"
128.199.122.79 - - [14/Mar/2015:08:52:02 +0000] "GET /wp-content/uploads/2015/02/logo1.jpg HTTP/1.1" 500 186 "http://baittauhied.com/gallery/" "Serf/1.1.0 mod_pagespeed/1.9.32.3-4448"
125.160.192.147 - - [14/Mar/2015:08:52:02 +0000] "GET /wp-content/plugins/page-list/css/page-list.css?ver=5.0 HTTP/1.1" 200 695 "http://baittauhied.com/gallery/" "Mozilla/5.0 (Macintosh; Intel Mac OS X 10_9_5) AppleWebKit/600.3.18 (KHTML, like Gecko) Version/7.1.3 Safari/537.85.12"
125.160.192.147 - - [14/Mar/2015:08:52:02 +0000] "GET /wp-content/themes/catch-flames/style.css?ver=4.1.1 HTTP/1.1" 200 69167 "http://baittauhied.com/gallery/" "Mozilla/5.0 (Macintosh; Intel Mac OS X 10_9_5) AppleWebKit/600.3.18 (KHTML, like Gecko) Version/7.1.3 Safari/537.85.12"
125.160.192.147 - - [14/Mar/2015:08:52:02 +0000] "GET /wp-content/themes/catch-flames/genericons/genericons.css?ver=3.0.3 HTTP/1.1" 200 31039 "http://baittauhied.com/gallery/" "Mozilla/5.0 (Macintosh; Intel Mac OS X 10_9_5) AppleWebKit/600.3.18 (KHTML, like Gecko) Version/7.1.3 Safari/537.85.12"
128.199.122.79 - - [14/Mar/2015:08:52:02 +0000] "GET /wp-content/uploads/2015/02/logo.jpg HTTP/1.1" 500 186 "http://baittauhied.com/gallery/" "Serf/1.1.0 mod_pagespeed/1.9.32.3-4448"
128.199.122.79 - - [14/Mar/2015:08:52:02 +0000] "GET /wp-content/uploads/2015/03/logo.png HTTP/1.1" 304 0 "http://baittauhied.com/gallery/" "Serf/1.1.0 mod_pagespeed/1.9.32.3-4448"
128.199.122.79 - - [14/Mar/2015:08:52:02 +0000] "GET /wp-content/uploads/2015/03/CERDAS.png HTTP/1.1" 304 0 "http://baittauhied.com/gallery/" "Serf/1.1.0 mod_pagespeed/1.9.32.3-4448"
128.199.122.79 - - [14/Mar/2015:08:52:02 +0000] "GET /wp-content/plugins/slider-image/Front_images/loading/loading.gif HTTP/1.1" 304 0 "http://baittauhied.com/gallery/" "Serf/1.1.0 mod_pagespeed/1.9.32.3-4448"
128.199.122.79 - - [14/Mar/2015:08:52:02 +0000] "GET /wp-content/uploads/2015/02/Untitled6.png HTTP/1.1" 304 0 "http://baittauhied.com/gallery/" "Serf/1.1.0 mod_pagespeed/1.9.32.3-4448"
128.199.122.79 - - [14/Mar/2015:08:52:02 +0000] "GET /wp-content/uploads/2015/02/Untitled4.png HTTP/1.1" 200 76612 "http://baittauhied.com/gallery/" "Serf/1.1.0 mod_pagespeed/1.9.32.3-4448"
125.160.192.147 - - [14/Mar/2015:08:52:02 +0000] "GET /wp-content/themes/catch-flames/js/jquery.sidr.min.js?ver=1.2.1 HTTP/1.1" 200 3673 "http://baittauhied.com/gallery/" "Mozilla/5.0 (Macintosh; Intel Mac OS X 10_9_5) AppleWebKit/600.3.18 (KHTML, like Gecko) Version/7.1.3 Safari/537.85.12"
125.160.192.147 - - [14/Mar/2015:08:52:02 +0000] "GET /wp-content/themes/catch-flames/js/calendar.js HTTP/1.1" 200 11675 "http://baittauhied.com/gallery/" "Mozilla/5.0 (Macintosh; Intel Mac OS X 10_9_5) AppleWebKit/600.3.18 (KHTML, like Gecko) Version/7.1.3 Safari/537.85.12"
128.199.122.79 - - [14/Mar/2015:08:52:02 +0000] "GET /wp-content/uploads/2015/02/Untitled2.png HTTP/1.1" 500 186 "http://baittauhied.com/gallery/" "Serf/1.1.0 mod_pagespeed/1.9.32.3-4448"
128.199.122.79 - - [14/Mar/2015:08:52:02 +0000] "GET /wp-content/uploads/2015/02/Untitled1.png HTTP/1.1" 304 0 "http://baittauhied.com/gallery/" "Serf/1.1.0 mod_pagespeed/1.9.32.3-4448"
128.199.122.79 - - [14/Mar/2015:08:52:02 +0000] "GET /wp-content/uploads/2015/02/Untitled7.png HTTP/1.1" 200 70793 "http://baittauhied.com/gallery/" "Serf/1.1.0 mod_pagespeed/1.9.32.3-4448"
125.160.192.147 - - [14/Mar/2015:08:52:02 +0000] "GET /gallery/_.pagespeed.co.4Iwo3CQo5h.css HTTP/1.1" 200 6783 "http://baittauhied.com/gallery/" "Mozilla/5.0 (Macintosh; Intel Mac OS X 10_9_5) AppleWebKit/600.3.18 (KHTML, like Gecko) Version/7.1.3 Safari/537.85.12"
125.160.192.147 - - [14/Mar/2015:08:52:02 +0000] "GET /gallery/_.pagespeed.jo.NzGIyGzX9U.js HTTP/1.1" 200 3176 "http://baittauhied.com/gallery/" "Mozilla/5.0 (Macintosh; Intel Mac OS X 10_9_5) AppleWebKit/600.3.18 (KHTML, like Gecko) Version/7.1.3 Safari/537.85.12"
128.199.122.79 - - [14/Mar/2015:08:52:03 +0000] "GET /wp-content/uploads/2015/02/Untitled10.png HTTP/1.1" 500 186 "http://baittauhied.com/gallery/" "Serf/1.1.0 mod_pagespeed/1.9.32.3-4448"
128.199.122.79 - - [14/Mar/2015:08:52:03 +0000] "GET /wp-content/uploads/2015/02/Untitled5.png HTTP/1.1" 200 31803 "http://baittauhied.com/gallery/" "Serf/1.1.0 mod_pagespeed/1.9.32.3-4448"
125.160.192.147 - - [14/Mar/2015:08:52:03 +0000] "GET /gallery/_.pagespeed.jo.NPE03rAK2-.js HTTP/1.1" 200 34457 "http://baittauhied.com/gallery/" "Mozilla/5.0 (Macintosh; Intel Mac OS X 10_9_5) AppleWebKit/600.3.18 (KHTML, like Gecko) Version/7.1.3 Safari/537.85.12"
128.199.122.79 - - [14/Mar/2015:08:52:03 +0000] "GET /wp-content/uploads/2015/02/Untitled9.png HTTP/1.1" 500 186 "http://baittauhied.com/gallery/" "Serf/1.1.0 mod_pagespeed/1.9.32.3-4448"
125.160.192.147 - - [14/Mar/2015:08:52:04 +0000] "GET /wp-includes/js/comment-reply.min.js?ver=4.1.1 HTTP/1.1" 200 757 "http://baittauhied.com/gallery/" "Mozilla/5.0 (Macintosh; Intel Mac OS X 10_9_5) AppleWebKit/600.3.18 (KHTML, like Gecko) Version/7.1.3 Safari/537.85.12"
125.160.192.147 - - [14/Mar/2015:08:52:04 +0000] "GET /wp-content/themes/catch-flames/js/fitvids.min.js?ver=20130324 HTTP/1.1" 200 1615 "http://baittauhied.com/gallery/" "Mozilla/5.0 (Macintosh; Intel Mac OS X 10_9_5) AppleWebKit/600.3.18 (KHTML, like Gecko) Version/7.1.3 Safari/537.85.12"
125.160.192.147 - - [14/Mar/2015:08:52:04 +0000] "GET /wp-content/themes/catch-flames/js/jquery.waypoints.min.js?ver=3.1.1 HTTP/1.1" 200 8787 "http://baittauhied.com/gallery/" "Mozilla/5.0 (Macintosh; Intel Mac OS X 10_9_5) AppleWebKit/600.3.18 (KHTML, like Gecko) Version/7.1.3 Safari/537.85.12"
128.199.122.79 - - [14/Mar/2015:08:52:04 +0000] "GET /wp-content/uploads/2015/02/Untitled8.png HTTP/1.1" 500 186 "http://baittauhied.com/gallery/" "Serf/1.1.0 mod_pagespeed/1.9.32.3-4448"
128.199.122.79 - - [14/Mar/2015:08:52:04 +0000] "GET /wp-content/uploads/2015/02/psb.gif HTTP/1.1" 304 0 "http://baittauhied.com/gallery/" "Serf/1.1.0 mod_pagespeed/1.9.32.3-4448"
128.199.122.79 - - [14/Mar/2015:08:52:04 +0000] "GET /wp-content/uploads/2015/02/register.jpg HTTP/1.1" 304 0 "http://baittauhied.com/gallery/" "Serf/1.1.0 mod_pagespeed/1.9.32.3-4448"
128.199.122.79 - - [14/Mar/2015:08:52:04 +0000] "GET /wp-content/uploads/2015/02/b4.jpg HTTP/1.1" 304 0 "http://baittauhied.com/gallery/" "Serf/1.1.0 mod_pagespeed/1.9.32.3-4448"
128.199.122.79 - - [14/Mar/2015:08:52:04 +0000] "GET /wp-includes/js/jquery/jquery.js?ver=1.11.1 HTTP/1.1" 304 0 "http://baittauhied.com/gallery/" "Serf/1.1.0 mod_pagespeed/1.9.32.3-4448"
128.199.122.79 - - [14/Mar/2015:08:52:04 +0000] "GET /wp-content/themes/catch-flames/images/social-profiles.png HTTP/1.1" 304 0 "http://baittauhied.com/gallery/" "Serf/1.1.0 mod_pagespeed/1.9.32.3-4448"
128.199.122.79 - - [14/Mar/2015:08:52:04 +0000] "GET /wp-content/plugins/slider-image/Front_images/arrows/arrows.simple.png HTTP/1.1" 304 0 "http://baittauhied.com/gallery/" "Serf/1.1.0 mod_pagespeed/1.9.32.3-4448"
128.199.122.79 - - [14/Mar/2015:08:52:04 +0000] "GET /wp-content/themes/catch-flames/images/social-profiles.png HTTP/1.1" 304 0 "http://baittauhied.com/wp-content/themes/catch-flames/style.css?ver=4.1.1" "Serf/1.1.0 mod_pagespeed/1.9.32.3-4448"
125.160.192.147 - - [14/Mar/2015:08:52:04 +0000] "GET /wp-content/themes/catch-flames/js/catchflames-custom.min.js?ver=20140823 HTTP/1.1" 200 1056 "http://baittauhied.com/gallery/" "Mozilla/5.0 (Macintosh; Intel Mac OS X 10_9_5) AppleWebKit/600.3.18 (KHTML, like Gecko) Version/7.1.3 Safari/537.85.12"
125.160.192.147 - - [14/Mar/2015:08:52:05 +0000] "GET /wp-includes/js/jquery/jquery-migrate.min.js?ver=1.2.1 HTTP/1.1" 200 7200 "http://baittauhied.com/gallery/" "Mozilla/5.0 (Macintosh; Intel Mac OS X 10_9_5) AppleWebKit/600.3.18 (KHTML, like Gecko) Version/7.1.3 Safari/537.85.12"
125.160.192.147 - - [14/Mar/2015:08:52:05 +0000] "GET /wp-content/themes/catch-flames/css/responsive.css?ver=4.1.1 HTTP/1.1" 200 43791 "http://baittauhied.com/gallery/" "Mozilla/5.0 (Macintosh; Intel Mac OS X 10_9_5) AppleWebKit/600.3.18 (KHTML, like Gecko) Version/7.1.3 Safari/537.85.12"
125.160.192.147 - - [14/Mar/2015:08:52:05 +0000] "GET /wp-content/plugins/slider-image/Front_images/loading/loading.gif HTTP/1.1" 200 9516 "http://baittauhied.com/gallery/" "Mozilla/5.0 (Macintosh; Intel Mac OS X 10_9_5) AppleWebKit/600.3.18 (KHTML, like Gecko) Version/7.1.3 Safari/537.85.12"
125.160.192.147 - - [14/Mar/2015:08:52:05 +0000] "GET /wp-content/uploads/2015/03/CERDAS.png HTTP/1.1" 200 22017 "http://baittauhied.com/gallery/" "Mozilla/5.0 (Macintosh; Intel Mac OS X 10_9_5) AppleWebKit/600.3.18 (KHTML, like Gecko) Version/7.1.3 Safari/537.85.12"
125.160.192.147 - - [14/Mar/2015:08:52:05 +0000] "GET /wp-content/uploads/2015/02/Untitled4.png HTTP/1.1" 200 76612 "http://baittauhied.com/gallery/" "Mozilla/5.0 (Macintosh; Intel Mac OS X 10_9_5) AppleWebKit/600.3.18 (KHTML, like Gecko) Version/7.1.3 Safari/537.85.12"
125.160.192.147 - - [14/Mar/2015:08:52:05 +0000] "GET /wp-content/uploads/2015/02/Untitled6.png HTTP/1.1" 200 86404 "http://baittauhied.com/gallery/" "Mozilla/5.0 (Macintosh; Intel Mac OS X 10_9_5) AppleWebKit/600.3.18 (KHTML, like Gecko) Version/7.1.3 Safari/537.85.12"
125.160.192.147 - - [14/Mar/2015:08:52:05 +0000] "GET /wp-content/uploads/2015/03/logo.png HTTP/1.1" 200 196790 "http://baittauhied.com/gallery/" "Mozilla/5.0 (Macintosh; Intel Mac OS X 10_9_5) AppleWebKit/600.3.18 (KHTML, like Gecko) Version/7.1.3 Safari/537.85.12"
125.160.192.147 - - [14/Mar/2015:08:52:06 +0000] "GET /wp-content/uploads/2015/02/Untitled2.png HTTP/1.1" 500 186 "http://baittauhied.com/gallery/" "Mozilla/5.0 (Macintosh; Intel Mac OS X 10_9_5) AppleWebKit/600.3.18 (KHTML, like Gecko) Version/7.1.3 Safari/537.85.12"
125.160.192.147 - - [14/Mar/2015:08:52:06 +0000] "GET /wp-content/uploads/2015/02/Untitled1.png HTTP/1.1" 200 98405 "http://baittauhied.com/gallery/" "Mozilla/5.0 (Macintosh; Intel Mac OS X 10_9_5) AppleWebKit/600.3.18 (KHTML, like Gecko) Version/7.1.3 Safari/537.85.12"
125.160.192.147 - - [14/Mar/2015:08:52:07 +0000] "GET /wp-content/uploads/2015/02/Untitled7.png HTTP/1.1" 200 70793 "http://baittauhied.com/gallery/" "Mozilla/5.0 (Macintosh; Intel Mac OS X 10_9_5) AppleWebKit/600.3.18 (KHTML, like Gecko) Version/7.1.3 Safari/537.85.12"
125.160.192.147 - - [14/Mar/2015:08:52:07 +0000] "GET /wp-content/uploads/2015/02/Untitled5.png HTTP/1.1" 200 31803 "http://baittauhied.com/gallery/" "Mozilla/5.0 (Macintosh; Intel Mac OS X 10_9_5) AppleWebKit/600.3.18 (KHTML, like Gecko) Version/7.1.3 Safari/537.85.12"
125.160.192.147 - - [14/Mar/2015:08:52:07 +0000] "GET /wp-content/uploads/2015/02/Untitled10.png HTTP/1.1" 500 186 "http://baittauhied.com/gallery/" "Mozilla/5.0 (Macintosh; Intel Mac OS X 10_9_5) AppleWebKit/600.3.18 (KHTML, like Gecko) Version/7.1.3 Safari/537.85.12"
125.160.192.147 - - [14/Mar/2015:08:52:08 +0000] "GET /wp-content/uploads/2015/02/Untitled8.png HTTP/1.1" 500 186 "http://baittauhied.com/gallery/" "Mozilla/5.0 (Macintosh; Intel Mac OS X 10_9_5) AppleWebKit/600.3.18 (KHTML, like Gecko) Version/7.1.3 Safari/537.85.12"
125.160.192.147 - - [14/Mar/2015:08:52:08 +0000] "GET /wp-content/themes/catch-flames/images/social-profiles.png HTTP/1.1" 200 25077 "http://baittauhied.com/gallery/" "Mozilla/5.0 (Macintosh; Intel Mac OS X 10_9_5) AppleWebKit/600.3.18 (KHTML, like Gecko) Version/7.1.3 Safari/537.85.12"
125.160.192.147 - - [14/Mar/2015:08:52:09 +0000] "GET /wp-content/plugins/slider-image/Front_images/arrows/arrows.simple.png HTTP/1.1" 200 1914 "http://baittauhied.com/gallery/" "Mozilla/5.0 (Macintosh; Intel Mac OS X 10_9_5) AppleWebKit/600.3.18 (KHTML, like Gecko) Version/7.1.3 Safari/537.85.12"
125.160.192.147 - - [14/Mar/2015:08:52:09 +0000] "GET /wp-content/uploads/2015/02/psb.gif HTTP/1.1" 200 41960 "http://baittauhied.com/gallery/" "Mozilla/5.0 (Macintosh; Intel Mac OS X 10_9_5) AppleWebKit/600.3.18 (KHTML, like Gecko) Version/7.1.3 Safari/537.85.12"
125.160.192.147 - - [14/Mar/2015:08:52:09 +0000] "GET /wp-content/uploads/2015/02/register.jpg HTTP/1.1" 200 3188 "http://baittauhied.com/gallery/" "Mozilla/5.0 (Macintosh; Intel Mac OS X 10_9_5) AppleWebKit/600.3.18 (KHTML, like Gecko) Version/7.1.3 Safari/537.85.12"
125.160.192.147 - - [14/Mar/2015:08:52:17 +0000] "GET /wp-content/uploads/2015/02/Untitled9.png HTTP/1.1" 500 186 "http://baittauhied.com/gallery/" "Mozilla/5.0 (Macintosh; Intel Mac OS X 10_9_5) AppleWebKit/600.3.18 (KHTML, like Gecko) Version/7.1.3 Safari/537.85.12"
125.160.192.147 - - [14/Mar/2015:08:52:18 +0000] "GET /wp-content/uploads/2015/02/b4.jpg HTTP/1.1" 200 5895 "http://baittauhied.com/gallery/" "Mozilla/5.0 (Macintosh; Intel Mac OS X 10_9_5) AppleWebKit/600.3.18 (KHTML, like Gecko) Version/7.1.3 Safari/537.85.12"
125.160.192.147 - - [14/Mar/2015:08:52:19 +0000] "POST /ngx_pagespeed_beacon?url=http%3A%2F%2Fbaittauhied.com%2Fgallery%2F HTTP/1.1" 204 0 "http://baittauhied.com/gallery/" "Mozilla/5.0 (Macintosh; Intel Mac OS X 10_9_5) AppleWebKit/600.3.18 (KHTML, like Gecko) Version/7.1.3 Safari/537.85.12"
128.199.122.79 - - [14/Mar/2015:09:14:57 +0000] "POST /wp-cron.php?doing_wp_cron=1426324497.3975179195404052734375 HTTP/1.0" 200 20 "-" "WordPress/4.1.1; http://baittauhied.com"
128.199.122.79 - - [14/Mar/2015:09:14:57 +0000] "GET /wp-content/plugins/page-list/css/page-list.css?ver=5.0 HTTP/1.1" 304 0 "http://baittauhied.com/" "Serf/1.1.0 mod_pagespeed/1.9.32.3-4448"
128.199.122.79 - - [14/Mar/2015:09:14:57 +0000] "GET /wp-content/themes/catch-flames/style.css?ver=4.1.1 HTTP/1.1" 304 0 "http://baittauhied.com/" "Serf/1.1.0 mod_pagespeed/1.9.32.3-4448"
128.199.122.79 - - [14/Mar/2015:09:14:57 +0000] "GET /wp-content/themes/catch-flames/genericons/genericons.css?ver=3.0.3 HTTP/1.1" 304 0 "http://baittauhied.com/" "Serf/1.1.0 mod_pagespeed/1.9.32.3-4448"
128.199.122.79 - - [14/Mar/2015:09:14:57 +0000] "GET /wp-content/themes/catch-flames/css/responsive.css?ver=4.1.1 HTTP/1.1" 304 0 "http://baittauhied.com/" "Serf/1.1.0 mod_pagespeed/1.9.32.3-4448"
128.199.122.79 - - [14/Mar/2015:09:14:57 +0000] "GET /wp-content/themes/catch-flames/css/ie.css?ver=4.1.1 HTTP/1.1" 304 0 "http://baittauhied.com/" "Serf/1.1.0 mod_pagespeed/1.9.32.3-4448"
128.199.122.79 - - [14/Mar/2015:09:14:57 +0000] "GET /wp-includes/js/jquery/jquery.js?ver=1.11.1 HTTP/1.1" 304 0 "http://baittauhied.com/" "Serf/1.1.0 mod_pagespeed/1.9.32.3-4448"
128.199.122.79 - - [14/Mar/2015:09:14:57 +0000] "GET /wp-includes/js/jquery/jquery-migrate.min.js?ver=1.2.1 HTTP/1.1" 304 0 "http://baittauhied.com/" "Serf/1.1.0 mod_pagespeed/1.9.32.3-4448"
128.199.122.79 - - [14/Mar/2015:09:14:57 +0000] "GET /wp-content/themes/catch-flames/js/jquery.sidr.min.js?ver=1.2.1 HTTP/1.1" 304 0 "http://baittauhied.com/" "Serf/1.1.0 mod_pagespeed/1.9.32.3-4448"
128.199.122.79 - - [14/Mar/2015:09:14:57 +0000] "GET /wp-content/themes/catch-flames/js/catchflames-ielte8.min.js?ver=20130114 HTTP/1.1" 304 0 "http://baittauhied.com/" "Serf/1.1.0 mod_pagespeed/1.9.32.3-4448"
128.199.122.79 - - [14/Mar/2015:09:14:57 +0000] "GET /wp-content/themes/catch-flames/js/calendar.js HTTP/1.1" 304 0 "http://baittauhied.com/" "Serf/1.1.0 mod_pagespeed/1.9.32.3-4448"
128.199.122.79 - - [14/Mar/2015:09:14:57 +0000] "GET /wp-content/themes/catch-flames/js/fitvids.min.js?ver=20130324 HTTP/1.1" 304 0 "http://baittauhied.com/" "Serf/1.1.0 mod_pagespeed/1.9.32.3-4448"
128.199.122.79 - - [14/Mar/2015:09:14:57 +0000] "GET /wp-content/themes/catch-flames/js/jquery.waypoints.min.js?ver=3.1.1 HTTP/1.1" 304 0 "http://baittauhied.com/" "Serf/1.1.0 mod_pagespeed/1.9.32.3-4448"
128.199.122.79 - - [14/Mar/2015:09:14:57 +0000] "GET /wp-content/themes/catch-flames/js/catchflames-custom.min.js?ver=20140823 HTTP/1.1" 304 0 "http://baittauhied.com/" "Serf/1.1.0 mod_pagespeed/1.9.32.3-4448"
128.199.122.79 - - [14/Mar/2015:09:14:58 +0000] "GET /wp-content/uploads/2015/02/logo1.jpg HTTP/1.1" 500 186 "http://baittauhied.com/" "Serf/1.1.0 mod_pagespeed/1.9.32.3-4448"
128.199.122.79 - - [14/Mar/2015:09:14:58 +0000] "GET /wp-content/uploads/2015/02/logo.jpg HTTP/1.1" 500 186 "http://baittauhied.com/" "Serf/1.1.0 mod_pagespeed/1.9.32.3-4448"
128.199.122.79 - - [14/Mar/2015:09:14:58 +0000] "GET /wp-content/uploads/2015/03/logo.png HTTP/1.1" 304 0 "http://baittauhied.com/" "Serf/1.1.0 mod_pagespeed/1.9.32.3-4448"
128.199.122.79 - - [14/Mar/2015:09:14:58 +0000] "GET /wp-content/uploads/2015/03/CERDAS.png HTTP/1.1" 304 0 "http://baittauhied.com/" "Serf/1.1.0 mod_pagespeed/1.9.32.3-4448"
128.199.122.79 - - [14/Mar/2015:09:14:58 +0000] "GET /wp-content/plugins/slider-image/Front_images/loading/loading.gif HTTP/1.1" 304 0 "http://baittauhied.com/" "Serf/1.1.0 mod_pagespeed/1.9.32.3-4448"
128.199.122.79 - - [14/Mar/2015:09:14:58 +0000] "GET /wp-content/uploads/2015/03/PONPESLOG1.png HTTP/1.1" 304 0 "http://baittauhied.com/" "Serf/1.1.0 mod_pagespeed/1.9.32.3-4448"
128.199.122.79 - - [14/Mar/2015:09:14:58 +0000] "GET /wp-content/uploads/2015/03/IMG_20150310_081901.jpg HTTP/1.1" 304 0 "http://baittauhied.com/" "Serf/1.1.0 mod_pagespeed/1.9.32.3-4448"
128.199.122.79 - - [14/Mar/2015:09:14:58 +0000] "GET /wp-content/uploads/2015/03/IMG_20150310_081828.jpg HTTP/1.1" 304 0 "http://baittauhied.com/" "Serf/1.1.0 mod_pagespeed/1.9.32.3-4448"
128.199.122.79 - - [14/Mar/2015:09:14:58 +0000] "GET /wp-content/uploads/2015/02/Untitled6.png HTTP/1.1" 304 0 "http://baittauhied.com/" "Serf/1.1.0 mod_pagespeed/1.9.32.3-4448"
128.199.122.79 - - [14/Mar/2015:09:14:58 +0000] "GET /wp-content/uploads/2015/03/IMG_20150310_083607.jpg HTTP/1.1" 304 0 "http://baittauhied.com/" "Serf/1.1.0 mod_pagespeed/1.9.32.3-4448"
128.199.122.79 - - [14/Mar/2015:09:14:58 +0000] "GET /wp-content/uploads/2015/02/Untitled1.png HTTP/1.1" 304 0 "http://baittauhied.com/" "Serf/1.1.0 mod_pagespeed/1.9.32.3-4448"
128.199.122.79 - - [14/Mar/2015:09:14:58 +0000] "GET /wp-content/uploads/2015/02/psb.gif HTTP/1.1" 304 0 "http://baittauhied.com/" "Serf/1.1.0 mod_pagespeed/1.9.32.3-4448"
128.199.122.79 - - [14/Mar/2015:09:14:58 +0000] "GET /wp-content/uploads/2015/02/register.jpg HTTP/1.1" 304 0 "http://baittauhied.com/" "Serf/1.1.0 mod_pagespeed/1.9.32.3-4448"
128.199.122.79 - - [14/Mar/2015:09:14:58 +0000] "GET /wp-content/uploads/2015/02/b4.jpg HTTP/1.1" 304 0 "http://baittauhied.com/" "Serf/1.1.0 mod_pagespeed/1.9.32.3-4448"
128.199.122.79 - - [14/Mar/2015:09:14:58 +0000] "GET /wp-content/themes/catch-flames/images/social-profiles.png HTTP/1.1" 304 0 "http://baittauhied.com/" "Serf/1.1.0 mod_pagespeed/1.9.32.3-4448"
128.199.122.79 - - [14/Mar/2015:09:14:58 +0000] "GET /wp-content/plugins/slider-image/Front_images/arrows/arrows.simple.png HTTP/1.1" 304 0 "http://baittauhied.com/" "Serf/1.1.0 mod_pagespeed/1.9.32.3-4448"
180.76.4.170 - - [14/Mar/2015:09:15:01 +0000] "GET / HTTP/1.1" 200 24377 "-" "Mozilla/4.0 (compatible; MSIE 7.0; Windows NT 6.0)"
66.249.71.176 - - [14/Mar/2015:09:42:48 +0000] "GET /robots.txt HTTP/1.1" 500 186 "-" "Mozilla/5.0 (compatible; Googlebot/2.1; +http://www.google.com/bot.html)"
128.199.122.79 - - [14/Mar/2015:09:42:49 +0000] "POST /wp-cron.php?doing_wp_cron=1426326169.3807060718536376953125 HTTP/1.0" 200 20 "-" "WordPress/4.1.1; http://baittauhied.com"
128.199.122.79 - - [14/Mar/2015:09:42:49 +0000] "GET /wp-content/plugins/page-list/css/page-list.css?ver=5.0 HTTP/1.1" 304 0 "http://baittauhied.com/hubungi/" "Serf/1.1.0 mod_pagespeed/1.9.32.3-4448"
66.249.71.176 - - [14/Mar/2015:09:42:49 +0000] "GET /hubungi/ HTTP/1.1" 200 5971 "-" "Mozilla/5.0 (compatible; Googlebot/2.1; +http://www.google.com/bot.html)"
128.199.122.79 - - [14/Mar/2015:09:42:49 +0000] "GET /wp-content/themes/catch-flames/style.css?ver=4.1.1 HTTP/1.1" 304 0 "http://baittauhied.com/hubungi/" "Serf/1.1.0 mod_pagespeed/1.9.32.3-4448"
128.199.122.79 - - [14/Mar/2015:09:42:49 +0000] "GET /wp-content/themes/catch-flames/genericons/genericons.css?ver=3.0.3 HTTP/1.1" 304 0 "http://baittauhied.com/hubungi/" "Serf/1.1.0 mod_pagespeed/1.9.32.3-4448"
128.199.122.79 - - [14/Mar/2015:09:42:49 +0000] "GET /wp-content/themes/catch-flames/css/responsive.css?ver=4.1.1 HTTP/1.1" 304 0 "http://baittauhied.com/hubungi/" "Serf/1.1.0 mod_pagespeed/1.9.32.3-4448"
128.199.122.79 - - [14/Mar/2015:09:42:49 +0000] "GET /wp-includes/js/jquery/jquery.js?ver=1.11.1 HTTP/1.1" 304 0 "http://baittauhied.com/hubungi/" "Serf/1.1.0 mod_pagespeed/1.9.32.3-4448"
128.199.122.79 - - [14/Mar/2015:09:42:49 +0000] "GET /wp-includes/js/jquery/jquery-migrate.min.js?ver=1.2.1 HTTP/1.1" 304 0 "http://baittauhied.com/hubungi/" "Serf/1.1.0 mod_pagespeed/1.9.32.3-4448"
128.199.122.79 - - [14/Mar/2015:09:42:49 +0000] "GET /wp-content/themes/catch-flames/js/jquery.sidr.min.js?ver=1.2.1 HTTP/1.1" 304 0 "http://baittauhied.com/hubungi/" "Serf/1.1.0 mod_pagespeed/1.9.32.3-4448"
128.199.122.79 - - [14/Mar/2015:09:42:49 +0000] "GET /wp-content/themes/catch-flames/js/calendar.js HTTP/1.1" 304 0 "http://baittauhied.com/hubungi/" "Serf/1.1.0 mod_pagespeed/1.9.32.3-4448"
128.199.122.79 - - [14/Mar/2015:09:42:49 +0000] "GET /wp-includes/js/comment-reply.min.js?ver=4.1.1 HTTP/1.1" 304 0 "http://baittauhied.com/hubungi/" "Serf/1.1.0 mod_pagespeed/1.9.32.3-4448"
128.199.122.79 - - [14/Mar/2015:09:42:49 +0000] "GET /wp-content/themes/catch-flames/js/fitvids.min.js?ver=20130324 HTTP/1.1" 304 0 "http://baittauhied.com/hubungi/" "Serf/1.1.0 mod_pagespeed/1.9.32.3-4448"
128.199.122.79 - - [14/Mar/2015:09:42:49 +0000] "GET /wp-content/themes/catch-flames/js/jquery.waypoints.min.js?ver=3.1.1 HTTP/1.1" 304 0 "http://baittauhied.com/hubungi/" "Serf/1.1.0 mod_pagespeed/1.9.32.3-4448"
128.199.122.79 - - [14/Mar/2015:09:42:49 +0000] "GET /wp-content/themes/catch-flames/js/catchflames-custom.min.js?ver=20140823 HTTP/1.1" 304 0 "http://baittauhied.com/hubungi/" "Serf/1.1.0 mod_pagespeed/1.9.32.3-4448"
